====================================================================================
database.directory = /home/alon/Code/RMG-database-i123b-reaudit/input
rmgpy package      = /home/alon/Code/RMG-Py-i134-duplicate-electrons/rmgpy/rmg
====================================================================================

STAGE 1 -- which return site drops the lithium sink? (recorded, not read)
    ionisation offered first : is_new=True, identity calls at lines []
    recombination offered next: is_new=False, identity calls at lines [(521, True)]
  [PASS] the sink is dropped -- is_new=False
  [PASS] the deciding call site is inside check_for_existing_reaction -- model.py:521
  [..] DECIDING SITE: rmgpy/rmg/model.py:521
  [PASS] `electrons` appears nowhere in check_for_existing_reaction -- 0 occurrences

STAGE 2 -- do the two predicates every branch depends on read `electrons`?
  [PASS] generate_reaction_id does not read `electrons` -- 0 occurrences
  [PASS] are_identical_species_references does not read `electrons` -- 0 occurrences
    generate_reaction_id(ionisation)    = (['[Li]'], ['[Lip]'])
    generate_reaction_id(recombination) = (['[Lip]'], ['[Li]'])
  [PASS] the two reaction IDs are exact reverses of one another -- so any reverse-match branch matches them

STAGE 3 -- BLAST RADIUS A: are FAMILY-generated reactions affected?
  [PASS] a real charged family loaded -- Plasma_Electron_Attachment
  [PASS] the family declares a non-zero electron stoichiometry -- electrons=-1
  [PASS] the family generates a real reaction from a real reactant -- from O2 via Plasma_Electron_Attachment
    generated by Plasma_Electron_Attachment: [O][O] => [O][O-]   [electrons=-1]
  [PASS] the generated reaction carries the family electron declaration -- Reaction.electrons=-1
    3a CONTROL: true reverse (family.py:4249-4251 construction): [O][O-] => [O][O]   [electrons=+1]
  [PASS] CONTROL: a genuine reverse pair collapses (correct behaviour) -- is_new=False, deciding site model.py:485
  [..] the family REVERSE branch is reached, at rmgpy/rmg/model.py:485
    3b DEFECT: same direction, opposite charge transfer: [O][O] => [O][O-]   [electrons=+1]
  [PASS] DEFECT: a same-direction electron-flipped reaction is wrongly dropped -- is_new=False, deciding site model.py:471
  [..] the family SAME-DIRECTION branch is reached, at rmgpy/rmg/model.py:471
    3c DEFECT: the same heavy transformation with NO electron: [O][O] => [O][O-]   [electrons=+0]
  [PASS] DEFECT: a NEUTRAL reaction over the same heavy species is wrongly dropped -- is_new=False, deciding site model.py:471
  [..] a neutral/charged collision needs no plasma library at all, decided at rmgpy/rmg/model.py:471

STAGE 4 -- BLAST RADIUS B: what exactly is being confused with what?
    Electron PLACEMENT, from rmgpy.electron_balance.get_placement_declaration --
    the (reactant_count, product_count) pair the owner declares, which is what
    the plasma reactor and both export writers already read:
        ionisation     family=PlasmaElectronImpactIonization   placement=(1, 2)  net electrons=+1
        recombination  family=PlasmaRadiativeRecombination     placement=(1, 0)  net electrons=-1
        attachment     family=Plasma_Electron_Attachment       placement=(1, 0)  net electrons=-1
  [PASS] the lithium pair is NOT a reverse pair: reversing the ionisation placement does not give the recombination placement -- (1, 2) reversed is (2, 1), but recombination is (1, 0) -- the reverse of the ionisation is three-body recombination (order 3), not the radiative channel (order 2)
  [PASS] ...yet their NET electron counts are exactly equal and opposite -- +1 vs -1 -- so no comparison built on the net scalar alone can separate them

    library / lithium    ionisation vs radiative recombination      collapsed=True  WRONG
    family / oxygen      attachment vs its true reverse             collapsed=True  right
    family / oxygen      attachment vs same-direction flip          collapsed=True  WRONG
    family / oxygen      attachment vs the neutral transformation   collapsed=True  WRONG
  [PASS] the wrong collapses are NOT confined to the two lithium libraries -- family-generated reactions with no lithium in them collapse wrongly too

STAGE 5 -- RMG's own canonical identity predicate has the SAME hole
    is_isomorphic(ionisation vs recombination         ) = True   (correct answer: False)
  [FAIL] is_isomorphic is correct for: ionisation vs recombination
    is_isomorphic(attachment vs its true reverse      ) = True   (correct answer: True)
  [PASS] is_isomorphic is correct for: attachment vs its true reverse
    is_isomorphic(attachment vs same-direction flip   ) = False  (correct answer: False)
  [PASS] is_isomorphic is correct for: attachment vs same-direction flip
