INFO:root:Loading transport library from NIST_Fluorine.py in /home/alon/Code/RMG-database-i123b-reaudit/input/transport/libraries...
INFO:root:Loading transport library from PrimaryTransportLibrary.py in /home/alon/Code/RMG-database-i123b-reaudit/input/transport/libraries...
INFO:root:Loading transport library from GRI-Mech.py in /home/alon/Code/RMG-database-i123b-reaudit/input/transport/libraries...
INFO:root:Loading transport library from OneDMinN2.py in /home/alon/Code/RMG-database-i123b-reaudit/input/transport/libraries...
INFO:root:Loading transport library from NOx2018.py in /home/alon/Code/RMG-database-i123b-reaudit/input/transport/libraries...
INFO:root:Loading transport group database from /home/alon/Code/RMG-database-i123b-reaudit/input/transport/groups...
INFO:root:Loading kinetics library PlasmaElectronImpactIonization from /home/alon/Code/RMG-database-i123b-reaudit/input/kinetics/libraries/PlasmaElectronImpactIonization/reactions.py...
INFO:root:Loading kinetics library PlasmaRadiativeRecombination from /home/alon/Code/RMG-database-i123b-reaudit/input/kinetics/libraries/PlasmaRadiativeRecombination/reactions.py...
INFO:root:Loading frequencies library from halogens_G4.py in /home/alon/Code/RMG-database-i123b-reaudit/input/statmech/libraries...
INFO:root:Loading frequencies group database from /home/alon/Code/RMG-database-i123b-reaudit/input/statmech/groups...
INFO:root:Loading solvation thermodynamics group database from /home/alon/Code/RMG-database-i123b-reaudit/input/solvation/groups...
INFO:root:Loading thermodynamics library from primaryThermoLibrary.py in /home/alon/Code/RMG-database-i123b-reaudit/input/thermo/libraries...
INFO:root:Loading thermodynamics group database from /home/alon/Code/RMG-database-i123b-reaudit/input/thermo/groups...
INFO:root:Loading thermodynamics SIDTs from /home/alon/Code/RMG-database-i123b-reaudit/input/thermo/sidt...
Traceback (most recent call last):
  File "/home/alon/Code/RMG-Py-i134-duplicate-electrons/docs/i134-duplicate-electrons/probe_blast_radius.py", line 413, in <module>
    raise SystemExit(main())
  File "/home/alon/Code/RMG-Py-i134-duplicate-electrons/docs/i134-duplicate-electrons/probe_blast_radius.py", line 392, in main
    src_iso = inspect.getsource(model_module.Reaction.is_isomorphic) \
  File "/home/alon/anaconda3/envs/rmg_env/lib/python3.9/inspect.py", line 1024, in getsource
    lines, lnum = getsourcelines(object)
  File "/home/alon/anaconda3/envs/rmg_env/lib/python3.9/inspect.py", line 1006, in getsourcelines
    lines, lnum = findsource(object)
  File "/home/alon/anaconda3/envs/rmg_env/lib/python3.9/inspect.py", line 817, in findsource
    file = getsourcefile(object)
  File "/home/alon/anaconda3/envs/rmg_env/lib/python3.9/inspect.py", line 697, in getsourcefile
    filename = getfile(object)
  File "/home/alon/anaconda3/envs/rmg_env/lib/python3.9/inspect.py", line 677, in getfile
    raise TypeError('module, class, method, function, traceback, frame, or '
TypeError: module, class, method, function, traceback, frame, or code object was expected, got cython_function_or_method
