====================================================================================
database.directory = /home/alon/Code/RMG-database-i123b-reaudit/input
rmgpy package      = /home/alon/Code/RMG-Py-i134-duplicate-electrons/rmgpy/rmg
====================================================================================

STAGE 1 -- does the lithium sink reach the model? (recorded, not read)
    ionisation offered first : is_new=True, identity calls at lines []
    recombination offered next: is_new=True, identity calls at lines [(522, False)]
  [PASS] the source enters the model -- is_new=True
  [PASS] the SINK enters the model too -- is_new=True
  [PASS] no duplicate verdict fired against the sink -- deciding site model.py:None (it was model.py:521 before the repair)

STAGE 2 -- where does the electron count enter the comparison?
  [PASS] generate_reaction_id stays label-only, by design -- 0 occurrences
  [PASS] are_identical_species_references compares electron PLACEMENT -- the single predicate all four return sites share
  [PASS] ...and does not fall back to the net scalar there -- per-side counts only
    generate_reaction_id(ionisation)    = (['[Li]'], ['[Lip]'])
    generate_reaction_id(recombination) = (['[Lip]'], ['[Li]'])
  [PASS] the two reaction IDs are exact reverses of one another -- so any reverse-match branch matches them

STAGE 3 -- BLAST RADIUS A: are FAMILY-generated reactions affected?
  [PASS] a real charged family loaded -- Plasma_Electron_Attachment
  [PASS] the family declares a non-zero electron stoichiometry -- electrons=-1
  [PASS] the family generates a real reaction from a real reactant -- from O2 via Plasma_Electron_Attachment
    generated by Plasma_Electron_Attachment: [O][O] => [O][O-]   [electrons=-1]
  [PASS] the generated reaction carries the family electron declaration -- Reaction.electrons=-1
    3a CONTROL: true reverse (family.py:4249-4251 construction): [O][O-] => [O][O]   [electrons=+1]
  [PASS] CONTROL: a genuine reverse pair collapses (correct behaviour) -- is_new=False, deciding site model.py:486
  [..] the family REVERSE branch is reached, at rmgpy/rmg/model.py:486
    3b same direction, opposite charge transfer: [O][O] => [O][O-]   [electrons=+1]
  [PASS] a same-direction electron-flipped reaction now SURVIVES -- is_new=True, deciding site model.py:None (it was dropped at model.py:471 before the repair)
    3c the same heavy transformation with NO electron: [O][O] => [O][O-]   [electrons=+0]
  [PASS] a NEUTRAL reaction over the same heavy species now SURVIVES -- is_new=True, deciding site model.py:None (it was dropped at model.py:471 before the repair)
  [..] the neutral/charged collision needed no plasma library at all, which is what made this a general defect rather than a plasma one

STAGE 4 -- BLAST RADIUS B: what exactly is being confused with what?
    Electron PLACEMENT, from rmgpy.electron_balance.get_placement_declaration --
    the (reactant_count, product_count) pair the owner declares, which is what
    the plasma reactor and both export writers already read:
        ionisation     family=PlasmaElectronImpactIonization   placement=(1, 2)  net electrons=+1
        recombination  family=PlasmaRadiativeRecombination     placement=(1, 0)  net electrons=-1
        attachment     family=Plasma_Electron_Attachment       placement=(1, 0)  net electrons=-1
  [PASS] the lithium pair is NOT a reverse pair: reversing the ionisation placement does not give the recombination placement -- (1, 2) reversed is (2, 1), but recombination is (1, 0) -- the reverse of the ionisation is three-body recombination (order 3), not the radiative channel (order 2)
  [PASS] ...yet their NET electron counts are exactly equal and opposite -- +1 vs -1 -- so no comparison built on the net scalar alone can separate them

    library / lithium    ionisation vs radiative recombination      collapsed=False correct=False
    family / oxygen      attachment vs its true reverse             collapsed=True  correct=True
    family / oxygen      attachment vs same-direction flip          collapsed=False correct=False
    family / oxygen      attachment vs the neutral transformation   collapsed=False correct=False
  [PASS] exactly the genuine reverse pair collapses, and nothing else -- the repair reaches the family branches, not just the two lithium libraries

STAGE 5 -- RMG's own canonical identity predicate, repaired the same way
    is_isomorphic(ionisation vs recombination         ) = False  (correct answer: False)
  [PASS] is_isomorphic is correct for: ionisation vs recombination
    is_isomorphic(attachment vs its true reverse      ) = True   (correct answer: True)
  [PASS] is_isomorphic is correct for: attachment vs its true reverse
    is_isomorphic(attachment vs same-direction flip   ) = False  (correct answer: False)
  [PASS] is_isomorphic is correct for: attachment vs same-direction flip
  [..] is_isomorphic used to compare the NET scalar, never the per-side placement, and so collapsed the lithium pair for the same reason model.py did -- see the same three lines in evidence/probe-blast-radius-BEFORE.log. Both predicates now read the same placement helper, which is what keeps ReactionModel.merge, KineticsLibrary.check_for_duplicates and the pressure-dependence code consistent with the model builder.

====================================================================================
NOTE: the family REVERSE branch is reached, at rmgpy/rmg/model.py:486
NOTE: the neutral/charged collision needed no plasma library at all, which is what made this a general defect rather than a plasma one
NOTE: is_isomorphic used to compare the NET scalar, never the per-side placement, and so collapsed the lithium pair for the same reason model.py did -- see the same three lines in evidence/probe-blast-radius-BEFORE.log. Both predicates now read the same placement helper, which is what keeps ReactionModel.merge, KineticsLibrary.check_for_duplicates and the pressure-dependence code consistent with the model builder.
BLAST-RADIUS PROBE: all checks passed.
====================================================================================
