...........................FFFFFFF.                                      [100%]
=================================== FAILURES ===================================
____________ test_neutral_wall_refuses_isotope_transmuting_product _____________

    def test_neutral_wall_refuses_isotope_transmuting_product():
        """HIGH 1: element counts cannot tell 13C-DME from DME, so the wall would turn a
        13C nucleus into a 12C one. Source and product must share the skeleton key
        (InChI minus charge layers), which keeps the isotope layer."""
        e, dme12, dme13, dmep13 = _dme_isotope_species()
        dme13.thermo = _thermo_with_h298(-100.0)       # above DME, so only the nuclei differ
        imf = {e: 1.0e-6, dmep13: 1.0e-6, dme13: 0.1, dme12: 0.9 - 2.0e-6}
        reactor = PlasmaReactor((TGAS, 'K'), (P_NOMINAL, 'Pa'), imf,
                                (TE_NOMINAL_EV * EV_TO_K, 'K'), n_sims=1, termination=[],
                                diffusion_length=(_diffusion_length(), 'm'),
                                ion_reduced_mobility=(MU0_AR_IN_AR, 'm^2/(V*s)'),
                                wall_recycling=1.0, wall_single_bath_approximation=True,
                                wall_neutralization_products={'DME+-13C': 'DME-13C'},
                                wall_neutral_diffusion=_meta_declaration(label='DME-13C',
                                                                         product='DME'))
        with pytest.raises(PlasmaStateError) as exc:
>           reactor.initialize_model([e, dme12, dme13, dmep13], [], [], [])
E           Failed: DID NOT RAISE <class 'rmgpy.exceptions.PlasmaStateError'>

test/rmgpy/solver/plasmaWallTest.py:2891: Failed
----------------------------- Captured stderr call -----------------------------
[21:14:07] WARNING: Accepted unusual valence(s): O+1(2)

------------------------------ Captured log call -------------------------------
WARNING  root:plasmaWallTest.py:2891 PlasmaReactor wall: the neutral bath spans more than one gas ('InChI=1S/C2H6O/c1-3-2/h1-2H3', 'InChI=1S/C2H6O/c1-3-2/h1-2H3/i1+1'); wall_single_bath_approximation=True was given, so a single ion reduced mobility is applied to the summed neutral density as if the whole gas were the reference bath. This is an approximation -- the true mobility is composition-weighted (Blanc's law), which needs a reduced mobility per bath gas that this model does not carry. The nu_wall-derived fluxes are marked 'available-single-bath-approximation'. (PlasmaReactor(label=None, T=(298.15,'K'), P=(666.612,'Pa'), Te=(34813.6,'K')))
_ test_neutral_wall_refuses_a_declaration_that_is_not_strictly_downhill[ground declared to pump up to the metastable-kwargs0-not strictly higher] _

case = 'ground declared to pump up to the metastable'
kwargs = {'declaration': {'Ar': {'diffusivity': (47.0, 'cm^2*torr/s'), 'product': 'Ar*'}}}
fragment = 'not strictly higher'

    @pytest.mark.parametrize('case, kwargs, fragment', [
        ("ground declared to pump up to the metastable",
         dict(declaration=_meta_declaration(label='Ar', product='Ar*')), 'not strictly higher'),
        ("degenerate source and product",
         dict(meta_eV=0.0), 'not strictly higher'),
        ("source thermo absent", dict(meta_eV=None), 'thermo'),
        ("product thermo absent", dict(ground_eV=None), 'thermo'),
    ])
    def test_neutral_wall_refuses_a_declaration_that_is_not_strictly_downhill(case, kwargs, fragment):
        """HIGH 2: the wall only de-excites. A declaration whose source is not strictly
        above its product in H298 is refused, and so is one whose ordering cannot be
        established because a thermo is missing -- no default, no inference."""
        with pytest.raises(PlasmaStateError) as exc:
>           _neutral_diffusion_reactor(**kwargs)
E           Failed: DID NOT RAISE <class 'rmgpy.exceptions.PlasmaStateError'>

test/rmgpy/solver/plasmaWallTest.py:2908: Failed
_ test_neutral_wall_refuses_a_declaration_that_is_not_strictly_downhill[degenerate source and product-kwargs1-not strictly higher] _

case = 'degenerate source and product', kwargs = {'meta_eV': 0.0}
fragment = 'not strictly higher'

    @pytest.mark.parametrize('case, kwargs, fragment', [
        ("ground declared to pump up to the metastable",
         dict(declaration=_meta_declaration(label='Ar', product='Ar*')), 'not strictly higher'),
        ("degenerate source and product",
         dict(meta_eV=0.0), 'not strictly higher'),
        ("source thermo absent", dict(meta_eV=None), 'thermo'),
        ("product thermo absent", dict(ground_eV=None), 'thermo'),
    ])
    def test_neutral_wall_refuses_a_declaration_that_is_not_strictly_downhill(case, kwargs, fragment):
        """HIGH 2: the wall only de-excites. A declaration whose source is not strictly
        above its product in H298 is refused, and so is one whose ordering cannot be
        established because a thermo is missing -- no default, no inference."""
        with pytest.raises(PlasmaStateError) as exc:
>           _neutral_diffusion_reactor(**kwargs)
E           Failed: DID NOT RAISE <class 'rmgpy.exceptions.PlasmaStateError'>

test/rmgpy/solver/plasmaWallTest.py:2908: Failed
_ test_neutral_wall_refuses_a_declaration_that_is_not_strictly_downhill[source thermo absent-kwargs2-thermo] _

case = 'source thermo absent', kwargs = {'meta_eV': None}, fragment = 'thermo'

    @pytest.mark.parametrize('case, kwargs, fragment', [
        ("ground declared to pump up to the metastable",
         dict(declaration=_meta_declaration(label='Ar', product='Ar*')), 'not strictly higher'),
        ("degenerate source and product",
         dict(meta_eV=0.0), 'not strictly higher'),
        ("source thermo absent", dict(meta_eV=None), 'thermo'),
        ("product thermo absent", dict(ground_eV=None), 'thermo'),
    ])
    def test_neutral_wall_refuses_a_declaration_that_is_not_strictly_downhill(case, kwargs, fragment):
        """HIGH 2: the wall only de-excites. A declaration whose source is not strictly
        above its product in H298 is refused, and so is one whose ordering cannot be
        established because a thermo is missing -- no default, no inference."""
        with pytest.raises(PlasmaStateError) as exc:
>           _neutral_diffusion_reactor(**kwargs)
E           Failed: DID NOT RAISE <class 'rmgpy.exceptions.PlasmaStateError'>

test/rmgpy/solver/plasmaWallTest.py:2908: Failed
_ test_neutral_wall_refuses_a_declaration_that_is_not_strictly_downhill[product thermo absent-kwargs3-thermo] _

case = 'product thermo absent', kwargs = {'ground_eV': None}
fragment = 'thermo'

    @pytest.mark.parametrize('case, kwargs, fragment', [
        ("ground declared to pump up to the metastable",
         dict(declaration=_meta_declaration(label='Ar', product='Ar*')), 'not strictly higher'),
        ("degenerate source and product",
         dict(meta_eV=0.0), 'not strictly higher'),
        ("source thermo absent", dict(meta_eV=None), 'thermo'),
        ("product thermo absent", dict(ground_eV=None), 'thermo'),
    ])
    def test_neutral_wall_refuses_a_declaration_that_is_not_strictly_downhill(case, kwargs, fragment):
        """HIGH 2: the wall only de-excites. A declaration whose source is not strictly
        above its product in H298 is refused, and so is one whose ordering cannot be
        established because a thermo is missing -- no default, no inference."""
        with pytest.raises(PlasmaStateError) as exc:
>           _neutral_diffusion_reactor(**kwargs)
E           Failed: DID NOT RAISE <class 'rmgpy.exceptions.PlasmaStateError'>

test/rmgpy/solver/plasmaWallTest.py:2908: Failed
________ test_neutral_wall_refuses_a_cyclic_declaration_at_construction ________

    def test_neutral_wall_refuses_a_cyclic_declaration_at_construction():
        """HIGH 2: Ar* -> Ar together with Ar -> Ar* is a cycle; it is refused by label at
        construction, before any species or thermo exists."""
        declaration = {'Ar*': {'product': 'Ar', 'diffusivity': (DP_AR_META, 'cm^2*torr/s')},
                       'Ar': {'product': 'Ar*', 'diffusivity': (DP_AR_META, 'cm^2*torr/s')}}
        electron, ar, arp = _argon_species()
        with pytest.raises(PlasmaStateError) as exc:
>           PlasmaReactor((TGAS, 'K'), (P_NOMINAL, 'Pa'), {ar: 1.0}, (TE_NOMINAL_EV * EV_TO_K, 'K'),
                          n_sims=1, termination=[],
                          diffusion_length=(_diffusion_length(), 'm'),
                          ion_reduced_mobility=(MU0_AR_IN_AR, 'm^2/(V*s)'),
                          wall_neutral_diffusion=declaration)
E           Failed: DID NOT RAISE <class 'rmgpy.exceptions.PlasmaStateError'>

test/rmgpy/solver/plasmaWallTest.py:2919: Failed
_________ test_neutral_wall_declared_label_absent_from_core_warns_once _________

caplog = <_pytest.logging.LogCaptureFixture object at 0x72f6df23c880>

    def test_neutral_wall_declared_label_absent_from_core_warns_once(caplog):
        """MEDIUM: a declared label not (yet) in the core stays tolerated, for core growth,
        but is reported at WARNING, once per label, across repeated model initialisation."""
        declaration = dict(_meta_declaration())
        declaration['Kr*'] = {'product': 'Kr', 'diffusivity': (DP_AR_META, 'cm^2*torr/s')}
        with caplog.at_level(logging.WARNING):
            r, core = _neutral_diffusion_reactor(declaration=declaration)
            r.initialize_model(core, [], [], [])
        hits = [rec for rec in caplog.records
                if rec.levelno >= logging.WARNING and "'Kr*'" in rec.getMessage()]
>       assert len(hits) == 1, [rec.getMessage() for rec in caplog.records]
E       AssertionError: []
E       assert 0 == 1
E        +  where 0 = len([])

test/rmgpy/solver/plasmaWallTest.py:2937: AssertionError
=========================== short test summary info ============================
FAILED test/rmgpy/solver/plasmaWallTest.py::test_neutral_wall_refuses_isotope_transmuting_product
FAILED test/rmgpy/solver/plasmaWallTest.py::test_neutral_wall_refuses_a_declaration_that_is_not_strictly_downhill[ground declared to pump up to the metastable-kwargs0-not strictly higher]
FAILED test/rmgpy/solver/plasmaWallTest.py::test_neutral_wall_refuses_a_declaration_that_is_not_strictly_downhill[degenerate source and product-kwargs1-not strictly higher]
FAILED test/rmgpy/solver/plasmaWallTest.py::test_neutral_wall_refuses_a_declaration_that_is_not_strictly_downhill[source thermo absent-kwargs2-thermo]
FAILED test/rmgpy/solver/plasmaWallTest.py::test_neutral_wall_refuses_a_declaration_that_is_not_strictly_downhill[product thermo absent-kwargs3-thermo]
FAILED test/rmgpy/solver/plasmaWallTest.py::test_neutral_wall_refuses_a_cyclic_declaration_at_construction
FAILED test/rmgpy/solver/plasmaWallTest.py::test_neutral_wall_declared_label_absent_from_core_warns_once
7 failed, 28 passed, 100 deselected in 2.80s
