============================= test session starts ==============================
platform linux -- Python 3.9.23, pytest-8.4.1, pluggy-1.6.0 -- /home/alon/anaconda3/envs/rmg_env/bin/python
rootdir: /home/alon/Code/RMG-Py-metastable-wall
configfile: pytest.ini
plugins: check-2.5.3, cov-6.2.1, anyio-4.10.0
collecting ... collected 228 items

test/rmgpy/solver/plasmaWallTest.py::test_nu_wall_matches_closed_form_rederivation PASSED
test/rmgpy/solver/plasmaWallTest.py::test_nu_wall_geometry_scaling PASSED
test/rmgpy/solver/plasmaWallTest.py::test_wall_loss_is_first_order_in_electron_population PASSED
test/rmgpy/solver/plasmaWallTest.py::test_net_charge_flux_zero_on_neutral_nonzero_on_nonneutral PASSED
test/rmgpy/solver/plasmaWallTest.py::test_net_charge_drift_zero_under_full_residual PASSED
test/rmgpy/solver/plasmaWallTest.py::test_heavy_atom_recycling_conservation PASSED
test/rmgpy/solver/plasmaWallTest.py::test_wall_operator_residual_inert_and_jacobian_is_the_wall_linearization PASSED
test/rmgpy/solver/plasmaWallTest.py::test_below_threshold_decays_to_extinction_without_negative_amounts PASSED
test/rmgpy/solver/plasmaWallTest.py::test_analytic_jacobian_matches_finite_difference_scan[no wall at all (pre-existing equations)-kwargs0] PASSED
test/rmgpy/solver/plasmaWallTest.py::test_analytic_jacobian_matches_finite_difference_scan[wall, integrated electron-kwargs1] PASSED
test/rmgpy/solver/plasmaWallTest.py::test_analytic_jacobian_matches_finite_difference_scan[wall, quasineutral electron-kwargs2] PASSED
test/rmgpy/solver/plasmaWallTest.py::test_analytic_jacobian_matches_finite_difference_scan[wall + external source-kwargs3] PASSED
test/rmgpy/solver/plasmaWallTest.py::test_analytic_jacobian_matches_finite_difference_scan[gamma = 0.5 (partially pumping)-kwargs4] PASSED
test/rmgpy/solver/plasmaWallTest.py::test_jacobian_scan_negative_control_can_fail PASSED
test/rmgpy/solver/plasmaWallTest.py::test_ionisation_degree_ceiling_raises_naming_ionisation_degree PASSED
test/rmgpy/solver/plasmaWallTest.py::test_nonneutral_initial_state_raises_under_quasineutral_electron PASSED
test/rmgpy/solver/plasmaWallTest.py::test_diffusion_length_and_mobility_must_be_declared_together PASSED
test/rmgpy/solver/plasmaWallTest.py::test_wall_parameter_bounds_each_raise PASSED
test/rmgpy/solver/plasmaWallTest.py::test_quasineutral_electron_row_is_net_charge_with_no_dydt_dependence PASSED
test/rmgpy/solver/plasmaWallTest.py::test_charge_row_scale_is_positive_finite_and_leaves_the_solution_unchanged PASSED
test/rmgpy/solver/plasmaWallTest.py::test_jacobian_matches_residual_below_the_neutral_floor PASSED
test/rmgpy/solver/plasmaWallTest.py::test_jacobian_finite_when_neutrals_are_exhausted PASSED
test/rmgpy/solver/plasmaWallTest.py::test_round_trip_preserves_the_wall_by_value[pickle] PASSED
test/rmgpy/solver/plasmaWallTest.py::test_round_trip_preserves_the_wall_by_value[deepcopy] PASSED
test/rmgpy/solver/plasmaWallTest.py::test_round_trip_of_a_wall_less_reactor_stays_wall_less[pickle] PASSED
test/rmgpy/solver/plasmaWallTest.py::test_round_trip_of_a_wall_less_reactor_stays_wall_less[deepcopy] PASSED
test/rmgpy/solver/plasmaWallTest.py::test_reduce_enumerates_every_constructor_parameter PASSED
test/rmgpy/solver/plasmaWallTest.py::test_wall_requires_a_declaration_for_two_electronic_states PASSED
test/rmgpy/solver/plasmaWallTest.py::test_wall_ground_state_charge_and_particle_conservation_with_metastable PASSED
test/rmgpy/solver/plasmaWallTest.py::test_wall_refuses_two_neutral_states_by_multiplicity_not_thermo PASSED
test/rmgpy/solver/plasmaWallTest.py::test_wall_refuses_two_states_even_across_a_clear_energy_gap PASSED
test/rmgpy/solver/plasmaWallTest.py::test_wall_refuses_two_states_regardless_of_their_separation PASSED
test/rmgpy/solver/plasmaWallTest.py::test_wall_neutralization_products_declaration_resolves_ambiguity PASSED
test/rmgpy/solver/plasmaWallTest.py::test_wall_neutralization_products_missing_neutral_is_refused PASSED
test/rmgpy/solver/plasmaWallTest.py::test_check_wall_support_refuses_subfloor_inventory PASSED
test/rmgpy/solver/plasmaWallTest.py::test_check_wall_support_refuses_nonfinite_electron PASSED
test/rmgpy/solver/plasmaWallTest.py::test_wall_refuses_anion_in_core PASSED
test/rmgpy/solver/plasmaWallTest.py::test_direct_diffusion_length_dimension_is_checked PASSED
test/rmgpy/solver/plasmaWallTest.py::test_wall_does_not_transmute_a_molecular_ion_across_isomers PASSED
test/rmgpy/solver/plasmaWallTest.py::test_multi_state_deck_refuses_before_reading_enthalpy PASSED
test/rmgpy/solver/plasmaWallTest.py::test_wall_refuses_electron_without_a_cation PASSED
test/rmgpy/solver/plasmaWallTest.py::test_ceiling_uses_ion_inventory_not_electron_alone PASSED
test/rmgpy/solver/plasmaWallTest.py::test_declared_source_is_delivered_in_full_in_a_mixture PASSED
test/rmgpy/solver/plasmaWallTest.py::test_direct_construction_checks_diffusion_length_dimension PASSED
test/rmgpy/solver/plasmaWallTest.py::test_direct_construction_checks_mobility_dimension PASSED
test/rmgpy/solver/plasmaWallTest.py::test_wall_diagnostics_latched_only_at_accepted_states PASSED
test/rmgpy/solver/plasmaWallTest.py::test_wall_energy_interface_declares_ion_term_absent_not_broken PASSED
test/rmgpy/solver/plasmaWallTest.py::test_saved_input_preserves_wall_neutralization_products PASSED
test/rmgpy/solver/plasmaWallTest.py::test_source_apportionment_jacobian_matches_fd_in_a_mixture PASSED
test/rmgpy/solver/plasmaWallTest.py::test_step_publishes_diagnostics_on_the_production_path PASSED
test/rmgpy/solver/plasmaWallTest.py::test_wall_refuses_two_excited_states_with_no_ground PASSED
test/rmgpy/solver/plasmaWallTest.py::test_skeleton_key_merges_tautomers_which_forces_the_declaration PASSED
test/rmgpy/solver/plasmaWallTest.py::test_wall_refuses_electrons_without_commensurate_ion_inventory PASSED
test/rmgpy/solver/plasmaWallTest.py::test_declared_source_refused_when_no_ionisable_inventory_remains PASSED
test/rmgpy/solver/plasmaWallTest.py::test_check_wall_support_refuses_an_individual_negative_neutral PASSED
test/rmgpy/solver/plasmaWallTest.py::test_direct_construction_checks_mobility_reference_density_dimension PASSED
test/rmgpy/solver/plasmaWallTest.py::test_direct_construction_checks_ionisation_source_dimension PASSED
test/rmgpy/solver/plasmaWallTest.py::test_wall_only_options_without_a_wall_are_refused PASSED
test/rmgpy/solver/plasmaWallTest.py::test_wall_neutralization_products_unknown_ion_key_is_refused PASSED
test/rmgpy/solver/plasmaWallTest.py::test_nonfinite_recycle_thermo_leaves_energy_unavailable PASSED
test/rmgpy/solver/plasmaWallTest.py::test_wall_only_deck_integrates_past_t0_on_the_production_path PASSED
test/rmgpy/solver/plasmaWallTest.py::test_genuinely_inert_deck_still_terminates_at_t0_unchanged PASSED
test/rmgpy/solver/plasmaWallTest.py::test_skeleton_key_keeps_isotopes_so_the_wall_cannot_transmute_nuclei PASSED
test/rmgpy/solver/plasmaWallTest.py::test_declared_isotopic_neutral_is_not_hidden_by_key_truncation PASSED
test/rmgpy/solver/plasmaWallTest.py::test_quasineutrality_bound_is_relative_not_an_absolute_mole_floor PASSED
test/rmgpy/solver/plasmaWallTest.py::test_initial_quasineutrality_bound_is_relative_under_algebraic_electron PASSED
test/rmgpy/solver/plasmaWallTest.py::test_neutralisation_energy_is_owed_per_ion_lost_not_scaled_by_recycling PASSED
test/rmgpy/solver/plasmaWallTest.py::test_duplicate_neutral_label_in_declaration_is_refused PASSED
test/rmgpy/solver/plasmaWallTest.py::test_quasineutral_electron_flag_parses_boolean_strings_strictly PASSED
test/rmgpy/solver/plasmaWallTest.py::test_external_source_ignites_a_zero_electron_deck_through_simulate PASSED
test/rmgpy/solver/plasmaWallTest.py::test_zero_electron_deck_without_a_source_is_still_refused PASSED
test/rmgpy/solver/plasmaWallTest.py::test_neutral_floor_is_a_density_not_a_history_dependent_mole_count PASSED
test/rmgpy/solver/plasmaWallTest.py::test_non_finite_wall_flux_is_not_reported_available PASSED
test/rmgpy/solver/plasmaWallTest.py::test_sub_underflow_diffusion_length_is_refused_by_name PASSED
test/rmgpy/solver/plasmaWallTest.py::test_coerce_bool_flag_refuses_uninterpretable_values PASSED
test/rmgpy/solver/plasmaWallTest.py::test_wall_only_run_does_not_divide_by_zero_chemistry_rate PASSED
test/rmgpy/solver/plasmaWallTest.py::test_neutral_density_floor_is_independent_of_initial_inventory PASSED
test/rmgpy/solver/plasmaWallTest.py::test_external_source_ignites_a_zero_electron_deck_in_quasineutral_mode PASSED
test/rmgpy/solver/plasmaWallTest.py::test_saturating_discharge_reports_a_steady_state_and_a_dead_one_does_not PASSED
test/rmgpy/solver/plasmaWallTest.py::test_finite_wall_inputs_that_make_nu_wall_infinite_are_refused_at_construction PASSED
test/rmgpy/solver/plasmaWallTest.py::test_neutral_mixture_is_refused_unless_the_single_bath_approximation_is_opted_into PASSED
test/rmgpy/solver/plasmaWallTest.py::test_density_floor_is_invariant_under_mobility_reparameterisation PASSED
test/rmgpy/solver/plasmaWallTest.py::test_small_but_nonzero_source_flux_is_not_lost_to_a_squaring_underflow PASSED
test/rmgpy/solver/plasmaWallTest.py::test_a_saturated_electron_does_not_vouch_for_a_still_drifting_neutral PASSED
test/rmgpy/solver/plasmaWallTest.py::test_a_stationary_composition_over_a_shrinking_inventory_terminates PASSED
test/rmgpy/solver/plasmaWallTest.py::test_the_wall_guard_evaluates_the_runtime_expression_not_a_reference_proxy PASSED
test/rmgpy/solver/plasmaWallTest.py::test_multi_gas_bath_records_an_availability_state_not_just_a_warning PASSED
test/rmgpy/solver/plasmaWallTest.py::test_a_subnormal_source_that_injects_nothing_is_refused PASSED
test/rmgpy/solver/plasmaWallTest.py::test_the_source_guard_evaluates_the_runtime_expression_at_the_actual_volume PASSED
test/rmgpy/solver/plasmaWallTest.py::test_wall_relaxation_time_is_one_over_nu_wall_and_absent_without_a_wall PASSED
test/rmgpy/solver/plasmaWallTest.py::test_all_four_steady_state_verdicts_hold_together_in_one_build PASSED
test/rmgpy/solver/plasmaWallTest.py::test_wall_single_bath_approximation_is_coerced_by_value_not_truthiness PASSED
test/rmgpy/solver/plasmaWallTest.py::test_coerce_bool_flag_accept_reject_set_is_enumerated_and_the_refusal_reaches_the_user PASSED
test/rmgpy/solver/plasmaWallTest.py::test_the_ionisation_source_is_validated_at_the_evolved_volume_not_only_the_initial_one PASSED
test/rmgpy/solver/plasmaWallTest.py::test_every_solver_test_asserts_a_property PASSED
test/rmgpy/solver/plasmaWallTest.py::test_the_census_rejects_a_tagged_docstring_with_no_assertion PASSED
test/rmgpy/solver/plasmaWallTest.py::test_a_subnormal_electron_fraction_does_not_make_the_external_residual_infinite PASSED
test/rmgpy/solver/plasmaWallTest.py::test_no_enlargement_ratio_divides_by_char_rate_outside_the_abstaining_helper PASSED
test/rmgpy/solver/plasmaWallTest.py::test_zero_core_flux_with_wall_loss_abstains_on_ratio_but_keeps_an_absolute_criterion PASSED
test/rmgpy/solver/plasmaWallTest.py::test_neutral_wall_frequency_matches_hand_arithmetic PASSED
test/rmgpy/solver/plasmaWallTest.py::test_neutral_wall_frequency_scales_inversely_with_pressure PASSED
test/rmgpy/solver/plasmaWallTest.py::test_neutral_wall_dn_form_equals_dp_form PASSED
test/rmgpy/solver/plasmaWallTest.py::test_neutral_wall_residual_moves_metastable_to_ground_only PASSED
test/rmgpy/solver/plasmaWallTest.py::test_neutral_wall_loss_conserves_heavy_particles PASSED
test/rmgpy/solver/plasmaWallTest.py::test_undeclared_metastable_has_no_neutral_wall_loss PASSED
test/rmgpy/solver/plasmaWallTest.py::test_neutral_wall_jacobian_matches_finite_difference PASSED
test/rmgpy/solver/plasmaWallTest.py::test_neutral_wall_jacobian_scan_can_fail PASSED
test/rmgpy/solver/plasmaWallTest.py::test_neutral_wall_declaration_survives_pickle_and_deepcopy PASSED
test/rmgpy/solver/plasmaWallTest.py::test_neutral_wall_refuses_nonfinite_or_nonpositive_diffusivity[nan] PASSED
test/rmgpy/solver/plasmaWallTest.py::test_neutral_wall_refuses_nonfinite_or_nonpositive_diffusivity[inf] PASSED
test/rmgpy/solver/plasmaWallTest.py::test_neutral_wall_refuses_nonfinite_or_nonpositive_diffusivity[-inf] PASSED
test/rmgpy/solver/plasmaWallTest.py::test_neutral_wall_refuses_nonfinite_or_nonpositive_diffusivity[0.0] PASSED
test/rmgpy/solver/plasmaWallTest.py::test_neutral_wall_refuses_nonfinite_or_nonpositive_diffusivity[-1.0] PASSED
test/rmgpy/solver/plasmaWallTest.py::test_neutral_wall_refuses_nonfinite_or_nonpositive_diffusivity[5e-324] PASSED
test/rmgpy/solver/plasmaWallTest.py::test_neutral_wall_refuses_nonfinite_or_nonpositive_diffusivity[1e+308] PASSED
test/rmgpy/solver/plasmaWallTest.py::test_neutral_wall_refuses_malformed_declaration[wrong dimension-declaration0-dimension] PASSED
test/rmgpy/solver/plasmaWallTest.py::test_neutral_wall_refuses_malformed_declaration[not a dict-declaration1-dict] PASSED
test/rmgpy/solver/plasmaWallTest.py::test_neutral_wall_refuses_malformed_declaration[entry missing diffusivity-declaration2-diffusivity] PASSED
test/rmgpy/solver/plasmaWallTest.py::test_neutral_wall_refuses_malformed_declaration[entry missing product-declaration3-product] PASSED
test/rmgpy/solver/plasmaWallTest.py::test_neutral_wall_refuses_malformed_declaration[unknown entry key-declaration4-gamma] PASSED
test/rmgpy/solver/plasmaWallTest.py::test_neutral_wall_refuses_malformed_declaration[charged species declared-declaration5-neutral] PASSED
test/rmgpy/solver/plasmaWallTest.py::test_neutral_wall_refuses_malformed_declaration[product is the source-declaration6-itself] PASSED
test/rmgpy/solver/plasmaWallTest.py::test_neutral_wall_refuses_malformed_declaration[product not in core-declaration7-Xe] PASSED
test/rmgpy/solver/plasmaWallTest.py::test_neutral_wall_refuses_malformed_declaration[product charged-declaration8-neutral] PASSED
test/rmgpy/solver/plasmaWallTest.py::test_neutral_wall_refuses_element_changing_product PASSED
test/rmgpy/solver/plasmaWallTest.py::test_neutral_wall_refuses_declaration_without_a_wall PASSED
test/rmgpy/solver/plasmaWallTest.py::test_seeded_metastable_decays_exponentially_on_the_wall PASSED
test/rmgpy/solver/plasmaTest.py::PlasmaReactorStateTest::test_single_electron_state_with_positive_amount PASSED
test/rmgpy/solver/plasmaTest.py::PlasmaReactorStateTest::test_two_temperature_eos_active PASSED
test/rmgpy/solver/plasmaTest.py::PlasmaReactorStateTest::test_volume_matches_settled_eos PASSED
test/rmgpy/solver/plasmaTest.py::PlasmaReactorStateTest::test_changing_ne_changes_eos_predictably PASSED
test/rmgpy/solver/plasmaTest.py::PlasmaReactorStateTest::test_changing_te_changes_only_electron_contribution PASSED
test/rmgpy/solver/plasmaTest.py::PlasmaReactorStateTest::test_te_equal_tgas_reduces_continuously PASSED
test/rmgpy/solver/plasmaTest.py::PlasmaReactorStateTest::test_missing_or_zero_electrons_named_failure PASSED
test/rmgpy/solver/plasmaTest.py::PlasmaReactorStateTest::test_missing_te_named_failure PASSED
test/rmgpy/solver/plasmaTest.py::PlasmaReactorStateTest::test_no_electron_density_api PASSED
test/rmgpy/solver/plasmaTest.py::PlasmaReactorStateTest::test_state_packing_preserves_electron PASSED
test/rmgpy/solver/plasmaTest.py::PlasmaReactorStateTest::test_jacobian_matches_finite_differences PASSED
test/rmgpy/solver/plasmaTest.py::PlasmaReactorStateTest::test_electron_consuming_reaction_sign PASSED
test/rmgpy/solver/plasmaTest.py::PlasmaReactorStateTest::test_incident_electron_rate_scaling PASSED
test/rmgpy/solver/plasmaTest.py::PlasmaReactorStateTest::test_charge_and_elemental_balance_over_integration PASSED
test/rmgpy/solver/plasmaTest.py::PlasmaReactorStateTest::test_residual_and_jacobian_consistency PASSED
test/rmgpy/solver/plasmaTest.py::PlasmaReverseRatePolicyTest::test_reversible_te_dependent_rejected_before_integration PASSED
test/rmgpy/solver/plasmaTest.py::PlasmaReverseRatePolicyTest::test_te_equal_tgas_does_not_bypass_guard PASSED
test/rmgpy/solver/plasmaTest.py::PlasmaReverseRatePolicyTest::test_metadata_only_electron_rejected PASSED
test/rmgpy/solver/plasmaTest.py::PlasmaReverseRatePolicyTest::test_reversible_thermal_electron_containing_rejected PASSED
test/rmgpy/solver/plasmaTest.py::PlasmaReverseRatePolicyTest::test_control_thermal_reverse_unchanged PASSED
test/rmgpy/solver/plasmaTest.py::PlasmaReverseRatePolicyTest::test_control_irreversible_electron_impact PASSED
test/rmgpy/solver/plasmaTest.py::PlasmaReverseRatePolicyTest::test_control_forward_and_reverse_pair PASSED
test/rmgpy/solver/plasmaTest.py::PlasmaReverseRatePolicyTest::test_control_te_changes_electron_rates_only PASSED
test/rmgpy/solver/plasmaTest.py::PlasmaReverseRatePolicyTest::test_control_tgas_changes_thermal_no_implicit_reverse PASSED
test/rmgpy/solver/plasmaTest.py::PlasmaReverseRatePolicyTest::test_control_no_reverse_flux_through_any_path PASSED
test/rmgpy/solver/plasmaTest.py::PlasmaReverseRatePolicyTest::test_control_export_reload_preserves_arrows PASSED
test/rmgpy/solver/plasmaTest.py::PlasmaReactorUnsupportedTest::test_sensitivity_unsupported PASSED
test/rmgpy/solver/plasmaTest.py::PlasmaReactorUnsupportedTest::test_ranged_conditions_unsupported PASSED
test/rmgpy/solver/plasmaTest.py::PlasmaReactorUnsupportedTest::test_pdep_kinetics_unsupported PASSED
test/rmgpy/solver/plasmaTest.py::PlasmaReactorUnsupportedTest::test_thirdbody_kinetics_unsupported PASSED
test/rmgpy/solver/plasmaTest.py::PlasmaReactorUnsupportedTest::test_const_species_unsupported PASSED
test/rmgpy/solver/plasmaTest.py::PlasmaReactorUnsupportedTest::test_core_reaction_with_edge_species_rejected PASSED
test/rmgpy/solver/plasmaTest.py::PlasmaReactorUnsupportedTest::test_reaction_arity_out_of_range_rejected PASSED
test/rmgpy/solver/plasmaTest.py::PlasmaReactorUnsupportedTest::test_reaction_with_unknown_species_rejected PASSED
test/rmgpy/solver/plasmaTest.py::PlasmaReactorUnsupportedTest::test_base_class_initialization_bypass_rejected PASSED
test/rmgpy/solver/plasmaTest.py::PlasmaReactorUnsupportedTest::test_electron_density_kinetics_requires_explicit_electron PASSED
test/rmgpy/solver/plasmaTest.py::PlasmaReactorUnsupportedTest::test_foreign_initial_composition_key_rejected PASSED
test/rmgpy/solver/plasmaTest.py::PlasmaReactorUnsupportedTest::test_te_kinetics_without_evaluator_unsupported PASSED
test/rmgpy/solver/plasmaTest.py::PlasmaReactorUnsupportedTest::test_external_conditions_unsupported PASSED
test/rmgpy/solver/plasmaTest.py::PlasmaDatabaseSmokeTest::test_database_loaded_hydrogen_plasma_smoke PASSED
test/rmgpy/solver/plasmaTest.py::PlasmaReactorDriverInterfaceTest::test_plasma_reactor_exposes_trange_as_none PASSED
test/rmgpy/solver/plasmaTest.py::PlasmaReactorDriverInterfaceTest::test_driver_tmin_tmax_expression_reduces_to_scalar_temperature PASSED
test/rmgpy/solver/plasmaTest.py::PlasmaElectronThermoTest::test_u1_electron_resolves_to_canonical_electron_thermo PASSED
test/rmgpy/solver/plasmaTest.py::PlasmaChargeNeutralityWarningTest::test_non_neutral_composition_warns_and_names_the_net_charge PASSED
test/rmgpy/solver/plasmaTest.py::PlasmaChargeNeutralityWarningTest::test_non_neutral_composition_does_not_raise PASSED
test/rmgpy/solver/plasmaTest.py::PlasmaChargeNeutralityWarningTest::test_neutral_composition_is_silent PASSED
test/rmgpy/solver/plasmaTest.py::PlasmaChargeNeutralityWarningTest::test_excess_cation_also_warns PASSED
test/rmgpy/solver/plasmaTest.py::PlasmaChargeNeutralityWarningTest::test_imbalance_below_tolerance_is_silent PASSED
test/rmgpy/solver/plasmaTest.py::PlasmaChargeNeutralityWarningTest::test_weakly_ionized_full_imbalance_is_caught PASSED
test/rmgpy/solver/plasmaTest.py::PlasmaChargeBalanceReachabilityTest::test_defect_a_phantom_balance_is_silent_without_the_directive PASSED
test/rmgpy/solver/plasmaTest.py::PlasmaChargeBalanceReachabilityTest::test_unreachable_balance_ion_warns_and_names_it PASSED
test/rmgpy/solver/plasmaTest.py::PlasmaChargeBalanceReachabilityTest::test_reachable_balance_ion_is_silent PASSED
test/rmgpy/solver/plasmaTest.py::PlasmaChargeBalanceReachabilityTest::test_reversible_reaction_credits_the_reactant_side PASSED
test/rmgpy/solver/plasmaTest.py::PlasmaChargeBalanceReachabilityTest::test_edge_production_is_credited PASSED
test/rmgpy/solver/plasmaTest.py::PlasmaChargeBalanceReachabilityTest::test_unreachable_balance_ion_does_not_raise PASSED
test/rmgpy/solver/plasmaTest.py::PlasmaChargeBalanceReachabilityTest::test_reachability_warning_fires_at_most_once PASSED
test/rmgpy/solver/plasmaTest.py::PlasmaChargeBalanceReachabilityTest::test_charge_balance_species_label_survives_pickle PASSED
test/rmgpy/solver/steadyStateTest.py::TerminationSteadyStateResidualTest::test_flat_step_has_zero_residual PASSED
test/rmgpy/solver/steadyStateTest.py::TerminationSteadyStateResidualTest::test_residual_is_the_log_log_slope PASSED
test/rmgpy/solver/steadyStateTest.py::TerminationSteadyStateResidualTest::test_residual_is_taken_on_mole_fractions_not_moles PASSED
test/rmgpy/solver/steadyStateTest.py::TerminationSteadyStateResidualTest::test_first_step_is_not_evaluable PASSED
test/rmgpy/solver/steadyStateTest.py::TerminationSteadyStateResidualTest::test_species_appearing_is_infinitely_far_from_steady PASSED
test/rmgpy/solver/steadyStateTest.py::TerminationSteadyStateResidualTest::test_species_below_the_floor_are_ignored PASSED
test/rmgpy/solver/steadyStateTest.py::TerminationSteadyStateResidualTest::test_a_large_negative_population_poisons_the_residual PASSED
test/rmgpy/solver/steadyStateTest.py::TerminationSteadyStateResidualTest::test_a_negative_below_the_floor_is_still_treated_as_noise PASSED
test/rmgpy/solver/steadyStateTest.py::TerminationSteadyStateResidualTest::test_no_live_species_is_not_evaluable PASSED
test/rmgpy/solver/steadyStateTest.py::TerminationSteadyStateLatchTest::test_early_quiescence_does_not_fire_the_criterion PASSED
test/rmgpy/solver/steadyStateTest.py::TerminationSteadyStateLatchTest::test_criterion_fires_once_armed_and_flat PASSED
test/rmgpy/solver/steadyStateTest.py::TerminationSteadyStateLatchTest::test_two_flat_samples_are_the_minimum_and_not_sufficient PASSED
test/rmgpy/solver/steadyStateTest.py::TerminationSteadyStateLatchTest::test_a_single_moving_step_resets_the_window PASSED
test/rmgpy/solver/steadyStateTest.py::TerminationSteadyStateLatchTest::test_never_converges_never_fires_and_keeps_its_residual PASSED
test/rmgpy/solver/steadyStateTest.py::TerminationSteadyStateLatchTest::test_the_measured_argon_trajectory_never_fires PASSED
test/rmgpy/solver/steadyStateTest.py::TerminationSteadyStateLatchTest::test_persistence_is_physical_time_not_a_bare_step_count PASSED
test/rmgpy/solver/steadyStateTest.py::TerminationSteadyStateLatchTest::test_persistence_anchors_to_the_relaxation_time_when_supplied PASSED
test/rmgpy/solver/steadyStateTest.py::TerminationSteadyStateLatchTest::test_the_verdict_is_independent_of_when_the_flat_window_opens PASSED
test/rmgpy/solver/steadyStateTest.py::TerminationSteadyStateLatchTest::test_the_same_physics_gives_the_same_verdict_under_coarse_and_fine_stepping PASSED
test/rmgpy/solver/steadyStateTest.py::TerminationSteadyStateLatchTest::test_the_external_arm_does_not_vouch_for_a_generic_channel_still_rising PASSED
test/rmgpy/solver/steadyStateTest.py::TerminationSteadyStateLatchTest::test_the_external_arm_is_not_a_permanent_latch PASSED
test/rmgpy/solver/steadyStateTest.py::TerminationSteadyStateLatchTest::test_a_species_rising_under_the_aggregate_maximum_still_blocks_the_arm PASSED
test/rmgpy/solver/steadyStateTest.py::TerminationSteadyStateLatchTest::test_the_window_parameter_is_honoured_as_the_minimum_sample_span PASSED
test/rmgpy/solver/steadyStateTest.py::TerminationSteadyStateLatchTest::test_a_species_appearing_while_the_external_channel_is_flat_does_not_return_steady PASSED
test/rmgpy/solver/steadyStateTest.py::TerminationSteadyStateLatchTest::test_nan_and_inf_steps_treat_the_departing_counters_differently PASSED
test/rmgpy/solver/steadyStateTest.py::TerminationSteadyStateLatchTest::test_raising_window_makes_the_criterion_no_less_conservative_in_both_roles PASSED
test/rmgpy/solver/steadyStateTest.py::TerminationSteadyStateLatchTest::test_departing_counters_are_keyed_by_index_and_cleared_between_runs PASSED
test/rmgpy/solver/steadyStateTest.py::TerminationSteadyStateLatchTest::test_reset_clears_the_latch PASSED
test/rmgpy/solver/steadyStateTest.py::TerminationSteadyStateLatchTest::test_rejects_nonsense_configuration PASSED
test/rmgpy/solver/steadyStateTest.py::SteadyStateTerminationInSolverTest::test_relaxing_system_terminates_on_steady_state PASSED
test/rmgpy/solver/steadyStateTest.py::SteadyStateTerminationInSolverTest::test_never_converges_terminates_on_the_backstop_without_claiming_success PASSED
test/rmgpy/solver/steadyStateTest.py::SteadyStateTerminationInSolverTest::test_no_flux_system_terminates_but_demonstrates_no_steady_state PASSED
test/rmgpy/solver/steadyStateTest.py::SteadyStateTerminationInSolverTest::test_absent_criterion_leaves_the_reactor_untouched PASSED
test/rmgpy/solver/steadyStateTest.py::SteadyStateTerminationInSolverTest::test_latch_does_not_leak_between_simulations PASSED
test/rmgpy/solver/steadyStateTest.py::SteadyStateTerminationInSolverTest::test_inert_core_with_nonempty_edge_reports_no_steady_state_instead_of_promoting PASSED
test/rmgpy/solver/steadyStateTest.py::test_an_unusable_external_residual_cannot_authorise_termination PASSED
test/rmgpy/solver/steadyStateTest.py::test_a_nonfinite_external_residual_poisons_even_an_armed_generic_channel PASSED
test/rmgpy/solver/steadyStateTest.py::test_a_nan_external_residual_from_an_armed_channel_cannot_authorise_termination PASSED
test/rmgpy/solver/steadyStateTest.py::test_update_returns_a_python_bool_on_the_relaxation_time_fallback PASSED
test/rmgpy/solver/steadyStateTest.py::test_rate_ratio_criterion_evaluates_only_for_a_finite_positive_denominator PASSED
test/rmgpy/solver/steadyStateTest.py::test_a_zero_core_flux_reactor_does_not_promote_by_dimensional_comparison PASSED
test/rmgpy/solver/steadyStateTest.py::test_a_reversible_surface_reaction_at_equal_flux_does_not_divide_by_zero PASSED
test/rmgpy/solver/steadyStateTest.py::test_a_surface_species_is_promoted_when_the_characteristic_rate_is_positive PASSED
test/rmgpy/solver/steadyStateTest.py::test_steady_state_report_names_the_criterion_that_fired PASSED

============================= 228 passed in 8.58s ==============================
