### branch i110-make-guard
=== 2635 passed, 50 skipped, 68 deselected, 54 warnings in 510.90s (0:08:30) ===
### branch i119-rr-registry
= 1 failed, 2684 passed, 50 skipped, 118 deselected, 54 warnings in 617.51s (0:10:17) =
FAILED test/rmgpy/electronPlacementTest.py::TestElectronPlacementResolver::test_declaration_registry_is_explicit_and_closed - AssertionError: assert {'Plasma_Electron_Attachment': (1, 0), 'Cation_R_Recombination': (1, 0), 'PlasmaRadiativeRecombination': (1, 0), 'PlasmaElectronImpactIonization': (1, 2)} == {'Plasma_Electron_Attachment': (1, 0), 'Cation_R_Recombination': (1, 0), 'PlasmaElectronImpactIonization': (1, 2)}
### branch i115-preflight-deck
=== 2630 passed, 50 skipped, 87 deselected, 54 warnings in 783.21s (0:13:03) ===
### branch i112-marcus-work-terms
=== 2667 passed, 50 skipped, 83 deselected, 54 warnings in 795.48s (0:13:15) ===
### branch i102-quarantine
=== 2641 passed, 49 skipped, 90 deselected, 54 warnings in 717.06s (0:11:57) ===
### branch i126-chemkin-electrons
= 2 failed, 2835 passed, 49 skipped, 131 deselected, 54 warnings in 724.45s (0:12:04) =
FAILED test/rmgpy/electronPlacementTest.py::TestElectronPlacementResolver::test_declaration_registry_is_explicit_and_closed - AssertionError: assert {'Plasma_Electron_Attachment': (1, 0), 'Cation_R_Recombination': (1, 0), 'PlasmaRadiativeRecombination': (1, 0), 'PlasmaElectronImpactIonization': (1, 2)} == {'Plasma_Electron_Attachment': (1, 0), 'Cation_R_Recombination': (1, 0), 'PlasmaElectronImpactIonization': (1, 2)}
FAILED test/rmgpy/preflightDeckFamilyExclusionTest.py::PlasmaDeckFamilyExclusionTest::test_plasma_deck_does_not_declare_family[docs/i102-quarantine/input.py] - AssertionError: plasma deck docs/i102-quarantine/input.py declares Cation_R_Recombination, a lithium-ion-battery SEI family excluded from every plasma configuration. Declared families: ['Cation_R_Recombination', 'Cation_Li_Abstraction', 'Cation_Addition_MultipleBond', 'Cation_Addition_MultipleBond_Disprop', 'Cation_NO_Substitution', 'Cation_NO_Ring_Opening', 'Li_Abstraction', 'Li_Addition_MultipleBond']
### branch i134-duplicate-drops-sink
= 2 failed, 3002 passed, 50 skipped, 143 deselected, 54 warnings in 621.96s (0:10:21) =
FAILED test/rmgpy/electronPlacementTest.py::TestElectronPlacementResolver::test_declaration_registry_is_explicit_and_closed - AssertionError: assert {'Plasma_Electron_Attachment': (1, 0), 'Cation_R_Recombination': (1, 0), 'PlasmaRadiativeRecombination': (1, 0), 'PlasmaElectronImpactIonization': (1, 2)} == {'Plasma_Electron_Attachment': (1, 0), 'Cation_R_Recombination': (1, 0), 'PlasmaElectronImpactIonization': (1, 2)}
FAILED test/rmgpy/preflightDeckFamilyExclusionTest.py::PlasmaDeckFamilyExclusionTest::test_plasma_deck_does_not_declare_family[docs/i102-quarantine/input.py] - AssertionError: plasma deck docs/i102-quarantine/input.py declares Cation_R_Recombination, a lithium-ion-battery SEI family excluded from every plasma configuration. Declared families: ['Cation_R_Recombination', 'Cation_Li_Abstraction', 'Cation_Addition_MultipleBond', 'Cation_Addition_MultipleBond_Disprop', 'Cation_NO_Substitution', 'Cation_NO_Ring_Opening', 'Li_Abstraction', 'Li_Addition_MultipleBond']
### branch i135-tdep-roundtrip
= 2 failed, 2853 passed, 49 skipped, 131 deselected, 54 warnings in 451.36s (0:07:31) =
FAILED test/rmgpy/electronPlacementTest.py::TestElectronPlacementResolver::test_declaration_registry_is_explicit_and_closed - AssertionError: assert {'Plasma_Electron_Attachment': (1, 0), 'Cation_R_Recombination': (1, 0), 'PlasmaRadiativeRecombination': (1, 0), 'PlasmaElectronImpactIonization': (1, 2)} == {'Plasma_Electron_Attachment': (1, 0), 'Cation_R_Recombination': (1, 0), 'PlasmaElectronImpactIonization': (1, 2)}
FAILED test/rmgpy/preflightDeckFamilyExclusionTest.py::PlasmaDeckFamilyExclusionTest::test_plasma_deck_does_not_declare_family[docs/i102-quarantine/input.py] - AssertionError: plasma deck docs/i102-quarantine/input.py declares Cation_R_Recombination, a lithium-ion-battery SEI family excluded from every plasma configuration. Declared families: ['Cation_R_Recombination', 'Cation_Li_Abstraction', 'Cation_Addition_MultipleBond', 'Cation_Addition_MultipleBond_Disprop', 'Cation_NO_Substitution', 'Cation_NO_Ring_Opening', 'Li_Abstraction', 'Li_Addition_MultipleBond']
