DB @ 0d9c5bc2462847c631ed0e977ed2a1dd1c3b4648  RMG-Py @ a1d0c6027943ffde6cdc3fe032cb489a22b89599
============================= test session starts ==============================
platform linux -- Python 3.9.23, pytest-8.4.1, pluggy-1.6.0 -- /home/alon/anaconda3/envs/rmg_env/bin/python
rootdir: /home/alon/Code/RMG-Py-i221-saturation-fix
configfile: pytest.ini
plugins: check-2.5.3, cov-6.2.1, anyio-4.10.0
collecting ... collected 449 items / 21 deselected / 428 selected

test/rmgpy/rmg/inputTest.py::TestInputDatabase::test_importing_database_reaction_libraries_from_string PASSED
test/rmgpy/rmg/inputTest.py::TestInputDatabase::test_importing_database_reaction_libraries_from_false_tuple PASSED
test/rmgpy/rmg/inputTest.py::TestInputDatabase::test_importing_database_reaction_libraries_from_true_tuple PASSED
test/rmgpy/rmg/inputTest.py::TestInputDatabaseAutoSelection::test_thermo_auto_string PASSED
test/rmgpy/rmg/inputTest.py::TestInputDatabaseAutoSelection::test_thermo_auto_in_list PASSED
test/rmgpy/rmg/inputTest.py::TestInputDatabaseAutoSelection::test_thermo_pah_libs_in_list PASSED
test/rmgpy/rmg/inputTest.py::TestInputDatabaseAutoSelection::test_transport_auto_string PASSED
test/rmgpy/rmg/inputTest.py::TestInputDatabaseAutoSelection::test_reaction_libraries_auto_string PASSED
test/rmgpy/rmg/inputTest.py::TestInputDatabaseAutoSelection::test_reaction_libraries_auto_in_list PASSED
test/rmgpy/rmg/inputTest.py::TestInputDatabaseAutoSelection::test_reaction_libraries_mixed_auto_and_tuple PASSED
test/rmgpy/rmg/inputTest.py::TestInputDatabaseAutoSelection::test_seed_mechanisms_auto PASSED
test/rmgpy/rmg/inputTest.py::TestInputDatabaseAutoSelection::test_kinetics_families_auto PASSED
test/rmgpy/rmg/inputTest.py::TestInputDatabaseAutoSelection::test_kinetics_families_auto_with_exclusion PASSED
test/rmgpy/rmg/inputTest.py::TestInputDatabaseAutoSelection::test_default_no_auto PASSED
test/rmgpy/rmg/inputTest.py::TestInputDatabaseAutoSelection::test_pah_libs_standalone_thermo_raises PASSED
test/rmgpy/rmg/inputTest.py::TestInputDatabaseAutoSelection::test_pah_libs_standalone_reaction_raises PASSED
test/rmgpy/rmg/inputTest.py::TestInputDatabaseAutoSelection::test_pah_libs_standalone_transport_raises PASSED
test/rmgpy/rmg/inputTest.py::TestInputDatabaseAutoSelection::test_pah_libs_standalone_seeds_raises PASSED
test/rmgpy/rmg/inputTest.py::TestInputDatabaseAutoSelection::test_pah_libs_tuple_in_reaction_libs_raises PASSED
test/rmgpy/rmg/inputTest.py::TestInputMLEstimator::test_ml_estimator SKIPPED
test/rmgpy/rmg/inputTest.py::TestInputThermoCentralDatabase::test_thermo_central_database PASSED
test/rmgpy/rmg/inputTest.py::TestInputReactors::test_simple_reactor_mole_fractions PASSED
test/rmgpy/rmg/inputTest.py::TestInputReactors::test_simple_reactor_mole_fractions_normalize_1 PASSED
test/rmgpy/rmg/inputTest.py::TestInputReactors::test_simple_reactor_mole_fractions_normalize_2 PASSED
test/rmgpy/rmg/inputTest.py::TestInputReactors::test_simple_reactor_mole_fractions_ranged PASSED
test/rmgpy/rmg/inputTest.py::TestInputReactors::test_liquid_reactor_concentrations PASSED
test/rmgpy/rmg/inputTest.py::TestInputReactors::test_surface_reactor_mole_fractions PASSED
test/rmgpy/rmg/inputTest.py::TestInputReactors::test_surface_reactor_mole_fractions_normalize_1 PASSED
test/rmgpy/rmg/inputTest.py::TestInputReactors::test_mb_sampled_reactor_mole_fractions PASSED
test/rmgpy/rmg/inputTest.py::TestInputReactors::test_mb_sampled_reactor_mole_fractions_normalize_1 PASSED
test/rmgpy/rmg/inputTest.py::TestInputPressureDependence::test_completed_networks_single PASSED
test/rmgpy/rmg/inputTest.py::TestInputPressureDependence::test_completed_networks_multiple PASSED
test/rmgpy/rmg/inputTest.py::TestInputPressureDependence::test_completed_networks_none PASSED
test/rmgpy/rmg/inputTest.py::TestWriterConfig::test_parse_false_disables PASSED
test/rmgpy/rmg/inputTest.py::TestWriterConfig::test_parse_true_enables_default_interval PASSED
test/rmgpy/rmg/inputTest.py::TestWriterConfig::test_parse_true_custom_default_interval PASSED
test/rmgpy/rmg/inputTest.py::TestWriterConfig::test_parse_dict_full PASSED
test/rmgpy/rmg/inputTest.py::TestWriterConfig::test_parse_dict_partial PASSED
test/rmgpy/rmg/inputTest.py::TestWriterConfig::test_parse_invalid_raises PASSED
test/rmgpy/rmg/inputTest.py::TestWriterConfig::test_should_write_every_iteration PASSED
test/rmgpy/rmg/inputTest.py::TestWriterConfig::test_should_write_every_n_iterations PASSED
test/rmgpy/rmg/inputTest.py::TestWriterConfig::test_should_write_end_only PASSED
test/rmgpy/rmg/inputTest.py::TestWriterConfig::test_should_write_disabled PASSED
test/rmgpy/rmg/inputTest.py::TestWriterConfig::test_should_write_final_always_writes PASSED
test/rmgpy/rmg/inputTest.py::TestWriterConfig::test_should_write_final_no_double_write PASSED
test/rmgpy/rmg/inputTest.py::TestWriterConfig::test_writer_config_to_input_false PASSED
test/rmgpy/rmg/inputTest.py::TestWriterConfig::test_writer_config_to_input_true PASSED
test/rmgpy/rmg/inputTest.py::TestWriterConfig::test_writer_config_to_input_dict PASSED
test/rmgpy/rmg/inputTest.py::TestWriterConfig::test_writer_config_to_input_none PASSED
test/rmgpy/rmg/inputTest.py::TestInputPlasmaReactor::test_electron_density_conversion PASSED
test/rmgpy/rmg/inputTest.py::TestInputPlasmaReactor::test_electron_density_round_trip PASSED
test/rmgpy/rmg/inputTest.py::TestInputPlasmaReactor::test_directive_optional_electron_named_directly PASSED
test/rmgpy/rmg/inputTest.py::TestInputPlasmaReactor::test_guard1_ranged_conditions_rejected PASSED
test/rmgpy/rmg/inputTest.py::TestInputPlasmaReactor::test_guard2_te_units_rejected PASSED
test/rmgpy/rmg/inputTest.py::TestInputPlasmaReactor::test_guard3_q_at_or_above_one_rejected PASSED
test/rmgpy/rmg/inputTest.py::TestInputPlasmaReactor::test_guard4_near_degenerate_q_rejected PASSED
test/rmgpy/rmg/inputTest.py::TestInputPlasmaReactor::test_guard5_duplicate_specification_rejected PASSED
test/rmgpy/rmg/inputTest.py::TestInputPlasmaReactor::test_guard6_zero_density_rejected PASSED
test/rmgpy/rmg/inputTest.py::TestInputPlasmaReactor::test_guard6_negative_density_rejected PASSED
test/rmgpy/rmg/inputTest.py::TestInputPlasmaReactor::test_guard6_infinite_density_rejected PASSED
test/rmgpy/rmg/inputTest.py::TestInputPlasmaReactor::test_guard6_nan_density_rejected PASSED
test/rmgpy/rmg/inputTest.py::TestInputPlasmaReactor::test_guard7_missing_electron_species_rejected PASSED
test/rmgpy/rmg/inputTest.py::TestInputPlasmaReactor::test_guard_density_bare_number_rejected PASSED
test/rmgpy/rmg/inputTest.py::TestInputPlasmaReactor::test_density_molecule_count_units_accepted_with_avogadro PASSED
test/rmgpy/rmg/inputTest.py::TestInputPlasmaReactor::test_density_plural_molecules_units_accepted PASSED
test/rmgpy/rmg/inputTest.py::TestInputPlasmaReactor::test_density_reciprocal_volume_units_accepted PASSED
test/rmgpy/rmg/inputTest.py::TestInputPlasmaReactor::test_guard_density_molar_concentration_still_rejected PASSED
test/rmgpy/rmg/inputTest.py::TestInputPlasmaReactor::test_density_cm3_units_accepted PASSED
test/rmgpy/rmg/inputTest.py::TestInputPlasmaReactor::test_shared_mole_fraction_dict_not_mutated PASSED
test/rmgpy/rmg/inputTest.py::TestInputPlasmaReactor::test_guard_multiple_electron_species_rejected PASSED
test/rmgpy/rmg/inputTest.py::TestInputPlasmaReactor::test_zero_pressure_reported_as_pressure PASSED
test/rmgpy/rmg/inputTest.py::TestInputPlasmaReactor::test_negative_temperature_reported_as_temperature PASSED
test/rmgpy/rmg/inputTest.py::TestInputPlasmaReactor::test_bare_number_electron_temperature_rejected PASSED
test/rmgpy/rmg/inputTest.py::TestInputPlasmaReactor::test_nan_mole_fraction_rejected_plain_path PASSED
test/rmgpy/rmg/inputTest.py::TestInputPlasmaReactor::test_inf_mole_fraction_rejected_plain_path PASSED
test/rmgpy/rmg/inputTest.py::TestInputPlasmaReactor::test_nan_mole_fraction_rejected_density_path PASSED
test/rmgpy/rmg/inputTest.py::TestInputPlasmaReactor::test_inf_mole_fraction_rejected_density_path PASSED
test/rmgpy/rmg/inputTest.py::TestInputPlasmaReactor::test_save_input_file_round_trips_plasma_reactor PASSED
test/rmgpy/rmg/inputTest.py::TestInputPlasmaReactor::test_wall_neutral_diffusion_round_trips PASSED
test/rmgpy/rmg/inputTest.py::TestInputPlasmaReactor::test_wall_neutral_diffusion_without_a_wall_is_refused PASSED
test/rmgpy/rmg/inputTest.py::TestInputPlasmaReactor::test_wall_neutral_diffusion_undeclared_label_is_refused PASSED
test/rmgpy/rmg/inputTest.py::TestInputPlasmaReactor::test_termination_steady_state_bare_tolerance PASSED
test/rmgpy/rmg/inputTest.py::TestInputPlasmaReactor::test_termination_steady_state_dict_form PASSED
test/rmgpy/rmg/inputTest.py::TestInputPlasmaReactor::test_termination_steady_state_requires_a_backstop_time PASSED
test/rmgpy/rmg/inputTest.py::TestInputPlasmaReactor::test_termination_steady_state_rejects_nonsense[0.0] PASSED
test/rmgpy/rmg/inputTest.py::TestInputPlasmaReactor::test_termination_steady_state_rejects_nonsense[-1e-6] PASSED
test/rmgpy/rmg/inputTest.py::TestInputPlasmaReactor::test_termination_steady_state_rejects_nonsense[{'tolerance': 1e-6, 'window': 0}] PASSED
test/rmgpy/rmg/inputTest.py::TestInputPlasmaReactor::test_termination_steady_state_rejects_unknown_keys PASSED
test/rmgpy/rmg/inputTest.py::TestInputPlasmaReactor::test_termination_steady_state_absent_by_default PASSED
test/rmgpy/rmg/inputTest.py::TestInputPlasmaReactor::test_save_input_file_round_trips_termination_steady_state PASSED
test/rmgpy/rmg/inputTest.py::TestInputPlasmaReactor::test_save_input_file_round_trips_kinetics_depositories_all PASSED
test/rmgpy/rmg/inputTest.py::TestInputPlasmaChargeBalance::test_charge_balance_with_electron_density_is_neutral PASSED
test/rmgpy/rmg/inputTest.py::TestInputPlasmaChargeBalance::test_charge_balance_preserves_electron_density_round_trip PASSED
test/rmgpy/rmg/inputTest.py::TestInputPlasmaChargeBalance::test_charge_balance_with_explicit_electron_fraction PASSED
test/rmgpy/rmg/inputTest.py::TestInputPlasmaChargeBalance::test_charge_balance_accounts_for_charge_already_present PASSED
test/rmgpy/rmg/inputTest.py::TestInputPlasmaChargeBalance::test_multiply_charged_balance_species PASSED
test/rmgpy/rmg/inputTest.py::TestInputPlasmaChargeBalance::test_omitting_the_keyword_leaves_the_composition_untouched PASSED
test/rmgpy/rmg/inputTest.py::TestInputPlasmaChargeBalance::test_balance_species_label_is_carried_to_the_reactor PASSED
test/rmgpy/rmg/inputTest.py::TestInputPlasmaChargeBalance::test_no_balance_species_leaves_reactor_field_none PASSED
test/rmgpy/rmg/inputTest.py::TestInputPlasmaChargeBalance::test_undeclared_balance_species_rejected_at_parse_time PASSED
test/rmgpy/rmg/inputTest.py::TestInputPlasmaChargeBalance::test_uncharged_balance_species_rejected PASSED
test/rmgpy/rmg/inputTest.py::TestInputPlasmaChargeBalance::test_electron_as_balance_species_rejected PASSED
test/rmgpy/rmg/inputTest.py::TestInputPlasmaChargeBalance::test_balance_species_also_in_mole_fractions_rejected PASSED
test/rmgpy/rmg/inputTest.py::TestInputPlasmaChargeBalance::test_non_string_balance_species_rejected PASSED
test/rmgpy/rmg/inputTest.py::TestInputPlasmaChargeBalance::test_wrong_sign_balance_species_rejected PASSED
test/rmgpy/rmg/mainTest.py::TestProfiling::test_make_profile_graph PASSED
test/rmgpy/rmg/mainTest.py::TestCanteraOutputConversion::test_chemkin_to_cantera_conversion *******************************************************************************
No thermo data found for species 'ethane(1)'
*******************************************************************************
No thermo data found for species 'ethane(1)'
*******************************************************************************
No thermo data found for species 'CH3(4)'
*******************************************************************************
No thermo data found for species 'CH3(4)'
PASSED
test/rmgpy/rmg/modelTest.py::TestSpecies::test_get_thermo_data PASSED
test/rmgpy/rmg/modelTest.py::TestCoreEdgeReactionModel::test_add_new_surface_objects PASSED
test/rmgpy/rmg/modelTest.py::TestCoreEdgeReactionModel::test_make_new_species PASSED
test/rmgpy/rmg/modelTest.py::TestCoreEdgeReactionModel::test_append_unreactive_structure PASSED
test/rmgpy/rmg/modelTest.py::TestCoreEdgeReactionModel::test_make_new_species_does_not_collapse_opposite_charges PASSED
test/rmgpy/rmg/modelTest.py::TestCoreEdgeReactionModel::test_check_for_existing_species_cache_branch_is_charge_aware PASSED
test/rmgpy/rmg/modelTest.py::TestCoreEdgeReactionModel::test_make_new_reaction PASSED
test/rmgpy/rmg/modelTest.py::TestCoreEdgeReactionModel::test_thermo_filter_species PASSED
test/rmgpy/rmg/modelTest.py::TestCoreEdgeReactionModel::test_thermo_filter_down PASSED
test/rmgpy/rmg/modelTest.py::TestCoreEdgeReactionModel::test_check_for_existing_reaction_eliminates_identical_reactions PASSED
test/rmgpy/rmg/modelTest.py::TestCoreEdgeReactionModel::test_check_for_existing_reaction_keeps_identical_reactions_with_duplicate_flag PASSED
test/rmgpy/rmg/modelTest.py::TestCoreEdgeReactionModel::test_check_for_existing_reaction_eliminates_identical_reactions_without_duplicate_flag PASSED
test/rmgpy/rmg/modelTest.py::TestCoreEdgeReactionModel::test_check_for_existing_reaction_removes_duplicates_in_opposite_directions PASSED
test/rmgpy/rmg/modelTest.py::TestCoreEdgeReactionModel::test_check_for_existing_reaction_eliminates_same_reaction_from_reverse_multiple_templates PASSED
test/rmgpy/rmg/outputTest.py::TestOutput::test_save_output_html PASSED
test/rmgpy/rmg/outputTest.py::TestOutput::test_save_output_html_edge_places_electron_for_charged_reaction PASSED
test/rmgpy/rmg/pdepTest.py::TestPdep::test_energy_filter PASSED
test/rmgpy/rmg/pdepTest.py::TestPdep::test_flux_filter PASSED
test/rmgpy/rmg/pdepTest.py::TestPdep::test_copy PASSED
test/rmgpy/rmg/reactTest.py::TestReact::test_react PASSED
test/rmgpy/rmg/reactTest.py::TestReact::test_react_parallel PASSED
test/rmgpy/rmg/reactTest.py::TestReact::test_react_all PASSED
test/rmgpy/rmg/reactTest.py::TestReact::test_react_all_parallel PASSED
test/rmgpy/rmg/rmgTest.py::TestRMGWorkFlow::test_deterministic_reaction_template_matching SKIPPED
test/rmgpy/rmg/rmgTest.py::TestRMGWorkFlow::test_check_for_existing_species_for_bi_aromatics PASSED
test/rmgpy/rmg/rmgTest.py::TestRMGScript::test_parse_command_line_arguments_defaults PASSED
test/rmgpy/rmg/rmgTest.py::TestRMGScript::test_parse_command_line_non_defaults PASSED
test/rmgpy/solver/liquidTest.py::LiquidReactorTest::test_compute_flux PASSED
test/rmgpy/solver/liquidTest.py::LiquidReactorTest::test_jacobian PASSED
test/rmgpy/solver/liquidTest.py::LiquidReactorTest::test_compute_derivative PASSED
test/rmgpy/solver/liquidTest.py::LiquidReactorTest::test_store_constant_species_names PASSED
test/rmgpy/solver/liquidTest.py::LiquidReactorTest::test_liquid_input_reading PASSED
test/rmgpy/solver/liquidTest.py::LiquidReactorTest::test_corespecies_rate PASSED
test/rmgpy/solver/plasmaTest.py::PlasmaReactorStateTest::test_single_electron_state_with_positive_amount PASSED
test/rmgpy/solver/plasmaTest.py::PlasmaReactorStateTest::test_two_temperature_eos_active PASSED
test/rmgpy/solver/plasmaTest.py::PlasmaReactorStateTest::test_volume_matches_settled_eos PASSED
test/rmgpy/solver/plasmaTest.py::PlasmaReactorStateTest::test_changing_ne_changes_eos_predictably PASSED
test/rmgpy/solver/plasmaTest.py::PlasmaReactorStateTest::test_changing_te_changes_only_electron_contribution PASSED
test/rmgpy/solver/plasmaTest.py::PlasmaReactorStateTest::test_te_equal_tgas_reduces_continuously PASSED
test/rmgpy/solver/plasmaTest.py::PlasmaReactorStateTest::test_missing_or_zero_electrons_named_failure PASSED
test/rmgpy/solver/plasmaTest.py::PlasmaReactorStateTest::test_missing_te_named_failure PASSED
test/rmgpy/solver/plasmaTest.py::PlasmaReactorStateTest::test_no_electron_density_api PASSED
test/rmgpy/solver/plasmaTest.py::PlasmaReactorStateTest::test_state_packing_preserves_electron PASSED
test/rmgpy/solver/plasmaTest.py::PlasmaReactorStateTest::test_jacobian_matches_finite_differences PASSED
test/rmgpy/solver/plasmaTest.py::PlasmaReactorStateTest::test_electron_consuming_reaction_sign PASSED
test/rmgpy/solver/plasmaTest.py::PlasmaReactorStateTest::test_incident_electron_rate_scaling PASSED
test/rmgpy/solver/plasmaTest.py::PlasmaReactorStateTest::test_charge_and_elemental_balance_over_integration PASSED
test/rmgpy/solver/plasmaTest.py::PlasmaReactorStateTest::test_residual_and_jacobian_consistency PASSED
test/rmgpy/solver/plasmaTest.py::PlasmaReverseRatePolicyTest::test_reversible_te_dependent_rejected_before_integration PASSED
test/rmgpy/solver/plasmaTest.py::PlasmaReverseRatePolicyTest::test_te_equal_tgas_does_not_bypass_guard PASSED
test/rmgpy/solver/plasmaTest.py::PlasmaReverseRatePolicyTest::test_metadata_only_electron_rejected PASSED
test/rmgpy/solver/plasmaTest.py::PlasmaReverseRatePolicyTest::test_reversible_thermal_electron_containing_rejected PASSED
test/rmgpy/solver/plasmaTest.py::PlasmaReverseRatePolicyTest::test_control_thermal_reverse_unchanged PASSED
test/rmgpy/solver/plasmaTest.py::PlasmaReverseRatePolicyTest::test_control_irreversible_electron_impact PASSED
test/rmgpy/solver/plasmaTest.py::PlasmaReverseRatePolicyTest::test_control_forward_and_reverse_pair PASSED
test/rmgpy/solver/plasmaTest.py::PlasmaReverseRatePolicyTest::test_control_te_changes_electron_rates_only PASSED
test/rmgpy/solver/plasmaTest.py::PlasmaReverseRatePolicyTest::test_control_tgas_changes_thermal_no_implicit_reverse PASSED
test/rmgpy/solver/plasmaTest.py::PlasmaReverseRatePolicyTest::test_control_no_reverse_flux_through_any_path PASSED
test/rmgpy/solver/plasmaTest.py::PlasmaReverseRatePolicyTest::test_control_export_reload_preserves_arrows PASSED
test/rmgpy/solver/plasmaTest.py::PlasmaReactorUnsupportedTest::test_sensitivity_unsupported PASSED
test/rmgpy/solver/plasmaTest.py::PlasmaReactorUnsupportedTest::test_ranged_conditions_unsupported PASSED
test/rmgpy/solver/plasmaTest.py::PlasmaReactorUnsupportedTest::test_pdep_kinetics_unsupported PASSED
test/rmgpy/solver/plasmaTest.py::PlasmaReactorUnsupportedTest::test_thirdbody_kinetics_unsupported PASSED
test/rmgpy/solver/plasmaTest.py::PlasmaReactorUnsupportedTest::test_const_species_unsupported PASSED
test/rmgpy/solver/plasmaTest.py::PlasmaReactorUnsupportedTest::test_core_reaction_with_edge_species_rejected PASSED
test/rmgpy/solver/plasmaTest.py::PlasmaReactorUnsupportedTest::test_reaction_arity_out_of_range_rejected PASSED
test/rmgpy/solver/plasmaTest.py::PlasmaReactorUnsupportedTest::test_reaction_with_unknown_species_rejected PASSED
test/rmgpy/solver/plasmaTest.py::PlasmaReactorUnsupportedTest::test_base_class_initialization_bypass_rejected PASSED
test/rmgpy/solver/plasmaTest.py::PlasmaReactorUnsupportedTest::test_electron_density_kinetics_requires_explicit_electron PASSED
test/rmgpy/solver/plasmaTest.py::PlasmaReactorUnsupportedTest::test_foreign_initial_composition_key_rejected PASSED
test/rmgpy/solver/plasmaTest.py::PlasmaReactorUnsupportedTest::test_te_kinetics_without_evaluator_unsupported PASSED
test/rmgpy/solver/plasmaTest.py::PlasmaReactorUnsupportedTest::test_external_conditions_unsupported PASSED
test/rmgpy/solver/plasmaTest.py::PlasmaDatabaseSmokeTest::test_database_loaded_hydrogen_plasma_smoke PASSED
test/rmgpy/solver/plasmaTest.py::PlasmaReactorDriverInterfaceTest::test_plasma_reactor_exposes_trange_as_none PASSED
test/rmgpy/solver/plasmaTest.py::PlasmaReactorDriverInterfaceTest::test_driver_tmin_tmax_expression_reduces_to_scalar_temperature PASSED
test/rmgpy/solver/plasmaTest.py::PlasmaElectronThermoTest::test_u1_electron_resolves_to_canonical_electron_thermo PASSED
test/rmgpy/solver/plasmaTest.py::PlasmaChargeNeutralityWarningTest::test_non_neutral_composition_warns_and_names_the_net_charge PASSED
test/rmgpy/solver/plasmaTest.py::PlasmaChargeNeutralityWarningTest::test_non_neutral_composition_does_not_raise PASSED
test/rmgpy/solver/plasmaTest.py::PlasmaChargeNeutralityWarningTest::test_neutral_composition_is_silent PASSED
test/rmgpy/solver/plasmaTest.py::PlasmaChargeNeutralityWarningTest::test_excess_cation_also_warns PASSED
test/rmgpy/solver/plasmaTest.py::PlasmaChargeNeutralityWarningTest::test_imbalance_below_tolerance_is_silent PASSED
test/rmgpy/solver/plasmaTest.py::PlasmaChargeNeutralityWarningTest::test_weakly_ionized_full_imbalance_is_caught PASSED
test/rmgpy/solver/plasmaTest.py::PlasmaChargeBalanceReachabilityTest::test_defect_a_phantom_balance_is_silent_without_the_directive PASSED
test/rmgpy/solver/plasmaTest.py::PlasmaChargeBalanceReachabilityTest::test_unreachable_balance_ion_warns_and_names_it PASSED
test/rmgpy/solver/plasmaTest.py::PlasmaChargeBalanceReachabilityTest::test_reachable_balance_ion_is_silent PASSED
test/rmgpy/solver/plasmaTest.py::PlasmaChargeBalanceReachabilityTest::test_reversible_reaction_credits_the_reactant_side PASSED
test/rmgpy/solver/plasmaTest.py::PlasmaChargeBalanceReachabilityTest::test_edge_production_is_credited PASSED
test/rmgpy/solver/plasmaTest.py::PlasmaChargeBalanceReachabilityTest::test_unreachable_balance_ion_does_not_raise PASSED
test/rmgpy/solver/plasmaTest.py::PlasmaChargeBalanceReachabilityTest::test_reachability_warning_fires_at_most_once PASSED
test/rmgpy/solver/plasmaTest.py::PlasmaChargeBalanceReachabilityTest::test_charge_balance_species_label_survives_pickle PASSED
test/rmgpy/solver/plasmaWallTest.py::test_nu_wall_matches_closed_form_rederivation PASSED
test/rmgpy/solver/plasmaWallTest.py::test_nu_wall_geometry_scaling PASSED
test/rmgpy/solver/plasmaWallTest.py::test_wall_loss_is_first_order_in_electron_population PASSED
test/rmgpy/solver/plasmaWallTest.py::test_net_charge_flux_zero_on_neutral_nonzero_on_nonneutral PASSED
test/rmgpy/solver/plasmaWallTest.py::test_net_charge_drift_zero_under_full_residual PASSED
test/rmgpy/solver/plasmaWallTest.py::test_heavy_atom_recycling_conservation PASSED
test/rmgpy/solver/plasmaWallTest.py::test_wall_operator_residual_inert_and_jacobian_is_the_wall_linearization PASSED
test/rmgpy/solver/plasmaWallTest.py::test_below_threshold_decays_to_extinction_without_negative_amounts PASSED
test/rmgpy/solver/plasmaWallTest.py::test_analytic_jacobian_matches_finite_difference_scan[no wall at all (pre-existing equations)-kwargs0] PASSED
test/rmgpy/solver/plasmaWallTest.py::test_analytic_jacobian_matches_finite_difference_scan[wall, integrated electron-kwargs1] PASSED
test/rmgpy/solver/plasmaWallTest.py::test_analytic_jacobian_matches_finite_difference_scan[wall, quasineutral electron-kwargs2] PASSED
test/rmgpy/solver/plasmaWallTest.py::test_analytic_jacobian_matches_finite_difference_scan[wall + external source-kwargs3] PASSED
test/rmgpy/solver/plasmaWallTest.py::test_analytic_jacobian_matches_finite_difference_scan[gamma = 0.5 (partially pumping)-kwargs4] PASSED
test/rmgpy/solver/plasmaWallTest.py::test_jacobian_scan_negative_control_can_fail PASSED
test/rmgpy/solver/plasmaWallTest.py::test_ionisation_degree_ceiling_raises_naming_ionisation_degree PASSED
test/rmgpy/solver/plasmaWallTest.py::test_nonneutral_initial_state_raises_under_quasineutral_electron PASSED
test/rmgpy/solver/plasmaWallTest.py::test_diffusion_length_and_mobility_must_be_declared_together PASSED
test/rmgpy/solver/plasmaWallTest.py::test_wall_parameter_bounds_each_raise PASSED
test/rmgpy/solver/plasmaWallTest.py::test_quasineutral_electron_row_is_net_charge_with_no_dydt_dependence PASSED
test/rmgpy/solver/plasmaWallTest.py::test_charge_row_scale_is_positive_finite_and_leaves_the_solution_unchanged PASSED
test/rmgpy/solver/plasmaWallTest.py::test_jacobian_matches_residual_below_the_neutral_floor PASSED
test/rmgpy/solver/plasmaWallTest.py::test_jacobian_finite_when_neutrals_are_exhausted PASSED
test/rmgpy/solver/plasmaWallTest.py::test_round_trip_preserves_the_wall_by_value[pickle] PASSED
test/rmgpy/solver/plasmaWallTest.py::test_round_trip_preserves_the_wall_by_value[deepcopy] PASSED
test/rmgpy/solver/plasmaWallTest.py::test_round_trip_of_a_wall_less_reactor_stays_wall_less[pickle] PASSED
test/rmgpy/solver/plasmaWallTest.py::test_round_trip_of_a_wall_less_reactor_stays_wall_less[deepcopy] PASSED
test/rmgpy/solver/plasmaWallTest.py::test_reduce_enumerates_every_constructor_parameter PASSED
test/rmgpy/solver/plasmaWallTest.py::test_wall_requires_a_declaration_for_two_electronic_states PASSED
test/rmgpy/solver/plasmaWallTest.py::test_wall_ground_state_charge_and_particle_conservation_with_metastable PASSED
test/rmgpy/solver/plasmaWallTest.py::test_wall_refuses_two_neutral_states_by_multiplicity_not_thermo PASSED
test/rmgpy/solver/plasmaWallTest.py::test_wall_refuses_two_states_even_across_a_clear_energy_gap PASSED
test/rmgpy/solver/plasmaWallTest.py::test_wall_refuses_two_states_regardless_of_their_separation PASSED
test/rmgpy/solver/plasmaWallTest.py::test_wall_neutralization_products_declaration_resolves_ambiguity PASSED
test/rmgpy/solver/plasmaWallTest.py::test_wall_neutralization_products_missing_neutral_is_refused PASSED
test/rmgpy/solver/plasmaWallTest.py::test_check_wall_support_refuses_subfloor_inventory PASSED
test/rmgpy/solver/plasmaWallTest.py::test_check_wall_support_refuses_nonfinite_electron PASSED
test/rmgpy/solver/plasmaWallTest.py::test_wall_refuses_anion_in_core PASSED
test/rmgpy/solver/plasmaWallTest.py::test_direct_diffusion_length_dimension_is_checked PASSED
test/rmgpy/solver/plasmaWallTest.py::test_wall_does_not_transmute_a_molecular_ion_across_isomers PASSED
test/rmgpy/solver/plasmaWallTest.py::test_multi_state_deck_refuses_before_reading_enthalpy PASSED
test/rmgpy/solver/plasmaWallTest.py::test_wall_refuses_electron_without_a_cation PASSED
test/rmgpy/solver/plasmaWallTest.py::test_ceiling_uses_ion_inventory_not_electron_alone PASSED
test/rmgpy/solver/plasmaWallTest.py::test_declared_source_is_delivered_in_full_in_a_mixture PASSED
test/rmgpy/solver/plasmaWallTest.py::test_direct_construction_checks_diffusion_length_dimension PASSED
test/rmgpy/solver/plasmaWallTest.py::test_direct_construction_checks_mobility_dimension PASSED
test/rmgpy/solver/plasmaWallTest.py::test_wall_diagnostics_latched_only_at_accepted_states PASSED
test/rmgpy/solver/plasmaWallTest.py::test_wall_energy_interface_declares_ion_term_absent_not_broken PASSED
test/rmgpy/solver/plasmaWallTest.py::test_saved_input_preserves_wall_neutralization_products PASSED
test/rmgpy/solver/plasmaWallTest.py::test_source_apportionment_jacobian_matches_fd_in_a_mixture PASSED
test/rmgpy/solver/plasmaWallTest.py::test_step_publishes_diagnostics_on_the_production_path PASSED
test/rmgpy/solver/plasmaWallTest.py::test_wall_refuses_two_excited_states_with_no_ground PASSED
test/rmgpy/solver/plasmaWallTest.py::test_skeleton_key_merges_tautomers_which_forces_the_declaration PASSED
test/rmgpy/solver/plasmaWallTest.py::test_wall_refuses_electrons_without_commensurate_ion_inventory PASSED
test/rmgpy/solver/plasmaWallTest.py::test_declared_source_refused_when_no_ionisable_inventory_remains PASSED
test/rmgpy/solver/plasmaWallTest.py::test_check_wall_support_refuses_an_individual_negative_neutral PASSED
test/rmgpy/solver/plasmaWallTest.py::test_direct_construction_checks_mobility_reference_density_dimension PASSED
test/rmgpy/solver/plasmaWallTest.py::test_direct_construction_checks_ionisation_source_dimension PASSED
test/rmgpy/solver/plasmaWallTest.py::test_wall_only_options_without_a_wall_are_refused PASSED
test/rmgpy/solver/plasmaWallTest.py::test_wall_neutralization_products_unknown_ion_key_is_refused PASSED
test/rmgpy/solver/plasmaWallTest.py::test_nonfinite_recycle_thermo_leaves_energy_unavailable PASSED
test/rmgpy/solver/plasmaWallTest.py::test_wall_only_deck_integrates_past_t0_on_the_production_path PASSED
test/rmgpy/solver/plasmaWallTest.py::test_genuinely_inert_deck_still_terminates_at_t0_unchanged PASSED
test/rmgpy/solver/plasmaWallTest.py::test_adapter_does_not_launder_a_source_channels_nonfinite_reading_to_absence PASSED
test/rmgpy/solver/plasmaWallTest.py::test_wallless_control_reaches_steady_state_without_a_hook PASSED
test/rmgpy/solver/plasmaWallTest.py::test_wallless_subclass_nonfinite_legacy_hook_poisons_through_simulate[inf] PASSED
test/rmgpy/solver/plasmaWallTest.py::test_wallless_subclass_nonfinite_legacy_hook_poisons_through_simulate[nan] PASSED
test/rmgpy/solver/plasmaWallTest.py::test_wallless_subclass_nonfinite_legacy_hook_poisons_through_simulate[-inf] PASSED
test/rmgpy/solver/plasmaWallTest.py::test_wallless_subclass_finite_legacy_hook_is_honoured_through_simulate PASSED
test/rmgpy/solver/plasmaWallTest.py::test_channel_hook_nonfinite_poisons_through_simulate[inf] PASSED
test/rmgpy/solver/plasmaWallTest.py::test_channel_hook_nonfinite_poisons_through_simulate[nan] PASSED
test/rmgpy/solver/plasmaWallTest.py::test_channel_hook_nonfinite_poisons_through_simulate[-inf] PASSED
test/rmgpy/solver/plasmaWallTest.py::test_channel_hook_none_is_absence_through_simulate PASSED
test/rmgpy/solver/plasmaWallTest.py::test_channel_hook_default_declares_absence_for_an_ordinary_and_a_sourceless_plasma PASSED
test/rmgpy/solver/plasmaWallTest.py::test_skeleton_key_keeps_isotopes_so_the_wall_cannot_transmute_nuclei PASSED
test/rmgpy/solver/plasmaWallTest.py::test_declared_isotopic_neutral_is_not_hidden_by_key_truncation PASSED
test/rmgpy/solver/plasmaWallTest.py::test_quasineutrality_bound_is_relative_not_an_absolute_mole_floor PASSED
test/rmgpy/solver/plasmaWallTest.py::test_initial_quasineutrality_bound_is_relative_under_algebraic_electron PASSED
test/rmgpy/solver/plasmaWallTest.py::test_neutralisation_energy_is_owed_per_ion_lost_not_scaled_by_recycling PASSED
test/rmgpy/solver/plasmaWallTest.py::test_duplicate_neutral_label_in_declaration_is_refused PASSED
test/rmgpy/solver/plasmaWallTest.py::test_quasineutral_electron_flag_parses_boolean_strings_strictly PASSED
test/rmgpy/solver/plasmaWallTest.py::test_external_source_ignites_a_zero_electron_deck_through_simulate PASSED
test/rmgpy/solver/plasmaWallTest.py::test_zero_electron_deck_without_a_source_is_still_refused PASSED
test/rmgpy/solver/plasmaWallTest.py::test_neutral_floor_is_a_density_not_a_history_dependent_mole_count PASSED
test/rmgpy/solver/plasmaWallTest.py::test_non_finite_wall_flux_is_not_reported_available PASSED
test/rmgpy/solver/plasmaWallTest.py::test_sub_underflow_diffusion_length_is_refused_by_name PASSED
test/rmgpy/solver/plasmaWallTest.py::test_coerce_bool_flag_refuses_uninterpretable_values PASSED
test/rmgpy/solver/plasmaWallTest.py::test_wall_only_run_does_not_divide_by_zero_chemistry_rate PASSED
test/rmgpy/solver/plasmaWallTest.py::test_neutral_density_floor_is_independent_of_initial_inventory PASSED
test/rmgpy/solver/plasmaWallTest.py::test_external_source_ignites_a_zero_electron_deck_in_quasineutral_mode PASSED
test/rmgpy/solver/plasmaWallTest.py::test_saturating_discharge_reports_a_steady_state_and_a_dead_one_does_not PASSED
test/rmgpy/solver/plasmaWallTest.py::test_finite_wall_inputs_that_make_nu_wall_infinite_are_refused_at_construction PASSED
test/rmgpy/solver/plasmaWallTest.py::test_neutral_mixture_is_refused_unless_the_single_bath_approximation_is_opted_into PASSED
test/rmgpy/solver/plasmaWallTest.py::test_density_floor_is_invariant_under_mobility_reparameterisation PASSED
test/rmgpy/solver/plasmaWallTest.py::test_small_but_nonzero_source_flux_is_not_lost_to_a_squaring_underflow PASSED
test/rmgpy/solver/plasmaWallTest.py::test_a_saturated_electron_does_not_vouch_for_a_still_drifting_neutral PASSED
test/rmgpy/solver/plasmaWallTest.py::test_a_stationary_composition_over_a_shrinking_inventory_terminates PASSED
test/rmgpy/solver/plasmaWallTest.py::test_the_wall_guard_evaluates_the_runtime_expression_not_a_reference_proxy PASSED
test/rmgpy/solver/plasmaWallTest.py::test_multi_gas_bath_records_an_availability_state_not_just_a_warning PASSED
test/rmgpy/solver/plasmaWallTest.py::test_a_subnormal_source_that_injects_nothing_is_refused PASSED
test/rmgpy/solver/plasmaWallTest.py::test_the_source_guard_evaluates_the_runtime_expression_at_the_actual_volume PASSED
test/rmgpy/solver/plasmaWallTest.py::test_wall_relaxation_time_is_one_over_nu_wall_and_absent_without_a_wall PASSED
test/rmgpy/solver/plasmaWallTest.py::test_all_four_steady_state_verdicts_hold_together_in_one_build PASSED
test/rmgpy/solver/plasmaWallTest.py::test_wall_single_bath_approximation_is_coerced_by_value_not_truthiness PASSED
test/rmgpy/solver/plasmaWallTest.py::test_coerce_bool_flag_accept_reject_set_is_enumerated_and_the_refusal_reaches_the_user PASSED
test/rmgpy/solver/plasmaWallTest.py::test_the_ionisation_source_is_validated_at_the_evolved_volume_not_only_the_initial_one PASSED
test/rmgpy/solver/plasmaWallTest.py::test_every_solver_test_asserts_a_property PASSED
test/rmgpy/solver/plasmaWallTest.py::test_the_census_rejects_a_tagged_docstring_with_no_assertion PASSED
test/rmgpy/solver/plasmaWallTest.py::test_a_subnormal_electron_fraction_does_not_make_the_external_residual_infinite PASSED
test/rmgpy/solver/plasmaWallTest.py::test_no_enlargement_ratio_divides_by_char_rate_outside_the_abstaining_helper PASSED
test/rmgpy/solver/plasmaWallTest.py::test_zero_core_flux_with_wall_loss_abstains_on_ratio_but_keeps_an_absolute_criterion PASSED
test/rmgpy/solver/plasmaWallTest.py::test_neutral_wall_frequency_matches_hand_arithmetic PASSED
test/rmgpy/solver/plasmaWallTest.py::test_neutral_wall_frequency_scales_inversely_with_pressure PASSED
test/rmgpy/solver/plasmaWallTest.py::test_neutral_wall_dn_form_equals_dp_form PASSED
test/rmgpy/solver/plasmaWallTest.py::test_neutral_wall_residual_moves_metastable_to_ground_only PASSED
test/rmgpy/solver/plasmaWallTest.py::test_neutral_wall_loss_conserves_heavy_particles PASSED
test/rmgpy/solver/plasmaWallTest.py::test_undeclared_metastable_has_no_neutral_wall_loss PASSED
test/rmgpy/solver/plasmaWallTest.py::test_neutral_wall_jacobian_matches_finite_difference PASSED
test/rmgpy/solver/plasmaWallTest.py::test_neutral_wall_jacobian_scan_can_fail PASSED
test/rmgpy/solver/plasmaWallTest.py::test_neutral_wall_declaration_survives_pickle_and_deepcopy PASSED
test/rmgpy/solver/plasmaWallTest.py::test_neutral_wall_refuses_nonfinite_or_nonpositive_diffusivity[nan] PASSED
test/rmgpy/solver/plasmaWallTest.py::test_neutral_wall_refuses_nonfinite_or_nonpositive_diffusivity[inf] PASSED
test/rmgpy/solver/plasmaWallTest.py::test_neutral_wall_refuses_nonfinite_or_nonpositive_diffusivity[-inf] PASSED
test/rmgpy/solver/plasmaWallTest.py::test_neutral_wall_refuses_nonfinite_or_nonpositive_diffusivity[0.0] PASSED
test/rmgpy/solver/plasmaWallTest.py::test_neutral_wall_refuses_nonfinite_or_nonpositive_diffusivity[-1.0] PASSED
test/rmgpy/solver/plasmaWallTest.py::test_neutral_wall_refuses_nonfinite_or_nonpositive_diffusivity[5e-324] PASSED
test/rmgpy/solver/plasmaWallTest.py::test_neutral_wall_refuses_nonfinite_or_nonpositive_diffusivity[1e+308] PASSED
test/rmgpy/solver/plasmaWallTest.py::test_neutral_wall_refuses_malformed_declaration[wrong dimension-declaration0-dimension] PASSED
test/rmgpy/solver/plasmaWallTest.py::test_neutral_wall_refuses_malformed_declaration[not a dict-declaration1-dict] PASSED
test/rmgpy/solver/plasmaWallTest.py::test_neutral_wall_refuses_malformed_declaration[entry missing diffusivity-declaration2-diffusivity] PASSED
test/rmgpy/solver/plasmaWallTest.py::test_neutral_wall_refuses_malformed_declaration[entry missing product-declaration3-product] PASSED
test/rmgpy/solver/plasmaWallTest.py::test_neutral_wall_refuses_malformed_declaration[unknown entry key-declaration4-gamma] PASSED
test/rmgpy/solver/plasmaWallTest.py::test_neutral_wall_refuses_malformed_declaration[charged species declared-declaration5-neutral] PASSED
test/rmgpy/solver/plasmaWallTest.py::test_neutral_wall_refuses_malformed_declaration[product is the source-declaration6-itself] PASSED
test/rmgpy/solver/plasmaWallTest.py::test_neutral_wall_refuses_malformed_declaration[product not in core-declaration7-Xe] PASSED
test/rmgpy/solver/plasmaWallTest.py::test_neutral_wall_refuses_malformed_declaration[product charged-declaration8-neutral] PASSED
test/rmgpy/solver/plasmaWallTest.py::test_neutral_wall_refuses_element_changing_product PASSED
test/rmgpy/solver/plasmaWallTest.py::test_neutral_wall_refuses_declaration_without_a_wall PASSED
test/rmgpy/solver/plasmaWallTest.py::test_seeded_metastable_decays_exponentially_on_the_wall PASSED
test/rmgpy/solver/plasmaWallTest.py::test_neutral_wall_refuses_isotope_transmuting_product PASSED
test/rmgpy/solver/plasmaWallTest.py::test_neutral_wall_refuses_a_declaration_that_is_not_strictly_downhill[ground declared to pump up to the metastable-kwargs0-not strictly higher] PASSED
test/rmgpy/solver/plasmaWallTest.py::test_neutral_wall_refuses_a_declaration_that_is_not_strictly_downhill[degenerate source and product-kwargs1-not strictly higher] PASSED
test/rmgpy/solver/plasmaWallTest.py::test_neutral_wall_refuses_a_declaration_that_is_not_strictly_downhill[source thermo absent-kwargs2-thermo] PASSED
test/rmgpy/solver/plasmaWallTest.py::test_neutral_wall_refuses_a_declaration_that_is_not_strictly_downhill[product thermo absent-kwargs3-thermo] PASSED
test/rmgpy/solver/plasmaWallTest.py::test_neutral_wall_refuses_a_cyclic_declaration_at_construction PASSED
test/rmgpy/solver/plasmaWallTest.py::test_neutral_wall_declared_label_absent_from_core_warns_once PASSED
test/rmgpy/solver/plasmaWallTest.py::test_neutral_wall_frequency_at_the_deck_value_47_torr_cm2_per_s PASSED
test/rmgpy/solver/reverseReconstructionGuardTest.py::ReverseReconstructionPredicateTest::test_metadata_electron_is_refused PASSED
test/rmgpy/solver/reverseReconstructionGuardTest.py::ReverseReconstructionPredicateTest::test_explicit_electron_is_refused PASSED
test/rmgpy/solver/reverseReconstructionGuardTest.py::ReverseReconstructionPredicateTest::test_thermal_reaction_is_permitted PASSED
test/rmgpy/solver/reverseReconstructionGuardTest.py::ReverseReconstructionPredicateTest::test_irreversible_declaration_is_not_the_guard_s_business PASSED
test/rmgpy/solver/reverseReconstructionGuardTest.py::ReverseReconstructionPredicateTest::test_charge_transfer_kinetics_with_a_potential_reference_is_permitted PASSED
test/rmgpy/solver/reverseReconstructionGuardTest.py::ReverseReconstructionPredicateTest::test_electron_temperature_kinetics_is_refused PASSED
test/rmgpy/solver/reverseReconstructionGuardTest.py::ReverseReconstructionGuardInReactorsTest::test_simple_reactor_refuses PASSED
test/rmgpy/solver/reverseReconstructionGuardTest.py::ReverseReconstructionGuardInReactorsTest::test_liquid_reactor_refuses PASSED
test/rmgpy/solver/reverseReconstructionGuardTest.py::ReverseReconstructionGuardInReactorsTest::test_mb_sampled_reactor_refuses PASSED
test/rmgpy/solver/reverseReconstructionGuardTest.py::ReverseReconstructionGuardInReactorsTest::test_surface_reactor_refuses PASSED
test/rmgpy/solver/reverseReconstructionGuardTest.py::ReverseReconstructionGuardInReactorsTest::test_thermal_control_is_bit_identical PASSED
test/rmgpy/solver/reverseReconstructionGuardTest.py::ReverseReconstructionGuardInReactorsTest::test_irreversible_cation_reaction_still_integrates PASSED
test/rmgpy/solver/simpleTest.py::SimpleReactorTest::test_solve PASSED
test/rmgpy/solver/simpleTest.py::SimpleReactorTest::test_collider_model PASSED
test/rmgpy/solver/simpleTest.py::SimpleReactorTest::test_specific_collider_model PASSED
test/rmgpy/solver/simpleTest.py::SimpleReactorTest::test_get_const_spc_indices PASSED
test/rmgpy/solver/simpleTest.py::SimpleReactorTest::test_sensitivity_header_places_electron_for_charged_reaction PASSED
test/rmgpy/solver/solverBaseTest.py::ReactionSystemTest::test_surface_initialization PASSED
test/rmgpy/solver/solverBaseTest.py::ReactionSystemTest::test_surface_layering_constraint PASSED
test/rmgpy/solver/solverBaseTest.py::ReactionSystemTest::test_add_reactions_to_surface PASSED
test/rmgpy/solver/solverBaseTest.py::ReactionSystemTest::test_attach_detach PASSED
test/rmgpy/solver/solverBaseTest.py::ReactionSystemTest::test_listen PASSED
test/rmgpy/solver/solverBaseTest.py::ReactionSystemTest::test_pickle PASSED
test/rmgpy/solver/solverSurfaceTest.py::SurfaceReactorTest::test_solve_h2 PASSED
test/rmgpy/solver/solverSurfaceTest.py::SurfaceReactorTest::test_solve_ch3 Surface site density: 2.72e-05
rxn1 rate coefficient 975571.289042688
time:  [0.0]
moles: [array([1.00000000e+00, 1.80922911e-06, 0.00000000e+00])]
reaction rates: [array([398.93602176])]
species rates: [array([-398.93602176, -398.93602176,  398.93602176])]
PASSED
test/rmgpy/solver/solverSurfaceTest.py::SurfaceReactorTest::test_solve_h2_coverage_dependence Simulation took 9.256e-02 seconds
PASSED
test/rmgpy/solver/solverSurfaceTest.py::SurfaceReactorTest::test_solve_ch3_coverage_dependence Surface site density: 2.72e-05
rxn1 rate coefficient 975571.289042688
time:  [0.0]
moles: [array([1.00000000e+00, 1.80922911e-06, 0.00000000e+00])]
reaction rates: [array([398.93602176])]
species rates: [array([-398.93602176, -398.93602176,  398.93602176])]
Simulation took 1.511e-02 seconds
Simulation took 2.809e-02 seconds
PASSED
test/rmgpy/solver/solverSurfaceTest.py::SurfaceReactorTest::test_solve_h2_thermo_coverage_dependence Simulation took 3.666e-02 seconds
PASSED
test/rmgpy/solver/solverSurfaceTest.py::SurfaceReactorTest::test_solve_ch3_thermo_coverage_dependence Surface site density: 2.72e-05
rxn1 rate coefficient 975571.289042688
time:  [0.0]
moles: [array([1.00000000e+00, 1.80922911e-06, 0.00000000e+00])]
reaction rates: [array([398.93602176])]
species rates: [array([-398.93602176, -398.93602176,  398.93602176])]
Simulation took 3.332e-01 seconds
Simulation took 3.463e-01 seconds
PASSED
test/rmgpy/solver/solverSurfaceTest.py::SurfaceReactorTest::test_jacobian_with_finite_differences PASSED
test/rmgpy/solver/solverSurfaceTest.py::SurfaceReactorTest::test_jacobian_with_thermo_coverage_dependence PASSED
test/rmgpy/solver/solverSurfaceTest.py::SurfaceReactorTest::test_jacobian_with_kinetic_coverage_dependence PASSED
test/rmgpy/solver/steadyStateTest.py::TerminationSteadyStateResidualTest::test_flat_step_has_zero_residual PASSED
test/rmgpy/solver/steadyStateTest.py::TerminationSteadyStateResidualTest::test_residual_is_the_log_log_slope PASSED
test/rmgpy/solver/steadyStateTest.py::TerminationSteadyStateResidualTest::test_residual_is_taken_on_mole_fractions_not_moles PASSED
test/rmgpy/solver/steadyStateTest.py::TerminationSteadyStateResidualTest::test_first_step_is_not_evaluable PASSED
test/rmgpy/solver/steadyStateTest.py::TerminationSteadyStateResidualTest::test_species_appearing_is_infinitely_far_from_steady PASSED
test/rmgpy/solver/steadyStateTest.py::TerminationSteadyStateResidualTest::test_species_below_the_floor_are_ignored PASSED
test/rmgpy/solver/steadyStateTest.py::TerminationSteadyStateResidualTest::test_a_large_negative_population_poisons_the_residual PASSED
test/rmgpy/solver/steadyStateTest.py::TerminationSteadyStateResidualTest::test_a_negative_below_the_floor_is_still_treated_as_noise PASSED
test/rmgpy/solver/steadyStateTest.py::TerminationSteadyStateResidualTest::test_no_live_species_is_not_evaluable PASSED
test/rmgpy/solver/steadyStateTest.py::TerminationSteadyStateLatchTest::test_early_quiescence_does_not_fire_the_criterion PASSED
test/rmgpy/solver/steadyStateTest.py::TerminationSteadyStateLatchTest::test_criterion_fires_once_armed_and_flat PASSED
test/rmgpy/solver/steadyStateTest.py::TerminationSteadyStateLatchTest::test_two_flat_samples_are_the_minimum_and_not_sufficient PASSED
test/rmgpy/solver/steadyStateTest.py::TerminationSteadyStateLatchTest::test_a_single_moving_step_resets_the_window PASSED
test/rmgpy/solver/steadyStateTest.py::TerminationSteadyStateLatchTest::test_never_converges_never_fires_and_keeps_its_residual PASSED
test/rmgpy/solver/steadyStateTest.py::TerminationSteadyStateLatchTest::test_the_measured_argon_trajectory_never_fires PASSED
test/rmgpy/solver/steadyStateTest.py::TerminationSteadyStateLatchTest::test_persistence_is_physical_time_not_a_bare_step_count PASSED
test/rmgpy/solver/steadyStateTest.py::TerminationSteadyStateLatchTest::test_persistence_anchors_to_the_relaxation_time_when_supplied PASSED
test/rmgpy/solver/steadyStateTest.py::TerminationSteadyStateLatchTest::test_the_verdict_is_independent_of_when_the_flat_window_opens PASSED
test/rmgpy/solver/steadyStateTest.py::TerminationSteadyStateLatchTest::test_the_same_physics_gives_the_same_verdict_under_coarse_and_fine_stepping PASSED
test/rmgpy/solver/steadyStateTest.py::TerminationSteadyStateLatchTest::test_the_external_arm_does_not_vouch_for_a_generic_channel_still_rising PASSED
test/rmgpy/solver/steadyStateTest.py::TerminationSteadyStateLatchTest::test_the_external_arm_is_not_a_permanent_latch PASSED
test/rmgpy/solver/steadyStateTest.py::TerminationSteadyStateLatchTest::test_a_species_rising_under_the_aggregate_maximum_still_blocks_the_arm PASSED
test/rmgpy/solver/steadyStateTest.py::TerminationSteadyStateLatchTest::test_the_window_parameter_is_honoured_as_the_minimum_sample_span PASSED
test/rmgpy/solver/steadyStateTest.py::TerminationSteadyStateLatchTest::test_a_species_appearing_while_the_external_channel_is_flat_does_not_return_steady PASSED
test/rmgpy/solver/steadyStateTest.py::TerminationSteadyStateLatchTest::test_nan_and_inf_steps_treat_the_departing_counters_differently PASSED
test/rmgpy/solver/steadyStateTest.py::TerminationSteadyStateLatchTest::test_raising_window_makes_the_criterion_no_less_conservative_in_both_roles PASSED
test/rmgpy/solver/steadyStateTest.py::TerminationSteadyStateLatchTest::test_departing_counters_are_keyed_by_index_and_cleared_between_runs PASSED
test/rmgpy/solver/steadyStateTest.py::TerminationSteadyStateLatchTest::test_reset_clears_the_latch PASSED
test/rmgpy/solver/steadyStateTest.py::TerminationSteadyStateLatchTest::test_rejects_nonsense_configuration PASSED
test/rmgpy/solver/steadyStateTest.py::SteadyStateTerminationInSolverTest::test_relaxing_system_terminates_on_steady_state PASSED
test/rmgpy/solver/steadyStateTest.py::SteadyStateTerminationInSolverTest::test_never_converges_terminates_on_the_backstop_without_claiming_success PASSED
test/rmgpy/solver/steadyStateTest.py::SteadyStateTerminationInSolverTest::test_no_flux_system_terminates_but_demonstrates_no_steady_state PASSED
test/rmgpy/solver/steadyStateTest.py::SteadyStateTerminationInSolverTest::test_absent_criterion_leaves_the_reactor_untouched PASSED
test/rmgpy/solver/steadyStateTest.py::SteadyStateTerminationInSolverTest::test_latch_does_not_leak_between_simulations PASSED
test/rmgpy/solver/steadyStateTest.py::SteadyStateTerminationInSolverTest::test_inert_core_with_nonempty_edge_reports_no_steady_state_instead_of_promoting PASSED
test/rmgpy/solver/steadyStateTest.py::test_an_unusable_external_residual_cannot_authorise_termination PASSED
test/rmgpy/solver/steadyStateTest.py::test_a_nonfinite_external_residual_poisons_even_an_armed_generic_channel PASSED
test/rmgpy/solver/steadyStateTest.py::test_a_nan_external_residual_from_an_armed_channel_cannot_authorise_termination PASSED
test/rmgpy/solver/steadyStateTest.py::test_update_returns_a_python_bool_on_the_relaxation_time_fallback PASSED
test/rmgpy/solver/steadyStateTest.py::test_rate_ratio_criterion_evaluates_only_for_a_finite_positive_denominator PASSED
test/rmgpy/solver/steadyStateTest.py::test_a_zero_core_flux_reactor_does_not_promote_by_dimensional_comparison PASSED
test/rmgpy/solver/steadyStateTest.py::test_a_reversible_surface_reaction_at_equal_flux_does_not_divide_by_zero PASSED
test/rmgpy/solver/steadyStateTest.py::test_a_surface_species_is_promoted_when_the_characteristic_rate_is_positive PASSED
test/rmgpy/solver/steadyStateTest.py::test_steady_state_report_names_the_criterion_that_fired PASSED
test/rmgpy/solver/steadyStateTest.py::test_an_armed_false_nan_external_residual_cannot_authorise_termination PASSED
test/rmgpy/solver/steadyStateTest.py::test_a_nonfinite_per_species_slope_poisons_the_step_instead_of_dropping_it PASSED
test/rmgpy/solver/steadyStateTest.py::test_rate_ratios_refuse_a_nonfinite_ratio_over_a_finite_denominator PASSED
test/rmgpy/solver/zeroFluxPromotionTest.py::ZeroFluxPromotionTest::test_no_promotion_when_the_whole_system_is_inert PASSED
test/rmgpy/solver/zeroFluxPromotionTest.py::ZeroFluxPromotionTest::test_promotion_still_picks_the_fastest_species_when_the_edge_has_flux PASSED
test/rmgpy/solver/zeroFluxPromotionTest.py::ZeroFluxPromotionTest::test_no_promotion_when_the_only_edge_flux_is_subnormal_dust PASSED
test/rmgpy/solver/zeroFluxPromotionTest.py::ZeroFluxPromotionTest::test_no_promotion_when_core_char_rate_is_normal_magnitude_dust PASSED
test/rmgpy/solver/zeroFluxPromotionTest.py::ZeroFluxPromotionTest::test_a_nan_edge_rate_is_not_selected_as_the_largest_and_promoted PASSED
test/rmgpy/solver/zeroFluxPromotionTest.py::ZeroFluxPromotionTest::test_a_nan_core_rate_does_not_slip_past_the_char_rate_gate PASSED

=============================== warnings summary ===============================
test/rmgpy/solver/steadyStateTest.py::test_a_nonfinite_per_species_slope_poisons_the_step_instead_of_dropping_it
  /home/alon/Code/RMG-Py-i221-saturation-fix/rmgpy/solver/termination.py:504: RuntimeWarning: divide by zero encountered in log
    slope = np.abs(np.log(x_now) - np.log(x_prev)) / dlnt

test/rmgpy/solver/steadyStateTest.py::test_a_nonfinite_per_species_slope_poisons_the_step_instead_of_dropping_it
  /home/alon/Code/RMG-Py-i221-saturation-fix/rmgpy/solver/termination.py:504: RuntimeWarning: invalid value encountered in subtract
    slope = np.abs(np.log(x_now) - np.log(x_prev)) / dlnt

-- Docs: https://docs.pytest.org/en/stable/how-to/capture-warnings.html
========== 426 passed, 2 skipped, 21 deselected, 2 warnings in 52.91s ==========
