============================= test session starts ==============================
platform linux -- Python 3.9.23, pytest-8.4.1, pluggy-1.6.0 -- /home/alon/anaconda3/envs/rmg_env/bin/python
rootdir: /home/alon/Code/RMG-Py-i221-saturation-fix
configfile: pytest.ini
plugins: check-2.5.3, cov-6.2.1, anyio-4.10.0
collecting ... collected 559 items / 36 deselected / 523 selected

test/rmgpy/data/kinetics/electronPropagationTest.py::TestMolecularityCountsElectrons::test_electrons_zero_is_unchanged PASSED
test/rmgpy/data/kinetics/electronPropagationTest.py::TestMolecularityCountsElectrons::test_consumed_electron_counts_as_a_reactant PASSED
test/rmgpy/data/kinetics/electronPropagationTest.py::TestMolecularityCountsElectrons::test_consumed_electrons_count_one_each PASSED
test/rmgpy/data/kinetics/electronPropagationTest.py::TestMolecularityCountsElectrons::test_consumed_electron_adds_to_a_bimolecular_reaction PASSED
test/rmgpy/data/kinetics/electronPropagationTest.py::TestMolecularityCountsElectrons::test_released_electron_does_not_count PASSED
test/rmgpy/data/kinetics/electronPropagationTest.py::TestMolecularityCountsElectrons::test_missing_attribute_falls_back_to_the_reactant_count PASSED
test/rmgpy/data/kinetics/electronPropagationTest.py::TestFamilyPropagatesElectronsToItsTrainingDepository::test_family_declaration_is_read PASSED
test/rmgpy/data/kinetics/electronPropagationTest.py::TestFamilyPropagatesElectronsToItsTrainingDepository::test_declared_electrons_reach_the_loaded_training_reactions PASSED
test/rmgpy/data/kinetics/electronPropagationTest.py::TestFamilyPropagatesElectronsToItsTrainingDepository::test_training_reactions_of_an_ordinary_family_are_unchanged PASSED
test/rmgpy/data/kinetics/electronPropagationTest.py::TestFamilyPropagatesElectronsToItsTrainingDepository::test_loaded_training_reactions_have_the_physical_molecularity PASSED
test/rmgpy/data/kinetics/electronPropagationTest.py::TestFamilyPropagatesElectronsToItsTrainingDepository::test_data_borne_count_still_beats_the_family_declaration PASSED
test/rmgpy/data/kinetics/electronPropagationTest.py::TestFamilyPropagatesElectronsToItsTrainingDepository::test_depository_carries_the_count_handed_down_by_its_family PASSED
test/rmgpy/data/kinetics/electronPropagationTest.py::TestReverseTrainingReactionNegatesElectronCount::test_flipped_reverse_training_reaction_negates_electrons PASSED
test/rmgpy/data/kinetics/electronPropagationTest.py::TestCreateReactionStoresFamilyForwardOrientation::test_forward_generation_is_family_forward_and_keeps_the_sign PASSED
test/rmgpy/data/kinetics/electronPropagationTest.py::TestCreateReactionStoresFamilyForwardOrientation::test_reverse_generation_is_also_family_forward_and_keeps_the_sign PASSED
test/rmgpy/data/kinetics/electronPropagationTest.py::TestDepositoryDataBorneElectronPrecedence::test_data_borne_count_wins_for_every_charge_transfer_class PASSED
test/rmgpy/data/kinetics/familyTest.py::TestFamily::test_get_backbone_roots PASSED
test/rmgpy/data/kinetics/familyTest.py::TestFamily::test_get_end_roots PASSED
test/rmgpy/data/kinetics/familyTest.py::TestFamily::test_get_top_level_groups PASSED
test/rmgpy/data/kinetics/familyTest.py::TestFamily::test_react_benzene_bond PASSED
test/rmgpy/data/kinetics/familyTest.py::TestFamily::test_react_benzene_bond2 PASSED
test/rmgpy/data/kinetics/familyTest.py::TestFamily::test_intra__h_migration PASSED
test/rmgpy/data/kinetics/familyTest.py::TestFamily::test_surface_dissociation_charge_separation PASSED
test/rmgpy/data/kinetics/familyTest.py::TestFamily::test_h_abstraction PASSED
test/rmgpy/data/kinetics/familyTest.py::TestFamily::test_intra_ene_reaction PASSED
test/rmgpy/data/kinetics/familyTest.py::TestFamily::test_6_membered_central_cc_shift PASSED
test/rmgpy/data/kinetics/familyTest.py::TestFamily::test_12_shift_c PASSED
test/rmgpy/data/kinetics/familyTest.py::TestFamily::test_intra_r_add_exo_scission PASSED
test/rmgpy/data/kinetics/familyTest.py::TestFamily::test_intra_substitution_s_isomerization PASSED
test/rmgpy/data/kinetics/familyTest.py::TestFamily::test_r_addition_com PASSED
test/rmgpy/data/kinetics/familyTest.py::TestFamily::test_save_family SKIPPED
test/rmgpy/data/kinetics/familyTest.py::TestFamily::test_surface_proton_electron_reduction_alpha PASSED
test/rmgpy/data/kinetics/familyTest.py::TestFamily::test_reactant_num_id PASSED
test/rmgpy/data/kinetics/familyTest.py::TestTreeGeneration::test_a_clear_tree PASSED
test/rmgpy/data/kinetics/familyTest.py::TestTreeGeneration::test_b_generate_tree PASSED
test/rmgpy/data/kinetics/familyTest.py::TestTreeGeneration::test_c_parent_child PASSED
test/rmgpy/data/kinetics/familyTest.py::TestTreeGeneration::test_f_rules PASSED
test/rmgpy/data/kinetics/familyTest.py::TestTreeGeneration::test_d_regularization_dims PASSED
test/rmgpy/data/kinetics/familyTest.py::TestTreeGeneration::test_e_regularization_structure PASSED
test/rmgpy/data/kinetics/familyTest.py::TestGenerateReactions::test_debug_forbidden_reverse_rxn PASSED
test/rmgpy/data/kinetics/familyTest.py::TestGenerateReactions::test_molecule_forbidden PASSED
test/rmgpy/data/kinetics/familyTest.py::TestGenerateReactions::test_add_atom_labels_for_reaction PASSED
test/rmgpy/data/kinetics/familyTest.py::TestGenerateReactions::test_add_atom_labels_for_reaction_r_recombination PASSED
test/rmgpy/data/kinetics/familyTest.py::TestGenerateReactions::test_irreversible_reaction PASSED
test/rmgpy/data/kinetics/familyTest.py::TestGenerateReactions::test_net_charge_of_products PASSED
test/rmgpy/data/kinetics/familyTest.py::TestGenerateReactions::test_reactant_num_mismatch PASSED
test/rmgpy/data/kinetics/familyTest.py::TestGenerateReactions::test_match_reactant_to_template_surface_site PASSED
test/rmgpy/data/kinetics/familyTest.py::TestGenerateReactions::test_reactant_num_mismatch_2 PASSED
test/rmgpy/data/kinetics/familyTest.py::TestGenerateReactions::test_apply_recipe_multiplicity_check PASSED
test/rmgpy/data/kinetics/familyTest.py::TestGenerateReactions::test_retaining_atom_labels_in_template_reaction PASSED
test/rmgpy/data/kinetics/familyTest.py::TestGenerateReactions::test_average_kinetics PASSED
test/rmgpy/data/kinetics/familyTest.py::TestGenerateReactions::test_average_kinetics_accepts_1_per_s_units PASSED
test/rmgpy/data/kinetics/familyTest.py::TestGenerateReactions::test_average_kinetics_requires_matching_electrons PASSED
test/rmgpy/data/kinetics/familyTest.py::TestGenerateReactions::test_rules_average_kinetics_accepts_1_per_s_units PASSED
test/rmgpy/data/kinetics/familyTest.py::TestGenerateReactions::test_rules_average_kinetics_requires_matching_electrons_and_v0 PASSED
test/rmgpy/data/kinetics/kineticsTest.py::TestKineticsDatabase::test_load_families_incorrect PASSED
test/rmgpy/data/kinetics/kineticsTest.py::TestKineticsDatabase::test_load_families_correct PASSED
test/rmgpy/data/kinetics/kineticsTest.py::TestReactionDegeneracy::test_r_addition_multiple_bond_benzene PASSED
test/rmgpy/data/kinetics/kineticsTest.py::TestReactionDegeneracy::test_r_addition_multiple_bond_methyl_naphthalene PASSED
test/rmgpy/data/kinetics/kineticsTest.py::TestReactionDegeneracy::test_r_recombination_phenyl PASSED
test/rmgpy/data/kinetics/kineticsTest.py::TestReactionDegeneracy::test_r_recombination_h PASSED
test/rmgpy/data/kinetics/kineticsTest.py::TestReactionDegeneracy::test_degeneracy_for_methyl_methyl_recombination PASSED
test/rmgpy/data/kinetics/kineticsTest.py::TestReactionDegeneracy::test_degeneracy_for_methyl_labeled_methyl_recombination PASSED
test/rmgpy/data/kinetics/kineticsTest.py::TestReactionDegeneracy::test_degeneracy_for_ethyl_ethyl_disproportionation PASSED
test/rmgpy/data/kinetics/kineticsTest.py::TestReactionDegeneracy::test_degeneracy_for_ethyl_labeled_ethyl_disproportionation PASSED
test/rmgpy/data/kinetics/kineticsTest.py::TestReactionDegeneracy::test_degeneracy_does_not_include_identical_atom_labels SKIPPED
test/rmgpy/data/kinetics/kineticsTest.py::TestReactionDegeneracy::test_degeneracy_keeps_separate_transition_states_separated PASSED
test/rmgpy/data/kinetics/kineticsTest.py::TestReactionDegeneracy::test_separate_transition_states_generated_regardless_of_reactant_order PASSED
test/rmgpy/data/kinetics/kineticsTest.py::TestReactionDegeneracy::test_propyl_propyl_reaction_is_the_half_propyl_butyl PASSED
test/rmgpy/data/kinetics/kineticsTest.py::TestReactionDegeneracy::test_identical_reactants_have_similar_kinetics PASSED
test/rmgpy/data/kinetics/kineticsTest.py::TestReactionDegeneracy::test_reaction_degeneracy_independent_of_generatereactions_direction PASSED
test/rmgpy/data/kinetics/kineticsTest.py::TestReactionDegeneracy::test_degeneracy_same_reactant_different_resonance_structure PASSED
test/rmgpy/data/kinetics/kineticsTest.py::TestReactionDegeneracy::test_degeneracy_multiple_ts_different_template PASSED
test/rmgpy/data/kinetics/kineticsTest.py::TestReactionDegeneracy::test_degeneracy_multiple_resonance_different_template PASSED
test/rmgpy/data/kinetics/kineticsTest.py::TestReactionDegeneracy::test_degeneracy_resonance_keep_isomorphic PASSED
test/rmgpy/data/kinetics/kineticsTest.py::TestKineticsCommentsParsing::test_parse_kinetics PASSED
test/rmgpy/data/kinetics/kineticsTest.py::TestKinetics::test_react_molecules PASSED
test/rmgpy/data/kinetics/kineticsTest.py::TestKinetics::test_ensure_independent_atom_ids PASSED
test/rmgpy/data/kinetics/kineticsTest.py::TestKinetics::test_ensure_independent_atom_ids_no_resonance PASSED
test/rmgpy/data/kinetics/kineticsTest.py::TestKinetics::test_save_entry PASSED
test/rmgpy/data/kinetics/kineticsTest.py::TestKinetics::test_duplicates PASSED
test/rmgpy/data/kinetics/kineticsTest.py::TestKinetics::test_add_reverse_attribute PASSED
test/rmgpy/data/kinetics/kineticsTest.py::TestKinetics::test_calculate_degeneracy_for_non_reactive_molecule PASSED
test/rmgpy/data/kinetics/kineticsTest.py::TestKinetics::test_generate_reactions_from_families_with_resonance PASSED
test/rmgpy/data/kinetics/kineticsTest.py::TestKinetics::test_generate_reactions_from_families_no_resonance PASSED
test/rmgpy/data/kinetics/kineticsTest.py::TestKinetics::test_generate_reactions_from_families_product_resonance PASSED
test/rmgpy/data/kinetics/kineticsTest.py::TestKinetics::test_generate_reactions_from_families_product_resonance2 PASSED
test/rmgpy/data/kinetics/kineticsTest.py::TestKinetics::test_generate_reactions_from_libraries PASSED
test/rmgpy/data/kinetics/kineticsTest.py::TestKinetics::test_generate_reactions_from_libraries2 PASSED
test/rmgpy/data/kinetics/kineticsTest.py::TestKinetics::test_add_atom_labels_for_reaction PASSED
test/rmgpy/data/kinetics/kineticsTest.py::TestKinetics::test_add_atom_labels_for_reaction_2 [Species(label="", molecule=[Molecule(smiles="C=C=C")], molecular_weight=(40.0638,'amu')), Species(label="", molecule=[Molecule(smiles="[CH]=C=C"), Molecule(smiles="C#C[CH2]")], molecular_weight=(39.0558,'amu'))]
[Species(label="", molecule=[Molecule(smiles="[CH]=C=C"), Molecule(smiles="C#C[CH2]")], molecular_weight=(39.0558,'amu')), Species(label="", molecule=[Molecule(smiles="C#CC")], molecular_weight=(40.0638,'amu'))]
PASSED
test/rmgpy/data/kinetics/kineticsTest.py::TestKinetics::test_add_atom_labels_for_reaction_3 [Species(label="", molecule=[Molecule(smiles="C=C=[13CH2]")], molecular_weight=(41.0565,'amu')), Species(label="", molecule=[Molecule(smiles="[CH]=C=[13CH2]"), Molecule(smiles="C#C[13CH2]")], molecular_weight=(40.0486,'amu'))]
[Species(label="", molecule=[Molecule(smiles="C=C=[13CH2]")], molecular_weight=(41.0565,'amu')), Species(label="", molecule=[Molecule(smiles="C=C=[13CH]"), Molecule(smiles="[CH2]C#[13CH]")], molecular_weight=(40.0486,'amu'))]
PASSED
test/rmgpy/data/kinetics/kineticsTest.py::TestKinetics::test_species_preserved_after_generate_reactions PASSED
test/rmgpy/data/kinetics/kineticsTest.py::TestKinetics::test_species_preserved_after_generate_reactions_2 PASSED
test/rmgpy/data/kinetics/libraryElectronPropagationTest.py::TestLibraryElectronPropagation::test_declared_electron_count_reaches_the_reaction PASSED
test/rmgpy/data/kinetics/libraryElectronPropagationTest.py::TestLibraryElectronPropagation::test_charged_library_loads_through_the_database_path PASSED
test/rmgpy/data/kinetics/libraryElectronPropagationTest.py::TestLibraryElectronPropagation::test_wrong_electron_count_is_still_rejected PASSED
test/rmgpy/data/kinetics/libraryTest.py::TestLibrary::test_get_library_reactions PASSED
test/rmgpy/data/kinetics/libraryTest.py::TestLibrary::test_save_library PASSED
test/rmgpy/data/kinetics/libraryTest.py::TestLibrary::test_loading_external_kinetic_library PASSED
test/rmgpy/data/kinetics/libraryTest.py::TestLibrary::test_generate_high_p_limit_kinetics PASSED
test/rmgpy/data/kinetics/neutralReactantTest.py::TestNeutralReactantDeclaration::test_declaration_is_read_from_the_family PASSED
test/rmgpy/data/kinetics/neutralReactantTest.py::TestNeutralReactantDeclaration::test_undeclared_control_inherits_allow_charged_species PASSED
test/rmgpy/data/kinetics/neutralReactantTest.py::TestNeutralReactantDeclaration::test_predicate_answers_for_the_declared_reason PASSED
test/rmgpy/data/kinetics/neutralReactantTest.py::TestNeutralReactantDeclaration::test_declaration_survives_a_save_load_round_trip PASSED
test/rmgpy/data/kinetics/neutralReactantTest.py::TestNeutralReactantGeneration::test_the_anion_really_does_match_the_group PASSED
test/rmgpy/data/kinetics/neutralReactantTest.py::TestNeutralReactantGeneration::test_neutral_attachment_still_generates PASSED
test/rmgpy/data/kinetics/neutralReactantTest.py::TestNeutralReactantGeneration::test_anionic_reactant_generates_nothing PASSED
test/rmgpy/data/kinetics/neutralReactantTest.py::TestNeutralReactantGeneration::test_refusal_does_not_depend_on_atom_ordering PASSED
test/rmgpy/data/kinetics/neutralReactantTest.py::TestNeutralReactantGeneration::test_refusal_does_not_depend_on_where_the_charge_sits PASSED
test/rmgpy/data/kinetics/neutralReactantTest.py::TestNeutralReactantGeneration::test_refusal_holds_for_every_resonance_form PASSED
test/rmgpy/data/kinetics/neutralReactantTest.py::TestNeutralReactantGeneration::test_refusal_is_attributed_to_the_charge_rule PASSED
test/rmgpy/data/kinetics/neutralReactantTest.py::TestNeutralReactantGeneration::test_control_is_what_refuses_it PASSED
test/rmgpy/data/kinetics/plasmaLocalContextTest.py::TestPlasmaKineticsLocalContext::test_two_temperature_plasma_entry_loads PASSED
test/rmgpy/data/kinetics/plasmaLocalContextTest.py::TestPlasmaKineticsLocalContext::test_electron_collision_plasma_entry_loads PASSED
test/rmgpy/data/kinetics/plasmaLocalContextTest.py::TestPlasmaKineticsLocalContext::test_badnell_rr_arrhenius_entry_loads PASSED
test/rmgpy/data/kinetics/plasmaLocalContextTest.py::TestPlasmaKineticsLocalContext::test_voronov_ei_arrhenius_entry_loads PASSED
test/rmgpy/data/kinetics/plasmaLocalContextTest.py::TestPlasmaKineticsLocalContext::test_all_four_entries_loaded_as_library_reactions PASSED
test/rmgpy/data/kinetics/plasmaLocalContextTest.py::TestPlasmaKineticsLocalContext::test_declared_electron_count_reached_the_reaction_and_balanced_it PASSED
test/rmgpy/data/kinetics/plasmaLocalContextTest.py::TestPlasmaKineticsLocalContext::test_electron_impact_ionization_keeps_its_incident_electron_explicit PASSED
test/rmgpy/data/kinetics/quarantineTest.py::TestTheManifest::test_a_manifest_loads_its_fields PASSED
test/rmgpy/data/kinetics/quarantineTest.py::TestTheManifest::test_a_family_without_a_manifest_is_not_quarantined PASSED
test/rmgpy/data/kinetics/quarantineTest.py::TestTheManifest::test_an_unknown_kinetics_class_raises_rather_than_quarantining_nothing PASSED
test/rmgpy/data/kinetics/quarantineTest.py::TestTheManifest::test_a_declared_engine_requirement_is_honoured PASSED
test/rmgpy/data/kinetics/quarantineTest.py::TestTheManifest::test_a_declared_engine_symbol_is_honoured PASSED
test/rmgpy/data/kinetics/quarantineTest.py::TestTheManifest::test_a_satisfied_engine_requirement_loads PASSED
test/rmgpy/data/kinetics/quarantineTest.py::TestTheManifest::test_the_commit_field_is_not_declarable PASSED
test/rmgpy/data/kinetics/quarantineTest.py::TestTheManifest::test_the_recorded_commit_is_kept_as_provenance_and_reaches_a_reader PASSED
test/rmgpy/data/kinetics/quarantineTest.py::TestTheManifest::test_a_symbol_that_is_not_callable_is_refused PASSED
test/rmgpy/data/kinetics/quarantineTest.py::TestTheManifest::test_a_symbol_without_a_module_is_refused_not_ignored PASSED
test/rmgpy/data/kinetics/quarantineTest.py::TestTheManifest::test_a_gate_that_exists_but_is_not_wired_in_is_refused PASSED
test/rmgpy/data/kinetics/quarantineTest.py::TestTheManifest::test_a_call_site_that_imports_the_gate_and_never_calls_it_is_refused PASSED
test/rmgpy/data/kinetics/quarantineTest.py::TestTheManifest::test_the_real_call_site_satisfies_the_wiring_check PASSED
test/rmgpy/data/kinetics/quarantineTest.py::TestTheManifest::test_a_manifest_missing_a_required_field_raises[state] PASSED
test/rmgpy/data/kinetics/quarantineTest.py::TestTheManifest::test_a_manifest_missing_a_required_field_raises[appliesToKineticsClass] PASSED
test/rmgpy/data/kinetics/quarantineTest.py::TestTheManifest::test_a_manifest_missing_a_required_field_raises[reason] PASSED
test/rmgpy/data/kinetics/quarantineTest.py::TestTheManifest::test_the_criterion_is_selective PASSED
test/rmgpy/data/kinetics/quarantineTest.py::TestTheManifest::test_the_criterion_is_evaluated_against_the_data_not_a_stored_list PASSED
test/rmgpy/data/kinetics/quarantineTest.py::TestTheManifest::test_no_hard_coded_entry_list_exists_in_the_code PASSED
test/rmgpy/data/kinetics/quarantineTest.py::TestTheRefusalNamesFiveThings::test_it_names_the_family PASSED
test/rmgpy/data/kinetics/quarantineTest.py::TestTheRefusalNamesFiveThings::test_it_names_the_provenance PASSED
test/rmgpy/data/kinetics/quarantineTest.py::TestTheRefusalNamesFiveThings::test_it_names_the_generated_reaction PASSED
test/rmgpy/data/kinetics/quarantineTest.py::TestTheRefusalNamesFiveThings::test_it_names_the_kinetics_class PASSED
test/rmgpy/data/kinetics/quarantineTest.py::TestTheRefusalNamesFiveThings::test_it_names_the_reason PASSED
test/rmgpy/data/kinetics/quarantineTest.py::TestTheRefusalNamesFiveThings::test_it_names_the_campaign_state_and_the_manifest PASSED
test/rmgpy/data/kinetics/quarantineTest.py::TestTheRefusalNamesFiveThings::test_provenance_is_never_blank PASSED
test/rmgpy/data/kinetics/quarantineTest.py::TestTheGateFires::test_at_kinetics_estimation_the_primary_site PASSED
test/rmgpy/data/kinetics/quarantineTest.py::TestTheGateFires::test_at_core_admission_the_backstop PASSED
test/rmgpy/data/kinetics/quarantineTest.py::TestTheGateFires::test_at_edge_admission_the_backstop PASSED
test/rmgpy/data/kinetics/quarantineTest.py::TestTheGateFires::test_ordinary_chemistry_is_untouched PASSED
test/rmgpy/data/kinetics/quarantineTest.py::TestTheGateFires::test_a_quarantined_family_still_admits_its_unquarantined_kinetics PASSED
test/rmgpy/data/kinetics/quarantineTest.py::TestTheGateFires::test_an_unloaded_database_does_not_crash_the_gate PASSED
test/rmgpy/data/kinetics/quarantineTest.py::TestProvenanceNotTheFamilySlot::test_a_quarantined_rate_copied_into_a_library_is_still_refused PASSED
test/rmgpy/data/kinetics/quarantineTest.py::TestProvenanceNotTheFamilySlot::test_the_provenance_may_live_in_the_entry_instead_of_the_comment PASSED
test/rmgpy/data/kinetics/quarantineTest.py::TestProvenanceNotTheFamilySlot::test_every_declared_family_is_consulted_not_just_the_first PASSED
test/rmgpy/data/kinetics/quarantineTest.py::TestProvenanceNotTheFamilySlot::test_a_forged_label_is_bounded_by_the_criterion PASSED
test/rmgpy/data/kinetics/quarantineTest.py::TestProvenanceNotTheFamilySlot::test_a_library_named_like_a_quarantined_family_is_not_refused PASSED
test/rmgpy/data/kinetics/quarantineTest.py::TestProvenanceNotTheFamilySlot::test_authoring_family_reads_authorship_not_the_slot PASSED
test/rmgpy/data/kinetics/quarantineTest.py::TestProvenanceNotTheFamilySlot::test_an_unattributable_rate_is_reported_and_not_refused PASSED
test/rmgpy/data/kinetics/quarantineTest.py::TestProvenanceNotTheFamilySlot::test_an_ordinary_library_rate_says_nothing PASSED
test/rmgpy/data/kinetics/quarantineTest.py::TestTheProvenanceArrivesFromTheRealLoader::test_the_entry_travels_with_the_reaction PASSED
test/rmgpy/data/kinetics/quarantineTest.py::TestTheProvenanceArrivesFromTheRealLoader::test_the_entry_survives_the_pickle_the_parallel_path_uses PASSED
test/rmgpy/data/kinetics/quarantineTest.py::TestTheProvenanceArrivesFromTheRealLoader::test_an_ordinary_library_still_loads_with_no_authorship PASSED
test/rmgpy/data/kinetics/quarantineTest.py::TestAMissingFamilyIsAnUnansweredQuestion::test_an_unloaded_family_is_answered_from_disk PASSED
test/rmgpy/data/kinetics/quarantineTest.py::TestAMissingFamilyIsAnUnansweredQuestion::test_a_family_in_the_database_without_a_manifest_is_a_clean_answer PASSED
test/rmgpy/data/kinetics/quarantineTest.py::TestAMissingFamilyIsAnUnansweredQuestion::test_an_unanswerable_question_is_reported_not_swallowed PASSED
test/rmgpy/data/kinetics/quarantineTest.py::TestAMissingFamilyIsAnUnansweredQuestion::test_a_database_with_no_quarantine_at_all_stays_silent PASSED
test/rmgpy/data/kinetics/quarantineTest.py::TestTheFamilySlotIsLeftAloneForItsOtherReader::test_the_library_label_still_lands_in_the_family_slot PASSED
test/rmgpy/data/kinetics/quarantineTest.py::TestTheFamilySlotIsLeftAloneForItsOtherReader::test_placement_still_resolves_for_the_argon_ionisation_channel PASSED
test/rmgpy/data/kinetics/quarantineTest.py::TestTheFamilySlotIsLeftAloneForItsOtherReader::test_the_two_readers_disagree_about_the_same_object_and_both_are_right PASSED
test/rmgpy/data/kinetics/quarantineTest.py::TestTheFamilySlotIsLeftAloneForItsOtherReader::test_nothing_in_the_gate_writes_to_the_family_slot PASSED
test/rmgpy/data/kinetics/quarantineTest.py::TestEveryAdmissionPathIsGated::test_the_pressure_dependent_network_path_is_gated PASSED
test/rmgpy/data/kinetics/quarantineTest.py::TestEveryAdmissionPathIsGated::test_the_enumeration_in_the_docstring_names_every_gate_call PASSED
test/rmgpy/data/kinetics/quarantineTest.py::TestTheSevenForbiddenSilentBehaviours::test_1_the_reaction_is_not_removed_after_generation PASSED
test/rmgpy/data/kinetics/quarantineTest.py::TestTheSevenForbiddenSilentBehaviours::test_2_no_average_rule_is_substituted PASSED
test/rmgpy/data/kinetics/quarantineTest.py::TestTheSevenForbiddenSilentBehaviours::test_3_it_is_never_evaluated_at_potential_zero PASSED
test/rmgpy/data/kinetics/quarantineTest.py::TestTheSevenForbiddenSilentBehaviours::test_4_it_is_not_marked_irreversible PASSED
test/rmgpy/data/kinetics/quarantineTest.py::TestTheSevenForbiddenSilentBehaviours::test_5_no_reverse_rate_is_derived PASSED
test/rmgpy/data/kinetics/quarantineTest.py::TestTheSevenForbiddenSilentBehaviours::test_6_seeding_a_product_or_cation_does_not_bypass_it PASSED
test/rmgpy/data/kinetics/quarantineTest.py::TestTheSevenForbiddenSilentBehaviours::test_7_no_generic_collision_rate_replaces_it PASSED
test/rmgpy/data/kinetics/quarantineTest.py::TestTheThirdShapeSurvivesTheConversion::test_the_real_loader_attaches_the_entry_to_the_template_shape PASSED
test/rmgpy/data/kinetics/quarantineTest.py::TestTheThirdShapeSurvivesTheConversion::test_a_seed_conversion_leaves_the_rate_refused PASSED
test/rmgpy/data/kinetics/quarantineTest.py::TestTheThirdShapeSurvivesTheConversion::test_a_reaction_library_conversion_leaves_the_rate_refused PASSED
test/rmgpy/data/kinetics/quarantineTest.py::TestTheThirdShapeSurvivesTheConversion::test_the_conversion_still_writes_the_library_label_into_the_family_slot PASSED
test/rmgpy/data/kinetics/quarantineTest.py::TestTheDiskAnswerIsRevalidated::test_a_manifest_added_after_the_first_lookup_is_seen PASSED
test/rmgpy/data/kinetics/quarantineTest.py::TestTheDiskAnswerIsRevalidated::test_a_manifest_removed_after_the_first_lookup_is_seen PASSED
test/rmgpy/data/kinetics/quarantineTest.py::TestTheDiskAnswerIsRevalidated::test_a_manifest_that_vanishes_mid_read_is_unanswered_not_clean PASSED
test/rmgpy/data/kinetics/quarantineTest.py::TestAFamilyLabelIsNotAPath::test_an_absolute_label_is_refused PASSED
test/rmgpy/data/kinetics/quarantineTest.py::TestAFamilyLabelIsNotAPath::test_a_dotdot_label_is_refused PASSED
test/rmgpy/data/kinetics/quarantineTest.py::TestAFamilyLabelIsNotAPath::test_a_symlinked_family_pointing_outside_is_refused PASSED
test/rmgpy/data/kinetics/quarantineTest.py::TestAFamilyLabelIsNotAPath::test_an_ordinary_label_still_resolves PASSED
test/rmgpy/data/kinetics/quarantineTest.py::TestTheCallSitePinCoversEveryGate::test_a_call_in_a_dead_branch_does_not_satisfy_it PASSED
test/rmgpy/data/kinetics/quarantineTest.py::TestTheCallSitePinCoversEveryGate::test_a_same_named_call_on_something_else_does_not_satisfy_it PASSED
test/rmgpy/data/kinetics/quarantineTest.py::TestTheCallSitePinCoversEveryGate::test_deleting_three_of_the_four_gates_is_refused PASSED
test/rmgpy/data/kinetics/quarantineTest.py::TestTheCallSitePinCoversEveryGate::test_the_real_module_satisfies_it PASSED
test/rmgpy/data/kinetics/quarantineTest.py::TestTheSuppressionConsultsDiskToo::test_a_database_whose_manifests_are_only_on_disk_still_warns PASSED
test/rmgpy/data/kinetics/quarantineTest.py::TestTheSuppressionConsultsDiskToo::test_a_database_with_no_quarantine_anywhere_stays_quiet PASSED
test/rmgpy/data/kinetics/quarantineTest.py::TestASecondFamilyLineCannotHideTheFirstOnEitherShape::test_authoring_families_reads_every_label_on_the_template_shape PASSED
test/rmgpy/data/kinetics/quarantineTest.py::TestASecondFamilyLineCannotHideTheFirstOnEitherShape::test_the_hidden_label_is_refused_at_add_reaction_to_core PASSED
test/rmgpy/data/kinetics/quarantineTest.py::TestASecondFamilyLineCannotHideTheFirstOnEitherShape::test_the_family_slot_is_not_normalised PASSED
test/rmgpy/data/kinetics/quarantineTest.py::TestASecondFamilyLineCannotHideTheFirstOnEitherShape::test_the_library_shape_still_refuses_both_labels PASSED
test/rmgpy/data/kinetics/quarantineTest.py::TestTheConversionCarriesEveryField::test_a_converted_electron_transfer_reaction_keeps_its_electrons PASSED
test/rmgpy/data/kinetics/quarantineTest.py::TestTheConversionCarriesEveryField::test_every_field_the_class_takes_is_carried PASSED
test/rmgpy/data/kinetics/quarantineTest.py::TestTheManifestFileIsValidatedNotOnlyItsDirectory::test_a_manifest_symlinked_out_of_the_database_is_refused PASSED
test/rmgpy/data/kinetics/quarantineTest.py::TestTheManifestFileIsValidatedNotOnlyItsDirectory::test_a_label_carrying_a_nul_byte_is_refused_rather_than_raising PASSED
test/rmgpy/data/kinetics/quarantineTest.py::TestTheManifestFileIsValidatedNotOnlyItsDirectory::test_a_label_carrying_a_newline_is_refused PASSED
test/rmgpy/data/kinetics/quarantineTest.py::TestTheManifestFileIsValidatedNotOnlyItsDirectory::test_an_ordinary_label_still_resolves PASSED
test/rmgpy/data/kinetics/quarantineTest.py::TestTheManifestFileIsValidatedNotOnlyItsDirectory::test_a_manifest_that_is_not_a_regular_file_is_refused PASSED
test/rmgpy/data/kinetics/quarantineTest.py::TestALoadedFamilyRereadsItsManifest::test_a_manifest_added_after_the_family_loaded_is_seen PASSED
test/rmgpy/data/kinetics/quarantineTest.py::TestALoadedFamilyRereadsItsManifest::test_a_manifest_removed_after_the_family_loaded_is_seen PASSED
test/rmgpy/data/kinetics/quarantineTest.py::TestTheSuppressionRescansRatherThanTrustingACachedNo::test_a_manifest_added_inside_an_existing_family_ends_the_suppression PASSED
test/rmgpy/data/kinetics/quarantineTest.py::TestThePinDocumentsWhatItActuallyChecks::test_the_documentation_enumerates_what_it_does_not_verify PASSED
test/rmgpy/data/kinetics/quarantineTest.py::TestTheCarrierSurvivesATransform::test_the_entry_survives_a_pickle PASSED
test/rmgpy/data/kinetics/quarantineTest.py::TestTheCarrierSurvivesATransform::test_the_entry_survives_a_copy PASSED
test/rmgpy/data/kinetics/quarantineTest.py::TestTheDirectoryCannotBeSwappedUnderTheCheck::test_a_directory_swapped_during_the_check_is_not_followed PASSED
test/rmgpy/data/kinetics/quarantineTest.py::TestTheDirectoryCannotBeSwappedUnderTheCheck::test_a_family_directory_that_is_a_symlink_is_refused_even_inside_the_tree PASSED
test/rmgpy/data/kinetics/quarantineTest.py::TestTheDirectoryCannotBeSwappedUnderTheCheck::test_a_database_root_that_is_itself_a_symlink_still_resolves PASSED
test/rmgpy/data/kinetics/quarantineTest.py::TestAnUnreadableManifestIsNotAnAbsentOne::test_a_manifest_that_cannot_be_examined_is_unanswered_not_clean PASSED
test/rmgpy/data/kinetics/quarantineTest.py::TestAnUnreadableManifestIsNotAnAbsentOne::test_the_unreadable_answer_is_not_entered_into_the_cache PASSED
test/rmgpy/data/kinetics/quarantineTest.py::TestTheSignatureNoticesAnEqualLengthEdit::test_an_in_place_edit_of_the_same_length_with_mtime_restored_is_seen PASSED
test/rmgpy/data/kinetics/quarantineTest.py::TestTheAffectedSetCannotPassVacuously::test_a_family_with_no_matching_entries_enumerates_nothing PASSED
test/rmgpy/data/kinetics/quarantineTest.py::TestTheAffectedSetCannotPassVacuously::test_the_enumeration_is_selective_within_each_of_the_two_branches PASSED
test/rmgpy/data/kinetics/quarantineTest.py::TestTheAffectedSetCannotPassVacuously::test_a_family_with_rules_but_no_training_depository_is_not_an_error PASSED
test/rmgpy/data/kinetics/quarantineTest.py::TestTheCallSiteFieldIsNamedForWhatItChecks::test_the_new_spelling_is_honoured PASSED
test/rmgpy/data/kinetics/quarantineTest.py::TestTheCallSiteFieldIsNamedForWhatItChecks::test_the_new_spelling_still_refuses_a_module_that_never_calls_the_gate PASSED
test/rmgpy/data/kinetics/quarantineTest.py::TestTheCallSiteFieldIsNamedForWhatItChecks::test_the_old_spelling_is_still_honoured_and_says_so PASSED
test/rmgpy/data/kinetics/quarantineTest.py::TestTheCallSiteFieldIsNamedForWhatItChecks::test_the_old_spelling_still_refuses_what_it_always_refused PASSED
test/rmgpy/data/kinetics/quarantineTest.py::TestTheCallSiteFieldIsNamedForWhatItChecks::test_declaring_both_spellings_is_refused PASSED
test/rmgpy/data/kinetics/quarantineTest.py::TestTheCallSiteFieldIsNamedForWhatItChecks::test_the_documentation_of_the_field_states_what_it_actually_checks PASSED
test/rmgpy/data/kinetics/quarantineTest.py::TestEveryComponentBelowTheAnchorIsPinned::test_a_symlinked_families_directory_does_not_reach_outside PASSED
test/rmgpy/data/kinetics/quarantineTest.py::TestEveryComponentBelowTheAnchorIsPinned::test_a_symlinked_kinetics_directory_does_not_reach_outside PASSED
test/rmgpy/data/kinetics/quarantineTest.py::TestEveryComponentBelowTheAnchorIsPinned::test_the_configured_database_root_may_still_be_a_link PASSED
test/rmgpy/data/kinetics/quarantineTest.py::TestContainmentIsRefusedRatherThanApproximated::test_an_empty_family_path_does_not_read_the_working_directory PASSED
test/rmgpy/data/kinetics/quarantineTest.py::TestContainmentIsRefusedRatherThanApproximated::test_a_root_family_path_is_refused PASSED
test/rmgpy/data/kinetics/quarantineTest.py::TestContainmentIsRefusedRatherThanApproximated::test_the_descent_is_refused_when_directory_descriptors_are_unavailable PASSED
test/rmgpy/data/kinetics/quarantineTest.py::TestAnUnreadableDirectoryIsUnansweredForALoadedFamilyToo::test_a_loaded_family_with_no_quarantine_is_unanswered_not_clean PASSED
test/rmgpy/data/kinetics/quarantineTest.py::TestAnUnreadableDirectoryIsUnansweredForALoadedFamilyToo::test_a_loaded_family_that_does_carry_one_is_also_unanswered PASSED
test/rmgpy/data/kinetics/quarantineTest.py::TestDeclaringBothSpellingsIsRefusedEvenWhenOneIsEmpty::test_both_fields_present_is_refused_whatever_they_contain[()-("rmgpy.rmg.model",)] PASSED
test/rmgpy/data/kinetics/quarantineTest.py::TestDeclaringBothSpellingsIsRefusedEvenWhenOneIsEmpty::test_both_fields_present_is_refused_whatever_they_contain[("rmgpy.rmg.model",)-()] PASSED
test/rmgpy/data/kinetics/quarantineTest.py::TestDeclaringBothSpellingsIsRefusedEvenWhenOneIsEmpty::test_both_fields_present_is_refused_whatever_they_contain[()-()] PASSED
test/rmgpy/data/kinetics/quarantineTest.py::TestDeclaringBothSpellingsIsRefusedEvenWhenOneIsEmpty::test_an_empty_declaration_of_the_new_field_alone_is_still_a_declaration PASSED
test/rmgpy/data/kinetics/quarantineTest.py::TestTheSignatureAndTheContentComeFromOneOpen::test_a_rename_between_the_stat_and_the_read_does_not_outlive_itself PASSED
test/rmgpy/data/kinetics/quarantineTest.py::TestTheSignatureAndTheContentComeFromOneOpen::test_restoring_the_original_is_a_cache_miss PASSED
test/rmgpy/data/kinetics/quarantineTest.py::TestTheSignatureAndTheContentComeFromOneOpen::test_the_cached_key_is_the_identity_of_the_file_that_was_parsed PASSED
test/rmgpy/data/kinetics/quarantineTest.py::TestTheLoaderCarriesEveryFieldTheEntryHolds::test_the_template_shape_carries_the_three_flags PASSED
test/rmgpy/data/kinetics/quarantineTest.py::TestTheLoaderCarriesEveryFieldTheEntryHolds::test_the_ordinary_library_shape_carries_allow_max_rate_violation PASSED
test/rmgpy/data/kinetics/quarantineTest.py::TestTheLoaderCarriesEveryFieldTheEntryHolds::test_a_false_flag_stays_false PASSED
test/rmgpy/data/kinetics/quarantineTest.py::TestTheLoaderCarriesEveryFieldTheEntryHolds::test_the_library_file_format_can_declare_all_three PASSED
test/rmgpy/data/kinetics/quarantineTest.py::TestTheLoaderCarriesEveryFieldTheEntryHolds::test_every_field_of_reaction_is_carried_or_excluded_with_a_reason PASSED
test/rmgpy/data/kinetics/quarantineTest.py::TestCarryingTheDegeneracyDoesNotRestateTheRate::test_the_carry_forwards_the_value_and_changes_nothing_else[0.5-template] PASSED
test/rmgpy/data/kinetics/quarantineTest.py::TestCarryingTheDegeneracyDoesNotRestateTheRate::test_the_carry_forwards_the_value_and_changes_nothing_else[0.5-originally_from] PASSED
test/rmgpy/data/kinetics/quarantineTest.py::TestCarryingTheDegeneracyDoesNotRestateTheRate::test_the_carry_forwards_the_value_and_changes_nothing_else[0.5-ordinary] PASSED
test/rmgpy/data/kinetics/quarantineTest.py::TestCarryingTheDegeneracyDoesNotRestateTheRate::test_the_carry_forwards_the_value_and_changes_nothing_else[1.0-template] PASSED
test/rmgpy/data/kinetics/quarantineTest.py::TestCarryingTheDegeneracyDoesNotRestateTheRate::test_the_carry_forwards_the_value_and_changes_nothing_else[1.0-originally_from] PASSED
test/rmgpy/data/kinetics/quarantineTest.py::TestCarryingTheDegeneracyDoesNotRestateTheRate::test_the_carry_forwards_the_value_and_changes_nothing_else[1.0-ordinary] PASSED
test/rmgpy/data/kinetics/quarantineTest.py::TestCarryingTheDegeneracyDoesNotRestateTheRate::test_the_carry_forwards_the_value_and_changes_nothing_else[1.5-template] PASSED
test/rmgpy/data/kinetics/quarantineTest.py::TestCarryingTheDegeneracyDoesNotRestateTheRate::test_the_carry_forwards_the_value_and_changes_nothing_else[1.5-originally_from] PASSED
test/rmgpy/data/kinetics/quarantineTest.py::TestCarryingTheDegeneracyDoesNotRestateTheRate::test_the_carry_forwards_the_value_and_changes_nothing_else[1.5-ordinary] PASSED
test/rmgpy/data/kinetics/quarantineTest.py::TestCarryingTheDegeneracyDoesNotRestateTheRate::test_the_carry_forwards_the_value_and_changes_nothing_else[2.0-template] PASSED
test/rmgpy/data/kinetics/quarantineTest.py::TestCarryingTheDegeneracyDoesNotRestateTheRate::test_the_carry_forwards_the_value_and_changes_nothing_else[2.0-originally_from] PASSED
test/rmgpy/data/kinetics/quarantineTest.py::TestCarryingTheDegeneracyDoesNotRestateTheRate::test_the_carry_forwards_the_value_and_changes_nothing_else[2.0-ordinary] PASSED
test/rmgpy/data/kinetics/quarantineTest.py::TestCarryingTheDegeneracyDoesNotRestateTheRate::test_the_carry_forwards_the_value_and_changes_nothing_else[3.0-template] PASSED
test/rmgpy/data/kinetics/quarantineTest.py::TestCarryingTheDegeneracyDoesNotRestateTheRate::test_the_carry_forwards_the_value_and_changes_nothing_else[3.0-originally_from] PASSED
test/rmgpy/data/kinetics/quarantineTest.py::TestCarryingTheDegeneracyDoesNotRestateTheRate::test_the_carry_forwards_the_value_and_changes_nothing_else[3.0-ordinary] PASSED
test/rmgpy/data/kinetics/quarantineTest.py::TestCarryingTheDegeneracyDoesNotRestateTheRate::test_the_rate_is_shared_with_the_entry_so_the_damage_would_escape PASSED
test/rmgpy/data/kinetics/quarantineTest.py::TestCarryingTheDegeneracyDoesNotRestateTheRate::test_the_storage_table_names_a_setter_that_really_transforms PASSED
test/rmgpy/data/kinetics/quarantineTest.py::TestTheConversionEnumeratesTheSourceNotTheDestination::test_the_four_fields_the_constructor_does_not_take_survive PASSED
test/rmgpy/data/kinetics/quarantineTest.py::TestTheConversionEnumeratesTheSourceNotTheDestination::test_every_carried_field_arrives PASSED
test/rmgpy/data/kinetics/quarantineTest.py::TestTheConversionEnumeratesTheSourceNotTheDestination::test_the_conversion_partition_is_total_and_reasoned PASSED
test/rmgpy/data/kinetics/quarantineTest.py::TestTheConversionEnumeratesTheSourceNotTheDestination::test_the_conversion_does_not_rescale_the_rate PASSED
test/rmgpy/data/kinetics/quarantineTest.py::TestTheConversionEnumeratesTheSourceNotTheDestination::test_the_conversion_still_replaces_the_library_slot PASSED
test/rmgpy/data/kinetics/quarantineTest.py::TestTheConversionEnumeratesTheSourceNotTheDestination::test_the_conversion_does_not_share_the_reactant_list PASSED
test/rmgpy/data/kinetics/quarantineTest.py::TestTheAbsenceOfONofollowIsRefused::test_a_platform_without_o_nofollow_is_refused PASSED
test/rmgpy/data/kinetics/quarantineTest.py::TestTheAbsenceOfONofollowIsRefused::test_the_same_escape_is_refused_with_the_flag_present PASSED
test/rmgpy/data/kinetics/quarantineTest.py::TestTheAbsenceOfONofollowIsRefused::test_an_in_tree_family_is_still_answered PASSED
test/rmgpy/data/kinetics/quarantineTest.py::TestEveryTransformReproducesTheWholeState::test_the_three_flags_and_the_carrier_survive[template-pickle] PASSED
test/rmgpy/data/kinetics/quarantineTest.py::TestEveryTransformReproducesTheWholeState::test_the_three_flags_and_the_carrier_survive[template-copy] PASSED
test/rmgpy/data/kinetics/quarantineTest.py::TestEveryTransformReproducesTheWholeState::test_the_three_flags_and_the_carrier_survive[library-pickle] PASSED
test/rmgpy/data/kinetics/quarantineTest.py::TestEveryTransformReproducesTheWholeState::test_the_three_flags_and_the_carrier_survive[library-copy] PASSED
test/rmgpy/data/kinetics/quarantineTest.py::TestEveryTransformReproducesTheWholeState::test_every_reproduced_field_arrives[template-pickle] PASSED
test/rmgpy/data/kinetics/quarantineTest.py::TestEveryTransformReproducesTheWholeState::test_every_reproduced_field_arrives[template-copy] PASSED
test/rmgpy/data/kinetics/quarantineTest.py::TestEveryTransformReproducesTheWholeState::test_every_reproduced_field_arrives[library-pickle] PASSED
test/rmgpy/data/kinetics/quarantineTest.py::TestEveryTransformReproducesTheWholeState::test_every_reproduced_field_arrives[library-copy] PASSED
test/rmgpy/data/kinetics/quarantineTest.py::TestEveryTransformReproducesTheWholeState::test_the_copy_is_deep_where_it_says_it_is[template] PASSED
test/rmgpy/data/kinetics/quarantineTest.py::TestEveryTransformReproducesTheWholeState::test_the_copy_is_deep_where_it_says_it_is[library] PASSED
test/rmgpy/data/kinetics/quarantineTest.py::TestEveryTransformReproducesTheWholeState::test_the_copy_does_not_restate_the_rate[template] PASSED
test/rmgpy/data/kinetics/quarantineTest.py::TestEveryTransformReproducesTheWholeState::test_the_copy_does_not_restate_the_rate[library] PASSED
test/rmgpy/data/kinetics/quarantineTest.py::TestEveryTransformReproducesTheWholeState::test_the_sites_that_enumerate_reaction_state_share_one_definition PASSED
test/rmgpy/data/kinetics/quarantineTest.py::TestEveryTransformReproducesTheWholeState::test_the_definition_is_discovered_from_both_halves_of_the_class PASSED
test/rmgpy/data/kinetics/quarantineTest.py::TestACarryThatCannotCarryRefusesLoudly::test_every_field_called_carried_can_be_carried_between_the_real_classes PASSED
test/rmgpy/data/kinetics/quarantineTest.py::TestACarryThatCannotCarryRefusesLoudly::test_a_field_the_target_refuses_is_refused_loudly PASSED
test/rmgpy/data/kinetics/quarantineTest.py::TestACarryThatCannotCarryRefusesLoudly::test_a_source_that_holds_none_of_the_state_is_refused_loudly PASSED
test/rmgpy/data/kinetics/quarantineTest.py::TestACarryThatCannotCarryRefusesLoudly::test_the_refusal_cannot_be_swallowed_by_an_attributeerror_handler PASSED
test/rmgpy/data/kinetics/quarantineTest.py::TestACarryThatCannotCarryRefusesLoudly::test_the_documentation_says_it_refuses PASSED
test/rmgpy/data/kinetics/quarantineTest.py::TestTheCopyIsOneGraphNotFourLists::test_the_fixture_holds_the_invariant_before_anything_is_copied PASSED
test/rmgpy/data/kinetics/quarantineTest.py::TestTheCopyIsOneGraphNotFourLists::test_every_pair_member_is_one_of_the_copys_own_species[template-copy] PASSED
test/rmgpy/data/kinetics/quarantineTest.py::TestTheCopyIsOneGraphNotFourLists::test_every_pair_member_is_one_of_the_copys_own_species[template-pickle] PASSED
test/rmgpy/data/kinetics/quarantineTest.py::TestTheCopyIsOneGraphNotFourLists::test_every_pair_member_is_one_of_the_copys_own_species[library-copy] PASSED
test/rmgpy/data/kinetics/quarantineTest.py::TestTheCopyIsOneGraphNotFourLists::test_every_pair_member_is_one_of_the_copys_own_species[library-pickle] PASSED
test/rmgpy/data/kinetics/quarantineTest.py::TestTheCopyIsOneGraphNotFourLists::test_every_labelled_atom_is_inside_one_of_the_copys_own_species[copy] PASSED
test/rmgpy/data/kinetics/quarantineTest.py::TestTheCopyIsOneGraphNotFourLists::test_every_labelled_atom_is_inside_one_of_the_copys_own_species[pickle] PASSED
test/rmgpy/data/kinetics/quarantineTest.py::TestTheCopyIsOneGraphNotFourLists::test_relabelling_through_labeled_atoms_is_observable_in_the_structure[copy] PASSED
test/rmgpy/data/kinetics/quarantineTest.py::TestTheCopyIsOneGraphNotFourLists::test_relabelling_through_labeled_atoms_is_observable_in_the_structure[pickle] PASSED
test/rmgpy/data/kinetics/quarantineTest.py::TestTheCopyIsOneGraphNotFourLists::test_the_shallow_half_is_still_shallow[template] PASSED
test/rmgpy/data/kinetics/quarantineTest.py::TestTheCopyIsOneGraphNotFourLists::test_the_shallow_half_is_still_shallow[library] PASSED
test/rmgpy/data/kinetics/quarantineTest.py::TestTheCopyIsOneGraphNotFourLists::test_the_two_copies_are_one_implementation PASSED
test/rmgpy/data/kinetics/quarantineTest.py::TestTheCopyIsOneGraphNotFourLists::test_molecule_copy_still_preserves_atom_order PASSED
test/rmgpy/data/kinetics/quarantineTest.py::TestTheCopyIsOneGraphNotFourLists::test_a_deepcopy_cannot_do_this_and_the_reason_is_upstream PASSED
test/rmgpy/data/kinetics/quarantineTest.py::TestTheClassesWhoseOwnReducerLoses::test_a_fragment_reaction_can_be_copied PASSED
test/rmgpy/data/kinetics/quarantineTest.py::TestTheClassesWhoseOwnReducerLoses::test_the_deep_copy_this_replaced_could_do_it PASSED
test/rmgpy/data/kinetics/quarantineTest.py::TestTheClassesWhoseOwnReducerLoses::test_a_surface_reaction_can_be_copied PASSED
test/rmgpy/data/kinetics/quarantineTest.py::TestTheClassesWhoseOwnReducerLoses::test_a_copied_species_keeps_what_its_own_reducer_omits PASSED
test/rmgpy/data/kinetics/quarantineTest.py::TestTheClassesWhoseOwnReducerLoses::test_every_class_that_loses_state_is_registered PASSED
test/rmgpy/data/kinetics/quarantineTest.py::TestTheClassesWhoseOwnReducerLoses::test_the_probe_that_derives_the_dropped_set_can_see_every_field PASSED
test/rmgpy/data/kinetics/quarantineTest.py::TestThePartitionHasNoSilentDefault::test_the_template_is_not_shared_with_the_copy PASSED
test/rmgpy/data/kinetics/quarantineTest.py::TestThePartitionHasNoSilentDefault::test_the_specific_collider_is_not_shared_with_the_copy PASSED
test/rmgpy/data/kinetics/quarantineTest.py::TestThePartitionHasNoSilentDefault::test_a_field_nobody_classified_is_refused_by_name PASSED
test/rmgpy/data/kinetics/quarantineTest.py::TestThePartitionHasNoSilentDefault::test_the_two_tables_are_a_partition_of_what_a_reaction_holds PASSED
test/rmgpy/data/kinetics/quarantineTest.py::TestTheManifestIdentityBracketsTheRead::test_a_manifest_rewritten_between_the_two_reads_is_refused PASSED
test/rmgpy/data/kinetics/quarantineTest.py::TestTheManifestIdentityBracketsTheRead::test_an_unchanged_manifest_is_still_read PASSED
test/rmgpy/data/kinetics/quarantineTest.py::TestTheManifestIdentityBracketsTheRead::test_the_identity_is_taken_from_the_descriptor_on_both_sides PASSED
test/rmgpy/data/kinetics/quarantineTest.py::TestTheFlagTheReviewNamed::test_the_loader_carries_the_flag_despite_the_constructor_omitting_it PASSED
test/rmgpy/data/kinetics/quarantineTest.py::TestTheFlagTheReviewNamed::test_the_base_reaction_copy_carries_the_flag PASSED
test/rmgpy/data/kinetics/quarantineTest.py::TestTheFlagTheReviewNamed::test_the_base_reaction_reduce_carries_the_flag PASSED
test/rmgpy/data/kinetics/quarantineTest.py::TestTheFlagTheReviewNamed::test_the_base_reaction_copy_keeps_its_pairs PASSED
test/rmgpy/data/kinetics/quarantineTest.py::TestTheFlagTheReviewNamed::test_the_flag_is_named_in_the_partition_rather_than_carried_by_default PASSED
test/rmgpy/data/kinetics/quarantineTest.py::TestTheOtherTransportGetsTheSameReducers::test_the_fixture_carries_a_payload_before_anything_is_transported PASSED
test/rmgpy/data/kinetics/quarantineTest.py::TestTheOtherTransportGetsTheSameReducers::test_the_transport_multiprocessing_uses_carries_the_payload PASSED
test/rmgpy/data/kinetics/quarantineTest.py::TestTheOtherTransportGetsTheSameReducers::test_a_parallel_generation_reproduces_the_serial_one PASSED
test/rmgpy/data/kinetics/quarantineTest.py::TestTheOtherTransportGetsTheSameReducers::test_a_fragment_reaction_survives_the_parallel_transport PASSED
test/rmgpy/data/kinetics/quarantineTest.py::TestTheOtherTransportGetsTheSameReducers::test_a_surface_reaction_survives_the_parallel_transport PASSED
test/rmgpy/data/kinetics/quarantineTest.py::TestTheOtherTransportGetsTheSameReducers::test_both_transports_carry_one_table_rather_than_two PASSED
test/rmgpy/data/kinetics/quarantineTest.py::TestTheOtherTransportGetsTheSameReducers::test_the_module_that_needs_the_registration_makes_it PASSED
test/rmgpy/data/kinetics/quarantineTest.py::TestASpeciesOnBothSidesKeepsItsSide::test_the_fixture_holds_one_species_on_both_sides PASSED
test/rmgpy/data/kinetics/quarantineTest.py::TestASpeciesOnBothSidesKeepsItsSide::test_a_reactant_side_pair_member_is_one_of_the_copys_reactants PASSED
test/rmgpy/data/kinetics/quarantineTest.py::TestASpeciesOnBothSidesKeepsItsSide::test_indexing_a_pair_member_does_not_raise PASSED
test/rmgpy/data/kinetics/quarantineTest.py::TestASpeciesOnBothSidesKeepsItsSide::test_the_copy_owns_none_of_the_originals_species PASSED
test/rmgpy/data/kinetics/quarantineTest.py::TestASpeciesOnBothSidesKeepsItsSide::test_the_collider_is_deepened_rather_than_aliased PASSED
test/rmgpy/data/kinetics/quarantineTest.py::TestASpeciesOnBothSidesKeepsItsSide::test_a_collider_that_is_a_participant_stays_one_object_with_it PASSED
test/rmgpy/data/kinetics/quarantineTest.py::TestARefusedManifestIsNotAnAbsentOne::test_the_three_answers_are_three_values PASSED
test/rmgpy/data/kinetics/quarantineTest.py::TestARefusedManifestIsNotAnAbsentOne::test_a_refused_manifest_is_unanswered_at_the_gate PASSED
test/rmgpy/data/kinetics/quarantineTest.py::TestARefusedManifestIsNotAnAbsentOne::test_an_absent_manifest_is_still_a_clean_answer PASSED
test/rmgpy/data/kinetics/quarantineTest.py::TestARefusedManifestIsNotAnAbsentOne::test_the_refusal_is_not_cached_as_an_answer PASSED
test/rmgpy/data/kinetics/quarantineTest.py::TestTheEnumerationReadsTheDiskToo::test_an_unattributed_rate_is_reported_when_the_family_is_only_on_disk PASSED
test/rmgpy/data/kinetics/quarantineTest.py::TestTheEnumerationReadsTheDiskToo::test_nothing_is_said_when_the_database_quarantines_nothing PASSED
test/rmgpy/data/kinetics/quarantineTest.py::TestTheEnumerationReadsTheDiskToo::test_a_loaded_family_is_not_enumerated_twice PASSED
test/rmgpy/data/kinetics/quarantineTest.py::TestTheEnumerationReadsTheDiskToo::test_an_unreadable_manifest_is_not_enumerated_as_a_criterion PASSED
test/rmgpy/data/kinetics/quarantineTest.py::TestTheEnumerationIsNeitherStaleNorSilent::test_a_manifest_rewritten_after_load_is_enumerated_as_it_now_reads PASSED
test/rmgpy/data/kinetics/quarantineTest.py::TestTheEnumerationIsNeitherStaleNorSilent::test_an_unattributed_rate_of_the_rewritten_class_is_reported PASSED
test/rmgpy/data/kinetics/quarantineTest.py::TestTheEnumerationIsNeitherStaleNorSilent::test_an_unlistable_families_directory_is_not_zero_quarantines PASSED
test/rmgpy/data/kinetics/quarantineTest.py::TestTheEnumerationIsNeitherStaleNorSilent::test_an_unexaminable_family_directory_is_not_zero_quarantines PASSED
test/rmgpy/data/kinetics/quarantineTest.py::TestTheEnumerationIsNeitherStaleNorSilent::test_the_public_enumeration_raises_rather_than_ending_early PASSED
test/rmgpy/data/kinetics/quarantineTest.py::TestTheEnumerationIsNeitherStaleNorSilent::test_an_unlistable_families_directory_keeps_the_unanswered_warning_on PASSED
test/rmgpy/data/kinetics/quarantineTest.py::TestTheEnumerationIsNeitherStaleNorSilent::test_controls_a_readable_empty_database_is_still_silent PASSED
test/rmgpy/data/kinetics/quarantineTest.py::TestTheSubclassesCopyAsThemselves::test_a_depository_reaction_copies_as_one PASSED
test/rmgpy/data/kinetics/quarantineTest.py::TestTheSubclassesCopyAsThemselves::test_a_pdep_reaction_copies_as_one PASSED
test/rmgpy/data/kinetics/quarantineTest.py::TestTheSubclassesCopyAsThemselves::test_both_subclasses_survive_a_pickle_round_trip_whole PASSED
test/rmgpy/data/kinetics/quarantineTest.py::TestTheSubclassesCopyAsThemselves::test_both_subclasses_carry_their_nested_state_through_every_rmg_transport PASSED
test/rmgpy/data/kinetics/quarantineTest.py::TestTheSubclassesCopyAsThemselves::test_a_deep_copy_of_either_keeps_its_class PASSED
test/rmgpy/data/kinetics/quarantineTest.py::TestTheSubclassesCopyAsThemselves::test_the_two_new_fields_are_classified_explicitly PASSED
test/rmgpy/data/kinetics/quarantineTest.py::TestWhatAnUnlistedLossyClassCosts::test_an_unregistered_subclass_is_refused_by_the_copy_transport PASSED
test/rmgpy/data/kinetics/quarantineTest.py::TestWhatAnUnlistedLossyClassCosts::test_an_unregistered_atom_subclass_is_refused_too PASSED
test/rmgpy/data/kinetics/quarantineTest.py::TestWhatAnUnlistedLossyClassCosts::test_the_multiprocessing_pickler_refuses_a_subclass_loaded_before_install PASSED
test/rmgpy/data/kinetics/quarantineTest.py::TestWhatAnUnlistedLossyClassCosts::test_registered_classes_still_travel PASSED
test/rmgpy/data/kinetics/quarantineTest.py::TestWhatAnUnlistedLossyClassCosts::test_every_subclass_in_the_tree_is_registered_or_accepted PASSED
test/rmgpy/data/kinetics/quarantineTest.py::TestWhatAnUnlistedLossyClassCosts::test_the_private_cython_state_is_exactly_the_three_memos PASSED
test/rmgpy/data/kinetics/quarantineTest.py::TestWhatAnUnlistedLossyClassCosts::test_the_memos_are_recomputed_after_a_copy PASSED
test/rmgpy/data/kinetics/quarantineTest.py::TestWhatAnUnlistedLossyClassCosts::test_the_only_measured_member_of_the_table_is_atom PASSED
test/rmgpy/data/kinetics/surfaceChargeTransferBEPLocalContextTest.py::TestSurfaceChargeTransferBEPLocalContext::test_surface_charge_transfer_bep_entry_loads PASSED
test/rmgpy/data/kinetics/surfaceChargeTransferBEPLocalContextTest.py::TestSurfaceChargeTransferBEPLocalContext::test_get_library_reactions_preserves_electrons PASSED
test/rmgpy/i221OccurrencePairsTest.py::TestCopyCarriesOccurrences::test_same_species_twice_on_one_side PASSED
test/rmgpy/i221OccurrencePairsTest.py::TestCopyCarriesOccurrences::test_species_on_both_sides PASSED
test/rmgpy/i221OccurrencePairsTest.py::TestCopyCarriesOccurrences::test_duplicated_electron_products PASSED
test/rmgpy/i221OccurrencePairsTest.py::TestCopyCarriesOccurrences::test_missing_pair_member_raises PASSED
test/rmgpy/i221OccurrencePairsTest.py::TestCopyCarriesOccurrences::test_member_on_the_wrong_side_raises PASSED
test/rmgpy/i221OccurrencePairsTest.py::TestCopyCarriesOccurrences::test_ordinary_thermal_reaction_unchanged PASSED
test/rmgpy/i221OccurrencePairsTest.py::TestCopyCarriesOccurrences::test_no_pairs_stays_none PASSED
test/rmgpy/i221OccurrencePairsTest.py::TestTemplateCopyCarriesOccurrences::test_electron_identity_structure_survives PASSED
test/rmgpy/i221OccurrencePairsTest.py::TestTemplateCopyCarriesOccurrences::test_alien_member_raises PASSED
test/rmgpy/i221OccurrencePairsTest.py::TestPairOccurrences::test_kth_mention_is_kth_occurrence PASSED
test/rmgpy/i221OccurrencePairsTest.py::TestPairOccurrences::test_rebuild_on_new_lists PASSED
test/rmgpy/i221OccurrencePairsTest.py::TestPairOccurrences::test_malformed_pair_raises PASSED
test/rmgpy/i221OccurrencePairsTest.py::TestPairOccurrences::test_none_is_none PASSED
test/rmgpy/i221OccurrencePairsTest.py::TestModelCarriesPairsByPosition::test_duplicated_electron_products PASSED
test/rmgpy/i221OccurrencePairsTest.py::TestModelCarriesPairsByPosition::test_reverse_pairs_follow PASSED
test/rmgpy/i221OccurrencePairsTest.py::TestModelCarriesPairsByPosition::test_ordinary_thermal_reaction_unchanged PASSED
test/rmgpy/i221OccurrencePairsTest.py::TestEnsureSpeciesCarriesOccurrences::test_duplicated_electron_products PASSED
test/rmgpy/i221OccurrencePairsTest.py::TestMergeModelsCarriesPairsByPosition::test_species_on_both_sides_and_twice PASSED
test/rmgpy/i221TransportCensusTest.py::TestTransportCensus::test_every_transport_installs_the_complete_reducers PASSED
test/rmgpy/i221TransportCensusTest.py::TestTransportCensus::test_the_census_is_the_one_on_record PASSED
test/rmgpy/i221TransportCensusTest.py::TestTransportCensus::test_no_pickle_is_written_to_storage PASSED
test/rmgpy/i221TransportCensusTest.py::TestTransportCensus::test_plain_pickle_is_reached_from_one_module PASSED
test/rmgpy/i221TransportCensusTest.py::TestTransportCensus::test_no_cython_module_touches_a_transport PASSED
test/rmgpy/i221TransportCensusTest.py::TestTheCheckCanFail::test_uninstalled_transport_is_seen[from multiprocessing import Pool\ndef f():\n    Pool(2).map(g, [])\n] PASSED
test/rmgpy/i221TransportCensusTest.py::TestTheCheckCanFail::test_uninstalled_transport_is_seen[import multiprocessing as mp\ndef f():\n    mp.Pool(2)\n] PASSED
test/rmgpy/i221TransportCensusTest.py::TestTheCheckCanFail::test_uninstalled_transport_is_seen[import multiprocessing\ndef f():\n    multiprocessing.get_context("spawn").Pool(2)\n] PASSED
test/rmgpy/i221TransportCensusTest.py::TestTheCheckCanFail::test_uninstalled_transport_is_seen[from concurrent.futures import ProcessPoolExecutor as E\ndef f():\n    E(2)\n] PASSED
test/rmgpy/i221TransportCensusTest.py::TestTheCheckCanFail::test_uninstalled_transport_is_seen[from multiprocessing import Pool\ndef f():\n    install_complete_reducers()\n    Pool(2)\n] PASSED
test/rmgpy/i221TransportCensusTest.py::TestTheCheckCanFail::test_installed_transport_passes PASSED
test/rmgpy/i221TransportCensusTest.py::TestTheCheckCanFail::test_a_local_pool_is_not_a_transport PASSED
test/rmgpy/i221TransportCensusTest.py::TestTheCheckCanFail::test_storage_is_seen[import pickle\npickle.dump(x, open("f", "wb"))\n-found0] PASSED
test/rmgpy/i221TransportCensusTest.py::TestTheCheckCanFail::test_storage_is_seen[import pickle\npickle.Pickler(open("f", "wb"))\n-found1] PASSED
test/rmgpy/i221TransportCensusTest.py::TestTheCheckCanFail::test_storage_is_seen[import pickle, io\npickle.Pickler(io.BytesIO())\n-found2] PASSED
test/rmgpy/i221TransportCensusTest.py::TestTheCheckCanFail::test_storage_is_seen[import pickle\npickle.loads(pickle.dumps(x))\n-found3] PASSED
test/rmgpy/i221TransportCensusTest.py::TestFreshImportRegisters::test_fresh_import[rmgpy/data/kinetics/family.py] PASSED
test/rmgpy/i221TransportCensusTest.py::TestFreshImportRegisters::test_fresh_import[rmgpy/qm/main.py] PASSED
test/rmgpy/i221TransportCensusTest.py::TestFreshImportRegisters::test_fresh_import[rmgpy/rmg/react.py] PASSED
test/rmgpy/reactionTest.py::TestReactionIsomorphism::test1to1 PASSED
test/rmgpy/reactionTest.py::TestReactionIsomorphism::test1to2 PASSED
test/rmgpy/reactionTest.py::TestReactionIsomorphism::test2to2 PASSED
test/rmgpy/reactionTest.py::TestReactionIsomorphism::test2to3 PASSED
test/rmgpy/reactionTest.py::TestReactionIsomorphism::test2to3_using_check_only_label PASSED
test/rmgpy/reactionTest.py::TestSurfaceReaction::test_electrons PASSED
test/rmgpy/reactionTest.py::TestSurfaceReaction::test_protons PASSED
test/rmgpy/reactionTest.py::TestSurfaceReaction::test_is_surface_reaction_species PASSED
test/rmgpy/reactionTest.py::TestSurfaceReaction::test_is_surface_reaction_molecules PASSED
test/rmgpy/reactionTest.py::TestSurfaceReaction::test_methyl_adsorption_surface_arrhenius PASSED
test/rmgpy/reactionTest.py::TestSurfaceReaction::test_methyl_adsorption_sticking_coefficient PASSED
test/rmgpy/reactionTest.py::TestSurfaceReaction::test_get_rate_coefficient_units_from_reaction_order PASSED
test/rmgpy/reactionTest.py::TestSurfaceReaction::test_equilibrium_constant_surface_kc PASSED
test/rmgpy/reactionTest.py::TestSurfaceReaction::test_reverse_sticking_coeff_rate PASSED
test/rmgpy/reactionTest.py::TestReaction::test_is_isomerization PASSED
test/rmgpy/reactionTest.py::TestReaction::test_is_association PASSED
test/rmgpy/reactionTest.py::TestReaction::test_is_dissociation PASSED
test/rmgpy/reactionTest.py::TestReaction::test_has_template PASSED
test/rmgpy/reactionTest.py::TestReaction::test_enthalpy_of_reaction PASSED
test/rmgpy/reactionTest.py::TestReaction::test_entropy_of_reaction PASSED
test/rmgpy/reactionTest.py::TestReaction::test_free_energy_of_reaction PASSED
test/rmgpy/reactionTest.py::TestReaction::test_equilibrium_constant_ka PASSED
test/rmgpy/reactionTest.py::TestReaction::test_equilibrium_constant_kc PASSED
test/rmgpy/reactionTest.py::TestReaction::test_equilibrium_constant_kp PASSED
test/rmgpy/reactionTest.py::TestReaction::test_stoichiometric_coefficient PASSED
test/rmgpy/reactionTest.py::TestReaction::test_rate_coefficient PASSED
test/rmgpy/reactionTest.py::TestReaction::test_generate_reverse_rate_coefficient PASSED
test/rmgpy/reactionTest.py::TestReaction::test_fix_barrier_height PASSED
test/rmgpy/reactionTest.py::TestReaction::test_generate_reverse_rate_coefficient_arrhenius PASSED
test/rmgpy/reactionTest.py::TestReaction::test_reverse_surface_arrhenius_rate PASSED
test/rmgpy/reactionTest.py::TestReaction::test_generate_reverse_rate_coefficient_arrhenius_ep SKIPPED
test/rmgpy/reactionTest.py::TestReaction::test_generate_reverse_rate_coefficient_pdep_arrhenius PASSED
test/rmgpy/reactionTest.py::TestReaction::test_generate_reverse_rate_coefficient_pdep_multi_arrhenius PASSED
test/rmgpy/reactionTest.py::TestReaction::test_generate_reverse_rate_coefficient_multi_arrhenius PASSED
test/rmgpy/reactionTest.py::TestReaction::test_generate_reverse_rate_coefficient_multi_pdep_arrhenius PASSED
test/rmgpy/reactionTest.py::TestReaction::test_generate_reverse_rate_coefficient_third_body PASSED
test/rmgpy/reactionTest.py::TestReaction::test_generate_reverse_rate_coefficient_lindemann PASSED
test/rmgpy/reactionTest.py::TestReaction::test_generate_reverse_rate_coefficient_troe PASSED
test/rmgpy/reactionTest.py::TestReaction::test_tst_calculation PASSED
test/rmgpy/reactionTest.py::TestReaction::test_pickle PASSED
test/rmgpy/reactionTest.py::TestReaction::test_output PASSED
test/rmgpy/reactionTest.py::TestReaction::test_degeneracy_updates_rate PASSED
test/rmgpy/reactionTest.py::TestReaction::test_degeneracy_updates_kinetics_comment PASSED
test/rmgpy/reactionTest.py::TestReaction::test_sulfur_reaction_pairs PASSED
test/rmgpy/reactionTest.py::TestReaction::test_phosphorus_reaction_pairs PASSED
test/rmgpy/reactionTest.py::TestReactionToCantera::test_arrhenius PASSED
test/rmgpy/reactionTest.py::TestReactionToCantera::test_to_cantera_with_spectator_species PASSED
test/rmgpy/reactionTest.py::TestReactionToCantera::test_multi_arrhenius PASSED
test/rmgpy/reactionTest.py::TestReactionToCantera::test_pdep_arrhenius PASSED
test/rmgpy/reactionTest.py::TestReactionToCantera::test_multi_pdep_arrhenius PASSED
test/rmgpy/reactionTest.py::TestReactionToCantera::test_chebyshev PASSED
test/rmgpy/reactionTest.py::TestReactionToCantera::test_falloff PASSED
test/rmgpy/reactionTest.py::TestChargeTransferReaction::test_electrons PASSED
test/rmgpy/reactionTest.py::TestChargeTransferReaction::test_protons PASSED
test/rmgpy/reactionTest.py::TestChargeTransferReaction::test_apply_che_model_reports_true_proton_count PASSED
test/rmgpy/reactionTest.py::TestChargeTransferReaction::test_is_surface_reaction PASSED
test/rmgpy/reactionTest.py::TestChargeTransferReaction::test_is_charge_transfer_reaction PASSED
test/rmgpy/reactionTest.py::TestChargeTransferReaction::test_is_surface_charge_transfer PASSED
test/rmgpy/reactionTest.py::TestChargeTransferReaction::test_get_reversible_potential PASSED
test/rmgpy/reactionTest.py::TestChargeTransferReaction::test_get_rate_coeff PASSED
test/rmgpy/reactionTest.py::TestChargeTransferReaction::test_equilibrium_constant_surface_charge_transfer_kc PASSED
test/rmgpy/reactionTest.py::TestChargeTransferReaction::test_reverse_surface_charge_transfer_rate SKIPPED
test/rmgpy/reactionTest.py::TestElectronDirection::test_reduction_and_its_negated_reverse_are_isomorphic_either_direction PASSED
test/rmgpy/reactionTest.py::TestElectronDirection::test_reduction_and_its_reverse_are_not_isomorphic_same_direction PASSED
test/rmgpy/reactionTest.py::TestElectronDirection::test_reverse_with_wrong_electron_sign_is_not_isomorphic PASSED
test/rmgpy/reactionTest.py::TestElectronDirection::test_forward_match_requires_equal_electrons PASSED
test/rmgpy/reactionTest.py::TestElectronDirection::test_check_template_rxn_products_is_electron_aware PASSED
test/rmgpy/reactionTest.py::TestElectronDirection::test_check_template_rxn_products_treats_unset_orientation_as_reverse PASSED
test/rmgpy/reactionTest.py::TestElectronDirection::test_to_cantera_places_electron_on_reactant_side PASSED
test/rmgpy/reactionTest.py::TestElectronDirection::test_to_cantera_places_electron_on_product_side PASSED
test/rmgpy/reactionTest.py::TestElectronDirection::test_to_cantera_fails_when_electron_needed_but_absent PASSED
test/rmgpy/reactionTest.py::TestElectronDirection::test_to_chemkin_reaction_string_places_electron PASSED
test/rmgpy/reactionTest.py::TestElectronDirection::test_write_reaction_string_refuses_charged_reaction_without_species_list PASSED
test/rmgpy/reactionTest.py::TestElectronDirection::test_cantera_writer1_refuses_metadata_electron_mechanism PASSED
test/rmgpy/reactionTest.py::TestElectronsSurviveCopyAndPickle::test_copy_preserves_electrons PASSED
test/rmgpy/reactionTest.py::TestElectronsSurviveCopyAndPickle::test_pickle_preserves_electrons_for_every_subclass PASSED
test/rmgpy/reactionTest.py::TestElectronsSurviveCopyAndPickle::test_library_and_pdep_reactions_accept_electrons PASSED
test/rmgpy/reactionTest.py::TestElectronsSurviveCopyAndPickle::test_library_reaction_repr_round_trips_electrons PASSED
test/rmgpy/reactionTest.py::TestIsBalancedChargeConservation::test_charge_unbalanced_but_element_balanced_is_rejected PASSED
test/rmgpy/reactionTest.py::TestIsBalancedChargeConservation::test_neutral_element_balanced_reaction_is_accepted PASSED
test/rmgpy/reactionTest.py::TestIsBalancedChargeConservation::test_reduction_with_consumed_electron_is_accepted PASSED
test/rmgpy/reactionTest.py::TestIsBalancedChargeConservation::test_oxidation_with_produced_electron_is_accepted PASSED
test/rmgpy/reactionTest.py::TestIsBalancedChargeConservation::test_sign_inverted_electron_reaction_is_rejected PASSED
test/rmgpy/reactionTest.py::TestReverseCollisionLimitDegradation::test_direct_unsupported_reverse_check_skipped_loudly_not_raised PASSED
test/rmgpy/reactionTest.py::TestReverseCollisionLimitDegradation::test_wrapped_unsupported_child_skipped_loudly_not_raised PASSED
test/rmgpy/reactionTest.py::TestReverseCollisionLimitDegradation::test_supported_reverse_check_still_runs PASSED
test/rmgpy/reactionTest.py::TestCollisionLimitAttribution::test_forward_violation_names_the_condition_its_ratio_came_from PASSED
test/rmgpy/reactionTest.py::TestCollisionLimitAttribution::test_reverse_still_checked_when_forward_uncomputable PASSED
test/rmgpy/reactionTest.py::TestCollisionLimitAttribution::test_no_skip_ratios_and_conditions_unchanged PASSED
test/rmgpy/reactionTest.py::TestReverseCollisionLimitPotential::test_arrhenius_charge_transfer_reverse_evaluated_at_reference_potential PASSED
test/rmgpy/reactionTest.py::TestReverseCollisionLimitPotential::test_surface_charge_transfer_reverse_evaluated_at_reference_potential PASSED
test/rmgpy/reactionTest.py::TestReverseCollisionLimitPotential::test_non_charge_transfer_reverse_still_receives_pressure PASSED
test/rmgpy/reactionTest.py::TestReverseCollisionLimitPotentialWrappers::test_multi_arrhenius_of_charge_transfer_evaluated_at_v0 PASSED
test/rmgpy/reactionTest.py::TestReverseCollisionLimitPotentialWrappers::test_pdep_arrhenius_of_charge_transfer_evaluated_at_v0 PASSED
test/rmgpy/reactionTest.py::TestReverseCollisionLimitPotentialWrappers::test_multi_pdep_arrhenius_of_pdep_of_charge_transfer_evaluated_at_v0 PASSED
test/rmgpy/reactionTest.py::TestReverseCollisionLimitPotentialWrappers::test_helper_matches_native_for_non_charge_transfer_wrappers PASSED
test/rmgpy/reactionTest.py::TestReverseCollisionLimitPotentialWrappers::test_top_level_potential_tests_still_pass PASSED
test/rmgpy/reactionTest.py::TestReverseRateAtReferencePotentialRound13::test_pdep_arrhenius_p_zero_raises_matching_native PASSED
test/rmgpy/reactionTest.py::TestReverseRateAtReferencePotentialRound13::test_pdep_arrhenius_interpolation_matches_native_oracle PASSED
test/rmgpy/reactionTest.py::TestReverseRateAtReferencePotentialRound13::test_pdep_arrhenius_below_grid_clamps_low_matching_native PASSED
test/rmgpy/reactionTest.py::TestReverseRateAtReferencePotentialRound13::test_pdep_arrhenius_above_grid_clamps_high_matching_native PASSED
test/rmgpy/reactionTest.py::TestReverseRateAtReferencePotentialRound13::test_pdep_arrhenius_single_entry_matches_native PASSED
test/rmgpy/reactionTest.py::TestReverseRateAtReferencePotentialRound13::test_pdep_arrhenius_duplicate_pressures_matches_native PASSED
test/rmgpy/reactionTest.py::TestReverseRateAtReferencePotentialRound13::test_pdep_arrhenius_with_none_pressures_not_summed PASSED
test/rmgpy/reactionTest.py::TestReverseRateAtReferencePotentialRound13::test_multi_arrhenius_without_pressures_still_summed PASSED
test/rmgpy/reactionTest.py::TestReverseRateAtReferencePotentialRound13::test_multi_pdep_arrhenius_without_pressures_still_summed PASSED
test/rmgpy/reactionTest.py::TestReverseRateAtReferencePotentialRound13::test_arrhenius_charge_transfer_bm_leaf_refused PASSED
test/rmgpy/reactionTest.py::TestReverseRateAtReferencePotentialRound13::test_surface_charge_transfer_bep_leaf_refused PASSED
test/rmgpy/reactionTest.py::TestReverseRateAtReferencePotentialRound13::test_concrete_charge_transfer_leaves_not_refused PASSED
test/rmgpy/reactionTest.py::TestReverseRateAtReferencePotentialRound13::test_multi_arrhenius_wrapping_bm_child_refused PASSED
test/rmgpy/reactionTest.py::TestReverseRateAtReferencePotentialRound13::test_check_collision_limit_violation_skips_reverse_for_wrapped_bm PASSED
test/rmgpy/reactionTest.py::TestReverseRateAtReferencePotentialRound15::test_multi_pdep_arrhenius_empty_children_p_zero_raises_matching_native PASSED
test/rmgpy/reactionTest.py::TestReverseRateAtReferencePotentialRound15::test_multi_pdep_arrhenius_p_zero_raises_matching_native PASSED
test/rmgpy/reactionTest.py::TestReverseRateAtReferencePotentialRound15::test_multi_arrhenius_p_zero_does_not_raise_over_broadening_guard PASSED
test/rmgpy/reactionTest.py::TestReverseRateAtReferencePotentialRound15::test_pdep_arrhenius_charge_transfer_children_evaluated_at_own_v0_through_interpolation PASSED
test/rmgpy/reactionTest.py::TestReverseRateAtReferencePotentialRound15::test_pdep_arrhenius_mixed_charge_transfer_and_ordinary_children_through_interpolation PASSED

================ 519 passed, 4 skipped, 36 deselected in 27.41s ================
