============================= test session starts ==============================
collecting ... collected 107 items

test/rmgpy/chemkinTest.py::ChemkinTest::test_read_thermo_entry_bad_element_count PASSED
test/rmgpy/chemkinTest.py::ChemkinTest::test_read_thermo_entry_not_gas_phase PASSED
test/rmgpy/chemkinTest.py::ChemkinTest::test_read_thermo_entry_not_float PASSED
test/rmgpy/chemkinTest.py::ChemkinTest::test_read_thermo_entry_no_temperature_range PASSED
test/rmgpy/chemkinTest.py::ChemkinTest::test_read_thermo_block_temperature_header_columns PASSED
test/rmgpy/chemkinTest.py::ChemkinTest::test_read_thermo_block_warns_for_badly_formatted_temperature_header PASSED
test/rmgpy/chemkinTest.py::ChemkinTest::test_read_and_write_and_read_template_reaction_family_for_minimal_example PASSED
test/rmgpy/chemkinTest.py::ChemkinTest::test_read_and_write_template_reaction_family_for_pdd_example PASSED
test/rmgpy/chemkinTest.py::ChemkinTest::test_transport_data_read_and_write PASSED
test/rmgpy/chemkinTest.py::ChemkinTest::test_use_chemkin_names PASSED
test/rmgpy/chemkinTest.py::ChemkinTest::test_reactant_n2_is_reactive_and_gets_right_species_identifier PASSED
test/rmgpy/chemkinTest.py::ChemkinTest::test_read_specific_collider PASSED
test/rmgpy/chemkinTest.py::ChemkinTest::test_process_duplicate_reactions PASSED
test/rmgpy/chemkinTest.py::ChemkinTest::test_mark_duplicate_reactions PASSED
test/rmgpy/chemkinTest.py::ChemkinTest::test_read_write_coverage_dependence PASSED
test/rmgpy/chemkinTest.py::ChemkinTest::test_write_kinetics_entry_with_coverage_dependence PASSED
test/rmgpy/chemkinTest.py::ChemkinTest::test_write_elements_section_omits_unused_isotopes_and_surface_site PASSED
test/rmgpy/chemkinTest.py::ChemkinTest::test_write_elements_section_includes_used_isotopes_and_surface_site PASSED
test/rmgpy/chemkinTest.py::ChemkinTest::test_write_elements_section_maps_electron_to_pseudo_element PASSED
test/rmgpy/chemkinTest.py::TestThermoReadWrite::test_write_thermo_block PASSED
test/rmgpy/chemkinTest.py::TestThermoReadWrite::test_read_thermo_block PASSED
test/rmgpy/chemkinTest.py::TestThermoReadWrite::test_write_thermo_block_for_isotope_uses_chemkin_name PASSED
test/rmgpy/chemkinTest.py::TestThermoReadWrite::test_save_chemkin_file_writes_dynamic_elements_section PASSED
test/rmgpy/chemkinTest.py::TestThermoReadWrite::test_save_chemkin_file_adds_electron_element_for_charged_species PASSED
test/rmgpy/chemkinTest.py::TestThermoReadWrite::test_write_thermo_block_for_charged_species_includes_electron_count PASSED
test/rmgpy/chemkinTest.py::TestThermoReadWrite::test_write_thermo_block_5_elem PASSED
test/rmgpy/chemkinTest.py::TestThermoReadWrite::test_read_thermo_block_5_elem PASSED
test/rmgpy/chemkinTest.py::TestThermoReadWrite::test_write_thermo_block_6_elem PASSED
test/rmgpy/chemkinTest.py::TestThermoReadWrite::test_read_thermo_block_6_elem PASSED
test/rmgpy/chemkinTest.py::TestThermoReadWrite::test_write_bidentate_species PASSED
test/rmgpy/chemkinTest.py::TestThermoReadWrite::test_write_thermo_block_one_range PASSED
test/rmgpy/chemkinTest.py::TestThermoReadWrite::test_write_read_one_range_round_trips PASSED
test/rmgpy/chemkinTest.py::TestThermoReadWrite::test_write_read_one_range_varying_cp_round_trips PASSED
test/rmgpy/chemkinTest.py::TestThermoReadWrite::test_write_read_one_range_midpoint_fallback_round_trips PASSED
test/rmgpy/chemkinTest.py::TestThermoReadWrite::test_write_thermo_block_one_range_nasa9_refused PASSED
test/rmgpy/chemkinTest.py::TestThermoReadWrite::test_write_thermo_block_three_ranges_refused PASSED
test/rmgpy/chemkinTest.py::TestThermoReadWrite::test_write_thermo_block_malformed_values_refused PASSED
test/rmgpy/chemkinTest.py::TestReadReactionComments::test_read_reaction_comments_template PASSED
test/rmgpy/chemkinTest.py::TestReadReactionComments::test_read_reaction_comments_family PASSED
test/rmgpy/chemkinTest.py::TestReadReactionComments::test_read_reaction_comments_degeneracy PASSED
test/rmgpy/chemkinTest.py::TestReadReactionComments::test_remove_line_breaks PASSED
test/rmgpy/chemkinTest.py::TestPlasmaChemkinRoundTrip::test_plasma_round_trip_preserves_rate_coefficient PASSED
test/rmgpy/chemkinTest.py::TestPlasmaChemkinRoundTrip::test_plasma_arrhenius_reduction_is_unit_independent PASSED
test/rmgpy/chemkinTest.py::TestPlasmaChemkinRoundTrip::test_plasma_reduction_is_exact_along_the_electron_diagonal PASSED
test/rmgpy/electronPlacementTest.py::TestElectronPlacementResolver::test_synthetic_attachment_resolves_nonmutating PASSED
test/rmgpy/electronPlacementTest.py::TestElectronPlacementResolver::test_molecularity_reconciliation PASSED
test/rmgpy/electronPlacementTest.py::TestElectronPlacementResolver::test_non_attachment_electron_family_fails_by_name PASSED
test/rmgpy/electronPlacementTest.py::TestElectronPlacementResolver::test_family_free_reaction_fails_by_name PASSED
test/rmgpy/electronPlacementTest.py::TestElectronPlacementResolver::test_ionization_shaped_fails_by_name PASSED
test/rmgpy/electronPlacementTest.py::TestElectronPlacementResolver::test_excitation_shaped_fails_by_name PASSED
test/rmgpy/electronPlacementTest.py::TestElectronPlacementResolver::test_double_representation_fails_by_name PASSED
test/rmgpy/electronPlacementTest.py::TestElectronPlacementResolver::test_already_explicit_fails_by_name PASSED
test/rmgpy/electronPlacementTest.py::TestElectronPlacementResolver::test_reverse_generated_reaction_resolves PASSED
test/rmgpy/electronPlacementTest.py::TestElectronPlacementResolver::test_unknown_direction_resolves PASSED
test/rmgpy/electronPlacementTest.py::TestElectronPlacementResolver::test_wrong_side_placement_refused_by_E_balance PASSED
test/rmgpy/electronPlacementTest.py::TestElectronPlacementResolver::test_reversible_resolves_and_stays_reversible PASSED
test/rmgpy/electronPlacementTest.py::TestElectronPlacementResolver::test_missing_kinetics_fails_by_name PASSED
test/rmgpy/electronPlacementTest.py::TestElectronPlacementResolver::test_pressure_dependent_kinetics_fails_by_name PASSED
test/rmgpy/electronPlacementTest.py::TestElectronPlacementResolver::test_kinetics_level_electron_field_fails_by_name PASSED
test/rmgpy/electronPlacementTest.py::TestElectronPlacementResolver::test_missing_electron_species_fails_by_name PASSED
test/rmgpy/electronPlacementTest.py::TestElectronPlacementResolver::test_ambiguous_electron_species_fails_by_name PASSED
test/rmgpy/electronPlacementTest.py::TestElectronPlacementResolver::test_declaration_registry_is_explicit_and_closed PASSED
test/rmgpy/electronPlacementTest.py::TestAttachmentPlacementDatabase::test_generated_reaction_resolves_nondestructively PASSED
test/rmgpy/electronPlacementTest.py::TestAttachmentPlacementDatabase::test_molecularity_reconciliation_on_generated_reaction PASSED
test/rmgpy/electronPlacementTest.py::TestAttachmentPlacementDatabase::test_reactor_autoresolves_canonical_form PASSED
test/rmgpy/electronPlacementTest.py::TestAttachmentPlacementDatabase::test_reactor_accepts_resolved_view PASSED
test/rmgpy/electronPlacementTest.py::TestElectronPlacementReactorIntegration::test_01_family_generated_reaction_reaches_reactor_automatically PASSED
test/rmgpy/electronPlacementTest.py::TestElectronPlacementReactorIntegration::test_02_canonical_reaction_unchanged_after_pipeline PASSED
test/rmgpy/electronPlacementTest.py::TestElectronPlacementReactorIntegration::test_03_view_has_exactly_one_incident_electron_on_reactant_side PASSED
test/rmgpy/electronPlacementTest.py::TestElectronPlacementReactorIntegration::test_04_electron_enters_forward_rate_exactly_once PASSED
test/rmgpy/electronPlacementTest.py::TestElectronPlacementReactorIntegration::test_05_first_order_scaling_in_electron_concentration PASSED
test/rmgpy/electronPlacementTest.py::TestElectronPlacementReactorIntegration::test_06_electron_derivative_negative PASSED
test/rmgpy/electronPlacementTest.py::TestElectronPlacementReactorIntegration::test_07_o2_derivative_negative PASSED
test/rmgpy/electronPlacementTest.py::TestElectronPlacementReactorIntegration::test_08_o2_anion_derivative_positive PASSED
test/rmgpy/electronPlacementTest.py::TestElectronPlacementReactorIntegration::test_09_net_charge_conserved PASSED
test/rmgpy/electronPlacementTest.py::TestElectronPlacementReactorIntegration::test_10_electron_not_double_counted PASSED
test/rmgpy/electronPlacementTest.py::TestElectronPlacementReactorIntegration::test_11_residual_and_jacobian_share_coefficients PASSED
test/rmgpy/electronPlacementTest.py::TestElectronPlacementReactorIntegration::test_12_analytic_electron_jacobian_column_matches_fd PASSED
test/rmgpy/electronPlacementTest.py::TestElectronPlacementReactorIntegration::test_13_running_pipeline_twice_does_not_accumulate_electrons PASSED
test/rmgpy/electronPlacementTest.py::TestElectronPlacementReactorIntegration::test_14_thermal_reactions_pass_through_unchanged PASSED
test/rmgpy/electronPlacementTest.py::TestElectronPlacementReactorIntegration::test_15_reload_and_regenerate_uses_same_automatic_path PASSED
test/rmgpy/electronPlacementTest.py::TestElectronPlacementReactorIntegration::test_16_generated_attachment_remains_irreversible PASSED
test/rmgpy/electronPlacementTest.py::TestElectronPlacementReactorIntegration::test_production_path_invokes_resolver_not_the_test PASSED
test/rmgpy/electronPlacementTest.py::TestElectronPlacementReactorIntegration::test_negative_control_missing_electron_species PASSED
test/rmgpy/electronPlacementTest.py::TestElectronPlacementReactorIntegration::test_negative_control_duplicate_explicit_representation PASSED
test/rmgpy/electronPlacementTest.py::TestElectronPlacementReactorIntegration::test_negative_control_unsupported_ionization_shaped PASSED
test/rmgpy/electronPlacementTest.py::TestElectronPlacementReactorIntegration::test_regression_plasma_kinetics_without_incident_electron_refused PASSED
test/rmgpy/electronPlacementTest.py::TestElectronPlacementReactorIntegration::test_regression_reinit_same_reactor_does_not_accumulate PASSED
test/rmgpy/electronPlacementTest.py::TestElectronPlacementReactorIntegration::test_regression_reaction_index_maps_canonical_not_view PASSED
test/rmgpy/electronPlacementTest.py::TestCationRecombinationPlacement::test_00_reaction_is_reverse_generated_and_reversible PASSED
test/rmgpy/electronPlacementTest.py::TestCationRecombinationPlacement::test_01_electron_placed_on_reactant_side_exactly_once PASSED
test/rmgpy/electronPlacementTest.py::TestCationRecombinationPlacement::test_02_view_balances_in_charge_and_E_pseudo_element PASSED
test/rmgpy/electronPlacementTest.py::TestCationRecombinationPlacement::test_03_canonical_reaction_is_not_mutated PASSED
test/rmgpy/electronPlacementTest.py::TestCationRecombinationPlacement::test_04_view_stays_reversible PASSED
test/rmgpy/electronPlacementTest.py::TestCationRecombinationPlacement::test_05_reactor_still_refuses_the_reversible_view_by_name PASSED
test/rmgpy/electronPlacementTest.py::TestNewPlasmaFamiliesResolver::test_electron_impact_ionization_resolves PASSED
test/rmgpy/electronPlacementTest.py::TestNewPlasmaFamiliesResolver::test_radiative_recombination_resolves PASSED
test/rmgpy/electronPlacementTest.py::TestNewPlasmaFamiliesDatabase::test_electron_impact_ionization_generated_resolves PASSED
test/rmgpy/electronPlacementTest.py::TestNewPlasmaFamiliesDatabase::test_radiative_recombination_generated_resolves PASSED
test/rmgpy/electronPlacementTest.py::TestNetZeroElectronPlacementGate::test_net_zero_carrier_reaches_the_resolver PASSED
test/rmgpy/electronPlacementTest.py::TestNetZeroElectronPlacementGate::test_resolved_order_matches_the_coefficient_units PASSED
test/rmgpy/electronPlacementTest.py::TestNetZeroElectronPlacementGate::test_resolver_is_actually_consulted PASSED
test/rmgpy/electronPlacementTest.py::TestNetZeroElectronPlacementGate::test_canonical_reaction_not_mutated PASSED
test/rmgpy/electronPlacementTest.py::TestNetZeroElectronPlacementGate::test_neutral_undeclared_still_passes_through PASSED
test/rmgpy/electronPlacementTest.py::TestNetZeroElectronPlacementGate::test_declared_owner_already_explicit_passes_through PASSED
test/rmgpy/electronPlacementTest.py::TestNetZeroElectronPlacementGate::test_gate_electron_test_is_defensive_like_the_resolver PASSED
test/rmgpy/electronPlacementTest.py::TestNetZeroElectronPlacementGate::test_declared_nonzero_owner_with_zero_metadata_fails_by_name PASSED

=============================== warnings summary ===============================
test/rmgpy/electronPlacementTest.py::TestCationRecombinationPlacement::test_00_reaction_is_reverse_generated_and_reversible
  /home/alon/Code/RMG-Py-i221-saturation-fix/rmgpy/data/kinetics/family.py:1155: DeprecationWarning: add_rules_from_training should be only called for non-ATG families, but Cation_R_Recombination is an ATG family. Skip this function call. Calling add_rules_from_training on ATG families may be deprecated in RMG-Py 3.2
    warnings.warn(f'add_rules_from_training should be only called for non-ATG families, '

test/rmgpy/electronPlacementTest.py::TestCationRecombinationPlacement::test_00_reaction_is_reverse_generated_and_reversible
  /home/alon/Code/RMG-Py-i221-saturation-fix/rmgpy/data/kinetics/family.py:1366: DeprecationWarning: fill_rules_by_averaging_up should be only called for non-ATG families, but Cation_R_Recombination is an ATG family. Skip this function call. Calling fill_rules_by_averaging_up on ATG families may be deprecated in RMG-Py 3.2
    warnings.warn(f'fill_rules_by_averaging_up should be only called for non-ATG families, '

-- Docs: https://docs.pytest.org/en/stable/how-to/capture-warnings.html
================================ tests coverage ================================
_______________ coverage: platform linux, python 3.9.23-final-0 ________________

Coverage HTML written to dir htmlcov
======================= 107 passed, 2 warnings in 13.56s =======================
