============================= test session starts ==============================
platform linux -- Python 3.9.23, pytest-8.4.1, pluggy-1.6.0 -- /home/alon/anaconda3/envs/rmg_env/bin/python
rootdir: /home/alon/Code/RMG-Py-i217-thermo-surface-gate
configfile: pytest.ini
plugins: check-2.5.3, cov-6.2.1, anyio-4.10.0
collecting ... collected 2 items

test/rmgpy/data/rmgTest.py::RMGDatabaseLoadSurfaceTest::test_load_surface_false_populates_thermo_without_adsorption_groups_loaded FAILED
test/rmgpy/data/rmgTest.py::RMGDatabaseLoadSurfaceTest::test_load_surface_true_populates_thermo_with_adsorption_groups_loaded PASSED

=================================== FAILURES ===================================
_ RMGDatabaseLoadSurfaceTest.test_load_surface_false_populates_thermo_without_adsorption_groups_loaded _

self = <rmgTest.RMGDatabaseLoadSurfaceTest object at 0x7a19d6d453a0>

    def test_load_surface_false_populates_thermo_without_adsorption_groups_loaded(self):
        db = _load(surface=False)
    
        # The core defect: `db.thermo` must not be the sentinel `None` set by
        # `RMGDatabase.__init__`. Assert on the value, not on "did it raise".
>       assert db.thermo is not None, (
            "RMGDatabase.load(surface=False) left db.thermo as None -- thermo was "
            "never loaded because load_thermo() was only called inside `if surface:`."
        )
E       AssertionError: RMGDatabase.load(surface=False) left db.thermo as None -- thermo was never loaded because load_thermo() was only called inside `if surface:`.
E       assert None is not None
E        +  where None = <rmgpy.data.rmg.RMGDatabase object at 0x7a19d6d451f0>.thermo

test/rmgpy/data/rmgTest.py:93: AssertionError
=========================== short test summary info ============================
FAILED test/rmgpy/data/rmgTest.py::RMGDatabaseLoadSurfaceTest::test_load_surface_false_populates_thermo_without_adsorption_groups_loaded
========================= 1 failed, 1 passed in 2.95s ==========================
