============================= test session starts ==============================
platform linux -- Python 3.9.23, pytest-8.4.1, pluggy-1.6.0 -- /home/alon/anaconda3/envs/rmg_env/bin/python3.9
rootdir: /home/alon/Code/RMG-Py-i244-chemkin-duplicate-electron-aware
configfile: pytest.ini
plugins: check-2.5.3, cov-6.2.1, anyio-4.10.0
collecting ... collected 465 items

test/rmgpy/i244ChemkinDuplicateElectronTest.py::TestElectronPlacementSeparatesDuplicates::test_two_owners_of_one_ionisation_channel_are_not_duplicates PASSED
test/rmgpy/i244ChemkinDuplicateElectronTest.py::TestElectronPlacementSeparatesDuplicates::test_matching_placement_is_still_a_duplicate PASSED
test/rmgpy/i244ChemkinDuplicateElectronTest.py::TestThreeBodyRecombinationShape::test_the_duplicate_check_separates_the_pair PASSED
test/rmgpy/i244ChemkinDuplicateElectronTest.py::TestThreeBodyRecombinationShape::test_the_export_boundary_refuses_a_reversed_declared_reaction PASSED
test/rmgpy/i244ChemkinDuplicateElectronTest.py::TestThreeBodyRecombinationShape::test_an_undeclared_three_body_owner_is_still_folded_onto_the_radiative_channel PASSED
test/rmgpy/i244ChemkinDuplicateElectronTest.py::TestOrdinaryDuplicateHandlingIsUntouched::test_neutral_duplicate_pair_is_still_marked PASSED
test/rmgpy/i244ChemkinDuplicateElectronTest.py::TestOrdinaryDuplicateHandlingIsUntouched::test_opposite_direction_irreversible_branch_still_unmarks PASSED
test/rmgpy/i244ChemkinDuplicateElectronTest.py::TestOrdinaryDuplicateHandlingIsUntouched::test_mixed_pressure_dependence_branch_still_unmarks PASSED
test/rmgpy/i244ChemkinDuplicateElectronTest.py::TestDuplicateIsAGroupPredicate::test_a_pre_marked_placement_mismatched_pair_is_cleared PASSED
test/rmgpy/i244ChemkinDuplicateElectronTest.py::TestDuplicateIsAGroupPredicate::test_a_cross_group_comparison_does_not_clear_another_groups_flags PASSED
test/rmgpy/i244ChemkinDuplicateElectronTest.py::TestDuplicateIsAGroupPredicate::test_a_lone_flag_that_names_no_mate_is_cleared PASSED
test/rmgpy/i244ChemkinDuplicateElectronTest.py::TestDuplicateIsAGroupPredicate::test_a_pre_marked_mixed_reversibility_pair_is_cleared PASSED
test/rmgpy/i244ChemkinDuplicateElectronTest.py::TestDuplicateIsAGroupPredicate::test_the_verdict_does_not_depend_on_the_flags_it_arrives_with PASSED
test/rmgpy/i244ChemkinDuplicateElectronTest.py::TestDuplicateIsAGroupPredicate::test_the_production_save_path_recomputes_the_flags PASSED
test/rmgpy/i244ChemkinDuplicateElectronTest.py::TestPlacementTruthTable::test_same_direction_rows[0-0-NeutralLibA-NeutralLibB-True-(0, 0) vs (0, 0) -- all neutral chemistry, unchanged] PASSED
test/rmgpy/i244ChemkinDuplicateElectronTest.py::TestPlacementTruthTable::test_same_direction_rows[1-1-PlasmaElectronImpactIonization-PlasmaElectronImpactIonization-True-(1, 2) vs (1, 2) -- a genuine duplicate of a declared channel] PASSED
test/rmgpy/i244ChemkinDuplicateElectronTest.py::TestPlacementTruthTable::test_same_direction_rows[1-1-AnUndeclaredKineticsLibrary-AnotherUndeclaredLibrary-True-(0, 1) vs (0, 1) -- a genuine duplicate under the net-derived rule] PASSED
test/rmgpy/i244ChemkinDuplicateElectronTest.py::TestPlacementTruthTable::test_same_direction_rows[1-1-PlasmaElectronImpactIonization-AnUndeclaredKineticsLibrary-False-(1, 2) vs (0, 1) -- equal net count, different incident order] PASSED
test/rmgpy/i244ChemkinDuplicateElectronTest.py::TestPlacementTruthTable::test_same_direction_rows[1-1-AnUndeclaredKineticsLibrary-PlasmaElectronImpactIonization-False-(0, 1) vs (1, 2) -- the same row with the arguments swapped] PASSED
test/rmgpy/chemkinTest.py::ChemkinTest::test_read_thermo_entry_bad_element_count PASSED
test/rmgpy/chemkinTest.py::ChemkinTest::test_read_thermo_entry_not_gas_phase PASSED
test/rmgpy/chemkinTest.py::ChemkinTest::test_read_thermo_entry_not_float PASSED
test/rmgpy/chemkinTest.py::ChemkinTest::test_read_thermo_entry_no_temperature_range PASSED
test/rmgpy/chemkinTest.py::ChemkinTest::test_read_thermo_block_temperature_header_columns PASSED
test/rmgpy/chemkinTest.py::ChemkinTest::test_read_thermo_block_warns_for_badly_formatted_temperature_header PASSED
test/rmgpy/chemkinTest.py::ChemkinTest::test_read_and_write_and_read_template_reaction_family_for_minimal_example PASSED
test/rmgpy/chemkinTest.py::ChemkinTest::test_read_and_write_template_reaction_family_for_pdd_example PASSED
test/rmgpy/chemkinTest.py::ChemkinTest::test_transport_data_read_and_write PASSED
test/rmgpy/chemkinTest.py::ChemkinTest::test_use_chemkin_names PASSED
test/rmgpy/chemkinTest.py::ChemkinTest::test_reactant_n2_is_reactive_and_gets_right_species_identifier PASSED
test/rmgpy/chemkinTest.py::ChemkinTest::test_read_specific_collider PASSED
test/rmgpy/chemkinTest.py::ChemkinTest::test_process_duplicate_reactions PASSED
test/rmgpy/chemkinTest.py::ChemkinTest::test_mark_duplicate_reactions PASSED
test/rmgpy/chemkinTest.py::ChemkinTest::test_read_write_coverage_dependence PASSED
test/rmgpy/chemkinTest.py::ChemkinTest::test_write_kinetics_entry_with_coverage_dependence PASSED
test/rmgpy/chemkinTest.py::ChemkinTest::test_write_elements_section_omits_unused_isotopes_and_surface_site PASSED
test/rmgpy/chemkinTest.py::ChemkinTest::test_write_elements_section_includes_used_isotopes_and_surface_site PASSED
test/rmgpy/chemkinTest.py::ChemkinTest::test_write_elements_section_maps_electron_to_pseudo_element PASSED
test/rmgpy/chemkinTest.py::TestThermoReadWrite::test_write_thermo_block PASSED
test/rmgpy/chemkinTest.py::TestThermoReadWrite::test_read_thermo_block PASSED
test/rmgpy/chemkinTest.py::TestThermoReadWrite::test_write_thermo_block_for_isotope_uses_chemkin_name PASSED
test/rmgpy/chemkinTest.py::TestThermoReadWrite::test_save_chemkin_file_writes_dynamic_elements_section PASSED
test/rmgpy/chemkinTest.py::TestThermoReadWrite::test_save_chemkin_file_adds_electron_element_for_charged_species PASSED
test/rmgpy/chemkinTest.py::TestThermoReadWrite::test_write_thermo_block_for_charged_species_includes_electron_count PASSED
test/rmgpy/chemkinTest.py::TestThermoReadWrite::test_write_thermo_block_5_elem PASSED
test/rmgpy/chemkinTest.py::TestThermoReadWrite::test_read_thermo_block_5_elem PASSED
test/rmgpy/chemkinTest.py::TestThermoReadWrite::test_write_thermo_block_6_elem PASSED
test/rmgpy/chemkinTest.py::TestThermoReadWrite::test_read_thermo_block_6_elem PASSED
test/rmgpy/chemkinTest.py::TestThermoReadWrite::test_write_bidentate_species PASSED
test/rmgpy/chemkinTest.py::TestReadReactionComments::test_read_reaction_comments_template PASSED
test/rmgpy/chemkinTest.py::TestReadReactionComments::test_read_reaction_comments_family PASSED
test/rmgpy/chemkinTest.py::TestReadReactionComments::test_read_reaction_comments_degeneracy PASSED
test/rmgpy/chemkinTest.py::TestReadReactionComments::test_remove_line_breaks PASSED
test/rmgpy/chemkinTest.py::TestPlasmaChemkinRoundTrip::test_plasma_round_trip_preserves_rate_coefficient PASSED
test/rmgpy/chemkinTest.py::TestPlasmaChemkinRoundTrip::test_plasma_arrhenius_reduction_is_unit_independent PASSED
test/rmgpy/chemkinTest.py::TestPlasmaChemkinRoundTrip::test_plasma_reduction_is_exact_along_the_electron_diagonal PASSED
test/rmgpy/plasmaExportTest.py::TestCanteraRoundTrip::test_reaction_count_survives PASSED
test/rmgpy/plasmaExportTest.py::TestCanteraRoundTrip::test_two_temperature_plasma_parameters PASSED
test/rmgpy/plasmaExportTest.py::TestCanteraRoundTrip::test_electron_collision_plasma_parameters PASSED
test/rmgpy/plasmaExportTest.py::TestCanteraRoundTrip::test_badnell_and_voronov_parameters[2] PASSED
test/rmgpy/plasmaExportTest.py::TestCanteraRoundTrip::test_badnell_and_voronov_parameters[3] PASSED
test/rmgpy/plasmaExportTest.py::TestCanteraRoundTrip::test_badnell_and_voronov_rate_is_electron_temperature_only PASSED
test/rmgpy/plasmaExportTest.py::TestCanteraRoundTrip::test_ionization_is_first_order_in_the_electron PASSED
test/rmgpy/plasmaExportTest.py::TestCanteraRoundTrip::test_plain_arrhenius_still_correct PASSED
test/rmgpy/plasmaExportTest.py::TestUnhandledKineticsFailsLoudly::test_cantera_writer_raises_and_writes_no_file_with_the_reaction PASSED
test/rmgpy/plasmaExportTest.py::TestUnhandledKineticsFailsLoudly::test_chemkin_writer_raises_and_writes_no_file_with_the_reaction PASSED
test/rmgpy/plasmaExportTest.py::TestUnhandledKineticsFailsLoudly::test_no_opt_out_downgrades_it_to_a_warning PASSED
test/rmgpy/plasmaExportTest.py::TestElectronBalance::test_cantera_equations_carry_the_electron PASSED
test/rmgpy/plasmaExportTest.py::TestElectronBalance::test_cantera_reactions_balance_in_E PASSED
test/rmgpy/plasmaExportTest.py::TestElectronBalance::test_chemkin_equations_carry_the_electron PASSED
test/rmgpy/plasmaExportTest.py::TestElectronBalance::test_unbalanced_E_is_caught_by_the_same_loud_path PASSED
test/rmgpy/plasmaExportTest.py::TestElectronBalance::test_missing_electron_species_is_caught PASSED
test/rmgpy/plasmaExportTest.py::TestElectronBalance::test_electron_density_dependence_without_a_reactant_electron_is_caught PASSED
test/rmgpy/plasmaExportTest.py::TestBothWriters::test_chemkin_writes_every_plasma_reaction_with_real_parameters PASSED
test/rmgpy/plasmaExportTest.py::TestBothWriters::test_chemkin_plasma_rate_matches_the_rmg_object PASSED
test/rmgpy/plasmaExportTest.py::TestBothWriters::test_both_writers_agree_on_which_reactions_exist PASSED
test/rmgpy/plasmaExportTest.py::TestBothWriters::test_write_kinetics_entry_raises_for_unhandled_type PASSED
test/rmgpy/plasmaExportTest.py::TestChargeTransferKinetics::test_inert_surface_charge_transfer_round_trips_in_cantera PASSED
test/rmgpy/plasmaExportTest.py::TestChargeTransferKinetics::test_live_surface_charge_transfer_is_refused_in_cantera PASSED
test/rmgpy/plasmaExportTest.py::TestChargeTransferKinetics::test_cantera_never_writes_a_beta_that_cantera_would_discard PASSED
test/rmgpy/plasmaExportTest.py::TestChargeTransferKinetics::test_inertness_rule_in_both_writers[0.0--1-72.0-True] PASSED
test/rmgpy/plasmaExportTest.py::TestChargeTransferKinetics::test_inertness_rule_in_both_writers[0.62-0-72.0-True] PASSED
test/rmgpy/plasmaExportTest.py::TestChargeTransferKinetics::test_inertness_rule_in_both_writers[0.62--1-72.0-False] PASSED
test/rmgpy/plasmaExportTest.py::TestChargeTransferKinetics::test_inertness_rule_in_both_writers[0.0--1--5.0-False] PASSED
test/rmgpy/plasmaExportTest.py::TestChargeTransferKinetics::test_marcus_is_refused_by_both_writers PASSED
test/rmgpy/plasmaExportTest.py::TestMultiKineticsCarryElectrons::test_multi_arrhenius[-1-cm^3/(mol*s)-O(4) + e(1) => O-(5)] PASSED
test/rmgpy/plasmaExportTest.py::TestMultiKineticsCarryElectrons::test_multi_arrhenius[1-s^-1-O-(5) => O(4) + e(1)] PASSED
test/rmgpy/plasmaExportTest.py::TestMultiKineticsCarryElectrons::test_multi_pdep_arrhenius[-1-O(4) + e(1) => O-(5)] PASSED
test/rmgpy/plasmaExportTest.py::TestMultiKineticsCarryElectrons::test_multi_pdep_arrhenius[1-O-(5) => O(4) + e(1)] PASSED
test/rmgpy/plasmaExportTest.py::TestWritersAgreeOnMissingElectronSpecies::test_both_refuse_plasma_kinetics_with_no_electron_species PASSED
test/rmgpy/plasmaExportTest.py::TestWrongReactionOrderGuard::test_electron_impact_without_an_electron_reactant_is_caught[1-ElectronCollisionPlasma] PASSED
test/rmgpy/plasmaExportTest.py::TestWrongReactionOrderGuard::test_electron_impact_without_an_electron_reactant_is_caught[0-TwoTemperaturePlasma] PASSED
test/rmgpy/plasmaExportTest.py::TestWrongReactionOrderGuard::test_the_five_reaction_plasma_fixture_still_exports PASSED
test/rmgpy/plasmaExportTest.py::TestFailedExportLeavesNothing::test_chemkin_leaves_no_partial_file_and_no_dirty_counter PASSED
test/rmgpy/plasmaExportTest.py::TestFailedExportLeavesNothing::test_chemkin_does_not_clobber_an_existing_good_file PASSED
test/rmgpy/plasmaExportTest.py::TestFailedExportLeavesNothing::test_counter_is_cleared_after_a_successful_export_too PASSED
test/rmgpy/plasmaExportTest.py::TestFailedExportLeavesNothing::test_cantera_leaves_no_partial_file PASSED
test/rmgpy/plasmaExportTest.py::TestWritersAgreeOnTheRate::test_both_writers_evaluate_to_the_same_rate[Arrhenius] PASSED
test/rmgpy/plasmaExportTest.py::TestWritersAgreeOnTheRate::test_both_writers_evaluate_to_the_same_rate[ThirdBody] PASSED
test/rmgpy/plasmaExportTest.py::TestWritersAgreeOnTheRate::test_both_writers_evaluate_to_the_same_rate[Troe] PASSED
test/rmgpy/plasmaExportTest.py::TestWritersAgreeOnTheRate::test_both_writers_evaluate_to_the_same_rate[Lindemann] PASSED
test/rmgpy/plasmaExportTest.py::TestWritersAgreeOnTheRate::test_both_writers_evaluate_to_the_same_rate[PDepArrhenius] PASSED
test/rmgpy/plasmaExportTest.py::TestWritersAgreeOnTheRate::test_both_writers_evaluate_to_the_same_rate[MultiArrhenius] PASSED
test/rmgpy/plasmaExportTest.py::TestWritersAgreeOnTheRate::test_both_writers_evaluate_to_the_same_rate[ArrheniusChargeTransfer] PASSED
test/rmgpy/plasmaExportTest.py::TestWritersAgreeOnTheRate::test_exported_rate_does_not_depend_on_the_reference_temperature[Arrhenius] PASSED
test/rmgpy/plasmaExportTest.py::TestWritersAgreeOnTheRate::test_exported_rate_does_not_depend_on_the_reference_temperature[ThirdBody] PASSED
test/rmgpy/plasmaExportTest.py::TestWritersAgreeOnTheRate::test_exported_rate_does_not_depend_on_the_reference_temperature[Troe] PASSED
test/rmgpy/plasmaExportTest.py::TestWritersAgreeOnTheRate::test_exported_rate_does_not_depend_on_the_reference_temperature[Lindemann] PASSED
test/rmgpy/plasmaExportTest.py::TestWritersAgreeOnTheRate::test_exported_rate_does_not_depend_on_the_reference_temperature[PDepArrhenius] PASSED
test/rmgpy/plasmaExportTest.py::TestWritersAgreeOnTheRate::test_exported_rate_does_not_depend_on_the_reference_temperature[MultiArrhenius] PASSED
test/rmgpy/plasmaExportTest.py::TestWritersAgreeOnTheRate::test_exported_rate_does_not_depend_on_the_reference_temperature[ArrheniusChargeTransfer] PASSED
test/rmgpy/plasmaExportTest.py::TestWritersAgreeOnTheRate::test_exported_rate_does_not_depend_on_the_reference_temperature[StickingCoefficient] PASSED
test/rmgpy/plasmaExportTest.py::TestWritersAgreeOnTheRate::test_exported_rate_does_not_depend_on_the_reference_temperature[SurfaceArrhenius] PASSED
test/rmgpy/plasmaExportTest.py::TestWritersAgreeOnTheRate::test_exported_rate_does_not_depend_on_the_reference_temperature[SurfaceChargeTransfer] PASSED
test/rmgpy/plasmaExportTest.py::TestConventionalReferenceTemperatureIsUnchanged::test_gas_export_is_byte_identical_to_the_base_commit PASSED
test/rmgpy/plasmaExportTest.py::TestConventionalReferenceTemperatureIsUnchanged::test_surface_export_is_byte_identical_to_the_base_commit PASSED
test/rmgpy/plasmaExportTest.py::TestConventionalReferenceTemperatureIsUnchanged::test_the_goldens_really_do_use_the_conventional_reference_temperature PASSED
test/rmgpy/plasmaExportTest.py::TestCanteraWriteIsAtomic::test_a_failure_inside_the_dump_leaves_the_previous_file_intact PASSED
test/rmgpy/plasmaExportTest.py::TestCanteraWriteIsAtomic::test_a_failure_inside_the_dump_creates_no_file_where_there_was_none PASSED
test/rmgpy/plasmaExportTest.py::TestChemkinOutputSetIsCoherent::test_a_full_export_writes_the_whole_set PASSED
test/rmgpy/plasmaExportTest.py::TestChemkinOutputSetIsCoherent::test_a_failure_on_a_later_file_leaves_the_earlier_ones_untouched PASSED
test/rmgpy/plasmaExportTest.py::TestChemkinOutputSetIsCoherent::test_a_failure_on_a_later_file_writes_nothing_at_all_the_first_time PASSED
test/rmgpy/plasmaExportTest.py::TestMultiKineticsReconstructionKeepsTheReaction::test_every_component_keeps_index_collider_pairs_and_electrons PASSED
test/rmgpy/plasmaExportTest.py::TestMultiKineticsReconstructionKeepsTheReaction::test_a_grouped_third_body_reaction_keeps_its_collider_in_the_equation PASSED
test/rmgpy/i134DuplicateElectronsTest.py::TestTheUndeclaredOwnerContract::test_counts_are_the_net_rule[-3] PASSED
test/rmgpy/i134DuplicateElectronsTest.py::TestTheUndeclaredOwnerContract::test_counts_are_the_net_rule[-2] PASSED
test/rmgpy/i134DuplicateElectronsTest.py::TestTheUndeclaredOwnerContract::test_counts_are_the_net_rule[-1] PASSED
test/rmgpy/i134DuplicateElectronsTest.py::TestTheUndeclaredOwnerContract::test_counts_are_the_net_rule[0] PASSED
test/rmgpy/i134DuplicateElectronsTest.py::TestTheUndeclaredOwnerContract::test_counts_are_the_net_rule[1] PASSED
test/rmgpy/i134DuplicateElectronsTest.py::TestTheUndeclaredOwnerContract::test_counts_are_the_net_rule[2] PASSED
test/rmgpy/i134DuplicateElectronsTest.py::TestTheUndeclaredOwnerContract::test_counts_are_the_net_rule[3] PASSED
test/rmgpy/i134DuplicateElectronsTest.py::TestTheUndeclaredOwnerContract::test_a_reaction_with_no_family_attribute_at_all PASSED
test/rmgpy/i134DuplicateElectronsTest.py::TestTheUndeclaredOwnerContract::test_an_unrecognised_owner_is_undeclared PASSED
test/rmgpy/i134DuplicateElectronsTest.py::TestTheUndeclaredOwnerContract::test_is_isomorphic_forward_verdict_is_exactly_its_old_net_comparison[-3--3] PASSED
test/rmgpy/i134DuplicateElectronsTest.py::TestTheUndeclaredOwnerContract::test_is_isomorphic_forward_verdict_is_exactly_its_old_net_comparison[-3--2] PASSED
test/rmgpy/i134DuplicateElectronsTest.py::TestTheUndeclaredOwnerContract::test_is_isomorphic_forward_verdict_is_exactly_its_old_net_comparison[-3--1] PASSED
test/rmgpy/i134DuplicateElectronsTest.py::TestTheUndeclaredOwnerContract::test_is_isomorphic_forward_verdict_is_exactly_its_old_net_comparison[-3-0] PASSED
test/rmgpy/i134DuplicateElectronsTest.py::TestTheUndeclaredOwnerContract::test_is_isomorphic_forward_verdict_is_exactly_its_old_net_comparison[-3-1] PASSED
test/rmgpy/i134DuplicateElectronsTest.py::TestTheUndeclaredOwnerContract::test_is_isomorphic_forward_verdict_is_exactly_its_old_net_comparison[-3-2] PASSED
test/rmgpy/i134DuplicateElectronsTest.py::TestTheUndeclaredOwnerContract::test_is_isomorphic_forward_verdict_is_exactly_its_old_net_comparison[-3-3] PASSED
test/rmgpy/i134DuplicateElectronsTest.py::TestTheUndeclaredOwnerContract::test_is_isomorphic_forward_verdict_is_exactly_its_old_net_comparison[-2--3] PASSED
test/rmgpy/i134DuplicateElectronsTest.py::TestTheUndeclaredOwnerContract::test_is_isomorphic_forward_verdict_is_exactly_its_old_net_comparison[-2--2] PASSED
test/rmgpy/i134DuplicateElectronsTest.py::TestTheUndeclaredOwnerContract::test_is_isomorphic_forward_verdict_is_exactly_its_old_net_comparison[-2--1] PASSED
test/rmgpy/i134DuplicateElectronsTest.py::TestTheUndeclaredOwnerContract::test_is_isomorphic_forward_verdict_is_exactly_its_old_net_comparison[-2-0] PASSED
test/rmgpy/i134DuplicateElectronsTest.py::TestTheUndeclaredOwnerContract::test_is_isomorphic_forward_verdict_is_exactly_its_old_net_comparison[-2-1] PASSED
test/rmgpy/i134DuplicateElectronsTest.py::TestTheUndeclaredOwnerContract::test_is_isomorphic_forward_verdict_is_exactly_its_old_net_comparison[-2-2] PASSED
test/rmgpy/i134DuplicateElectronsTest.py::TestTheUndeclaredOwnerContract::test_is_isomorphic_forward_verdict_is_exactly_its_old_net_comparison[-2-3] PASSED
test/rmgpy/i134DuplicateElectronsTest.py::TestTheUndeclaredOwnerContract::test_is_isomorphic_forward_verdict_is_exactly_its_old_net_comparison[-1--3] PASSED
test/rmgpy/i134DuplicateElectronsTest.py::TestTheUndeclaredOwnerContract::test_is_isomorphic_forward_verdict_is_exactly_its_old_net_comparison[-1--2] PASSED
test/rmgpy/i134DuplicateElectronsTest.py::TestTheUndeclaredOwnerContract::test_is_isomorphic_forward_verdict_is_exactly_its_old_net_comparison[-1--1] PASSED
test/rmgpy/i134DuplicateElectronsTest.py::TestTheUndeclaredOwnerContract::test_is_isomorphic_forward_verdict_is_exactly_its_old_net_comparison[-1-0] PASSED
test/rmgpy/i134DuplicateElectronsTest.py::TestTheUndeclaredOwnerContract::test_is_isomorphic_forward_verdict_is_exactly_its_old_net_comparison[-1-1] PASSED
test/rmgpy/i134DuplicateElectronsTest.py::TestTheUndeclaredOwnerContract::test_is_isomorphic_forward_verdict_is_exactly_its_old_net_comparison[-1-2] PASSED
test/rmgpy/i134DuplicateElectronsTest.py::TestTheUndeclaredOwnerContract::test_is_isomorphic_forward_verdict_is_exactly_its_old_net_comparison[-1-3] PASSED
test/rmgpy/i134DuplicateElectronsTest.py::TestTheUndeclaredOwnerContract::test_is_isomorphic_forward_verdict_is_exactly_its_old_net_comparison[0--3] PASSED
test/rmgpy/i134DuplicateElectronsTest.py::TestTheUndeclaredOwnerContract::test_is_isomorphic_forward_verdict_is_exactly_its_old_net_comparison[0--2] PASSED
test/rmgpy/i134DuplicateElectronsTest.py::TestTheUndeclaredOwnerContract::test_is_isomorphic_forward_verdict_is_exactly_its_old_net_comparison[0--1] PASSED
test/rmgpy/i134DuplicateElectronsTest.py::TestTheUndeclaredOwnerContract::test_is_isomorphic_forward_verdict_is_exactly_its_old_net_comparison[0-0] PASSED
test/rmgpy/i134DuplicateElectronsTest.py::TestTheUndeclaredOwnerContract::test_is_isomorphic_forward_verdict_is_exactly_its_old_net_comparison[0-1] PASSED
test/rmgpy/i134DuplicateElectronsTest.py::TestTheUndeclaredOwnerContract::test_is_isomorphic_forward_verdict_is_exactly_its_old_net_comparison[0-2] PASSED
test/rmgpy/i134DuplicateElectronsTest.py::TestTheUndeclaredOwnerContract::test_is_isomorphic_forward_verdict_is_exactly_its_old_net_comparison[0-3] PASSED
test/rmgpy/i134DuplicateElectronsTest.py::TestTheUndeclaredOwnerContract::test_is_isomorphic_forward_verdict_is_exactly_its_old_net_comparison[1--3] PASSED
test/rmgpy/i134DuplicateElectronsTest.py::TestTheUndeclaredOwnerContract::test_is_isomorphic_forward_verdict_is_exactly_its_old_net_comparison[1--2] PASSED
test/rmgpy/i134DuplicateElectronsTest.py::TestTheUndeclaredOwnerContract::test_is_isomorphic_forward_verdict_is_exactly_its_old_net_comparison[1--1] PASSED
test/rmgpy/i134DuplicateElectronsTest.py::TestTheUndeclaredOwnerContract::test_is_isomorphic_forward_verdict_is_exactly_its_old_net_comparison[1-0] PASSED
test/rmgpy/i134DuplicateElectronsTest.py::TestTheUndeclaredOwnerContract::test_is_isomorphic_forward_verdict_is_exactly_its_old_net_comparison[1-1] PASSED
test/rmgpy/i134DuplicateElectronsTest.py::TestTheUndeclaredOwnerContract::test_is_isomorphic_forward_verdict_is_exactly_its_old_net_comparison[1-2] PASSED
test/rmgpy/i134DuplicateElectronsTest.py::TestTheUndeclaredOwnerContract::test_is_isomorphic_forward_verdict_is_exactly_its_old_net_comparison[1-3] PASSED
test/rmgpy/i134DuplicateElectronsTest.py::TestTheUndeclaredOwnerContract::test_is_isomorphic_forward_verdict_is_exactly_its_old_net_comparison[2--3] PASSED
test/rmgpy/i134DuplicateElectronsTest.py::TestTheUndeclaredOwnerContract::test_is_isomorphic_forward_verdict_is_exactly_its_old_net_comparison[2--2] PASSED
test/rmgpy/i134DuplicateElectronsTest.py::TestTheUndeclaredOwnerContract::test_is_isomorphic_forward_verdict_is_exactly_its_old_net_comparison[2--1] PASSED
test/rmgpy/i134DuplicateElectronsTest.py::TestTheUndeclaredOwnerContract::test_is_isomorphic_forward_verdict_is_exactly_its_old_net_comparison[2-0] PASSED
test/rmgpy/i134DuplicateElectronsTest.py::TestTheUndeclaredOwnerContract::test_is_isomorphic_forward_verdict_is_exactly_its_old_net_comparison[2-1] PASSED
test/rmgpy/i134DuplicateElectronsTest.py::TestTheUndeclaredOwnerContract::test_is_isomorphic_forward_verdict_is_exactly_its_old_net_comparison[2-2] PASSED
test/rmgpy/i134DuplicateElectronsTest.py::TestTheUndeclaredOwnerContract::test_is_isomorphic_forward_verdict_is_exactly_its_old_net_comparison[2-3] PASSED
test/rmgpy/i134DuplicateElectronsTest.py::TestTheUndeclaredOwnerContract::test_is_isomorphic_forward_verdict_is_exactly_its_old_net_comparison[3--3] PASSED
test/rmgpy/i134DuplicateElectronsTest.py::TestTheUndeclaredOwnerContract::test_is_isomorphic_forward_verdict_is_exactly_its_old_net_comparison[3--2] PASSED
test/rmgpy/i134DuplicateElectronsTest.py::TestTheUndeclaredOwnerContract::test_is_isomorphic_forward_verdict_is_exactly_its_old_net_comparison[3--1] PASSED
test/rmgpy/i134DuplicateElectronsTest.py::TestTheUndeclaredOwnerContract::test_is_isomorphic_forward_verdict_is_exactly_its_old_net_comparison[3-0] PASSED
test/rmgpy/i134DuplicateElectronsTest.py::TestTheUndeclaredOwnerContract::test_is_isomorphic_forward_verdict_is_exactly_its_old_net_comparison[3-1] PASSED
test/rmgpy/i134DuplicateElectronsTest.py::TestTheUndeclaredOwnerContract::test_is_isomorphic_forward_verdict_is_exactly_its_old_net_comparison[3-2] PASSED
test/rmgpy/i134DuplicateElectronsTest.py::TestTheUndeclaredOwnerContract::test_is_isomorphic_forward_verdict_is_exactly_its_old_net_comparison[3-3] PASSED
test/rmgpy/i134DuplicateElectronsTest.py::TestTheUndeclaredOwnerContract::test_is_isomorphic_reverse_verdict_is_exactly_its_old_net_comparison[-3--3] PASSED
test/rmgpy/i134DuplicateElectronsTest.py::TestTheUndeclaredOwnerContract::test_is_isomorphic_reverse_verdict_is_exactly_its_old_net_comparison[-3--2] PASSED
test/rmgpy/i134DuplicateElectronsTest.py::TestTheUndeclaredOwnerContract::test_is_isomorphic_reverse_verdict_is_exactly_its_old_net_comparison[-3--1] PASSED
test/rmgpy/i134DuplicateElectronsTest.py::TestTheUndeclaredOwnerContract::test_is_isomorphic_reverse_verdict_is_exactly_its_old_net_comparison[-3-0] PASSED
test/rmgpy/i134DuplicateElectronsTest.py::TestTheUndeclaredOwnerContract::test_is_isomorphic_reverse_verdict_is_exactly_its_old_net_comparison[-3-1] PASSED
test/rmgpy/i134DuplicateElectronsTest.py::TestTheUndeclaredOwnerContract::test_is_isomorphic_reverse_verdict_is_exactly_its_old_net_comparison[-3-2] PASSED
test/rmgpy/i134DuplicateElectronsTest.py::TestTheUndeclaredOwnerContract::test_is_isomorphic_reverse_verdict_is_exactly_its_old_net_comparison[-3-3] PASSED
test/rmgpy/i134DuplicateElectronsTest.py::TestTheUndeclaredOwnerContract::test_is_isomorphic_reverse_verdict_is_exactly_its_old_net_comparison[-2--3] PASSED
test/rmgpy/i134DuplicateElectronsTest.py::TestTheUndeclaredOwnerContract::test_is_isomorphic_reverse_verdict_is_exactly_its_old_net_comparison[-2--2] PASSED
test/rmgpy/i134DuplicateElectronsTest.py::TestTheUndeclaredOwnerContract::test_is_isomorphic_reverse_verdict_is_exactly_its_old_net_comparison[-2--1] PASSED
test/rmgpy/i134DuplicateElectronsTest.py::TestTheUndeclaredOwnerContract::test_is_isomorphic_reverse_verdict_is_exactly_its_old_net_comparison[-2-0] PASSED
test/rmgpy/i134DuplicateElectronsTest.py::TestTheUndeclaredOwnerContract::test_is_isomorphic_reverse_verdict_is_exactly_its_old_net_comparison[-2-1] PASSED
test/rmgpy/i134DuplicateElectronsTest.py::TestTheUndeclaredOwnerContract::test_is_isomorphic_reverse_verdict_is_exactly_its_old_net_comparison[-2-2] PASSED
test/rmgpy/i134DuplicateElectronsTest.py::TestTheUndeclaredOwnerContract::test_is_isomorphic_reverse_verdict_is_exactly_its_old_net_comparison[-2-3] PASSED
test/rmgpy/i134DuplicateElectronsTest.py::TestTheUndeclaredOwnerContract::test_is_isomorphic_reverse_verdict_is_exactly_its_old_net_comparison[-1--3] PASSED
test/rmgpy/i134DuplicateElectronsTest.py::TestTheUndeclaredOwnerContract::test_is_isomorphic_reverse_verdict_is_exactly_its_old_net_comparison[-1--2] PASSED
test/rmgpy/i134DuplicateElectronsTest.py::TestTheUndeclaredOwnerContract::test_is_isomorphic_reverse_verdict_is_exactly_its_old_net_comparison[-1--1] PASSED
test/rmgpy/i134DuplicateElectronsTest.py::TestTheUndeclaredOwnerContract::test_is_isomorphic_reverse_verdict_is_exactly_its_old_net_comparison[-1-0] PASSED
test/rmgpy/i134DuplicateElectronsTest.py::TestTheUndeclaredOwnerContract::test_is_isomorphic_reverse_verdict_is_exactly_its_old_net_comparison[-1-1] PASSED
test/rmgpy/i134DuplicateElectronsTest.py::TestTheUndeclaredOwnerContract::test_is_isomorphic_reverse_verdict_is_exactly_its_old_net_comparison[-1-2] PASSED
test/rmgpy/i134DuplicateElectronsTest.py::TestTheUndeclaredOwnerContract::test_is_isomorphic_reverse_verdict_is_exactly_its_old_net_comparison[-1-3] PASSED
test/rmgpy/i134DuplicateElectronsTest.py::TestTheUndeclaredOwnerContract::test_is_isomorphic_reverse_verdict_is_exactly_its_old_net_comparison[0--3] PASSED
test/rmgpy/i134DuplicateElectronsTest.py::TestTheUndeclaredOwnerContract::test_is_isomorphic_reverse_verdict_is_exactly_its_old_net_comparison[0--2] PASSED
test/rmgpy/i134DuplicateElectronsTest.py::TestTheUndeclaredOwnerContract::test_is_isomorphic_reverse_verdict_is_exactly_its_old_net_comparison[0--1] PASSED
test/rmgpy/i134DuplicateElectronsTest.py::TestTheUndeclaredOwnerContract::test_is_isomorphic_reverse_verdict_is_exactly_its_old_net_comparison[0-0] PASSED
test/rmgpy/i134DuplicateElectronsTest.py::TestTheUndeclaredOwnerContract::test_is_isomorphic_reverse_verdict_is_exactly_its_old_net_comparison[0-1] PASSED
test/rmgpy/i134DuplicateElectronsTest.py::TestTheUndeclaredOwnerContract::test_is_isomorphic_reverse_verdict_is_exactly_its_old_net_comparison[0-2] PASSED
test/rmgpy/i134DuplicateElectronsTest.py::TestTheUndeclaredOwnerContract::test_is_isomorphic_reverse_verdict_is_exactly_its_old_net_comparison[0-3] PASSED
test/rmgpy/i134DuplicateElectronsTest.py::TestTheUndeclaredOwnerContract::test_is_isomorphic_reverse_verdict_is_exactly_its_old_net_comparison[1--3] PASSED
test/rmgpy/i134DuplicateElectronsTest.py::TestTheUndeclaredOwnerContract::test_is_isomorphic_reverse_verdict_is_exactly_its_old_net_comparison[1--2] PASSED
test/rmgpy/i134DuplicateElectronsTest.py::TestTheUndeclaredOwnerContract::test_is_isomorphic_reverse_verdict_is_exactly_its_old_net_comparison[1--1] PASSED
test/rmgpy/i134DuplicateElectronsTest.py::TestTheUndeclaredOwnerContract::test_is_isomorphic_reverse_verdict_is_exactly_its_old_net_comparison[1-0] PASSED
test/rmgpy/i134DuplicateElectronsTest.py::TestTheUndeclaredOwnerContract::test_is_isomorphic_reverse_verdict_is_exactly_its_old_net_comparison[1-1] PASSED
test/rmgpy/i134DuplicateElectronsTest.py::TestTheUndeclaredOwnerContract::test_is_isomorphic_reverse_verdict_is_exactly_its_old_net_comparison[1-2] PASSED
test/rmgpy/i134DuplicateElectronsTest.py::TestTheUndeclaredOwnerContract::test_is_isomorphic_reverse_verdict_is_exactly_its_old_net_comparison[1-3] PASSED
test/rmgpy/i134DuplicateElectronsTest.py::TestTheUndeclaredOwnerContract::test_is_isomorphic_reverse_verdict_is_exactly_its_old_net_comparison[2--3] PASSED
test/rmgpy/i134DuplicateElectronsTest.py::TestTheUndeclaredOwnerContract::test_is_isomorphic_reverse_verdict_is_exactly_its_old_net_comparison[2--2] PASSED
test/rmgpy/i134DuplicateElectronsTest.py::TestTheUndeclaredOwnerContract::test_is_isomorphic_reverse_verdict_is_exactly_its_old_net_comparison[2--1] PASSED
test/rmgpy/i134DuplicateElectronsTest.py::TestTheUndeclaredOwnerContract::test_is_isomorphic_reverse_verdict_is_exactly_its_old_net_comparison[2-0] PASSED
test/rmgpy/i134DuplicateElectronsTest.py::TestTheUndeclaredOwnerContract::test_is_isomorphic_reverse_verdict_is_exactly_its_old_net_comparison[2-1] PASSED
test/rmgpy/i134DuplicateElectronsTest.py::TestTheUndeclaredOwnerContract::test_is_isomorphic_reverse_verdict_is_exactly_its_old_net_comparison[2-2] PASSED
test/rmgpy/i134DuplicateElectronsTest.py::TestTheUndeclaredOwnerContract::test_is_isomorphic_reverse_verdict_is_exactly_its_old_net_comparison[2-3] PASSED
test/rmgpy/i134DuplicateElectronsTest.py::TestTheUndeclaredOwnerContract::test_is_isomorphic_reverse_verdict_is_exactly_its_old_net_comparison[3--3] PASSED
test/rmgpy/i134DuplicateElectronsTest.py::TestTheUndeclaredOwnerContract::test_is_isomorphic_reverse_verdict_is_exactly_its_old_net_comparison[3--2] PASSED
test/rmgpy/i134DuplicateElectronsTest.py::TestTheUndeclaredOwnerContract::test_is_isomorphic_reverse_verdict_is_exactly_its_old_net_comparison[3--1] PASSED
test/rmgpy/i134DuplicateElectronsTest.py::TestTheUndeclaredOwnerContract::test_is_isomorphic_reverse_verdict_is_exactly_its_old_net_comparison[3-0] PASSED
test/rmgpy/i134DuplicateElectronsTest.py::TestTheUndeclaredOwnerContract::test_is_isomorphic_reverse_verdict_is_exactly_its_old_net_comparison[3-1] PASSED
test/rmgpy/i134DuplicateElectronsTest.py::TestTheUndeclaredOwnerContract::test_is_isomorphic_reverse_verdict_is_exactly_its_old_net_comparison[3-2] PASSED
test/rmgpy/i134DuplicateElectronsTest.py::TestTheUndeclaredOwnerContract::test_is_isomorphic_reverse_verdict_is_exactly_its_old_net_comparison[3-3] PASSED
test/rmgpy/i134DuplicateElectronsTest.py::TestTheUndeclaredOwnerContract::test_the_model_predicate_is_tightened_but_only_for_charged_reactions[-3--3] PASSED
test/rmgpy/i134DuplicateElectronsTest.py::TestTheUndeclaredOwnerContract::test_the_model_predicate_is_tightened_but_only_for_charged_reactions[-3--2] PASSED
test/rmgpy/i134DuplicateElectronsTest.py::TestTheUndeclaredOwnerContract::test_the_model_predicate_is_tightened_but_only_for_charged_reactions[-3--1] PASSED
test/rmgpy/i134DuplicateElectronsTest.py::TestTheUndeclaredOwnerContract::test_the_model_predicate_is_tightened_but_only_for_charged_reactions[-3-0] PASSED
test/rmgpy/i134DuplicateElectronsTest.py::TestTheUndeclaredOwnerContract::test_the_model_predicate_is_tightened_but_only_for_charged_reactions[-3-1] PASSED
test/rmgpy/i134DuplicateElectronsTest.py::TestTheUndeclaredOwnerContract::test_the_model_predicate_is_tightened_but_only_for_charged_reactions[-3-2] PASSED
test/rmgpy/i134DuplicateElectronsTest.py::TestTheUndeclaredOwnerContract::test_the_model_predicate_is_tightened_but_only_for_charged_reactions[-3-3] PASSED
test/rmgpy/i134DuplicateElectronsTest.py::TestTheUndeclaredOwnerContract::test_the_model_predicate_is_tightened_but_only_for_charged_reactions[-2--3] PASSED
test/rmgpy/i134DuplicateElectronsTest.py::TestTheUndeclaredOwnerContract::test_the_model_predicate_is_tightened_but_only_for_charged_reactions[-2--2] PASSED
test/rmgpy/i134DuplicateElectronsTest.py::TestTheUndeclaredOwnerContract::test_the_model_predicate_is_tightened_but_only_for_charged_reactions[-2--1] PASSED
test/rmgpy/i134DuplicateElectronsTest.py::TestTheUndeclaredOwnerContract::test_the_model_predicate_is_tightened_but_only_for_charged_reactions[-2-0] PASSED
test/rmgpy/i134DuplicateElectronsTest.py::TestTheUndeclaredOwnerContract::test_the_model_predicate_is_tightened_but_only_for_charged_reactions[-2-1] PASSED
test/rmgpy/i134DuplicateElectronsTest.py::TestTheUndeclaredOwnerContract::test_the_model_predicate_is_tightened_but_only_for_charged_reactions[-2-2] PASSED
test/rmgpy/i134DuplicateElectronsTest.py::TestTheUndeclaredOwnerContract::test_the_model_predicate_is_tightened_but_only_for_charged_reactions[-2-3] PASSED
test/rmgpy/i134DuplicateElectronsTest.py::TestTheUndeclaredOwnerContract::test_the_model_predicate_is_tightened_but_only_for_charged_reactions[-1--3] PASSED
test/rmgpy/i134DuplicateElectronsTest.py::TestTheUndeclaredOwnerContract::test_the_model_predicate_is_tightened_but_only_for_charged_reactions[-1--2] PASSED
test/rmgpy/i134DuplicateElectronsTest.py::TestTheUndeclaredOwnerContract::test_the_model_predicate_is_tightened_but_only_for_charged_reactions[-1--1] PASSED
test/rmgpy/i134DuplicateElectronsTest.py::TestTheUndeclaredOwnerContract::test_the_model_predicate_is_tightened_but_only_for_charged_reactions[-1-0] PASSED
test/rmgpy/i134DuplicateElectronsTest.py::TestTheUndeclaredOwnerContract::test_the_model_predicate_is_tightened_but_only_for_charged_reactions[-1-1] PASSED
test/rmgpy/i134DuplicateElectronsTest.py::TestTheUndeclaredOwnerContract::test_the_model_predicate_is_tightened_but_only_for_charged_reactions[-1-2] PASSED
test/rmgpy/i134DuplicateElectronsTest.py::TestTheUndeclaredOwnerContract::test_the_model_predicate_is_tightened_but_only_for_charged_reactions[-1-3] PASSED
test/rmgpy/i134DuplicateElectronsTest.py::TestTheUndeclaredOwnerContract::test_the_model_predicate_is_tightened_but_only_for_charged_reactions[0--3] PASSED
test/rmgpy/i134DuplicateElectronsTest.py::TestTheUndeclaredOwnerContract::test_the_model_predicate_is_tightened_but_only_for_charged_reactions[0--2] PASSED
test/rmgpy/i134DuplicateElectronsTest.py::TestTheUndeclaredOwnerContract::test_the_model_predicate_is_tightened_but_only_for_charged_reactions[0--1] PASSED
test/rmgpy/i134DuplicateElectronsTest.py::TestTheUndeclaredOwnerContract::test_the_model_predicate_is_tightened_but_only_for_charged_reactions[0-0] PASSED
test/rmgpy/i134DuplicateElectronsTest.py::TestTheUndeclaredOwnerContract::test_the_model_predicate_is_tightened_but_only_for_charged_reactions[0-1] PASSED
test/rmgpy/i134DuplicateElectronsTest.py::TestTheUndeclaredOwnerContract::test_the_model_predicate_is_tightened_but_only_for_charged_reactions[0-2] PASSED
test/rmgpy/i134DuplicateElectronsTest.py::TestTheUndeclaredOwnerContract::test_the_model_predicate_is_tightened_but_only_for_charged_reactions[0-3] PASSED
test/rmgpy/i134DuplicateElectronsTest.py::TestTheUndeclaredOwnerContract::test_the_model_predicate_is_tightened_but_only_for_charged_reactions[1--3] PASSED
test/rmgpy/i134DuplicateElectronsTest.py::TestTheUndeclaredOwnerContract::test_the_model_predicate_is_tightened_but_only_for_charged_reactions[1--2] PASSED
test/rmgpy/i134DuplicateElectronsTest.py::TestTheUndeclaredOwnerContract::test_the_model_predicate_is_tightened_but_only_for_charged_reactions[1--1] PASSED
test/rmgpy/i134DuplicateElectronsTest.py::TestTheUndeclaredOwnerContract::test_the_model_predicate_is_tightened_but_only_for_charged_reactions[1-0] PASSED
test/rmgpy/i134DuplicateElectronsTest.py::TestTheUndeclaredOwnerContract::test_the_model_predicate_is_tightened_but_only_for_charged_reactions[1-1] PASSED
test/rmgpy/i134DuplicateElectronsTest.py::TestTheUndeclaredOwnerContract::test_the_model_predicate_is_tightened_but_only_for_charged_reactions[1-2] PASSED
test/rmgpy/i134DuplicateElectronsTest.py::TestTheUndeclaredOwnerContract::test_the_model_predicate_is_tightened_but_only_for_charged_reactions[1-3] PASSED
test/rmgpy/i134DuplicateElectronsTest.py::TestTheUndeclaredOwnerContract::test_the_model_predicate_is_tightened_but_only_for_charged_reactions[2--3] PASSED
test/rmgpy/i134DuplicateElectronsTest.py::TestTheUndeclaredOwnerContract::test_the_model_predicate_is_tightened_but_only_for_charged_reactions[2--2] PASSED
test/rmgpy/i134DuplicateElectronsTest.py::TestTheUndeclaredOwnerContract::test_the_model_predicate_is_tightened_but_only_for_charged_reactions[2--1] PASSED
test/rmgpy/i134DuplicateElectronsTest.py::TestTheUndeclaredOwnerContract::test_the_model_predicate_is_tightened_but_only_for_charged_reactions[2-0] PASSED
test/rmgpy/i134DuplicateElectronsTest.py::TestTheUndeclaredOwnerContract::test_the_model_predicate_is_tightened_but_only_for_charged_reactions[2-1] PASSED
test/rmgpy/i134DuplicateElectronsTest.py::TestTheUndeclaredOwnerContract::test_the_model_predicate_is_tightened_but_only_for_charged_reactions[2-2] PASSED
test/rmgpy/i134DuplicateElectronsTest.py::TestTheUndeclaredOwnerContract::test_the_model_predicate_is_tightened_but_only_for_charged_reactions[2-3] PASSED
test/rmgpy/i134DuplicateElectronsTest.py::TestTheUndeclaredOwnerContract::test_the_model_predicate_is_tightened_but_only_for_charged_reactions[3--3] PASSED
test/rmgpy/i134DuplicateElectronsTest.py::TestTheUndeclaredOwnerContract::test_the_model_predicate_is_tightened_but_only_for_charged_reactions[3--2] PASSED
test/rmgpy/i134DuplicateElectronsTest.py::TestTheUndeclaredOwnerContract::test_the_model_predicate_is_tightened_but_only_for_charged_reactions[3--1] PASSED
test/rmgpy/i134DuplicateElectronsTest.py::TestTheUndeclaredOwnerContract::test_the_model_predicate_is_tightened_but_only_for_charged_reactions[3-0] PASSED
test/rmgpy/i134DuplicateElectronsTest.py::TestTheUndeclaredOwnerContract::test_the_model_predicate_is_tightened_but_only_for_charged_reactions[3-1] PASSED
test/rmgpy/i134DuplicateElectronsTest.py::TestTheUndeclaredOwnerContract::test_the_model_predicate_is_tightened_but_only_for_charged_reactions[3-2] PASSED
test/rmgpy/i134DuplicateElectronsTest.py::TestTheUndeclaredOwnerContract::test_the_model_predicate_is_tightened_but_only_for_charged_reactions[3-3] PASSED
test/rmgpy/i134DuplicateElectronsTest.py::TestTheUndeclaredOwnerContract::test_one_sided_declared_owners_also_sit_on_the_net_rule[Cation_R_Recombination] PASSED
test/rmgpy/i134DuplicateElectronsTest.py::TestTheUndeclaredOwnerContract::test_one_sided_declared_owners_also_sit_on_the_net_rule[PlasmaRadiativeRecombination] PASSED
test/rmgpy/i134DuplicateElectronsTest.py::TestTheUndeclaredOwnerContract::test_one_sided_declared_owners_also_sit_on_the_net_rule[Plasma_Associative_Ionization_Alkali_Alkali] PASSED
test/rmgpy/i134DuplicateElectronsTest.py::TestTheUndeclaredOwnerContract::test_one_sided_declared_owners_also_sit_on_the_net_rule[Plasma_Associative_Ionization_Alkali_Alkaline] PASSED
test/rmgpy/i134DuplicateElectronsTest.py::TestTheUndeclaredOwnerContract::test_one_sided_declared_owners_also_sit_on_the_net_rule[Plasma_Associative_Ionization_Alkaline_Alkaline] PASSED
test/rmgpy/i134DuplicateElectronsTest.py::TestTheUndeclaredOwnerContract::test_one_sided_declared_owners_also_sit_on_the_net_rule[Plasma_Electron_Attachment] PASSED
test/rmgpy/i134DuplicateElectronsTest.py::TestTheUndeclaredOwnerContract::test_one_sided_declared_owners_also_sit_on_the_net_rule[Plasma_Radiative_Recombination] PASSED
test/rmgpy/i134DuplicateElectronsTest.py::TestTheUndeclaredOwnerContract::test_the_two_sided_owner_is_the_only_one_that_moves PASSED
test/rmgpy/i134DuplicateElectronsTest.py::TestTheUndeclaredOwnerContract::test_a_reversed_declared_reaction_reports_swapped_counts PASSED
test/rmgpy/i134DuplicateElectronsTest.py::TestTheUndeclaredOwnerContract::test_a_reaction_contradicting_its_owner_falls_back_rather_than_raising PASSED
test/rmgpy/i134DuplicateElectronsTest.py::TestGenuineDuplicatesStillCollapse::test_identical_neutral_reactions_collapse PASSED
test/rmgpy/i134DuplicateElectronsTest.py::TestGenuineDuplicatesStillCollapse::test_a_neutral_reaction_and_its_reverse_collapse PASSED
test/rmgpy/i134DuplicateElectronsTest.py::TestGenuineDuplicatesStillCollapse::test_identical_charged_reactions_collapse PASSED
test/rmgpy/i134DuplicateElectronsTest.py::TestGenuineDuplicatesStillCollapse::test_a_charged_reaction_and_its_true_reverse_collapse PASSED
test/rmgpy/i134DuplicateElectronsTest.py::TestGenuineDuplicatesStillCollapse::test_a_different_collider_still_separates_otherwise_identical_reactions PASSED
test/rmgpy/i134DuplicateElectronsTest.py::TestGenuineDuplicatesStillCollapse::test_a_repeated_reaction_from_a_declared_owner_still_collapses PASSED
test/rmgpy/i134DuplicateElectronsTest.py::TestChargedFamilyReactionsAreNotConfused::test_the_family_is_charged_and_its_reactions_carry_the_declaration PASSED
test/rmgpy/i134DuplicateElectronsTest.py::TestChargedFamilyReactionsAreNotConfused::test_its_true_reverse_still_collapses PASSED
test/rmgpy/i134DuplicateElectronsTest.py::TestChargedFamilyReactionsAreNotConfused::test_the_same_direction_charge_reversal_survives PASSED
test/rmgpy/i134DuplicateElectronsTest.py::TestChargedFamilyReactionsAreNotConfused::test_the_neutral_transformation_over_the_same_heavy_species_survives PASSED
test/rmgpy/i134DuplicateElectronsTest.py::TestChargedFamilyReactionsAreNotConfused::test_the_model_keeps_both_through_the_real_path PASSED
test/rmgpy/i134DuplicateElectronsTest.py::TestLithiumChargeNetworkReachesTheModel::test_the_two_channels_are_not_a_reverse_pair FAILED
test/rmgpy/i134DuplicateElectronsTest.py::TestLithiumChargeNetworkReachesTheModel::test_both_channels_enter_the_model[True] FAILED
test/rmgpy/i134DuplicateElectronsTest.py::TestLithiumChargeNetworkReachesTheModel::test_both_channels_enter_the_model[False] FAILED
test/rmgpy/i134DuplicateElectronsTest.py::TestLithiumChargeNetworkReachesTheModel::test_the_cation_has_a_loss_channel_in_the_model FAILED
test/rmgpy/i134DuplicateElectronsTest.py::TestTheLibraryLoadLandmineIsNotReachedFromHere::test_a_loaded_entry_carries_no_owner PASSED
test/rmgpy/i134DuplicateElectronsTest.py::TestTheLibraryLoadLandmineIsNotReachedFromHere::test_the_owner_appears_when_the_entry_becomes_a_library_reaction FAILED
test/rmgpy/i134DuplicateElectronsTest.py::TestTheLibraryLoadLandmineIsNotReachedFromHere::test_one_library_carrying_both_channels_can_be_loaded XFAIL
test/rmgpy/i126ChemkinElectronOrderTest.py::TestExportConsultsTheDeclaration::test_ionisation_expands_to_the_two_sided_placement PASSED
test/rmgpy/i126ChemkinElectronOrderTest.py::TestExportConsultsTheDeclaration::test_export_view_is_the_reactor_view PASSED
test/rmgpy/i126ChemkinElectronOrderTest.py::TestExportConsultsTheDeclaration::test_chemkin_writes_the_ionisation PASSED
test/rmgpy/i126ChemkinElectronOrderTest.py::TestExportConsultsTheDeclaration::test_cantera_writes_the_ionisation PASSED
test/rmgpy/i126ChemkinElectronOrderTest.py::TestExportConsultsTheDeclaration::test_written_equation_passes_both_export_guards PASSED
test/rmgpy/i126ChemkinElectronOrderTest.py::TestExportConsultsTheDeclaration::test_a_factor_dimensionality_matches_the_exported_reactant_count PASSED
test/rmgpy/i126ChemkinElectronOrderTest.py::TestOneSidedOwnersDoNotMove::test_every_one_sided_declaration_agrees_with_the_net_rule[Cation_R_Recombination] PASSED
test/rmgpy/i126ChemkinElectronOrderTest.py::TestOneSidedOwnersDoNotMove::test_every_one_sided_declaration_agrees_with_the_net_rule[PlasmaRadiativeRecombination] PASSED
test/rmgpy/i126ChemkinElectronOrderTest.py::TestOneSidedOwnersDoNotMove::test_every_one_sided_declaration_agrees_with_the_net_rule[Plasma_Associative_Ionization_Alkali_Alkali] PASSED
test/rmgpy/i126ChemkinElectronOrderTest.py::TestOneSidedOwnersDoNotMove::test_every_one_sided_declaration_agrees_with_the_net_rule[Plasma_Associative_Ionization_Alkali_Alkaline] PASSED
test/rmgpy/i126ChemkinElectronOrderTest.py::TestOneSidedOwnersDoNotMove::test_every_one_sided_declaration_agrees_with_the_net_rule[Plasma_Associative_Ionization_Alkaline_Alkaline] PASSED
test/rmgpy/i126ChemkinElectronOrderTest.py::TestOneSidedOwnersDoNotMove::test_every_one_sided_declaration_agrees_with_the_net_rule[Plasma_Electron_Attachment] PASSED
test/rmgpy/i126ChemkinElectronOrderTest.py::TestOneSidedOwnersDoNotMove::test_every_one_sided_declaration_agrees_with_the_net_rule[Plasma_Radiative_Recombination] PASSED
test/rmgpy/i126ChemkinElectronOrderTest.py::TestOneSidedOwnersDoNotMove::test_radiative_recombination_equation_is_unchanged PASSED
test/rmgpy/i126ChemkinElectronOrderTest.py::TestUndeclaredReactionsKeepTheNetRule::test_no_family_attribution PASSED
test/rmgpy/i126ChemkinElectronOrderTest.py::TestUndeclaredReactionsKeepTheNetRule::test_undeclared_family PASSED
test/rmgpy/i126ChemkinElectronOrderTest.py::TestUndeclaredReactionsKeepTheNetRule::test_a_neutral_reaction_is_untouched PASSED
test/rmgpy/i126ChemkinElectronOrderTest.py::TestContradictionIsNamed::test_net_count_contradicting_the_declaration_raises PASSED
test/rmgpy/i126ChemkinElectronOrderTest.py::TestContradictionIsNamed::test_the_message_names_both_numbers PASSED
test/rmgpy/i126ChemkinElectronOrderTest.py::TestChemkinRoundTrip::test_round_trip PASSED
test/rmgpy/i126ChemkinElectronOrderTest.py::TestChemkinRoundTrip::test_the_tdep_line_no_longer_blocks_the_full_trip PASSED
test/rmgpy/i135TdepRoundTripTest.py::TestTheFileReadsBack::test_the_written_file_loads PASSED
test/rmgpy/i135TdepRoundTripTest.py::TestTheFileReadsBack::test_the_rate_comes_back_on_the_electron_temperature PASSED
test/rmgpy/i135TdepRoundTripTest.py::TestTheFileReadsBack::test_a_gas_temperature_reading_would_be_a_different_reaction PASSED
test/rmgpy/i135TdepRoundTripTest.py::TestTheFileReadsBack::test_every_plasma_rate_law_survives[voronov] PASSED
test/rmgpy/i135TdepRoundTripTest.py::TestTheFileReadsBack::test_every_plasma_rate_law_survives[badnell] PASSED
test/rmgpy/i135TdepRoundTripTest.py::TestTheFileReadsBack::test_every_plasma_rate_law_survives[electron-collision] PASSED
test/rmgpy/i135TdepRoundTripTest.py::TestTheFileReadsBack::test_every_plasma_rate_law_survives[two-temperature] PASSED
test/rmgpy/i135TdepRoundTripTest.py::TestWhatTheRoundTripStillLoses::test_the_electron_count_does_not_come_back PASSED
test/rmgpy/i135TdepRoundTripTest.py::TestWhatTheRoundTripStillLoses::test_the_original_functional_form_does_not_come_back PASSED
test/rmgpy/i135TdepRoundTripTest.py::TestRefusalsRatherThanGuesses::test_another_auxiliary_keyword_on_the_line_is_refused PASSED
test/rmgpy/i135TdepRoundTripTest.py::TestRefusalsRatherThanGuesses::test_tdep_on_a_species_that_is_not_the_electron_is_refused PASSED
test/rmgpy/i135TdepRoundTripTest.py::TestRefusalsRatherThanGuesses::test_tdep_on_an_unknown_species_is_refused PASSED
test/rmgpy/i135TdepRoundTripTest.py::TestRefusalsRatherThanGuesses::test_a_malformed_tdep_line_is_refused PASSED
test/rmgpy/i135TdepRoundTripTest.py::TestRefusalsRatherThanGuesses::test_tdep_combined_with_falloff_is_refused PASSED
test/rmgpy/reactionTest.py::TestReactionIsomorphism::test1to1 PASSED
test/rmgpy/reactionTest.py::TestReactionIsomorphism::test1to2 PASSED
test/rmgpy/reactionTest.py::TestReactionIsomorphism::test2to2 PASSED
test/rmgpy/reactionTest.py::TestReactionIsomorphism::test2to3 PASSED
test/rmgpy/reactionTest.py::TestReactionIsomorphism::test2to3_using_check_only_label PASSED
test/rmgpy/reactionTest.py::TestSurfaceReaction::test_electrons PASSED
test/rmgpy/reactionTest.py::TestSurfaceReaction::test_protons PASSED
test/rmgpy/reactionTest.py::TestSurfaceReaction::test_is_surface_reaction_species PASSED
test/rmgpy/reactionTest.py::TestSurfaceReaction::test_is_surface_reaction_molecules PASSED
test/rmgpy/reactionTest.py::TestSurfaceReaction::test_methyl_adsorption_surface_arrhenius PASSED
test/rmgpy/reactionTest.py::TestSurfaceReaction::test_methyl_adsorption_sticking_coefficient PASSED
test/rmgpy/reactionTest.py::TestSurfaceReaction::test_get_rate_coefficient_units_from_reaction_order PASSED
test/rmgpy/reactionTest.py::TestSurfaceReaction::test_equilibrium_constant_surface_kc PASSED
test/rmgpy/reactionTest.py::TestSurfaceReaction::test_reverse_sticking_coeff_rate PASSED
test/rmgpy/reactionTest.py::TestReaction::test_is_isomerization PASSED
test/rmgpy/reactionTest.py::TestReaction::test_is_association PASSED
test/rmgpy/reactionTest.py::TestReaction::test_is_dissociation PASSED
test/rmgpy/reactionTest.py::TestReaction::test_has_template PASSED
test/rmgpy/reactionTest.py::TestReaction::test_enthalpy_of_reaction PASSED
test/rmgpy/reactionTest.py::TestReaction::test_entropy_of_reaction PASSED
test/rmgpy/reactionTest.py::TestReaction::test_free_energy_of_reaction PASSED
test/rmgpy/reactionTest.py::TestReaction::test_equilibrium_constant_ka PASSED
test/rmgpy/reactionTest.py::TestReaction::test_equilibrium_constant_kc PASSED
test/rmgpy/reactionTest.py::TestReaction::test_equilibrium_constant_kp PASSED
test/rmgpy/reactionTest.py::TestReaction::test_stoichiometric_coefficient PASSED
test/rmgpy/reactionTest.py::TestReaction::test_rate_coefficient PASSED
test/rmgpy/reactionTest.py::TestReaction::test_generate_reverse_rate_coefficient PASSED
test/rmgpy/reactionTest.py::TestReaction::test_fix_barrier_height PASSED
test/rmgpy/reactionTest.py::TestReaction::test_generate_reverse_rate_coefficient_arrhenius PASSED
test/rmgpy/reactionTest.py::TestReaction::test_reverse_surface_arrhenius_rate PASSED
test/rmgpy/reactionTest.py::TestReaction::test_generate_reverse_rate_coefficient_arrhenius_ep SKIPPED
test/rmgpy/reactionTest.py::TestReaction::test_generate_reverse_rate_coefficient_pdep_arrhenius PASSED
test/rmgpy/reactionTest.py::TestReaction::test_generate_reverse_rate_coefficient_pdep_multi_arrhenius PASSED
test/rmgpy/reactionTest.py::TestReaction::test_generate_reverse_rate_coefficient_multi_arrhenius PASSED
test/rmgpy/reactionTest.py::TestReaction::test_generate_reverse_rate_coefficient_multi_pdep_arrhenius PASSED
test/rmgpy/reactionTest.py::TestReaction::test_generate_reverse_rate_coefficient_third_body PASSED
test/rmgpy/reactionTest.py::TestReaction::test_generate_reverse_rate_coefficient_lindemann PASSED
test/rmgpy/reactionTest.py::TestReaction::test_generate_reverse_rate_coefficient_troe PASSED
test/rmgpy/reactionTest.py::TestReaction::test_tst_calculation PASSED
test/rmgpy/reactionTest.py::TestReaction::test_pickle PASSED
test/rmgpy/reactionTest.py::TestReaction::test_output PASSED
test/rmgpy/reactionTest.py::TestReaction::test_degeneracy_updates_rate PASSED
test/rmgpy/reactionTest.py::TestReaction::test_degeneracy_updates_kinetics_comment PASSED
test/rmgpy/reactionTest.py::TestReaction::test_sulfur_reaction_pairs PASSED
test/rmgpy/reactionTest.py::TestReaction::test_phosphorus_reaction_pairs PASSED
test/rmgpy/reactionTest.py::TestReactionToCantera::test_arrhenius PASSED
test/rmgpy/reactionTest.py::TestReactionToCantera::test_to_cantera_with_spectator_species PASSED
test/rmgpy/reactionTest.py::TestReactionToCantera::test_multi_arrhenius PASSED
test/rmgpy/reactionTest.py::TestReactionToCantera::test_pdep_arrhenius PASSED
test/rmgpy/reactionTest.py::TestReactionToCantera::test_multi_pdep_arrhenius PASSED
test/rmgpy/reactionTest.py::TestReactionToCantera::test_chebyshev PASSED
test/rmgpy/reactionTest.py::TestReactionToCantera::test_falloff PASSED
test/rmgpy/reactionTest.py::TestChargeTransferReaction::test_electrons PASSED
test/rmgpy/reactionTest.py::TestChargeTransferReaction::test_protons PASSED
test/rmgpy/reactionTest.py::TestChargeTransferReaction::test_apply_che_model_reports_true_proton_count PASSED
test/rmgpy/reactionTest.py::TestChargeTransferReaction::test_is_surface_reaction PASSED
test/rmgpy/reactionTest.py::TestChargeTransferReaction::test_is_charge_transfer_reaction PASSED
test/rmgpy/reactionTest.py::TestChargeTransferReaction::test_is_surface_charge_transfer PASSED
test/rmgpy/reactionTest.py::TestChargeTransferReaction::test_get_reversible_potential PASSED
test/rmgpy/reactionTest.py::TestChargeTransferReaction::test_get_rate_coeff PASSED
test/rmgpy/reactionTest.py::TestChargeTransferReaction::test_equilibrium_constant_surface_charge_transfer_kc PASSED
test/rmgpy/reactionTest.py::TestChargeTransferReaction::test_reverse_surface_charge_transfer_rate SKIPPED
test/rmgpy/reactionTest.py::TestElectronDirection::test_reduction_and_its_negated_reverse_are_isomorphic_either_direction PASSED
test/rmgpy/reactionTest.py::TestElectronDirection::test_reduction_and_its_reverse_are_not_isomorphic_same_direction PASSED
test/rmgpy/reactionTest.py::TestElectronDirection::test_reverse_with_wrong_electron_sign_is_not_isomorphic PASSED
test/rmgpy/reactionTest.py::TestElectronDirection::test_forward_match_requires_equal_electrons PASSED
test/rmgpy/reactionTest.py::TestElectronDirection::test_check_template_rxn_products_is_electron_aware PASSED
test/rmgpy/reactionTest.py::TestElectronDirection::test_check_template_rxn_products_treats_unset_orientation_as_reverse PASSED
test/rmgpy/reactionTest.py::TestElectronDirection::test_to_cantera_places_electron_on_reactant_side PASSED
test/rmgpy/reactionTest.py::TestElectronDirection::test_to_cantera_places_electron_on_product_side PASSED
test/rmgpy/reactionTest.py::TestElectronDirection::test_to_cantera_fails_when_electron_needed_but_absent PASSED
test/rmgpy/reactionTest.py::TestElectronDirection::test_to_chemkin_reaction_string_places_electron PASSED
test/rmgpy/reactionTest.py::TestElectronDirection::test_write_reaction_string_refuses_charged_reaction_without_species_list PASSED
test/rmgpy/reactionTest.py::TestElectronDirection::test_cantera_writer1_refuses_metadata_electron_mechanism PASSED
test/rmgpy/reactionTest.py::TestElectronsSurviveCopyAndPickle::test_copy_preserves_electrons PASSED
test/rmgpy/reactionTest.py::TestElectronsSurviveCopyAndPickle::test_pickle_preserves_electrons_for_every_subclass PASSED
test/rmgpy/reactionTest.py::TestElectronsSurviveCopyAndPickle::test_library_and_pdep_reactions_accept_electrons PASSED
test/rmgpy/reactionTest.py::TestElectronsSurviveCopyAndPickle::test_library_reaction_repr_round_trips_electrons PASSED
test/rmgpy/reactionTest.py::TestIsBalancedChargeConservation::test_charge_unbalanced_but_element_balanced_is_rejected PASSED
test/rmgpy/reactionTest.py::TestIsBalancedChargeConservation::test_neutral_element_balanced_reaction_is_accepted PASSED
test/rmgpy/reactionTest.py::TestIsBalancedChargeConservation::test_reduction_with_consumed_electron_is_accepted PASSED
test/rmgpy/reactionTest.py::TestIsBalancedChargeConservation::test_oxidation_with_produced_electron_is_accepted PASSED
test/rmgpy/reactionTest.py::TestIsBalancedChargeConservation::test_sign_inverted_electron_reaction_is_rejected PASSED
test/rmgpy/reactionTest.py::TestReverseCollisionLimitDegradation::test_direct_unsupported_reverse_check_skipped_loudly_not_raised PASSED
test/rmgpy/reactionTest.py::TestReverseCollisionLimitDegradation::test_wrapped_unsupported_child_skipped_loudly_not_raised PASSED
test/rmgpy/reactionTest.py::TestReverseCollisionLimitDegradation::test_supported_reverse_check_still_runs PASSED
test/rmgpy/reactionTest.py::TestCollisionLimitAttribution::test_forward_violation_names_the_condition_its_ratio_came_from PASSED
test/rmgpy/reactionTest.py::TestCollisionLimitAttribution::test_reverse_still_checked_when_forward_uncomputable PASSED
test/rmgpy/reactionTest.py::TestCollisionLimitAttribution::test_no_skip_ratios_and_conditions_unchanged PASSED
test/rmgpy/reactionTest.py::TestReverseCollisionLimitPotential::test_arrhenius_charge_transfer_reverse_evaluated_at_reference_potential PASSED
test/rmgpy/reactionTest.py::TestReverseCollisionLimitPotential::test_surface_charge_transfer_reverse_evaluated_at_reference_potential PASSED
test/rmgpy/reactionTest.py::TestReverseCollisionLimitPotential::test_non_charge_transfer_reverse_still_receives_pressure PASSED
test/rmgpy/reactionTest.py::TestReverseCollisionLimitPotentialWrappers::test_multi_arrhenius_of_charge_transfer_evaluated_at_v0 PASSED
test/rmgpy/reactionTest.py::TestReverseCollisionLimitPotentialWrappers::test_pdep_arrhenius_of_charge_transfer_evaluated_at_v0 PASSED
test/rmgpy/reactionTest.py::TestReverseCollisionLimitPotentialWrappers::test_multi_pdep_arrhenius_of_pdep_of_charge_transfer_evaluated_at_v0 PASSED
test/rmgpy/reactionTest.py::TestReverseCollisionLimitPotentialWrappers::test_helper_matches_native_for_non_charge_transfer_wrappers PASSED
test/rmgpy/reactionTest.py::TestReverseCollisionLimitPotentialWrappers::test_top_level_potential_tests_still_pass PASSED
test/rmgpy/reactionTest.py::TestReverseRateAtReferencePotentialRound13::test_pdep_arrhenius_p_zero_raises_matching_native PASSED
test/rmgpy/reactionTest.py::TestReverseRateAtReferencePotentialRound13::test_pdep_arrhenius_interpolation_matches_native_oracle PASSED
test/rmgpy/reactionTest.py::TestReverseRateAtReferencePotentialRound13::test_pdep_arrhenius_below_grid_clamps_low_matching_native PASSED
test/rmgpy/reactionTest.py::TestReverseRateAtReferencePotentialRound13::test_pdep_arrhenius_above_grid_clamps_high_matching_native PASSED
test/rmgpy/reactionTest.py::TestReverseRateAtReferencePotentialRound13::test_pdep_arrhenius_single_entry_matches_native PASSED
test/rmgpy/reactionTest.py::TestReverseRateAtReferencePotentialRound13::test_pdep_arrhenius_duplicate_pressures_matches_native PASSED
test/rmgpy/reactionTest.py::TestReverseRateAtReferencePotentialRound13::test_pdep_arrhenius_with_none_pressures_not_summed PASSED
test/rmgpy/reactionTest.py::TestReverseRateAtReferencePotentialRound13::test_multi_arrhenius_without_pressures_still_summed PASSED
test/rmgpy/reactionTest.py::TestReverseRateAtReferencePotentialRound13::test_multi_pdep_arrhenius_without_pressures_still_summed PASSED
test/rmgpy/reactionTest.py::TestReverseRateAtReferencePotentialRound13::test_arrhenius_charge_transfer_bm_leaf_refused PASSED
test/rmgpy/reactionTest.py::TestReverseRateAtReferencePotentialRound13::test_surface_charge_transfer_bep_leaf_refused PASSED
test/rmgpy/reactionTest.py::TestReverseRateAtReferencePotentialRound13::test_concrete_charge_transfer_leaves_not_refused PASSED
test/rmgpy/reactionTest.py::TestReverseRateAtReferencePotentialRound13::test_multi_arrhenius_wrapping_bm_child_refused PASSED
test/rmgpy/reactionTest.py::TestReverseRateAtReferencePotentialRound13::test_check_collision_limit_violation_skips_reverse_for_wrapped_bm PASSED
test/rmgpy/reactionTest.py::TestReverseRateAtReferencePotentialRound15::test_multi_pdep_arrhenius_empty_children_p_zero_raises_matching_native PASSED
test/rmgpy/reactionTest.py::TestReverseRateAtReferencePotentialRound15::test_multi_pdep_arrhenius_p_zero_raises_matching_native PASSED
test/rmgpy/reactionTest.py::TestReverseRateAtReferencePotentialRound15::test_multi_arrhenius_p_zero_does_not_raise_over_broadening_guard PASSED
test/rmgpy/reactionTest.py::TestReverseRateAtReferencePotentialRound15::test_pdep_arrhenius_charge_transfer_children_evaluated_at_own_v0_through_interpolation PASSED
test/rmgpy/reactionTest.py::TestReverseRateAtReferencePotentialRound15::test_pdep_arrhenius_mixed_charge_transfer_and_ordinary_children_through_interpolation PASSED
test/rmgpy/i209SourcePriorityTest.py::TestSourcePriorityIsOrdering::test_identity_ignores_kinetics_and_provenance PASSED
test/rmgpy/i209SourcePriorityTest.py::TestSourcePriorityIsOrdering::test_sourced_value_wins_when_registered_first PASSED
test/rmgpy/i209SourcePriorityTest.py::TestSourcePriorityIsOrdering::test_later_registrant_discarded_regardless_of_kinetics PASSED
test/rmgpy/i209SourcePriorityTest.py::TestSourcePriorityIsOrdering::test_make_new_reaction_returns_the_incumbent_estimate PASSED
test/rmgpy/i209SourcePriorityTest.py::TestSourcePriorityIsOrdering::test_edge_pruning_erases_a_library_incumbent PASSED
test/rmgpy/i209SourcePriorityTest.py::TestSourcePriorityIsOrdering::test_library_vs_library_collision_is_identity_confirmed PASSED

=================================== FAILURES ===================================
_ TestLithiumChargeNetworkReachesTheModel.test_the_two_channels_are_not_a_reverse_pair _

self = <i134DuplicateElectronsTest.TestLithiumChargeNetworkReachesTheModel object at 0x73f8b575a490>

    def test_the_two_channels_are_not_a_reverse_pair(self):
        """The measurement the whole repair turns on. Their net counts are equal
        and opposite -- the relation a reverse pair has -- but their placements
        are not mirror images, because the reverse of the ionisation is the
        three-body channel and not the radiative one."""
        database = self._database()
        ionisation = self._sole_reaction(database, IONISATION)
>       recombination = self._sole_reaction(database, RECOMBINATION)

test/rmgpy/i134DuplicateElectronsTest.py:457: 
_ _ _ _ _ _ _ _ _ _ _ _ _ _ _ _ _ _ _ _ _ _ _ _ _ _ _ _ _ _ _ _ _ _ _ _ _ _ _ _ 

self = <i134DuplicateElectronsTest.TestLithiumChargeNetworkReachesTheModel object at 0x73f8b575a490>
database = <rmgpy.data.kinetics.database.KineticsDatabase object at 0x73f8b4a132b0>
label = 'PlasmaRadiativeRecombination'

    def _sole_reaction(self, database, label):
        reactions = database.libraries[label].get_library_reactions()
>       assert len(reactions) == 1, '{0} has {1} entries, expected 1'.format(label,
                                                                            len(reactions))
E       AssertionError: PlasmaRadiativeRecombination has 2 entries, expected 1
E       assert 2 == 1
E        +  where 2 = len([LibraryReaction(reactants=[Species(label="[Lip]", molecule=[Molecule(smiles="[Li+]")], molecular_weight=(6.941,'amu'))], products=[Species(label="[Li]", molecule=[Molecule(smiles="[Li]")], molecular_weight=(6.941,'amu'))], kinetics=BadnellRRArrhenius(A=(8.7e-12,'cm^3/(molecule*s)'), B=0.364, T0=(147,'K'), T1=(7.153e+06,'K'), C=0.1508, T2=(715400,'K'), electrons=-1, Tmin=(10,'K'), Tmax=(1e+07,'K'), comment="""Badnell (2006) RR fit, Z=3, N=2"""), reversible=False, electrons=-1), LibraryReaction(reactants=[Species(label="[Arp]", molecule=[Molecule(smiles="[Ar+]")], molecular_weight=(39.8775,'amu'))], products=[Species(label="[Ar]", molecule=[Molecule(smiles="[Ar]")], molecular_weight=(39.8775,'amu'))], kinetics=TwoTemperaturePlasma(A=(3.77e-13,'cm^3/(molecule*s)'), n=-0.651, Ea_g=(0,'kJ/mol'), Ea_e=(0,'kJ/mol'), T0=(10000,'K'), electrons=-1, Tmin=(10000,'K'), Tmax=(1e+08,'K')), reversible=False, electrons=-1)])

test/rmgpy/i134DuplicateElectronsTest.py:446: AssertionError
_ TestLithiumChargeNetworkReachesTheModel.test_both_channels_enter_the_model[True] _

self = <i134DuplicateElectronsTest.TestLithiumChargeNetworkReachesTheModel object at 0x73f8b575a6d0>
source_first = True

    @pytest.mark.parametrize('source_first', [True, False])
    def test_both_channels_enter_the_model(self, source_first):
        """Both orders, because the drop was order-dependent: whichever was
        offered second was the one that disappeared."""
        database = self._database()
        order = [IONISATION, RECOMBINATION] if source_first else [RECOMBINATION, IONISATION]
        verdicts = {}
        with _GlobalKineticsDatabase(database):
            model = CoreEdgeReactionModel()
            model.kinetics_database = database
            for label in order:
>               _, is_new = model.make_new_reaction(self._sole_reaction(database, label),
                                                    generate_thermo=False,
                                                    generate_kinetics=False)

test/rmgpy/i134DuplicateElectronsTest.py:478: 
_ _ _ _ _ _ _ _ _ _ _ _ _ _ _ _ _ _ _ _ _ _ _ _ _ _ _ _ _ _ _ _ _ _ _ _ _ _ _ _ 

self = <i134DuplicateElectronsTest.TestLithiumChargeNetworkReachesTheModel object at 0x73f8b575a6d0>
database = <rmgpy.data.kinetics.database.KineticsDatabase object at 0x73f8b4a12a30>
label = 'PlasmaRadiativeRecombination'

    def _sole_reaction(self, database, label):
        reactions = database.libraries[label].get_library_reactions()
>       assert len(reactions) == 1, '{0} has {1} entries, expected 1'.format(label,
                                                                            len(reactions))
E       AssertionError: PlasmaRadiativeRecombination has 2 entries, expected 1
E       assert 2 == 1
E        +  where 2 = len([LibraryReaction(reactants=[Species(label="[Lip]", molecule=[Molecule(smiles="[Li+]")], molecular_weight=(6.941,'amu'))], products=[Species(label="[Li]", molecule=[Molecule(smiles="[Li]")], molecular_weight=(6.941,'amu'))], kinetics=BadnellRRArrhenius(A=(8.7e-12,'cm^3/(molecule*s)'), B=0.364, T0=(147,'K'), T1=(7.153e+06,'K'), C=0.1508, T2=(715400,'K'), electrons=-1, Tmin=(10,'K'), Tmax=(1e+07,'K'), comment="""Badnell (2006) RR fit, Z=3, N=2"""), reversible=False, electrons=-1), LibraryReaction(reactants=[Species(label="[Arp]", molecule=[Molecule(smiles="[Ar+]")], molecular_weight=(39.8775,'amu'))], products=[Species(label="[Ar]", molecule=[Molecule(smiles="[Ar]")], molecular_weight=(39.8775,'amu'))], kinetics=TwoTemperaturePlasma(A=(3.77e-13,'cm^3/(molecule*s)'), n=-0.651, Ea_g=(0,'kJ/mol'), Ea_e=(0,'kJ/mol'), T0=(10000,'K'), electrons=-1, Tmin=(10000,'K'), Tmax=(1e+08,'K')), reversible=False, electrons=-1)])

test/rmgpy/i134DuplicateElectronsTest.py:446: AssertionError
_ TestLithiumChargeNetworkReachesTheModel.test_both_channels_enter_the_model[False] _

self = <i134DuplicateElectronsTest.TestLithiumChargeNetworkReachesTheModel object at 0x73f8b575a790>
source_first = False

    @pytest.mark.parametrize('source_first', [True, False])
    def test_both_channels_enter_the_model(self, source_first):
        """Both orders, because the drop was order-dependent: whichever was
        offered second was the one that disappeared."""
        database = self._database()
        order = [IONISATION, RECOMBINATION] if source_first else [RECOMBINATION, IONISATION]
        verdicts = {}
        with _GlobalKineticsDatabase(database):
            model = CoreEdgeReactionModel()
            model.kinetics_database = database
            for label in order:
>               _, is_new = model.make_new_reaction(self._sole_reaction(database, label),
                                                    generate_thermo=False,
                                                    generate_kinetics=False)

test/rmgpy/i134DuplicateElectronsTest.py:478: 
_ _ _ _ _ _ _ _ _ _ _ _ _ _ _ _ _ _ _ _ _ _ _ _ _ _ _ _ _ _ _ _ _ _ _ _ _ _ _ _ 

self = <i134DuplicateElectronsTest.TestLithiumChargeNetworkReachesTheModel object at 0x73f8b575a790>
database = <rmgpy.data.kinetics.database.KineticsDatabase object at 0x73f8b57a2670>
label = 'PlasmaRadiativeRecombination'

    def _sole_reaction(self, database, label):
        reactions = database.libraries[label].get_library_reactions()
>       assert len(reactions) == 1, '{0} has {1} entries, expected 1'.format(label,
                                                                            len(reactions))
E       AssertionError: PlasmaRadiativeRecombination has 2 entries, expected 1
E       assert 2 == 1
E        +  where 2 = len([LibraryReaction(reactants=[Species(label="[Lip]", molecule=[Molecule(smiles="[Li+]")], molecular_weight=(6.941,'amu'))], products=[Species(label="[Li]", molecule=[Molecule(smiles="[Li]")], molecular_weight=(6.941,'amu'))], kinetics=BadnellRRArrhenius(A=(8.7e-12,'cm^3/(molecule*s)'), B=0.364, T0=(147,'K'), T1=(7.153e+06,'K'), C=0.1508, T2=(715400,'K'), electrons=-1, Tmin=(10,'K'), Tmax=(1e+07,'K'), comment="""Badnell (2006) RR fit, Z=3, N=2"""), reversible=False, electrons=-1), LibraryReaction(reactants=[Species(label="[Arp]", molecule=[Molecule(smiles="[Ar+]")], molecular_weight=(39.8775,'amu'))], products=[Species(label="[Ar]", molecule=[Molecule(smiles="[Ar]")], molecular_weight=(39.8775,'amu'))], kinetics=TwoTemperaturePlasma(A=(3.77e-13,'cm^3/(molecule*s)'), n=-0.651, Ea_g=(0,'kJ/mol'), Ea_e=(0,'kJ/mol'), T0=(10000,'K'), electrons=-1, Tmin=(10000,'K'), Tmax=(1e+08,'K')), reversible=False, electrons=-1)])

test/rmgpy/i134DuplicateElectronsTest.py:446: AssertionError
_ TestLithiumChargeNetworkReachesTheModel.test_the_cation_has_a_loss_channel_in_the_model _

self = <i134DuplicateElectronsTest.TestLithiumChargeNetworkReachesTheModel object at 0x73f8b575aa00>

    def test_the_cation_has_a_loss_channel_in_the_model(self):
        """The deliverable, stated as chemistry rather than as a count: the cation
        appears on the reactant side of some reaction in the model."""
        database = self._database()
        with _GlobalKineticsDatabase(database):
            model = CoreEdgeReactionModel()
            model.kinetics_database = database
            for label in (IONISATION, RECOMBINATION):
>               model.make_new_reaction(self._sole_reaction(database, label),
                                        generate_thermo=False, generate_kinetics=False)

test/rmgpy/i134DuplicateElectronsTest.py:494: 
_ _ _ _ _ _ _ _ _ _ _ _ _ _ _ _ _ _ _ _ _ _ _ _ _ _ _ _ _ _ _ _ _ _ _ _ _ _ _ _ 

self = <i134DuplicateElectronsTest.TestLithiumChargeNetworkReachesTheModel object at 0x73f8b575aa00>
database = <rmgpy.data.kinetics.database.KineticsDatabase object at 0x73f8b5589f40>
label = 'PlasmaRadiativeRecombination'

    def _sole_reaction(self, database, label):
        reactions = database.libraries[label].get_library_reactions()
>       assert len(reactions) == 1, '{0} has {1} entries, expected 1'.format(label,
                                                                            len(reactions))
E       AssertionError: PlasmaRadiativeRecombination has 2 entries, expected 1
E       assert 2 == 1
E        +  where 2 = len([LibraryReaction(reactants=[Species(label="[Lip]", molecule=[Molecule(smiles="[Li+]")], molecular_weight=(6.941,'amu'))], products=[Species(label="[Li]", molecule=[Molecule(smiles="[Li]")], molecular_weight=(6.941,'amu'))], kinetics=BadnellRRArrhenius(A=(8.7e-12,'cm^3/(molecule*s)'), B=0.364, T0=(147,'K'), T1=(7.153e+06,'K'), C=0.1508, T2=(715400,'K'), electrons=-1, Tmin=(10,'K'), Tmax=(1e+07,'K'), comment="""Badnell (2006) RR fit, Z=3, N=2"""), reversible=False, electrons=-1), LibraryReaction(reactants=[Species(label="[Arp]", molecule=[Molecule(smiles="[Ar+]")], molecular_weight=(39.8775,'amu'))], products=[Species(label="[Ar]", molecule=[Molecule(smiles="[Ar]")], molecular_weight=(39.8775,'amu'))], kinetics=TwoTemperaturePlasma(A=(3.77e-13,'cm^3/(molecule*s)'), n=-0.651, Ea_g=(0,'kJ/mol'), Ea_e=(0,'kJ/mol'), T0=(10000,'K'), electrons=-1, Tmin=(10000,'K'), Tmax=(1e+08,'K')), reversible=False, electrons=-1)])

test/rmgpy/i134DuplicateElectronsTest.py:446: AssertionError
_ TestTheLibraryLoadLandmineIsNotReachedFromHere.test_the_owner_appears_when_the_entry_becomes_a_library_reaction _

self = <i134DuplicateElectronsTest.TestTheLibraryLoadLandmineIsNotReachedFromHere object at 0x73f8b575af10>

    def test_the_owner_appears_when_the_entry_becomes_a_library_reaction(self):
        """And from there on, the placement is available and this repair applies."""
        database = self._database()
        placements = {}
        for label in (IONISATION, RECOMBINATION):
            reactions = database.libraries[label].get_library_reactions()
>           assert len(reactions) == 1
E           assert 2 == 1
E            +  where 2 = len([LibraryReaction(reactants=[Species(label="[Lip]", molecule=[Molecule(smiles="[Li+]")], molecular_weight=(6.941,'amu'))], products=[Species(label="[Li]", molecule=[Molecule(smiles="[Li]")], molecular_weight=(6.941,'amu'))], kinetics=BadnellRRArrhenius(A=(8.7e-12,'cm^3/(molecule*s)'), B=0.364, T0=(147,'K'), T1=(7.153e+06,'K'), C=0.1508, T2=(715400,'K'), electrons=-1, Tmin=(10,'K'), Tmax=(1e+07,'K'), comment="""Badnell (2006) RR fit, Z=3, N=2"""), reversible=False, electrons=-1), LibraryReaction(reactants=[Species(label="[Arp]", molecule=[Molecule(smiles="[Ar+]")], molecular_weight=(39.8775,'amu'))], products=[Species(label="[Ar]", molecule=[Molecule(smiles="[Ar]")], molecular_weight=(39.8775,'amu'))], kinetics=TwoTemperaturePlasma(A=(3.77e-13,'cm^3/(molecule*s)'), n=-0.651, Ea_g=(0,'kJ/mol'), Ea_e=(0,'kJ/mol'), T0=(10000,'K'), electrons=-1, Tmin=(10000,'K'), Tmax=(1e+08,'K')), reversible=False, electrons=-1)])

test/rmgpy/i134DuplicateElectronsTest.py:588: AssertionError
=============================== warnings summary ===============================
test/rmgpy/plasmaExportTest.py::TestWritersAgreeOnTheRate::test_exported_rate_does_not_depend_on_the_reference_temperature[StickingCoefficient]
test/rmgpy/plasmaExportTest.py::TestWritersAgreeOnTheRate::test_exported_rate_does_not_depend_on_the_reference_temperature[StickingCoefficient]
  /home/alon/Code/RMG-Py-i244-chemkin-duplicate-electron-aware/test/rmgpy/plasmaExportTest.py:1146: UserWarning: StickingRate::validate: 
  Sticking coefficient is greater than 1 for reaction 'H2(3) + X(4) => H2X(6)'
  at T = 2000.0
  at T = 5000.0
  at T = 10000.0
  
    return ct.Interface(path, phase_names[-1])

-- Docs: https://docs.pytest.org/en/stable/how-to/capture-warnings.html
=========================== short test summary info ============================
FAILED test/rmgpy/i134DuplicateElectronsTest.py::TestLithiumChargeNetworkReachesTheModel::test_the_two_channels_are_not_a_reverse_pair
FAILED test/rmgpy/i134DuplicateElectronsTest.py::TestLithiumChargeNetworkReachesTheModel::test_both_channels_enter_the_model[True]
FAILED test/rmgpy/i134DuplicateElectronsTest.py::TestLithiumChargeNetworkReachesTheModel::test_both_channels_enter_the_model[False]
FAILED test/rmgpy/i134DuplicateElectronsTest.py::TestLithiumChargeNetworkReachesTheModel::test_the_cation_has_a_loss_channel_in_the_model
FAILED test/rmgpy/i134DuplicateElectronsTest.py::TestTheLibraryLoadLandmineIsNotReachedFromHere::test_the_owner_appears_when_the_entry_becomes_a_library_reaction
======= 5 failed, 457 passed, 2 skipped, 1 xfailed, 2 warnings in 8.12s ========
