byte backups taken: chemkin.pyx.round75-backup, reaction.py.round75-backup, yaml_cantera1.py.round75-backup, yaml_cantera2.py.round75-backup

=== D5-writer1-reads-the-flag ===
discriminators: {"writer1_keys_its_own_list": false, "pairwise_marker_ignores_class": true, "chemkin_one_leaf_writes_no_duplicate": true, "chemkin_two_leaf_still_writes_duplicate": true, "writer2_one_leaf_not_marked": true, "to_cantera_one_leaf_not_marked": true, "writer2_refuses_unrenderable_collider": true, "writer2_refusal_names_the_wrapper": true, "writer1_refuses_unrenderable_collider": true}
summary: =================== 2 failed, 38 passed, 8 warnings in 2.15s ===================
   test_writer1_core_only_export_is_loadable_after_production_marking
   test_writer1_does_not_split_a_cross_class_pair_it_renders_alike

=== D6-class-back-in-pairwise ===
discriminators: {"writer1_keys_its_own_list": true, "pairwise_marker_ignores_class": false, "chemkin_one_leaf_writes_no_duplicate": true, "chemkin_two_leaf_still_writes_duplicate": true, "writer2_one_leaf_not_marked": true, "to_cantera_one_leaf_not_marked": true, "writer2_refuses_unrenderable_collider": true, "writer2_refusal_names_the_wrapper": true, "writer1_refuses_unrenderable_collider": true}
summary: =================== 1 failed, 39 passed, 8 warnings in 2.01s ===================
   test_the_pairwise_marking_production_uses_agrees_with_the_group_key

=== D7-chemkin-marks-every-leaf ===
discriminators: {"writer1_keys_its_own_list": true, "pairwise_marker_ignores_class": true, "chemkin_one_leaf_writes_no_duplicate": false, "chemkin_two_leaf_still_writes_duplicate": true, "writer2_one_leaf_not_marked": true, "to_cantera_one_leaf_not_marked": true, "writer2_refuses_unrenderable_collider": true, "writer2_refusal_names_the_wrapper": true, "writer1_refuses_unrenderable_collider": true}
summary: =================== 2 failed, 38 passed, 6 warnings in 2.07s ===================
   test_the_chemkin_deck_cantera_converts_also_loads[MultiArrhenius]
   test_the_chemkin_deck_cantera_converts_also_loads[MultiPDepArrhenius]

=== D8-writer2-marks-every-leaf ===
discriminators: {"writer1_keys_its_own_list": true, "pairwise_marker_ignores_class": true, "chemkin_one_leaf_writes_no_duplicate": true, "chemkin_two_leaf_still_writes_duplicate": true, "writer2_one_leaf_not_marked": false, "to_cantera_one_leaf_not_marked": true, "writer2_refuses_unrenderable_collider": true, "writer2_refusal_names_the_wrapper": true, "writer1_refuses_unrenderable_collider": true}
summary: =================== 2 failed, 38 passed, 8 warnings in 2.04s ===================
   test_both_cantera_writers_load[MultiArrhenius]
   test_both_cantera_writers_load[MultiPDepArrhenius]

=== D9-to-cantera-marks-every-leaf ===
discriminators: {"writer1_keys_its_own_list": true, "pairwise_marker_ignores_class": true, "chemkin_one_leaf_writes_no_duplicate": true, "chemkin_two_leaf_still_writes_duplicate": true, "writer2_one_leaf_not_marked": true, "to_cantera_one_leaf_not_marked": false, "writer2_refuses_unrenderable_collider": true, "writer2_refusal_names_the_wrapper": true, "writer1_refuses_unrenderable_collider": true}
summary: =================== 1 failed, 39 passed, 8 warnings in 2.02s ===================
   test_to_cantera_alone_does_not_mark_a_one_leaf_wrapper

=== D10-writer2-drops-the-collider ===
discriminators: {"writer1_keys_its_own_list": true, "pairwise_marker_ignores_class": true, "chemkin_one_leaf_writes_no_duplicate": true, "chemkin_two_leaf_still_writes_duplicate": true, "writer2_one_leaf_not_marked": true, "to_cantera_one_leaf_not_marked": true, "writer2_refuses_unrenderable_collider": true, "writer2_refusal_names_the_wrapper": false, "writer1_refuses_unrenderable_collider": true}
summary: =================== 1 failed, 69 passed, 2 warnings in 2.88s ===================
   test_a_grouped_reaction_with_an_unrenderable_collider_is_refused

=== D11-writer1-drops-the-collider ===
discriminators: {"writer1_keys_its_own_list": true, "pairwise_marker_ignores_class": true, "chemkin_one_leaf_writes_no_duplicate": true, "chemkin_two_leaf_still_writes_duplicate": true, "writer2_one_leaf_not_marked": true, "to_cantera_one_leaf_not_marked": true, "writer2_refuses_unrenderable_collider": true, "writer2_refusal_names_the_wrapper": true, "writer1_refuses_unrenderable_collider": false}
summary: =================== 1 failed, 39 passed, 8 warnings in 2.02s ===================
   test_writer1_refuses_a_collider_it_cannot_put_in_the_equation

=== restored ===
discriminators: {"writer1_keys_its_own_list": true, "pairwise_marker_ignores_class": true, "chemkin_one_leaf_writes_no_duplicate": true, "chemkin_two_leaf_still_writes_duplicate": true, "writer2_one_leaf_not_marked": true, "to_cantera_one_leaf_not_marked": true, "writer2_refuses_unrenderable_collider": true, "writer2_refusal_names_the_wrapper": true, "writer1_refuses_unrenderable_collider": true}
summary: ======================= 110 passed, 10 warnings in 3.04s =======================

every arm took its guard with it
