============================= test session starts ==============================
platform linux -- Python 3.9.23, pytest-8.4.1, pluggy-1.6.0 -- /home/alon/anaconda3/envs/rmg_env/bin/python
cachedir: .pytest_cache
rootdir: /home/alon/Code/RMG-Py-i244-chemkin-duplicate-electron-aware
configfile: pytest.ini
plugins: check-2.5.3, cov-6.2.1, anyio-4.10.0
collecting ... collected 40 items

test/rmgpy/i244ChemkinDuplicateElectronTest.py::TestElectronPlacementSeparatesDuplicates::test_two_owners_of_one_ionisation_channel_are_not_duplicates PASSED
test/rmgpy/i244ChemkinDuplicateElectronTest.py::TestElectronPlacementSeparatesDuplicates::test_matching_placement_is_still_a_duplicate PASSED
test/rmgpy/i244ChemkinDuplicateElectronTest.py::TestThreeBodyRecombinationShape::test_the_duplicate_check_separates_the_pair PASSED
test/rmgpy/i244ChemkinDuplicateElectronTest.py::TestThreeBodyRecombinationShape::test_the_export_boundary_refuses_a_reversed_declared_reaction PASSED
test/rmgpy/i244ChemkinDuplicateElectronTest.py::TestThreeBodyRecombinationShape::test_an_undeclared_three_body_owner_is_still_folded_onto_the_radiative_channel PASSED
test/rmgpy/i244ChemkinDuplicateElectronTest.py::TestOrdinaryDuplicateHandlingIsUntouched::test_neutral_duplicate_pair_is_still_marked PASSED
test/rmgpy/i244ChemkinDuplicateElectronTest.py::TestOrdinaryDuplicateHandlingIsUntouched::test_opposite_direction_irreversible_branch_still_unmarks PASSED
test/rmgpy/i244ChemkinDuplicateElectronTest.py::TestOrdinaryDuplicateHandlingIsUntouched::test_mixed_pressure_dependence_branch_still_unmarks PASSED
test/rmgpy/i244ChemkinDuplicateElectronTest.py::TestDuplicateIsAGroupPredicate::test_a_pre_marked_placement_mismatched_pair_is_cleared PASSED
test/rmgpy/i244ChemkinDuplicateElectronTest.py::TestDuplicateIsAGroupPredicate::test_a_cross_group_comparison_does_not_clear_another_groups_flags PASSED
test/rmgpy/i244ChemkinDuplicateElectronTest.py::TestDuplicateIsAGroupPredicate::test_a_lone_flag_that_names_no_mate_is_cleared PASSED
test/rmgpy/i244ChemkinDuplicateElectronTest.py::TestDuplicateIsAGroupPredicate::test_a_pre_marked_mixed_reversibility_pair_is_cleared PASSED
test/rmgpy/i244ChemkinDuplicateElectronTest.py::TestDuplicateIsAGroupPredicate::test_the_verdict_does_not_depend_on_the_flags_it_arrives_with PASSED
test/rmgpy/i244ChemkinDuplicateElectronTest.py::TestDuplicateIsAGroupPredicate::test_the_production_save_path_recomputes_the_flags PASSED
test/rmgpy/i244ChemkinDuplicateElectronTest.py::TestPlacementTruthTable::test_same_direction_rows[0-0-NeutralLibA-NeutralLibB-True-(0, 0) vs (0, 0) -- all neutral chemistry, unchanged] PASSED
test/rmgpy/i244ChemkinDuplicateElectronTest.py::TestPlacementTruthTable::test_same_direction_rows[1-1-PlasmaElectronImpactIonization-PlasmaElectronImpactIonization-True-(1, 2) vs (1, 2) -- a genuine duplicate of a declared channel] PASSED
test/rmgpy/i244ChemkinDuplicateElectronTest.py::TestPlacementTruthTable::test_same_direction_rows[1-1-AnUndeclaredKineticsLibrary-AnotherUndeclaredLibrary-True-(0, 1) vs (0, 1) -- a genuine duplicate under the net-derived rule] PASSED
test/rmgpy/i244ChemkinDuplicateElectronTest.py::TestPlacementTruthTable::test_same_direction_rows[1-1-PlasmaElectronImpactIonization-AnUndeclaredKineticsLibrary-False-(1, 2) vs (0, 1) -- equal net count, different incident order] PASSED
test/rmgpy/i244ChemkinDuplicateElectronTest.py::TestPlacementTruthTable::test_same_direction_rows[1-1-AnUndeclaredKineticsLibrary-PlasmaElectronImpactIonization-False-(0, 1) vs (1, 2) -- the same row with the arguments swapped] PASSED
test/rmgpy/i244ChemkinDuplicateElectronTest.py::TestTheAnswerBelongsToTheDeck::test_a_permuted_pair_is_not_cleared_into_a_deck_cantera_rejects PASSED
test/rmgpy/i244ChemkinDuplicateElectronTest.py::TestTheAnswerBelongsToTheDeck::test_the_lone_flag_case_still_clears PASSED
test/rmgpy/i244ChemkinDuplicateElectronTest.py::TestTheAnswerBelongsToTheDeck::test_a_render_leaves_every_reactions_flag_exactly_as_it_found_it PASSED
test/rmgpy/i244ChemkinDuplicateElectronTest.py::TestTheAnswerBelongsToTheDeck::test_a_core_plus_edge_save_does_not_store_its_answer_on_the_reactions PASSED
test/rmgpy/i244ChemkinDuplicateElectronTest.py::TestTheAnswerBelongsToTheDeck::test_a_generator_of_reactions_is_written_not_consumed PASSED
test/rmgpy/i244ChemkinDuplicateElectronTest.py::TestTheAnswerBelongsToTheDeck::test_a_cross_class_pair_is_not_cleared_into_a_deck_cantera_rejects PASSED
test/rmgpy/i244ChemkinDuplicateElectronTest.py::TestTheAnswerBelongsToTheDeck::test_a_three_body_is_not_grouped_with_a_falloff_that_writes_another_equation PASSED
test/rmgpy/i244ChemkinDuplicateElectronTest.py::TestProductionMarkingDoesNotReachTheCanteraWriter::test_the_production_marking_this_rests_on_really_marks PASSED
test/rmgpy/i244ChemkinDuplicateElectronTest.py::TestProductionMarkingDoesNotReachTheCanteraWriter::test_the_pairwise_marking_production_uses_agrees_with_the_group_key FAILED
test/rmgpy/i244ChemkinDuplicateElectronTest.py::TestProductionMarkingDoesNotReachTheCanteraWriter::test_a_core_only_cantera_export_is_loadable_after_production_marking PASSED
test/rmgpy/i244ChemkinDuplicateElectronTest.py::TestProductionMarkingDoesNotReachTheCanteraWriter::test_a_chemkin_render_does_not_launder_the_production_marks PASSED
test/rmgpy/i244ChemkinDuplicateElectronTest.py::TestEveryRegisteredCanteraWriterKeysItsOwnList::test_writer1_core_only_export_is_loadable_after_production_marking PASSED
test/rmgpy/i244ChemkinDuplicateElectronTest.py::TestEveryRegisteredCanteraWriterKeysItsOwnList::test_writer1_does_not_split_a_cross_class_pair_it_renders_alike PASSED
test/rmgpy/i244ChemkinDuplicateElectronTest.py::TestEveryRegisteredCanteraWriterKeysItsOwnList::test_writer1_refuses_a_collider_it_cannot_put_in_the_equation PASSED
test/rmgpy/i244ChemkinDuplicateElectronTest.py::TestAMultiWrapperHoldingOneEntryIsNotADuplicate::test_the_chemkin_deck_cantera_converts_also_loads[MultiArrhenius] PASSED
test/rmgpy/i244ChemkinDuplicateElectronTest.py::TestAMultiWrapperHoldingOneEntryIsNotADuplicate::test_the_chemkin_deck_cantera_converts_also_loads[MultiPDepArrhenius] PASSED
test/rmgpy/i244ChemkinDuplicateElectronTest.py::TestAMultiWrapperHoldingOneEntryIsNotADuplicate::test_both_cantera_writers_load[MultiArrhenius] PASSED
test/rmgpy/i244ChemkinDuplicateElectronTest.py::TestAMultiWrapperHoldingOneEntryIsNotADuplicate::test_both_cantera_writers_load[MultiPDepArrhenius] PASSED
test/rmgpy/i244ChemkinDuplicateElectronTest.py::TestAMultiWrapperHoldingOneEntryIsNotADuplicate::test_a_two_leaf_wrapper_is_still_marked PASSED
test/rmgpy/i244ChemkinDuplicateElectronTest.py::TestAMultiWrapperHoldingOneEntryIsNotADuplicate::test_a_one_leaf_wrapper_that_IS_a_group_duplicate_is_still_marked PASSED
test/rmgpy/i244ChemkinDuplicateElectronTest.py::TestAMultiWrapperHoldingOneEntryIsNotADuplicate::test_to_cantera_alone_does_not_mark_a_one_leaf_wrapper PASSED

=================================== FAILURES ===================================
_ TestProductionMarkingDoesNotReachTheCanteraWriter.test_the_pairwise_marking_production_uses_agrees_with_the_group_key _

self = <i244ChemkinDuplicateElectronTest.TestProductionMarkingDoesNotReachTheCanteraWriter object at 0x74609afaf5e0>
permutation_species = (Species(index=1, label="H", thermo=NASA(polynomials=[NASAPolynomial(coeffs=[2.5,0,0,0,0,-745.375,-11.7246], Tmin=(200...x=(6000,'K'))], Tmin=(200,'K'), Tmax=(6000,'K')), molecule=[Molecule(smiles="[O]")], molecular_weight=(15.9994,'amu')))

    def test_the_pairwise_marking_production_uses_agrees_with_the_group_key(
            self, permutation_species):
        """
        Model growth marks incrementally through the PAIRWISE
        ``mark_duplicate_reaction``, not through the group function, at
        ``model.py:833`` and ``model.py:1962``. Both sit inside database-dependent
        methods, so this pins the function they call.
    
        The two must agree about what "the same entry" means. They did not: the
        pairwise form skipped any pair whose ``__class__`` differed, so a
        LibraryReaction and a TemplateReaction writing one and the same equation
        reached the writers with both flags clear, and a writer that trusted them
        emitted two identical unmarked equations. The Chemkin renderers and
        CanteraWriter2 masked it by recomputing; CanteraWriter1 did not.
        """
        from rmgpy.chemkin import chemkin_duplicate_flags, mark_duplicate_reaction
        from rmgpy.data.kinetics.family import TemplateReaction
    
        h, oh, h2, o = permutation_species
        kinetics = Arrhenius(A=(1.0e12, "cm^3/(mol*s)"), n=0.0, Ea=(0.0, "kcal/mol"))
        library = _library_reaction([h, oh], [h2, o], "NeutralLibA", kinetics=kinetics)
        template = TemplateReaction(reactants=[h, oh], products=[h2, o], family="FamA",
                                    kinetics=kinetics, reversible=False)
    
        mark_duplicate_reaction(template, [library])
    
        pairwise = [library.duplicate, template.duplicate]
        group = chemkin_duplicate_flags([library, template])
>       assert pairwise == group == [True, True], (
            "the pairwise marker production grows the model with disagrees with "
            "the group key: pairwise={0}, group={1}".format(pairwise, group)
        )
E       AssertionError: the pairwise marker production grows the model with disagrees with the group key: pairwise=[False, False], group=[True, True]
E       assert [False, False] == [True, True]
E         
E         At index 0 diff: False != True
E         
E         Full diff:
E           [
E         -     True,
E         -     True,...
E         
E         ...Full output truncated (3 lines hidden), use '-vv' to show

test/rmgpy/i244ChemkinDuplicateElectronTest.py:1275: AssertionError
------------------------------ Captured log call -------------------------------
WARNING  root:i244ChemkinDuplicateElectronTest.py:1274 Marked reaction H(1) + OH(2) => H2(3) + O(4) as duplicate of H(1) + OH(2) => H2(3) + O(4) for saving to Chemkin file.
WARNING  root:i244ChemkinDuplicateElectronTest.py:1274 Marked reaction H(1) + OH(2) => H2(3) + O(4) as duplicate of H(1) + OH(2) => H2(3) + O(4) for saving to Chemkin file.
=============================== warnings summary ===============================
test/rmgpy/i244ChemkinDuplicateElectronTest.py::TestTheAnswerBelongsToTheDeck::test_a_permuted_pair_is_not_cleared_into_a_deck_cantera_rejects
test/rmgpy/i244ChemkinDuplicateElectronTest.py::TestTheAnswerBelongsToTheDeck::test_the_lone_flag_case_still_clears
test/rmgpy/i244ChemkinDuplicateElectronTest.py::TestTheAnswerBelongsToTheDeck::test_a_cross_class_pair_is_not_cleared_into_a_deck_cantera_rejects
test/rmgpy/i244ChemkinDuplicateElectronTest.py::TestTheAnswerBelongsToTheDeck::test_a_three_body_is_not_grouped_with_a_falloff_that_writes_another_equation
test/rmgpy/i244ChemkinDuplicateElectronTest.py::TestAMultiWrapperHoldingOneEntryIsNotADuplicate::test_the_chemkin_deck_cantera_converts_also_loads[MultiArrhenius]
test/rmgpy/i244ChemkinDuplicateElectronTest.py::TestAMultiWrapperHoldingOneEntryIsNotADuplicate::test_the_chemkin_deck_cantera_converts_also_loads[MultiPDepArrhenius]
test/rmgpy/i244ChemkinDuplicateElectronTest.py::TestAMultiWrapperHoldingOneEntryIsNotADuplicate::test_a_two_leaf_wrapper_is_still_marked
test/rmgpy/i244ChemkinDuplicateElectronTest.py::TestAMultiWrapperHoldingOneEntryIsNotADuplicate::test_a_one_leaf_wrapper_that_IS_a_group_duplicate_is_still_marked
  /home/alon/Code/Cantera/build/python/cantera/ck2yaml.py:2288: UserWarning: To be removed after Cantera 3.1; renamed to 'convert'
    warnings.warn(

-- Docs: https://docs.pytest.org/en/stable/how-to/capture-warnings.html
=========================== short test summary info ============================
FAILED test/rmgpy/i244ChemkinDuplicateElectronTest.py::TestProductionMarkingDoesNotReachTheCanteraWriter::test_the_pairwise_marking_production_uses_agrees_with_the_group_key
=================== 1 failed, 39 passed, 8 warnings in 2.01s ===================
