============================= test session starts ==============================
platform linux -- Python 3.9.23, pytest-8.4.1, pluggy-1.6.0 -- /home/alon/anaconda3/envs/rmg_env/bin/python3.9
rootdir: /home/alon/Code/RMG-Py-i244-chemkin-duplicate-electron-aware
configfile: pytest.ini
plugins: check-2.5.3, cov-6.2.1, anyio-4.10.0
collecting ... collected 19 items

test/rmgpy/i244ChemkinDuplicateElectronTest.py::TestElectronPlacementSeparatesDuplicates::test_two_owners_of_one_ionisation_channel_are_not_duplicates FAILED
test/rmgpy/i244ChemkinDuplicateElectronTest.py::TestElectronPlacementSeparatesDuplicates::test_matching_placement_is_still_a_duplicate PASSED
test/rmgpy/i244ChemkinDuplicateElectronTest.py::TestThreeBodyRecombinationShape::test_the_duplicate_check_separates_the_pair FAILED
test/rmgpy/i244ChemkinDuplicateElectronTest.py::TestThreeBodyRecombinationShape::test_the_export_boundary_refuses_a_reversed_declared_reaction PASSED
test/rmgpy/i244ChemkinDuplicateElectronTest.py::TestThreeBodyRecombinationShape::test_an_undeclared_three_body_owner_is_still_folded_onto_the_radiative_channel PASSED
test/rmgpy/i244ChemkinDuplicateElectronTest.py::TestOrdinaryDuplicateHandlingIsUntouched::test_neutral_duplicate_pair_is_still_marked PASSED
test/rmgpy/i244ChemkinDuplicateElectronTest.py::TestOrdinaryDuplicateHandlingIsUntouched::test_opposite_direction_irreversible_branch_still_unmarks PASSED
test/rmgpy/i244ChemkinDuplicateElectronTest.py::TestOrdinaryDuplicateHandlingIsUntouched::test_mixed_pressure_dependence_branch_still_unmarks PASSED
test/rmgpy/i244ChemkinDuplicateElectronTest.py::TestDuplicateIsAGroupPredicate::test_a_pre_marked_placement_mismatched_pair_is_cleared FAILED
test/rmgpy/i244ChemkinDuplicateElectronTest.py::TestDuplicateIsAGroupPredicate::test_a_cross_group_comparison_does_not_clear_another_groups_flags PASSED
test/rmgpy/i244ChemkinDuplicateElectronTest.py::TestDuplicateIsAGroupPredicate::test_a_lone_flag_that_names_no_mate_is_cleared PASSED
test/rmgpy/i244ChemkinDuplicateElectronTest.py::TestDuplicateIsAGroupPredicate::test_a_pre_marked_mixed_reversibility_pair_is_cleared PASSED
test/rmgpy/i244ChemkinDuplicateElectronTest.py::TestDuplicateIsAGroupPredicate::test_the_verdict_does_not_depend_on_the_flags_it_arrives_with FAILED
test/rmgpy/i244ChemkinDuplicateElectronTest.py::TestDuplicateIsAGroupPredicate::test_the_production_save_path_recomputes_the_flags FAILED
test/rmgpy/i244ChemkinDuplicateElectronTest.py::TestPlacementTruthTable::test_same_direction_rows[0-0-NeutralLibA-NeutralLibB-True-(0, 0) vs (0, 0) -- all neutral chemistry, unchanged] PASSED
test/rmgpy/i244ChemkinDuplicateElectronTest.py::TestPlacementTruthTable::test_same_direction_rows[1-1-PlasmaElectronImpactIonization-PlasmaElectronImpactIonization-True-(1, 2) vs (1, 2) -- a genuine duplicate of a declared channel] PASSED
test/rmgpy/i244ChemkinDuplicateElectronTest.py::TestPlacementTruthTable::test_same_direction_rows[1-1-AnUndeclaredKineticsLibrary-AnotherUndeclaredLibrary-True-(0, 1) vs (0, 1) -- a genuine duplicate under the net-derived rule] PASSED
test/rmgpy/i244ChemkinDuplicateElectronTest.py::TestPlacementTruthTable::test_same_direction_rows[1-1-PlasmaElectronImpactIonization-AnUndeclaredKineticsLibrary-False-(1, 2) vs (0, 1) -- equal net count, different incident order] FAILED
test/rmgpy/i244ChemkinDuplicateElectronTest.py::TestPlacementTruthTable::test_same_direction_rows[1-1-AnUndeclaredKineticsLibrary-PlasmaElectronImpactIonization-False-(0, 1) vs (1, 2) -- the same row with the arguments swapped] FAILED

=================================== FAILURES ===================================
_ TestElectronPlacementSeparatesDuplicates.test_two_owners_of_one_ionisation_channel_are_not_duplicates _

self = <i244ChemkinDuplicateElectronTest.TestElectronPlacementSeparatesDuplicates object at 0x73055aa60640>
tmp_path = PosixPath('/tmp/pytest-of-alon/pytest-4/test_two_owners_of_one_ionisat0')
charged_species = (Species(index=1, label="e-", thermo=NASA(polynomials=[NASAPolynomial(coeffs=[2.5,0,0,0,0,-745.375,-11.7246], Tmin=(20...x=(6000,'K'))], Tmin=(200,'K'), Tmax=(6000,'K')), molecule=[Molecule(smiles="[Li+]")], molecular_weight=(6.941,'amu')))

    def test_two_owners_of_one_ionisation_channel_are_not_duplicates(self, tmp_path, charged_species):
        """
        The declared ``(1, 2)`` ionisation and an undeclared ``(0, 1)`` writing of
        the same channel must reach the deck as two independent reactions.
    
        They share their heavy species and their net electron count, and differ
        only in incident order -- which is precisely the difference Chemkin cares
        about, because it is the difference in stoichiometry.
        """
        electron, li, lip = charged_species
    
        declared = _library_reaction(
            [li], [lip], DECLARED_TWO_SIDED_OWNER, electrons=1,
            kinetics=Arrhenius(A=(1.0e12, "cm^3/(mol*s)"), n=0.0, Ea=(0.0, "kcal/mol")),
        )
        undeclared = _library_reaction(
            [li], [lip], UNDECLARED_OWNER, electrons=1,
            kinetics=Arrhenius(A=(1.0e10, "s^-1"), n=0.0, Ea=(0.0, "kcal/mol")),
        )
    
        # The premise the repair rests on, asserted rather than assumed: the NET
        # count is equal, so only the per-side pair can separate them.
        assert declared.electrons == undeclared.electrons == 1
        assert get_electron_placement_counts(declared) == (1, 2)
        assert get_electron_placement_counts(undeclared) == (0, 1)
    
        text = _write_deck(tmp_path, [electron, li, lip], [declared, undeclared])
        entries = _deck_entries(text)
    
        assert len(entries) == 2, "expected both reactions in the deck, got {0!r}".format(entries)
        stoichiometries = {_stoichiometry(eq) for eq, _ in entries}
        assert stoichiometries == {(2, 3), (1, 2)}, (
            "the two writings of the channel should differ in stoichiometry, got {0!r}".format(entries)
        )
>       assert not any(marked for _, marked in entries), (
            "two reactions of different stoichiometry were marked DUPLICATE, which Chemkin "
            "forbids:\n{0}".format(text)
        )
E       AssertionError: two reactions of different stoichiometry were marked DUPLICATE, which Chemkin forbids:
E         ELEMENTS
E         	E
E         	Li
E         END
E         
E         SPECIES
E             e-(1)           
E             Li(2)           
E             Lip(3)          
E         END
E         
E         
E         
E         THERM ALL
E            300.000  1000.000  5000.000
E         
E         e-(1)                   E   1               G   200.000  6000.000 1000.00      1
E          2.50000000E+00 0.00000000E+00 0.00000000E+00 0.00000000E+00 0.00000000E+00    2
E         -7.45375000E+02-1.17246000E+01 2.50000000E+00 0.00000000E+00 0.00000000E+00    3
E          0.00000000E+00 0.00000000E+00-7.45375000E+02-1.17246000E+01                   4
E         
E         Li(2)                   Li  1               G   200.000  6000.000 1000.00      1
E          2.50000000E+00 0.00000000E+00 0.00000000E+00 0.00000000E+00 0.00000000E+00    2
E         -7.45375000E+02-1.17246000E+01 2.50000000E+00 0.00000000E+00 0.00000000E+00    3
E          0.00000000E+00 0.00000000E+00-7.45375000E+02-1.17246000E+01                   4
E         
E         Lip(3)                  E  -1Li  1          G   200.000  6000.000 1000.00      1
E          2.50000000E+00 0.00000000E+00 0.00000000E+00 0.00000000E+00 0.00000000E+00    2
E         -7.45375000E+02-1.17246000E+01 2.50000000E+00 0.00000000E+00 0.00000000E+00    3
E          0.00000000E+00 0.00000000E+00-7.45375000E+02-1.17246000E+01                   4
E         
E         END
E         
E         
E         
E         REACTIONS    KCAL/MOLE   MOLES
E         
E         Li(2)+e-(1)=>Lip(3)+e-(1)+e-(1)                     1.000000e+12 0.000     0.000    
E         DUPLICATE
E         
E         Li(2)=>Lip(3)+e-(1)                                 1.000000e+10 0.000     0.000    
E         DUPLICATE
E         
E         END
E         
E         
E       assert not True
E        +  where True = any(<generator object TestElectronPlacementSeparatesDuplicates.test_two_owners_of_one_ionisation_channel_are_not_duplicates.<locals>.<genexpr> at 0x730559e36900>)

test/rmgpy/i244ChemkinDuplicateElectronTest.py:240: AssertionError
------------------------------ Captured log call -------------------------------
WARNING  root:i244ChemkinDuplicateElectronTest.py:158 Marked reaction Li(2) => Lip(3) as duplicate of Li(2) => Lip(3) for saving to Chemkin file.
WARNING  root:i244ChemkinDuplicateElectronTest.py:158 Marked reaction Li(2) => Lip(3) as duplicate of Li(2) => Lip(3) for saving to Chemkin file.
_ TestThreeBodyRecombinationShape.test_the_duplicate_check_separates_the_pair __

self = <i244ChemkinDuplicateElectronTest.TestThreeBodyRecombinationShape object at 0x73055aa60a00>
charged_species = (Species(index=1, label="e-", thermo=NASA(polynomials=[NASAPolynomial(coeffs=[2.5,0,0,0,0,-745.375,-11.7246], Tmin=(20...x=(6000,'K'))], Tmin=(200,'K'), Tmax=(6000,'K')), molecule=[Molecule(smiles="[Li+]")], molecular_weight=(6.941,'amu')))

    def test_the_duplicate_check_separates_the_pair(self, charged_species):
        """
        At the identity level the repair covers the three-body case: the two
        placements differ, so the refined comparison declines to mark them.
    
        This is the one assertion in this file that is not on an emitted deck,
        because on this branch there is no deck to assert on -- see the next test.
        """
        from rmgpy.chemkin import mark_duplicate_reactions
    
        _, li, lip = charged_species
        radiative = _library_reaction(
            [lip], [li], DECLARED_ONE_SIDED_OWNER, electrons=-1,
            kinetics=Arrhenius(A=(1.0e12, "cm^3/(mol*s)"), n=0.0, Ea=(0.0, "kcal/mol")),
        )
        three_body = _library_reaction(
            [lip], [li], DECLARED_TWO_SIDED_OWNER, electrons=-1,
            kinetics=Arrhenius(A=(1.0e18, "cm^6/(mol^2*s)"), n=0.0, Ea=(0.0, "kcal/mol")),
        )
        assert get_electron_placement_counts(radiative) == (1, 0)
        assert get_electron_placement_counts(three_body) == (2, 1)
        assert radiative.electrons == three_body.electrons == -1, (
            "the net count is the same for both, which is why it cannot be the discriminator"
        )
    
        mark_duplicate_reactions([radiative, three_body])
>       assert not radiative.duplicate and not three_body.duplicate
E       assert (not True)
E        +  where True = LibraryReaction(reactants=[Species(index=3, label="Lip", thermo=NASA(polynomials=[NASAPolynomial(coeffs=[2.5,0,0,0,0,-745.375,-11.7246], Tmin=(200,'K'), Tmax=(1000,'K')), NASAPolynomial(coeffs=[2.5,0,0,0,0,-745.375,-11.7246], Tmin=(1000,'K'), Tmax=(6000,'K'))], Tmin=(200,'K'), Tmax=(6000,'K')), molecule=[Molecule(smiles="[Li+]")], molecular_weight=(6.941,'amu'))], products=[Species(index=2, label="Li", thermo=NASA(polynomials=[NASAPolynomial(coeffs=[2.5,0,0,0,0,-745.375,-11.7246], Tmin=(200,'K'), Tmax=(1000,'K')), NASAPolynomial(coeffs=[2.5,0,0,0,0,-745.375,-11.7246], Tmin=(1000,'K'), Tmax=(6000,'K'))], Tmin=(200,'K'), Tmax=(6000,'K')), molecule=[Molecule(smiles="[Li]")], molecular_weight=(6.941,'amu'))], kinetics=Arrhenius(A=(1e+12,'cm^3/(mol*s)'), n=0, Ea=(0,'kcal/mol'), T0=(1,'K')), reversible=False, duplicate=True, electrons=-1).duplicate

test/rmgpy/i244ChemkinDuplicateElectronTest.py:325: AssertionError
------------------------------ Captured log call -------------------------------
WARNING  root:i244ChemkinDuplicateElectronTest.py:324 Marked reaction Lip(3) => Li(2) as duplicate of Lip(3) => Li(2) for saving to Chemkin file.
WARNING  root:i244ChemkinDuplicateElectronTest.py:324 Marked reaction Lip(3) => Li(2) as duplicate of Lip(3) => Li(2) for saving to Chemkin file.
_ TestDuplicateIsAGroupPredicate.test_a_pre_marked_placement_mismatched_pair_is_cleared _

self = <i244ChemkinDuplicateElectronTest.TestDuplicateIsAGroupPredicate object at 0x73055aa60f70>
tmp_path = PosixPath('/tmp/pytest-of-alon/pytest-4/test_a_pre_marked_placement_mi0')
charged_species = (Species(index=1, label="e-", thermo=NASA(polynomials=[NASAPolynomial(coeffs=[2.5,0,0,0,0,-745.375,-11.7246], Tmin=(20...x=(6000,'K'))], Tmin=(200,'K'), Tmax=(6000,'K')), molecule=[Molecule(smiles="[Li+]")], molecular_weight=(6.941,'amu')))

    def test_a_pre_marked_placement_mismatched_pair_is_cleared(self, tmp_path, charged_species):
        """
        The pair this ticket exists to separate -- ``(1, 2)`` against ``(0, 1)`` --
        arriving with both flags already set.
    
        The electron-placement refinement lives in the branch that marks, which is
        the ``else`` of ``if reaction1.duplicate and reaction2.duplicate``. A
        pre-marked pair never reaches it, so before the group-level recompute these
        two shipped as duplicates of each other despite writing equations of
        different stoichiometry.
        """
        electron, li, lip = charged_species
    
        declared = _library_reaction(
            [li], [lip], DECLARED_TWO_SIDED_OWNER, electrons=1, duplicate=True,
            kinetics=Arrhenius(A=(1.0e12, "cm^3/(mol*s)"), n=0.0, Ea=(0.0, "kcal/mol")),
        )
        undeclared = _library_reaction(
            [li], [lip], UNDECLARED_OWNER, electrons=1, duplicate=True,
            kinetics=Arrhenius(A=(2.0e12, "s^-1"), n=0.0, Ea=(0.0, "kcal/mol")),
        )
        assert (declared.duplicate, undeclared.duplicate) == (True, True)
        assert get_electron_placement_counts(declared) == (1, 2)
        assert get_electron_placement_counts(undeclared) == (0, 1)
    
        text = _write_deck(tmp_path, [electron, li, lip], [declared, undeclared])
        entries = _deck_entries(text)
    
        assert len(entries) == 2
        assert {_stoichiometry(equation) for equation, _ in entries} == {(2, 3), (1, 2)}, (
            "the two channels should write different stoichiometries:\n{0}".format(text)
        )
>       assert not any(marked for _, marked in entries), (
            "a pre-marked pair with different electron placements kept its DUPLICATE "
            "lines:\n{0}".format(text)
        )
E       AssertionError: a pre-marked pair with different electron placements kept its DUPLICATE lines:
E         ELEMENTS
E         	E
E         	Li
E         END
E         
E         SPECIES
E             e-(1)           
E             Li(2)           
E             Lip(3)          
E         END
E         
E         
E         
E         THERM ALL
E            300.000  1000.000  5000.000
E         
E         e-(1)                   E   1               G   200.000  6000.000 1000.00      1
E          2.50000000E+00 0.00000000E+00 0.00000000E+00 0.00000000E+00 0.00000000E+00    2
E         -7.45375000E+02-1.17246000E+01 2.50000000E+00 0.00000000E+00 0.00000000E+00    3
E          0.00000000E+00 0.00000000E+00-7.45375000E+02-1.17246000E+01                   4
E         
E         Li(2)                   Li  1               G   200.000  6000.000 1000.00      1
E          2.50000000E+00 0.00000000E+00 0.00000000E+00 0.00000000E+00 0.00000000E+00    2
E         -7.45375000E+02-1.17246000E+01 2.50000000E+00 0.00000000E+00 0.00000000E+00    3
E          0.00000000E+00 0.00000000E+00-7.45375000E+02-1.17246000E+01                   4
E         
E         Lip(3)                  E  -1Li  1          G   200.000  6000.000 1000.00      1
E          2.50000000E+00 0.00000000E+00 0.00000000E+00 0.00000000E+00 0.00000000E+00    2
E         -7.45375000E+02-1.17246000E+01 2.50000000E+00 0.00000000E+00 0.00000000E+00    3
E          0.00000000E+00 0.00000000E+00-7.45375000E+02-1.17246000E+01                   4
E         
E         END
E         
E         
E         
E         REACTIONS    KCAL/MOLE   MOLES
E         
E         Li(2)+e-(1)=>Lip(3)+e-(1)+e-(1)                     1.000000e+12 0.000     0.000    
E         DUPLICATE
E         
E         Li(2)=>Lip(3)+e-(1)                                 2.000000e+12 0.000     0.000    
E         DUPLICATE
E         
E         END
E         
E         
E       assert not True
E        +  where True = any(<generator object TestDuplicateIsAGroupPredicate.test_a_pre_marked_placement_mismatched_pair_is_cleared.<locals>.<genexpr> at 0x730559af8190>)

test/rmgpy/i244ChemkinDuplicateElectronTest.py:536: AssertionError
_ TestDuplicateIsAGroupPredicate.test_the_verdict_does_not_depend_on_the_flags_it_arrives_with _

self = <i244ChemkinDuplicateElectronTest.TestDuplicateIsAGroupPredicate object at 0x73055aa7dac0>
charged_species = (Species(index=1, label="e-", thermo=NASA(polynomials=[NASAPolynomial(coeffs=[2.5,0,0,0,0,-745.375,-11.7246], Tmin=(20...x=(6000,'K'))], Tmin=(200,'K'), Tmax=(6000,'K')), molecule=[Molecule(smiles="[Li+]")], molecular_weight=(6.941,'amu')))

    def test_the_verdict_does_not_depend_on_the_flags_it_arrives_with(self, charged_species):
        """
        The recompute reads the reactions, not their flags. The same list must come
        out the same way whether every flag arrives set or every flag arrives clear,
        and a second pass must change nothing.
    
        The pairwise sweep could not have this property: arriving all-set, it had no
        branch that would clear the lone reaction below, and arriving all-clear it
        had none that would set it. The two runs disagreed.
        """
        electron, li, lip = charged_species
        del electron
    
        def build(flag):
            mate_a = _library_reaction(
                [li], [lip], DECLARED_TWO_SIDED_OWNER, electrons=1, duplicate=flag,
                kinetics=Arrhenius(A=(1.0e12, "cm^3/(mol*s)"), n=0.0, Ea=(0.0, "kcal/mol")),
            )
            mate_b = _library_reaction(
                [li], [lip], DECLARED_TWO_SIDED_OWNER, electrons=1, duplicate=flag,
                kinetics=Arrhenius(A=(2.0e12, "cm^3/(mol*s)"), n=0.0, Ea=(0.0, "kcal/mol")),
            )
            lonely = _library_reaction(
                [li], [lip], UNDECLARED_OWNER, electrons=1, duplicate=flag,
                kinetics=Arrhenius(A=(3.0e12, "s^-1"), n=0.0, Ea=(0.0, "kcal/mol")),
            )
            return [mate_a, mate_b, lonely]
    
        from_set = build(True)
        mark_duplicate_reactions(from_set)
        from_clear = build(False)
        mark_duplicate_reactions(from_clear)
    
        expected = [True, True, False]
>       assert [rxn.duplicate for rxn in from_set] == expected
E       AssertionError: assert [True, True, True] == [True, True, False]
E         
E         At index 2 diff: True != False
E         
E         Full diff:
E           [
E               True,
E               True,...
E         
E         ...Full output truncated (3 lines hidden), use '-vv' to show

test/rmgpy/i244ChemkinDuplicateElectronTest.py:683: AssertionError
------------------------------ Captured log call -------------------------------
WARNING  root:i244ChemkinDuplicateElectronTest.py:680 Marked reaction Li(2) => Lip(3) as duplicate of Li(2) => Lip(3) for saving to Chemkin file.
WARNING  root:i244ChemkinDuplicateElectronTest.py:680 Marked reaction Li(2) => Lip(3) as duplicate of Li(2) => Lip(3) for saving to Chemkin file.
WARNING  root:i244ChemkinDuplicateElectronTest.py:680 Marked reaction Li(2) => Lip(3) as duplicate of Li(2) => Lip(3) for saving to Chemkin file.
_ TestDuplicateIsAGroupPredicate.test_the_production_save_path_recomputes_the_flags _

self = <i244ChemkinDuplicateElectronTest.TestDuplicateIsAGroupPredicate object at 0x73055aa7dcd0>
tmp_path = PosixPath('/tmp/pytest-of-alon/pytest-4/test_the_production_save_path_0')
charged_species = (Species(index=1, label="e-", thermo=NASA(polynomials=[NASAPolynomial(coeffs=[2.5,0,0,0,0,-745.375,-11.7246], Tmin=(20...x=(6000,'K'))], Tmin=(200,'K'), Tmax=(6000,'K')), molecule=[Molecule(smiles="[Li+]")], molecular_weight=(6.941,'amu')))

    def test_the_production_save_path_recomputes_the_flags(self, tmp_path, charged_species):
        """
        ``save_chemkin`` -- the function an RMG run writes its deck with -- passes
        ``check_for_duplicates=False`` to every render call it makes. So the repair
        reaches a real run's deck only if ``save_chemkin`` itself recomputes; without
        that, the flags a run ships are whatever ``rmgpy.rmg.model``'s incremental
        pairwise calls left behind, and this pair ships marked.
        """
        electron, li, lip = charged_species
    
        declared = _library_reaction(
            [li], [lip], DECLARED_TWO_SIDED_OWNER, electrons=1, duplicate=True,
            kinetics=Arrhenius(A=(1.0e12, "cm^3/(mol*s)"), n=0.0, Ea=(0.0, "kcal/mol")),
        )
        undeclared = _library_reaction(
            [li], [lip], UNDECLARED_OWNER, electrons=1, duplicate=True,
            kinetics=Arrhenius(A=(2.0e12, "s^-1"), n=0.0, Ea=(0.0, "kcal/mol")),
        )
        model = SimpleNamespace(
            core=SimpleNamespace(species=[electron, li, lip], reactions=[declared, undeclared]),
            edge=SimpleNamespace(species=[], reactions=[]),
            output_species_list=[],
            output_reaction_list=[],
            surface_site_density=None,
        )
    
        path = os.path.join(str(tmp_path), "chem_annotated.inp")
        verbose_path = os.path.join(str(tmp_path), "chem_annotated_verbose.inp")
        save_chemkin(model, path, verbose_path)
    
        with open(path, "r") as f:
            text = f.read()
        entries = _deck_entries(text)
    
        assert len(entries) == 2
>       assert not any(marked for _, marked in entries), (
            "save_chemkin shipped a placement-mismatched pair as duplicates:\n{0}".format(text)
        )
E       AssertionError: save_chemkin shipped a placement-mismatched pair as duplicates:
E         ELEMENTS
E         	E
E         	Li
E         END
E         
E         SPECIES
E             e-(1)           
E             Li(2)           
E             Lip(3)          
E         END
E         
E         
E         
E         THERM ALL
E            300.000  1000.000  5000.000
E         
E         e-(1)                   E   1               G   200.000  6000.000 1000.00      1
E          2.50000000E+00 0.00000000E+00 0.00000000E+00 0.00000000E+00 0.00000000E+00    2
E         -7.45375000E+02-1.17246000E+01 2.50000000E+00 0.00000000E+00 0.00000000E+00    3
E          0.00000000E+00 0.00000000E+00-7.45375000E+02-1.17246000E+01                   4
E         
E         Li(2)                   Li  1               G   200.000  6000.000 1000.00      1
E          2.50000000E+00 0.00000000E+00 0.00000000E+00 0.00000000E+00 0.00000000E+00    2
E         -7.45375000E+02-1.17246000E+01 2.50000000E+00 0.00000000E+00 0.00000000E+00    3
E          0.00000000E+00 0.00000000E+00-7.45375000E+02-1.17246000E+01                   4
E         
E         Lip(3)                  E  -1Li  1          G   200.000  6000.000 1000.00      1
E          2.50000000E+00 0.00000000E+00 0.00000000E+00 0.00000000E+00 0.00000000E+00    2
E         -7.45375000E+02-1.17246000E+01 2.50000000E+00 0.00000000E+00 0.00000000E+00    3
E          0.00000000E+00 0.00000000E+00-7.45375000E+02-1.17246000E+01                   4
E         
E         END
E         
E         
E         
E         REACTIONS    KCAL/MOLE   MOLES
E         
E         Li(2)+e-(1)=>Lip(3)+e-(1)+e-(1)                     1.000000e+12 0.000     0.000    
E         DUPLICATE
E         
E         Li(2)=>Lip(3)+e-(1)                                 2.000000e+12 0.000     0.000    
E         DUPLICATE
E         
E         END
E         
E         
E       assert not True
E        +  where True = any(<generator object TestDuplicateIsAGroupPredicate.test_the_production_save_path_recomputes_the_flags.<locals>.<genexpr> at 0x730559b062e0>)

test/rmgpy/i244ChemkinDuplicateElectronTest.py:724: AssertionError
_ TestPlacementTruthTable.test_same_direction_rows[1-1-PlasmaElectronImpactIonization-AnUndeclaredKineticsLibrary-False-(1, 2) vs (0, 1) -- equal net count, different incident order] _

self = <i244ChemkinDuplicateElectronTest.TestPlacementTruthTable object at 0x73055a9c6850>
tmp_path = PosixPath('/tmp/pytest-of-alon/pytest-4/test_same_direction_rows_1_1_P1')
charged_species = (Species(index=1, label="e-", thermo=NASA(polynomials=[NASAPolynomial(coeffs=[2.5,0,0,0,0,-745.375,-11.7246], Tmin=(20...x=(6000,'K'))], Tmin=(200,'K'), Tmax=(6000,'K')), molecule=[Molecule(smiles="[Li+]")], molecular_weight=(6.941,'amu')))
neutral_species = (Species(index=1, label="C2H6", thermo=NASA(polynomials=[NASAPolynomial(coeffs=[2.5,0,0,0,0,-745.375,-11.7246], Tmin=(...6000,'K'))], Tmin=(200,'K'), Tmax=(6000,'K')), molecule=[Molecule(smiles="C[CH2]")], molecular_weight=(29.0611,'amu')))
electrons_a = 1, electrons_b = 1, owner_a = 'PlasmaElectronImpactIonization'
owner_b = 'AnUndeclaredKineticsLibrary', expect_marked = False
why = '(1, 2) vs (0, 1) -- equal net count, different incident order'

    @pytest.mark.parametrize(
        "electrons_a, electrons_b, owner_a, owner_b, expect_marked, why",
        [
            (0, 0, "NeutralLibA", "NeutralLibB", True,
             "(0, 0) vs (0, 0) -- all neutral chemistry, unchanged"),
            (1, 1, DECLARED_TWO_SIDED_OWNER, DECLARED_TWO_SIDED_OWNER, True,
             "(1, 2) vs (1, 2) -- a genuine duplicate of a declared channel"),
            (1, 1, UNDECLARED_OWNER, "AnotherUndeclaredLibrary", True,
             "(0, 1) vs (0, 1) -- a genuine duplicate under the net-derived rule"),
            (1, 1, DECLARED_TWO_SIDED_OWNER, UNDECLARED_OWNER, False,
             "(1, 2) vs (0, 1) -- equal net count, different incident order"),
            (1, 1, UNDECLARED_OWNER, DECLARED_TWO_SIDED_OWNER, False,
             "(0, 1) vs (1, 2) -- the same row with the arguments swapped"),
        ],
    )
    def test_same_direction_rows(self, tmp_path, charged_species, neutral_species,
                                 electrons_a, electrons_b, owner_a, owner_b,
                                 expect_marked, why):
        electron, li, lip = charged_species
        ethane, methyl, _ = neutral_species
    
        if electrons_a == 0:
            species = [ethane, methyl]
            reactants, products = [ethane], [methyl, methyl]
            units_a = units_b = "s^-1"
        else:
            species = [electron, li, lip]
            reactants, products = [li], [lip]
            # The exported reactant side is one species longer wherever the owner
            # declares an incident electron, and the A-factor units have to match
            # the equation the writer emits.
            units_a = "cm^3/(mol*s)" if owner_a == DECLARED_TWO_SIDED_OWNER else "s^-1"
            units_b = "cm^3/(mol*s)" if owner_b == DECLARED_TWO_SIDED_OWNER else "s^-1"
    
        first = _library_reaction(
            reactants, products, owner_a, electrons=electrons_a,
            kinetics=Arrhenius(A=(1.0e12, units_a), n=0.0, Ea=(0.0, "kcal/mol")),
        )
        second = _library_reaction(
            reactants, products, owner_b, electrons=electrons_b,
            kinetics=Arrhenius(A=(2.0e12, units_b), n=0.0, Ea=(0.0, "kcal/mol")),
        )
    
        text = _write_deck(tmp_path, species, [first, second])
        entries = _deck_entries(text)
    
        assert len(entries) == 2, text
        marked = [flag for _, flag in entries]
>       assert marked == [expect_marked, expect_marked], (
            "{0}: expected marked={1}, deck says {2}\n{3}".format(why, expect_marked, marked, text)
        )
E       AssertionError: (1, 2) vs (0, 1) -- equal net count, different incident order: expected marked=False, deck says [True, True]
E         ELEMENTS
E         	E
E         	Li
E         END
E         
E         SPECIES
E             e-(1)           
E             Li(2)           
E             Lip(3)          
E         END
E         
E         
E         
E         THERM ALL
E            300.000  1000.000  5000.000
E         
E         e-(1)                   E   1               G   200.000  6000.000 1000.00      1
E          2.50000000E+00 0.00000000E+00 0.00000000E+00 0.00000000E+00 0.00000000E+00    2
E         -7.45375000E+02-1.17246000E+01 2.50000000E+00 0.00000000E+00 0.00000000E+00    3
E          0.00000000E+00 0.00000000E+00-7.45375000E+02-1.17246000E+01                   4
E         
E         Li(2)                   Li  1               G   200.000  6000.000 1000.00      1
E          2.50000000E+00 0.00000000E+00 0.00000000E+00 0.00000000E+00 0.00000000E+00    2
E         -7.45375000E+02-1.17246000E+01 2.50000000E+00 0.00000000E+00 0.00000000E+00    3
E          0.00000000E+00 0.00000000E+00-7.45375000E+02-1.17246000E+01                   4
E         
E         Lip(3)                  E  -1Li  1          G   200.000  6000.000 1000.00      1
E          2.50000000E+00 0.00000000E+00 0.00000000E+00 0.00000000E+00 0.00000000E+00    2
E         -7.45375000E+02-1.17246000E+01 2.50000000E+00 0.00000000E+00 0.00000000E+00    3
E          0.00000000E+00 0.00000000E+00-7.45375000E+02-1.17246000E+01                   4
E         
E         END
E         
E         
E         
E         REACTIONS    KCAL/MOLE   MOLES
E         
E         Li(2)+e-(1)=>Lip(3)+e-(1)+e-(1)                     1.000000e+12 0.000     0.000    
E         DUPLICATE
E         
E         Li(2)=>Lip(3)+e-(1)                                 2.000000e+12 0.000     0.000    
E         DUPLICATE
E         
E         END
E         
E         
E       assert [True, True] == [False, False]
E         
E         At index 0 diff: True != False
E         
E         Full diff:
E           [
E         -     False,
E         -     False,...
E         
E         ...Full output truncated (3 lines hidden), use '-vv' to show

test/rmgpy/i244ChemkinDuplicateElectronTest.py:787: AssertionError
------------------------------ Captured log call -------------------------------
WARNING  root:i244ChemkinDuplicateElectronTest.py:158 Marked reaction Li(2) => Lip(3) as duplicate of Li(2) => Lip(3) for saving to Chemkin file.
WARNING  root:i244ChemkinDuplicateElectronTest.py:158 Marked reaction Li(2) => Lip(3) as duplicate of Li(2) => Lip(3) for saving to Chemkin file.
_ TestPlacementTruthTable.test_same_direction_rows[1-1-AnUndeclaredKineticsLibrary-PlasmaElectronImpactIonization-False-(0, 1) vs (1, 2) -- the same row with the arguments swapped] _

self = <i244ChemkinDuplicateElectronTest.TestPlacementTruthTable object at 0x73055a9c6910>
tmp_path = PosixPath('/tmp/pytest-of-alon/pytest-4/test_same_direction_rows_1_1_A1')
charged_species = (Species(index=1, label="e-", thermo=NASA(polynomials=[NASAPolynomial(coeffs=[2.5,0,0,0,0,-745.375,-11.7246], Tmin=(20...x=(6000,'K'))], Tmin=(200,'K'), Tmax=(6000,'K')), molecule=[Molecule(smiles="[Li+]")], molecular_weight=(6.941,'amu')))
neutral_species = (Species(index=1, label="C2H6", thermo=NASA(polynomials=[NASAPolynomial(coeffs=[2.5,0,0,0,0,-745.375,-11.7246], Tmin=(...6000,'K'))], Tmin=(200,'K'), Tmax=(6000,'K')), molecule=[Molecule(smiles="C[CH2]")], molecular_weight=(29.0611,'amu')))
electrons_a = 1, electrons_b = 1, owner_a = 'AnUndeclaredKineticsLibrary'
owner_b = 'PlasmaElectronImpactIonization', expect_marked = False
why = '(0, 1) vs (1, 2) -- the same row with the arguments swapped'

    @pytest.mark.parametrize(
        "electrons_a, electrons_b, owner_a, owner_b, expect_marked, why",
        [
            (0, 0, "NeutralLibA", "NeutralLibB", True,
             "(0, 0) vs (0, 0) -- all neutral chemistry, unchanged"),
            (1, 1, DECLARED_TWO_SIDED_OWNER, DECLARED_TWO_SIDED_OWNER, True,
             "(1, 2) vs (1, 2) -- a genuine duplicate of a declared channel"),
            (1, 1, UNDECLARED_OWNER, "AnotherUndeclaredLibrary", True,
             "(0, 1) vs (0, 1) -- a genuine duplicate under the net-derived rule"),
            (1, 1, DECLARED_TWO_SIDED_OWNER, UNDECLARED_OWNER, False,
             "(1, 2) vs (0, 1) -- equal net count, different incident order"),
            (1, 1, UNDECLARED_OWNER, DECLARED_TWO_SIDED_OWNER, False,
             "(0, 1) vs (1, 2) -- the same row with the arguments swapped"),
        ],
    )
    def test_same_direction_rows(self, tmp_path, charged_species, neutral_species,
                                 electrons_a, electrons_b, owner_a, owner_b,
                                 expect_marked, why):
        electron, li, lip = charged_species
        ethane, methyl, _ = neutral_species
    
        if electrons_a == 0:
            species = [ethane, methyl]
            reactants, products = [ethane], [methyl, methyl]
            units_a = units_b = "s^-1"
        else:
            species = [electron, li, lip]
            reactants, products = [li], [lip]
            # The exported reactant side is one species longer wherever the owner
            # declares an incident electron, and the A-factor units have to match
            # the equation the writer emits.
            units_a = "cm^3/(mol*s)" if owner_a == DECLARED_TWO_SIDED_OWNER else "s^-1"
            units_b = "cm^3/(mol*s)" if owner_b == DECLARED_TWO_SIDED_OWNER else "s^-1"
    
        first = _library_reaction(
            reactants, products, owner_a, electrons=electrons_a,
            kinetics=Arrhenius(A=(1.0e12, units_a), n=0.0, Ea=(0.0, "kcal/mol")),
        )
        second = _library_reaction(
            reactants, products, owner_b, electrons=electrons_b,
            kinetics=Arrhenius(A=(2.0e12, units_b), n=0.0, Ea=(0.0, "kcal/mol")),
        )
    
        text = _write_deck(tmp_path, species, [first, second])
        entries = _deck_entries(text)
    
        assert len(entries) == 2, text
        marked = [flag for _, flag in entries]
>       assert marked == [expect_marked, expect_marked], (
            "{0}: expected marked={1}, deck says {2}\n{3}".format(why, expect_marked, marked, text)
        )
E       AssertionError: (0, 1) vs (1, 2) -- the same row with the arguments swapped: expected marked=False, deck says [True, True]
E         ELEMENTS
E         	E
E         	Li
E         END
E         
E         SPECIES
E             e-(1)           
E             Li(2)           
E             Lip(3)          
E         END
E         
E         
E         
E         THERM ALL
E            300.000  1000.000  5000.000
E         
E         e-(1)                   E   1               G   200.000  6000.000 1000.00      1
E          2.50000000E+00 0.00000000E+00 0.00000000E+00 0.00000000E+00 0.00000000E+00    2
E         -7.45375000E+02-1.17246000E+01 2.50000000E+00 0.00000000E+00 0.00000000E+00    3
E          0.00000000E+00 0.00000000E+00-7.45375000E+02-1.17246000E+01                   4
E         
E         Li(2)                   Li  1               G   200.000  6000.000 1000.00      1
E          2.50000000E+00 0.00000000E+00 0.00000000E+00 0.00000000E+00 0.00000000E+00    2
E         -7.45375000E+02-1.17246000E+01 2.50000000E+00 0.00000000E+00 0.00000000E+00    3
E          0.00000000E+00 0.00000000E+00-7.45375000E+02-1.17246000E+01                   4
E         
E         Lip(3)                  E  -1Li  1          G   200.000  6000.000 1000.00      1
E          2.50000000E+00 0.00000000E+00 0.00000000E+00 0.00000000E+00 0.00000000E+00    2
E         -7.45375000E+02-1.17246000E+01 2.50000000E+00 0.00000000E+00 0.00000000E+00    3
E          0.00000000E+00 0.00000000E+00-7.45375000E+02-1.17246000E+01                   4
E         
E         END
E         
E         
E         
E         REACTIONS    KCAL/MOLE   MOLES
E         
E         Li(2)=>Lip(3)+e-(1)                                 1.000000e+12 0.000     0.000    
E         DUPLICATE
E         
E         Li(2)+e-(1)=>Lip(3)+e-(1)+e-(1)                     2.000000e+12 0.000     0.000    
E         DUPLICATE
E         
E         END
E         
E         
E       assert [True, True] == [False, False]
E         
E         At index 0 diff: True != False
E         
E         Full diff:
E           [
E         -     False,
E         -     False,...
E         
E         ...Full output truncated (3 lines hidden), use '-vv' to show

test/rmgpy/i244ChemkinDuplicateElectronTest.py:787: AssertionError
------------------------------ Captured log call -------------------------------
WARNING  root:i244ChemkinDuplicateElectronTest.py:158 Marked reaction Li(2) => Lip(3) as duplicate of Li(2) => Lip(3) for saving to Chemkin file.
WARNING  root:i244ChemkinDuplicateElectronTest.py:158 Marked reaction Li(2) => Lip(3) as duplicate of Li(2) => Lip(3) for saving to Chemkin file.
=========================== short test summary info ============================
FAILED test/rmgpy/i244ChemkinDuplicateElectronTest.py::TestElectronPlacementSeparatesDuplicates::test_two_owners_of_one_ionisation_channel_are_not_duplicates
FAILED test/rmgpy/i244ChemkinDuplicateElectronTest.py::TestThreeBodyRecombinationShape::test_the_duplicate_check_separates_the_pair
FAILED test/rmgpy/i244ChemkinDuplicateElectronTest.py::TestDuplicateIsAGroupPredicate::test_a_pre_marked_placement_mismatched_pair_is_cleared
FAILED test/rmgpy/i244ChemkinDuplicateElectronTest.py::TestDuplicateIsAGroupPredicate::test_the_verdict_does_not_depend_on_the_flags_it_arrives_with
FAILED test/rmgpy/i244ChemkinDuplicateElectronTest.py::TestDuplicateIsAGroupPredicate::test_the_production_save_path_recomputes_the_flags
FAILED test/rmgpy/i244ChemkinDuplicateElectronTest.py::TestPlacementTruthTable::test_same_direction_rows[1-1-PlasmaElectronImpactIonization-AnUndeclaredKineticsLibrary-False-(1, 2) vs (0, 1) -- equal net count, different incident order]
FAILED test/rmgpy/i244ChemkinDuplicateElectronTest.py::TestPlacementTruthTable::test_same_direction_rows[1-1-AnUndeclaredKineticsLibrary-PlasmaElectronImpactIonization-False-(0, 1) vs (1, 2) -- the same row with the arguments swapped]
========================= 7 failed, 12 passed in 1.08s =========================
