
==== loaded reactions, BEFORE any duplicate marking ====
  [Li](2) => [Lip](3)                      class=LibraryReaction  family='PlasmaElectronImpactIonization' library='PlasmaElectronImpactIonization' reversible=False electrons=+1 placement=(1, 2) duplicate=False
  [Lip](3) => [Li](2)                      class=LibraryReaction  family='PlasmaRadiativeRecombination' library='PlasmaRadiativeRecombination' reversible=False electrons=-1 placement=(1, 0) duplicate=False
  [Li](2) => [Lip](3)                      class=LibraryReaction  family='UndeclaredIonizationLibrary' library='UndeclaredIonizationLibrary' reversible=False electrons=+1 placement=(0, 1) duplicate=False

==== species object identity after unification ====
  e-(1)        id=126444072435328
  [Li](2)      id=126444072435520
  [Lip](3)     id=126443651211904
  [Li](2) => [Lip](3)            reactant ids=[126444072435520] product ids=[126443651211904]
  [Lip](3) => [Li](2)            reactant ids=[126443651211904] product ids=[126444072435520]
  [Li](2) => [Lip](3)            reactant ids=[126444072435520] product ids=[126443651211904]

==== render_chemkin_file(check_for_duplicates=True) ====

---- REACTIONS block of the emitted deck ----
REACTIONS    KCAL/MOLE   MOLES

[Li](2)+e-(1)=>[Lip](3)+e-(1)+e-(1)                 1.490e+18 -0.267    162.150  
    TDEP/e-(1)/   ! VoronovEIArrhenius exported as a modified-Arrhenius fit of k(Te) over 1.16e+04-2.321e+08 K; the original functional form is not representable in Chemkin
DUPLICATE

[Lip](3)+e-(1)=>[Li](2)                             1.734e+14 -0.801    0.010    
    TDEP/e-(1)/   ! BadnellRRArrhenius exported as a modified-Arrhenius fit of k(Te) over 10-1e+07 K; the original functional form is not representable in Chemkin

[Li](2)=>[Lip](3)+e-(1)                             1.000000e+10 0.000     0.000    
DUPLICATE

END


==== duplicate flags AFTER marking ====
  [Li](2) => [Lip](3)                      duplicate=True placement=(1, 2)
  [Lip](3) => [Li](2)                      duplicate=False placement=(1, 0)
  [Li](2) => [Lip](3)                      duplicate=True placement=(0, 1)

RESULT: 2 of 3 reactions marked DUPLICATE
