============================= test session starts ==============================
platform linux -- Python 3.9.23, pytest-8.4.1, pluggy-1.6.0 -- /home/alon/anaconda3/envs/rmg_env/bin/python3.9
rootdir: /home/alon/Code/RMG-Py-i244-chemkin-duplicate-electron-aware
configfile: pytest.ini
plugins: check-2.5.3, cov-6.2.1, anyio-4.10.0
collecting ... collected 230 items

test/rmgpy/chemkinTest.py::ChemkinTest::test_read_thermo_entry_bad_element_count PASSED
test/rmgpy/chemkinTest.py::ChemkinTest::test_read_thermo_entry_not_gas_phase PASSED
test/rmgpy/chemkinTest.py::ChemkinTest::test_read_thermo_entry_not_float PASSED
test/rmgpy/chemkinTest.py::ChemkinTest::test_read_thermo_entry_no_temperature_range PASSED
test/rmgpy/chemkinTest.py::ChemkinTest::test_read_thermo_block_temperature_header_columns PASSED
test/rmgpy/chemkinTest.py::ChemkinTest::test_read_thermo_block_warns_for_badly_formatted_temperature_header PASSED
test/rmgpy/chemkinTest.py::ChemkinTest::test_read_and_write_and_read_template_reaction_family_for_minimal_example PASSED
test/rmgpy/chemkinTest.py::ChemkinTest::test_read_and_write_template_reaction_family_for_pdd_example PASSED
test/rmgpy/chemkinTest.py::ChemkinTest::test_transport_data_read_and_write PASSED
test/rmgpy/chemkinTest.py::ChemkinTest::test_use_chemkin_names PASSED
test/rmgpy/chemkinTest.py::ChemkinTest::test_reactant_n2_is_reactive_and_gets_right_species_identifier PASSED
test/rmgpy/chemkinTest.py::ChemkinTest::test_read_specific_collider PASSED
test/rmgpy/chemkinTest.py::ChemkinTest::test_process_duplicate_reactions PASSED
test/rmgpy/chemkinTest.py::ChemkinTest::test_mark_duplicate_reactions PASSED
test/rmgpy/chemkinTest.py::ChemkinTest::test_read_write_coverage_dependence PASSED
test/rmgpy/chemkinTest.py::ChemkinTest::test_write_kinetics_entry_with_coverage_dependence PASSED
test/rmgpy/chemkinTest.py::ChemkinTest::test_write_elements_section_omits_unused_isotopes_and_surface_site PASSED
test/rmgpy/chemkinTest.py::ChemkinTest::test_write_elements_section_includes_used_isotopes_and_surface_site PASSED
test/rmgpy/chemkinTest.py::ChemkinTest::test_write_elements_section_maps_electron_to_pseudo_element PASSED
test/rmgpy/chemkinTest.py::TestThermoReadWrite::test_write_thermo_block PASSED
test/rmgpy/chemkinTest.py::TestThermoReadWrite::test_read_thermo_block PASSED
test/rmgpy/chemkinTest.py::TestThermoReadWrite::test_write_thermo_block_for_isotope_uses_chemkin_name PASSED
test/rmgpy/chemkinTest.py::TestThermoReadWrite::test_save_chemkin_file_writes_dynamic_elements_section PASSED
test/rmgpy/chemkinTest.py::TestThermoReadWrite::test_save_chemkin_file_adds_electron_element_for_charged_species PASSED
test/rmgpy/chemkinTest.py::TestThermoReadWrite::test_write_thermo_block_for_charged_species_includes_electron_count PASSED
test/rmgpy/chemkinTest.py::TestThermoReadWrite::test_write_thermo_block_5_elem PASSED
test/rmgpy/chemkinTest.py::TestThermoReadWrite::test_read_thermo_block_5_elem PASSED
test/rmgpy/chemkinTest.py::TestThermoReadWrite::test_write_thermo_block_6_elem PASSED
test/rmgpy/chemkinTest.py::TestThermoReadWrite::test_read_thermo_block_6_elem PASSED
test/rmgpy/chemkinTest.py::TestThermoReadWrite::test_write_bidentate_species PASSED
test/rmgpy/chemkinTest.py::TestReadReactionComments::test_read_reaction_comments_template PASSED
test/rmgpy/chemkinTest.py::TestReadReactionComments::test_read_reaction_comments_family PASSED
test/rmgpy/chemkinTest.py::TestReadReactionComments::test_read_reaction_comments_degeneracy PASSED
test/rmgpy/chemkinTest.py::TestReadReactionComments::test_remove_line_breaks PASSED
test/rmgpy/chemkinTest.py::TestPlasmaChemkinRoundTrip::test_plasma_round_trip_preserves_rate_coefficient PASSED
test/rmgpy/chemkinTest.py::TestPlasmaChemkinRoundTrip::test_plasma_arrhenius_reduction_is_unit_independent PASSED
test/rmgpy/chemkinTest.py::TestPlasmaChemkinRoundTrip::test_plasma_reduction_is_exact_along_the_electron_diagonal PASSED
test/rmgpy/reactionTest.py::TestReactionIsomorphism::test1to1 PASSED
test/rmgpy/reactionTest.py::TestReactionIsomorphism::test1to2 PASSED
test/rmgpy/reactionTest.py::TestReactionIsomorphism::test2to2 PASSED
test/rmgpy/reactionTest.py::TestReactionIsomorphism::test2to3 PASSED
test/rmgpy/reactionTest.py::TestReactionIsomorphism::test2to3_using_check_only_label PASSED
test/rmgpy/reactionTest.py::TestSurfaceReaction::test_electrons PASSED
test/rmgpy/reactionTest.py::TestSurfaceReaction::test_protons PASSED
test/rmgpy/reactionTest.py::TestSurfaceReaction::test_is_surface_reaction_species PASSED
test/rmgpy/reactionTest.py::TestSurfaceReaction::test_is_surface_reaction_molecules PASSED
test/rmgpy/reactionTest.py::TestSurfaceReaction::test_methyl_adsorption_surface_arrhenius PASSED
test/rmgpy/reactionTest.py::TestSurfaceReaction::test_methyl_adsorption_sticking_coefficient PASSED
test/rmgpy/reactionTest.py::TestSurfaceReaction::test_get_rate_coefficient_units_from_reaction_order PASSED
test/rmgpy/reactionTest.py::TestSurfaceReaction::test_equilibrium_constant_surface_kc PASSED
test/rmgpy/reactionTest.py::TestSurfaceReaction::test_reverse_sticking_coeff_rate PASSED
test/rmgpy/reactionTest.py::TestReaction::test_is_isomerization PASSED
test/rmgpy/reactionTest.py::TestReaction::test_is_association PASSED
test/rmgpy/reactionTest.py::TestReaction::test_is_dissociation PASSED
test/rmgpy/reactionTest.py::TestReaction::test_has_template PASSED
test/rmgpy/reactionTest.py::TestReaction::test_enthalpy_of_reaction PASSED
test/rmgpy/reactionTest.py::TestReaction::test_entropy_of_reaction PASSED
test/rmgpy/reactionTest.py::TestReaction::test_free_energy_of_reaction PASSED
test/rmgpy/reactionTest.py::TestReaction::test_equilibrium_constant_ka PASSED
test/rmgpy/reactionTest.py::TestReaction::test_equilibrium_constant_kc PASSED
test/rmgpy/reactionTest.py::TestReaction::test_equilibrium_constant_kp PASSED
test/rmgpy/reactionTest.py::TestReaction::test_stoichiometric_coefficient PASSED
test/rmgpy/reactionTest.py::TestReaction::test_rate_coefficient PASSED
test/rmgpy/reactionTest.py::TestReaction::test_generate_reverse_rate_coefficient PASSED
test/rmgpy/reactionTest.py::TestReaction::test_fix_barrier_height PASSED
test/rmgpy/reactionTest.py::TestReaction::test_generate_reverse_rate_coefficient_arrhenius PASSED
test/rmgpy/reactionTest.py::TestReaction::test_reverse_surface_arrhenius_rate PASSED
test/rmgpy/reactionTest.py::TestReaction::test_generate_reverse_rate_coefficient_arrhenius_ep SKIPPED
test/rmgpy/reactionTest.py::TestReaction::test_generate_reverse_rate_coefficient_pdep_arrhenius PASSED
test/rmgpy/reactionTest.py::TestReaction::test_generate_reverse_rate_coefficient_pdep_multi_arrhenius PASSED
test/rmgpy/reactionTest.py::TestReaction::test_generate_reverse_rate_coefficient_multi_arrhenius PASSED
test/rmgpy/reactionTest.py::TestReaction::test_generate_reverse_rate_coefficient_multi_pdep_arrhenius PASSED
test/rmgpy/reactionTest.py::TestReaction::test_generate_reverse_rate_coefficient_third_body PASSED
test/rmgpy/reactionTest.py::TestReaction::test_generate_reverse_rate_coefficient_lindemann PASSED
test/rmgpy/reactionTest.py::TestReaction::test_generate_reverse_rate_coefficient_troe PASSED
test/rmgpy/reactionTest.py::TestReaction::test_tst_calculation PASSED
test/rmgpy/reactionTest.py::TestReaction::test_pickle PASSED
test/rmgpy/reactionTest.py::TestReaction::test_output PASSED
test/rmgpy/reactionTest.py::TestReaction::test_degeneracy_updates_rate PASSED
test/rmgpy/reactionTest.py::TestReaction::test_degeneracy_updates_kinetics_comment PASSED
test/rmgpy/reactionTest.py::TestReaction::test_sulfur_reaction_pairs PASSED
test/rmgpy/reactionTest.py::TestReaction::test_phosphorus_reaction_pairs PASSED
test/rmgpy/reactionTest.py::TestReactionToCantera::test_arrhenius PASSED
test/rmgpy/reactionTest.py::TestReactionToCantera::test_to_cantera_with_spectator_species PASSED
test/rmgpy/reactionTest.py::TestReactionToCantera::test_multi_arrhenius PASSED
test/rmgpy/reactionTest.py::TestReactionToCantera::test_pdep_arrhenius PASSED
test/rmgpy/reactionTest.py::TestReactionToCantera::test_multi_pdep_arrhenius PASSED
test/rmgpy/reactionTest.py::TestReactionToCantera::test_chebyshev PASSED
test/rmgpy/reactionTest.py::TestReactionToCantera::test_falloff PASSED
test/rmgpy/reactionTest.py::TestChargeTransferReaction::test_electrons PASSED
test/rmgpy/reactionTest.py::TestChargeTransferReaction::test_protons PASSED
test/rmgpy/reactionTest.py::TestChargeTransferReaction::test_apply_che_model_reports_true_proton_count PASSED
test/rmgpy/reactionTest.py::TestChargeTransferReaction::test_is_surface_reaction PASSED
test/rmgpy/reactionTest.py::TestChargeTransferReaction::test_is_charge_transfer_reaction PASSED
test/rmgpy/reactionTest.py::TestChargeTransferReaction::test_is_surface_charge_transfer PASSED
test/rmgpy/reactionTest.py::TestChargeTransferReaction::test_get_reversible_potential PASSED
test/rmgpy/reactionTest.py::TestChargeTransferReaction::test_get_rate_coeff PASSED
test/rmgpy/reactionTest.py::TestChargeTransferReaction::test_equilibrium_constant_surface_charge_transfer_kc PASSED
test/rmgpy/reactionTest.py::TestChargeTransferReaction::test_reverse_surface_charge_transfer_rate SKIPPED
test/rmgpy/reactionTest.py::TestElectronDirection::test_reduction_and_its_negated_reverse_are_isomorphic_either_direction PASSED
test/rmgpy/reactionTest.py::TestElectronDirection::test_reduction_and_its_reverse_are_not_isomorphic_same_direction PASSED
test/rmgpy/reactionTest.py::TestElectronDirection::test_reverse_with_wrong_electron_sign_is_not_isomorphic PASSED
test/rmgpy/reactionTest.py::TestElectronDirection::test_forward_match_requires_equal_electrons PASSED
test/rmgpy/reactionTest.py::TestElectronDirection::test_check_template_rxn_products_is_electron_aware PASSED
test/rmgpy/reactionTest.py::TestElectronDirection::test_check_template_rxn_products_treats_unset_orientation_as_reverse PASSED
test/rmgpy/reactionTest.py::TestElectronDirection::test_to_cantera_places_electron_on_reactant_side PASSED
test/rmgpy/reactionTest.py::TestElectronDirection::test_to_cantera_places_electron_on_product_side PASSED
test/rmgpy/reactionTest.py::TestElectronDirection::test_to_cantera_fails_when_electron_needed_but_absent PASSED
test/rmgpy/reactionTest.py::TestElectronDirection::test_to_chemkin_reaction_string_places_electron PASSED
test/rmgpy/reactionTest.py::TestElectronDirection::test_write_reaction_string_refuses_charged_reaction_without_species_list PASSED
test/rmgpy/reactionTest.py::TestElectronDirection::test_cantera_writer1_refuses_metadata_electron_mechanism PASSED
test/rmgpy/reactionTest.py::TestElectronsSurviveCopyAndPickle::test_copy_preserves_electrons PASSED
test/rmgpy/reactionTest.py::TestElectronsSurviveCopyAndPickle::test_pickle_preserves_electrons_for_every_subclass PASSED
test/rmgpy/reactionTest.py::TestElectronsSurviveCopyAndPickle::test_library_and_pdep_reactions_accept_electrons PASSED
test/rmgpy/reactionTest.py::TestElectronsSurviveCopyAndPickle::test_library_reaction_repr_round_trips_electrons PASSED
test/rmgpy/reactionTest.py::TestIsBalancedChargeConservation::test_charge_unbalanced_but_element_balanced_is_rejected PASSED
test/rmgpy/reactionTest.py::TestIsBalancedChargeConservation::test_neutral_element_balanced_reaction_is_accepted PASSED
test/rmgpy/reactionTest.py::TestIsBalancedChargeConservation::test_reduction_with_consumed_electron_is_accepted PASSED
test/rmgpy/reactionTest.py::TestIsBalancedChargeConservation::test_oxidation_with_produced_electron_is_accepted PASSED
test/rmgpy/reactionTest.py::TestIsBalancedChargeConservation::test_sign_inverted_electron_reaction_is_rejected PASSED
test/rmgpy/reactionTest.py::TestReverseCollisionLimitDegradation::test_direct_unsupported_reverse_check_skipped_loudly_not_raised PASSED
test/rmgpy/reactionTest.py::TestReverseCollisionLimitDegradation::test_wrapped_unsupported_child_skipped_loudly_not_raised PASSED
test/rmgpy/reactionTest.py::TestReverseCollisionLimitDegradation::test_supported_reverse_check_still_runs PASSED
test/rmgpy/reactionTest.py::TestCollisionLimitAttribution::test_forward_violation_names_the_condition_its_ratio_came_from PASSED
test/rmgpy/reactionTest.py::TestCollisionLimitAttribution::test_reverse_still_checked_when_forward_uncomputable PASSED
test/rmgpy/reactionTest.py::TestCollisionLimitAttribution::test_no_skip_ratios_and_conditions_unchanged PASSED
test/rmgpy/reactionTest.py::TestReverseCollisionLimitPotential::test_arrhenius_charge_transfer_reverse_evaluated_at_reference_potential PASSED
test/rmgpy/reactionTest.py::TestReverseCollisionLimitPotential::test_surface_charge_transfer_reverse_evaluated_at_reference_potential PASSED
test/rmgpy/reactionTest.py::TestReverseCollisionLimitPotential::test_non_charge_transfer_reverse_still_receives_pressure PASSED
test/rmgpy/reactionTest.py::TestReverseCollisionLimitPotentialWrappers::test_multi_arrhenius_of_charge_transfer_evaluated_at_v0 PASSED
test/rmgpy/reactionTest.py::TestReverseCollisionLimitPotentialWrappers::test_pdep_arrhenius_of_charge_transfer_evaluated_at_v0 PASSED
test/rmgpy/reactionTest.py::TestReverseCollisionLimitPotentialWrappers::test_multi_pdep_arrhenius_of_pdep_of_charge_transfer_evaluated_at_v0 PASSED
test/rmgpy/reactionTest.py::TestReverseCollisionLimitPotentialWrappers::test_helper_matches_native_for_non_charge_transfer_wrappers PASSED
test/rmgpy/reactionTest.py::TestReverseCollisionLimitPotentialWrappers::test_top_level_potential_tests_still_pass PASSED
test/rmgpy/reactionTest.py::TestReverseRateAtReferencePotentialRound13::test_pdep_arrhenius_p_zero_raises_matching_native PASSED
test/rmgpy/reactionTest.py::TestReverseRateAtReferencePotentialRound13::test_pdep_arrhenius_interpolation_matches_native_oracle PASSED
test/rmgpy/reactionTest.py::TestReverseRateAtReferencePotentialRound13::test_pdep_arrhenius_below_grid_clamps_low_matching_native PASSED
test/rmgpy/reactionTest.py::TestReverseRateAtReferencePotentialRound13::test_pdep_arrhenius_above_grid_clamps_high_matching_native PASSED
test/rmgpy/reactionTest.py::TestReverseRateAtReferencePotentialRound13::test_pdep_arrhenius_single_entry_matches_native PASSED
test/rmgpy/reactionTest.py::TestReverseRateAtReferencePotentialRound13::test_pdep_arrhenius_duplicate_pressures_matches_native PASSED
test/rmgpy/reactionTest.py::TestReverseRateAtReferencePotentialRound13::test_pdep_arrhenius_with_none_pressures_not_summed PASSED
test/rmgpy/reactionTest.py::TestReverseRateAtReferencePotentialRound13::test_multi_arrhenius_without_pressures_still_summed PASSED
test/rmgpy/reactionTest.py::TestReverseRateAtReferencePotentialRound13::test_multi_pdep_arrhenius_without_pressures_still_summed PASSED
test/rmgpy/reactionTest.py::TestReverseRateAtReferencePotentialRound13::test_arrhenius_charge_transfer_bm_leaf_refused PASSED
test/rmgpy/reactionTest.py::TestReverseRateAtReferencePotentialRound13::test_surface_charge_transfer_bep_leaf_refused PASSED
test/rmgpy/reactionTest.py::TestReverseRateAtReferencePotentialRound13::test_concrete_charge_transfer_leaves_not_refused PASSED
test/rmgpy/reactionTest.py::TestReverseRateAtReferencePotentialRound13::test_multi_arrhenius_wrapping_bm_child_refused PASSED
test/rmgpy/reactionTest.py::TestReverseRateAtReferencePotentialRound13::test_check_collision_limit_violation_skips_reverse_for_wrapped_bm PASSED
test/rmgpy/reactionTest.py::TestReverseRateAtReferencePotentialRound15::test_multi_pdep_arrhenius_empty_children_p_zero_raises_matching_native PASSED
test/rmgpy/reactionTest.py::TestReverseRateAtReferencePotentialRound15::test_multi_pdep_arrhenius_p_zero_raises_matching_native PASSED
test/rmgpy/reactionTest.py::TestReverseRateAtReferencePotentialRound15::test_multi_arrhenius_p_zero_does_not_raise_over_broadening_guard PASSED
test/rmgpy/reactionTest.py::TestReverseRateAtReferencePotentialRound15::test_pdep_arrhenius_charge_transfer_children_evaluated_at_own_v0_through_interpolation PASSED
test/rmgpy/reactionTest.py::TestReverseRateAtReferencePotentialRound15::test_pdep_arrhenius_mixed_charge_transfer_and_ordinary_children_through_interpolation PASSED
test/rmgpy/yaml_cantera2Test.py::TestCanteraWriter2::test_species_to_dict_standard PASSED
test/rmgpy/yaml_cantera2Test.py::TestCanteraWriter2::test_species_to_dict_warns_and_uses_charge_for_explicit_electron_mismatch PASSED
test/rmgpy/yaml_cantera2Test.py::TestCanteraWriter2::test_species_to_dict_uses_charge_when_electrons_unspecified PASSED
test/rmgpy/yaml_cantera2Test.py::TestCanteraWriter2::test_reaction_to_dict_arrhenius PASSED
test/rmgpy/yaml_cantera2Test.py::TestCanteraWriter2::test_reaction_to_dict_negative_a_arrhenius PASSED
test/rmgpy/yaml_cantera2Test.py::TestCanteraWriter2::test_reaction_to_dict_duplicates PASSED
test/rmgpy/yaml_cantera2Test.py::TestCanteraWriter2::test_reaction_to_dict_troe PASSED
test/rmgpy/yaml_cantera2Test.py::TestCanteraWriter2::test_generate_cantera_data_detects_plasma PASSED
test/rmgpy/yaml_cantera2Test.py::TestCanteraWriter2::test_full_integration_plasma_model PASSED
test/rmgpy/yaml_cantera2Test.py::TestCanteraWriter2::test_reaction_to_dict_pdep_arrhenius PASSED
test/rmgpy/yaml_cantera2Test.py::TestCanteraWriter2::test_reaction_to_dict_chebyshev PASSED
test/rmgpy/yaml_cantera2Test.py::TestCanteraWriter2::test_reaction_to_dict_lindemann PASSED
test/rmgpy/yaml_cantera2Test.py::TestCanteraWriter2::test_reaction_to_dict_negative_a_falloff PASSED
test/rmgpy/yaml_cantera2Test.py::TestCanteraWriter2::test_cantera_writer_class_listener PASSED
test/rmgpy/yaml_cantera2Test.py::TestCanteraWriter2::test_species_to_dict_surface_no_transport PASSED
test/rmgpy/yaml_cantera2Test.py::TestCanteraWriter2::test_species_to_dict_surface_thermo PASSED
test/rmgpy/yaml_cantera2Test.py::TestCanteraWriter2::test_reaction_to_dict_surface_arrhenius PASSED
test/rmgpy/yaml_cantera2Test.py::TestCanteraWriter2::test_reaction_to_dict_sticking_coefficient PASSED
test/rmgpy/yaml_cantera2Test.py::TestCanteraWriter2::test_reaction_to_dict_negative_a_sticking_coefficient PASSED
test/rmgpy/yaml_cantera2Test.py::TestCanteraWriter2::test_reaction_to_dict_coverage_dependence PASSED
test/rmgpy/yaml_cantera2Test.py::TestCanteraWriter2::test_reaction_to_dict_thirdbody_unit PASSED
test/rmgpy/yaml_cantera2Test.py::TestCanteraWriter2::test_get_elements_block_isotopes_and_surface_site PASSED
test/rmgpy/yaml_cantera2Test.py::TestCanteraWriter2::test_generate_cantera_data_elements_block PASSED
test/rmgpy/yaml_cantera2Test.py::TestCanteraWriter2::test_generate_cantera_data_gas_phase_state PASSED
test/rmgpy/yaml_cantera2Test.py::TestCanteraWriter2::test_generate_cantera_data_gas_reactions_key PASSED
test/rmgpy/yaml_cantera2Test.py::TestCanteraWriter2::test_generate_cantera_data_surface_phase_state_and_reactions_key PASSED
test/rmgpy/yaml_cantera2Test.py::TestCanteraWriter2::test_species_to_dict_surface_sites_count PASSED
test/rmgpy/yaml_cantera2Test.py::TestCanteraWriter2::test_species_to_dict_gas_no_sites_field PASSED
test/rmgpy/yaml_cantera2Test.py::TestCanteraWriter2::test_species_to_dict_transport_note_always_present PASSED
test/rmgpy/yaml_cantera2Test.py::TestRecentlyGeneratedCanteraYaml2GasOnly::testGeneratorsAsExpected SKIPPED
test/rmgpy/yaml_cantera2Test.py::TestRecentlyGeneratedCanteraYaml2GasOnly::testKeysMatch SKIPPED
test/rmgpy/yaml_cantera2Test.py::TestRecentlyGeneratedCanteraYaml2GasOnly::testPhasesMatch SKIPPED
test/rmgpy/yaml_cantera2Test.py::TestRecentlyGeneratedCanteraYaml2GasOnly::testElementsMatch SKIPPED
test/rmgpy/yaml_cantera2Test.py::TestRecentlyGeneratedCanteraYaml2GasOnly::testSpeciesMatch SKIPPED
test/rmgpy/yaml_cantera1Test.py::TestYamlCantera1Functions::test_species_to_dict_gas_name_and_thermo PASSED
test/rmgpy/yaml_cantera1Test.py::TestYamlCantera1Functions::test_species_to_dict_gas_transport PASSED
test/rmgpy/yaml_cantera1Test.py::TestYamlCantera1Functions::test_species_to_dict_charged_species_uses_electron_pseudo_element PASSED
test/rmgpy/yaml_cantera1Test.py::TestYamlCantera1Functions::test_species_to_dict_electron_uses_electron_pseudo_element PASSED
test/rmgpy/yaml_cantera1Test.py::TestYamlCantera1Functions::test_species_to_dict_surface_composition PASSED
test/rmgpy/yaml_cantera1Test.py::TestYamlCantera1Functions::test_species_to_dict_surface_thermo_model PASSED
test/rmgpy/yaml_cantera1Test.py::TestYamlCantera1Functions::test_reaction_to_dicts_arrhenius_equation_and_rate PASSED
test/rmgpy/yaml_cantera1Test.py::TestYamlCantera1Functions::test_reaction_to_dicts_negative_a_arrhenius PASSED
test/rmgpy/yaml_cantera1Test.py::TestYamlCantera1Functions::test_reaction_to_dicts_thirdbody PASSED
test/rmgpy/yaml_cantera1Test.py::TestYamlCantera1Functions::test_reaction_to_dicts_pdep_arrhenius PASSED
test/rmgpy/yaml_cantera1Test.py::TestYamlCantera1Functions::test_reaction_to_dicts_troe PASSED
test/rmgpy/yaml_cantera1Test.py::TestYamlCantera1Functions::test_reaction_to_dicts_negative_a_falloff PASSED
test/rmgpy/yaml_cantera1Test.py::TestYamlCantera1Functions::test_reaction_to_dicts_surface_arrhenius PASSED
test/rmgpy/yaml_cantera1Test.py::TestYamlCantera1Functions::test_reaction_to_dicts_sticking_coefficient PASSED
test/rmgpy/yaml_cantera1Test.py::TestYamlCantera1Functions::test_reaction_to_dicts_negative_a_sticking_coefficient PASSED
test/rmgpy/yaml_cantera1Test.py::TestYamlCantera1Functions::test_reaction_to_dicts_coverage_dependence PASSED
test/rmgpy/yaml_cantera1Test.py::TestYamlCantera1Functions::test_reaction_to_dicts_surface_spectator_species PASSED
test/rmgpy/yaml_cantera1Test.py::TestYamlCantera1Functions::test_reaction_to_dicts_three_species_one_side_spectator PASSED
test/rmgpy/yaml_cantera1Test.py::TestYamlCantera1Functions::test_get_elements_block_isotopes_and_surface_site PASSED
test/rmgpy/yaml_cantera1Test.py::TestYamlCantera1Functions::test_get_phases_gas_only_has_state PASSED
test/rmgpy/yaml_cantera1Test.py::TestYamlCantera1Functions::test_get_phases_gas_only_has_elements PASSED
test/rmgpy/yaml_cantera1Test.py::TestYamlCantera1Functions::test_get_mech_dict_nonsurface_reactions_key PASSED
test/rmgpy/yaml_cantera1Test.py::TestYamlCantera1Functions::test_get_mech_dict_surface_has_gas_and_surface_reactions PASSED
test/rmgpy/yaml_cantera1Test.py::TestYamlCantera1Functions::test_get_phases_with_surface_has_state PASSED
test/rmgpy/yaml_cantera1Test.py::TestYamlCantera1Functions::test_species_to_dict_surface_sites_count PASSED
test/rmgpy/yaml_cantera1Test.py::TestYamlCantera1Functions::test_species_to_dict_gas_no_sites_field PASSED
test/rmgpy/yaml_cantera1Test.py::TestYamlCantera1Functions::test_species_to_dict_transport_note_always_present PASSED
test/rmgpy/yaml_cantera1Test.py::TestCanteraWriter1::test_can_instantiate PASSED
test/rmgpy/yaml_cantera1Test.py::TestRecentlyGeneratedCanteraYaml1GasOnly::testGeneratorsAsExpected SKIPPED
test/rmgpy/yaml_cantera1Test.py::TestRecentlyGeneratedCanteraYaml1GasOnly::testKeysMatch SKIPPED
test/rmgpy/yaml_cantera1Test.py::TestRecentlyGeneratedCanteraYaml1GasOnly::testPhasesMatch SKIPPED
test/rmgpy/yaml_cantera1Test.py::TestRecentlyGeneratedCanteraYaml1GasOnly::testElementsMatch SKIPPED
test/rmgpy/yaml_cantera1Test.py::TestRecentlyGeneratedCanteraYaml1GasOnly::testSpeciesMatch SKIPPED
test/rmgpy/i244ChemkinDuplicateElectronTest.py::TestElectronPlacementSeparatesDuplicates::test_two_owners_of_one_ionisation_channel_are_not_duplicates PASSED
test/rmgpy/i244ChemkinDuplicateElectronTest.py::TestElectronPlacementSeparatesDuplicates::test_matching_placement_is_still_a_duplicate PASSED
test/rmgpy/i244ChemkinDuplicateElectronTest.py::TestOrdinaryDuplicateHandlingIsUntouched::test_neutral_duplicate_pair_is_still_marked PASSED
test/rmgpy/i244ChemkinDuplicateElectronTest.py::TestOrdinaryDuplicateHandlingIsUntouched::test_opposite_direction_irreversible_branch_still_unmarks PASSED
test/rmgpy/i244ChemkinDuplicateElectronTest.py::TestOrdinaryDuplicateHandlingIsUntouched::test_mixed_pressure_dependence_branch_still_unmarks PASSED
test/rmgpy/i244ChemkinDuplicateElectronTest.py::TestPlacementTruthTable::test_same_direction_rows[0-0-NeutralLibA-NeutralLibB-True-(0, 0) vs (0, 0) -- all neutral chemistry, unchanged] PASSED
test/rmgpy/i244ChemkinDuplicateElectronTest.py::TestPlacementTruthTable::test_same_direction_rows[1-1-PlasmaElectronImpactIonization-PlasmaElectronImpactIonization-True-(1, 2) vs (1, 2) -- a genuine duplicate of a declared channel] PASSED
test/rmgpy/i244ChemkinDuplicateElectronTest.py::TestPlacementTruthTable::test_same_direction_rows[1-1-AnUndeclaredKineticsLibrary-AnotherUndeclaredLibrary-True-(0, 1) vs (0, 1) -- a genuine duplicate under the net-derived rule] PASSED
test/rmgpy/i244ChemkinDuplicateElectronTest.py::TestPlacementTruthTable::test_same_direction_rows[1-1-PlasmaElectronImpactIonization-AnUndeclaredKineticsLibrary-False-(1, 2) vs (0, 1) -- equal net count, different incident order] PASSED
test/rmgpy/i244ChemkinDuplicateElectronTest.py::TestPlacementTruthTable::test_same_direction_rows[1-1-AnUndeclaredKineticsLibrary-PlasmaElectronImpactIonization-False-(0, 1) vs (1, 2) -- the same row with the arguments swapped] PASSED

======================= 218 passed, 12 skipped in 2.77s ========================
