Global RMG Settings:
   database.directory   = /home/alon/Code/RMG-database-i102-quarantine/input (from rmgrc)
   test_data.directory  = /home/alon/Code/RMG-Py-i102-quarantine/test/rmgpy/test_data (Default, relative to RMG-Py source code)
RMG execution initiated at Tue Aug 25 12:47:21 2026

#########################################################
# RMG-Py - Reaction Mechanism Generator in Python       #
# Version: 4.0.0                                        #
# Authors: RMG Developers (rmg_dev@mit.edu)             #
# P.I.s:   William H. Green (whgreen@mit.edu)           #
#          Richard H. West (r.west@neu.edu)             #
# Website: http://reactionmechanismgenerator.github.io/ #
#########################################################

The current git HEAD for RMG-Py is:
	fa3b58f05e7f1fdfc290bc9e249307ac6973dd9c
	Mon Aug 24 23:44:41 2026 +0300

The current git HEAD for RMG-database is:
	fb3c13c60852376f192155b7b8911eb86f74b035
	Wed Aug 19 22:32:38 2026 +0300

Reading input file "/home/alon/Code/RMG-Py-i102-quarantine/docs/i102-quarantine/negctl-before/input.py"...
# Data sources
database(
    thermoLibraries = ['primaryThermoLibrary'],
    reactionLibraries = [],
    seedMechanisms = [],
    kineticsDepositories = ['training'],
    kineticsFamilies = 'default',
    kineticsEstimator = 'rate rules',
)

# List of species
species(
    label='ethane',
    reactive=True,
    structure=SMILES("CC"),
)

# Reaction systems
simpleReactor(
    temperature=(1350,'K'),
    pressure=(1.0,'bar'),
    initialMoleFractions={
        "ethane": 1.0,
    },
    terminationConversion={
        'ethane': 0.9,
    },
    terminationTime=(1e6,'s'),
)

simulator(
    atol=1e-16,
    rtol=1e-8,
)

model(
    toleranceKeepInEdge=0.0,
    toleranceMoveToCore=0.1,
    toleranceInterruptSimulation=0.1,
    maximumEdgeSpecies=100000,
    filterReactions=True,
)

options(
    units='si',
    generateOutputHTML=True,
    generatePlots=False,
    saveEdgeSpecies=True,
    saveSimulationProfiles=True,
)

Warning: Generate Output HTML option was turned on. Note that this will slow down model generation.
Warning: Edge species saving was turned on. This will slow down model generation for large simulations.

Loading transport library from NIST_Fluorine.py in /home/alon/Code/RMG-database-i102-quarantine/input/transport/libraries...
Loading transport library from PrimaryTransportLibrary.py in /home/alon/Code/RMG-database-i102-quarantine/input/transport/libraries...
Loading transport library from GRI-Mech.py in /home/alon/Code/RMG-database-i102-quarantine/input/transport/libraries...
Loading transport library from OneDMinN2.py in /home/alon/Code/RMG-database-i102-quarantine/input/transport/libraries...
Loading transport library from NOx2018.py in /home/alon/Code/RMG-database-i102-quarantine/input/transport/libraries...
Loading transport group database from /home/alon/Code/RMG-database-i102-quarantine/input/transport/groups...
Loading frequencies group database from /home/alon/Code/RMG-database-i102-quarantine/input/statmech/groups...
Loading solvation thermodynamics group database from /home/alon/Code/RMG-database-i102-quarantine/input/solvation/groups...
Loading thermodynamics library from primaryThermoLibrary.py in /home/alon/Code/RMG-database-i102-quarantine/input/thermo/libraries...
Loading thermodynamics group database from /home/alon/Code/RMG-database-i102-quarantine/input/thermo/groups...
Loading thermodynamics SIDTs from /home/alon/Code/RMG-database-i102-quarantine/input/thermo/sidt...
Adding rate rules from training set in kinetics families...
Warning: Cphigh is above the theoretical CpInf value for ThermoData object
ThermoData(Tdata=([300,400,500,600,800,1000,1500],'K'), Cpdata=([60.2599,68.0494,74.7775,80.9311,90.8846,97.4337,105.393],'J/(mol*K)'), H298=(-477.191,'kJ/mol'), S298=(269.551,'J/(mol*K)'), Cp0=(33.2579,'J/(mol*K)'), CpInf=(103.931,'J/(mol*K)'), comment="""Thermo group additivity estimation: group(O2s-(Cds-Cd)(Cds-Cd)) + group(O2s-(Cds-O2d)H) + group(Cds-OdOsOs) + group(Li-OCOdO) + radical(OC=OOJ)""").
The thermo for this species is probably wrong! Setting CpInf = Cphigh for Entropy calculationat T = 2000.0 K...
Warning: Cphigh is above the theoretical CpInf value for ThermoData object
ThermoData(Tdata=([300,400,500,600,800,1000,1500],'K'), Cpdata=([60.2599,68.0494,74.7775,80.9311,90.8846,97.4337,105.393],'J/(mol*K)'), H298=(-477.191,'kJ/mol'), S298=(269.551,'J/(mol*K)'), Cp0=(33.2579,'J/(mol*K)'), CpInf=(103.931,'J/(mol*K)'), comment="""Thermo group additivity estimation: group(O2s-(Cds-Cd)(Cds-Cd)) + group(O2s-(Cds-O2d)H) + group(Cds-OdOsOs) + group(Li-OCOdO) + radical(OC=OOJ)""").
The thermo for this species is probably wrong! Setting CpInf = Cphigh for Entropy calculationat T = 1666.6666666666665 K...
Filling in rate rules in kinetics families by averaging...
NOT generating reactions for unreactive species Ar

Summary of Model Enlargement
---------------------------------
Added 1 new core species
    Ar
Created 0 new edge species
Added 0 new core reactions
Created 0 new edge reactions

After model enlargement:
    The model core has 1 species and 0 reactions
    The model edge has 1 species and 0 reactions


NOT generating reactions for unreactive species He

Summary of Model Enlargement
---------------------------------
Added 1 new core species
    He
Created 0 new edge species
Added 0 new core reactions
Created 0 new edge reactions

After model enlargement:
    The model core has 2 species and 0 reactions
    The model edge has 1 species and 0 reactions


NOT generating reactions for unreactive species Ne

Summary of Model Enlargement
---------------------------------
Added 1 new core species
    Ne
Created 0 new edge species
Added 0 new core reactions
Created 0 new edge reactions

After model enlargement:
    The model core has 3 species and 0 reactions
    The model edge has 1 species and 0 reactions


NOT generating reactions for unreactive species N2

Summary of Model Enlargement
---------------------------------
Added 1 new core species
    N2
Created 0 new edge species
Added 0 new core reactions
Created 0 new edge reactions

After model enlargement:
    The model core has 4 species and 0 reactions
    The model edge has 1 species and 0 reactions


Adding species ethane(1) to model core

Summary of Model Enlargement
---------------------------------
Added 1 new core species
    ethane(1)
Created 0 new edge species
Added 0 new core reactions
Created 0 new edge reactions

After model enlargement:
    The model core has 5 species and 0 reactions
    The model edge has 0 species and 0 reactions


Initialization complete. Starting model generation.

Generating initial reactions for reaction system 1...
For reaction generation 1 process is used.
Species  renamed CH2(S) based on thermo library name
Species  renamed CH4 based on thermo library name
Species  renamed H based on thermo library name
Generating thermo for new species...

Summary of Secondary Model Edge Enlargement
---------------------------------
Added 0 new core species
Created 5 new edge species
    CH2(S)(2)
    CH4(3)
    [CH3](4)
    H(6)
    C[CH2](5)
Added 0 new core reactions
Created 3 new edge reactions
    CH2(S)(2) + CH4(3) <=> ethane(1)
    [CH3](4) + [CH3](4) <=> ethane(1)
    H(6) + C[CH2](5) <=> ethane(1)

After model enlargement:
    The model core has 5 species and 0 reactions
    The model edge has 5 species and 3 reactions


Completed initial enlarge edge step.

Saving current model core to Chemkin file...
Chemkin file contains 0 reactions.
Saving annotated version of Chemkin file...
Chemkin file contains 0 reactions.
Saving current model core and edge to Chemkin file...
Chemkin file contains 3 reactions.
Saving annotated version of Chemkin file...
Chemkin file contains 3 reactions.
Saving current model core to HTML file...
Saving current model edge to HTML file...
Updating RMG execution statistics...
    Execution time (DD:HH:MM:SS): 00:00:00:16
    Memory used: 898.87 MB

Making seed mechanism...
Beginning model generation stage 1 of 1.

Making seed mechanism...
Conducting simulation of reaction system 1...
At time 0.0000e+00 s, species [CH3](4) was added to model core to avoid singularity


Adding species [CH3](4) to model core

Summary of Model Enlargement
---------------------------------
Added 1 new core species
    [CH3](4)
Created 0 new edge species
Moved 1 reactions from edge to core
    [CH3](4) + [CH3](4) <=> ethane(1)
Added 0 new core reactions
Created 0 new edge reactions

After model enlargement:
    The model core has 6 species and 1 reactions
    The model edge has 4 species and 2 reactions


At time 1.0000e+06 s, reached target termination time.
    ethane(1) conversion: 0.0004893 

For reaction generation 1 process is used.
Species  renamed CH2(T) based on thermo library name
Generating thermo for new species...

Summary of Secondary Model Edge Enlargement
---------------------------------
Added 0 new core species
Created 1 new edge species
    CH2(T)(7)
Added 0 new core reactions
Created 3 new edge reactions
    H(6) + CH2(T)(7) <=> [CH3](4)
    [CH3](4) + ethane(1) <=> CH4(3) + C[CH2](5)
    CH2(T)(7) + CH4(3) <=> [CH3](4) + [CH3](4)

After model enlargement:
    The model core has 6 species and 1 reactions
    The model edge has 5 species and 5 reactions


Saving current model core to Chemkin file...
Chemkin file contains 1 reactions.
Saving annotated version of Chemkin file...
Chemkin file contains 1 reactions.
Saving current model core and edge to Chemkin file...
Chemkin file contains 6 reactions.
Saving annotated version of Chemkin file...
Chemkin file contains 6 reactions.
Saving current model core to HTML file...
Saving current model edge to HTML file...
Updating RMG execution statistics...
    Execution time (DD:HH:MM:SS): 00:00:00:16
    Memory used: 900.55 MB

Making seed mechanism...
Conducting simulation of reaction system 1...
At time 2.8356e-07 s, species C[CH2](5) at 0.10092200372760736 exceeded the minimum rate for simulation interruption of 0.1
Reached max number of objects...preparing to terminate
At time 2.8356e-07 s, species C[CH2](5) at rate ratio 0.10092200372760736 exceeded the minimum rate for moving to model core of 0.1
terminating simulation due to interrupt...


Adding species C[CH2](5) to model core

Summary of Model Enlargement
---------------------------------
Added 1 new core species
    C[CH2](5)
Created 0 new edge species
Added 0 new core reactions
Created 0 new edge reactions

After model enlargement:
    The model core has 7 species and 1 reactions
    The model edge has 4 species and 5 reactions


At time 1.0000e+06 s, reached target termination time.
    ethane(1) conversion: 0.0004893 

For reaction generation 1 process is used.

Summary of Secondary Model Edge Enlargement
---------------------------------
Added 0 new core species
Created 0 new edge species
Added 0 new core reactions
Created 0 new edge reactions

After model enlargement:
    The model core has 7 species and 1 reactions
    The model edge has 4 species and 5 reactions


Saving current model core to Chemkin file...
Chemkin file contains 1 reactions.
Saving annotated version of Chemkin file...
Chemkin file contains 1 reactions.
Saving current model core and edge to Chemkin file...
Chemkin file contains 6 reactions.
Saving annotated version of Chemkin file...
Chemkin file contains 6 reactions.
Saving current model core to HTML file...
Saving current model edge to HTML file...
Updating RMG execution statistics...
    Execution time (DD:HH:MM:SS): 00:00:00:16
    Memory used: 900.55 MB

Making seed mechanism...
Conducting simulation of reaction system 1...
At time 3.0220e-07 s, species CH4(3) at 0.10380645774964782 exceeded the minimum rate for simulation interruption of 0.1
Reached max number of objects...preparing to terminate
At time 3.0220e-07 s, species CH4(3) at rate ratio 0.10380645774964782 exceeded the minimum rate for moving to model core of 0.1
terminating simulation due to interrupt...


Adding species CH4(3) to model core

Summary of Model Enlargement
---------------------------------
Added 1 new core species
    CH4(3)
Created 0 new edge species
Moved 1 reactions from edge to core
    [CH3](4) + ethane(1) <=> CH4(3) + C[CH2](5)
Added 0 new core reactions
Created 0 new edge reactions

After model enlargement:
    The model core has 8 species and 2 reactions
    The model edge has 3 species and 4 reactions


At time 1.0000e+06 s, reached target termination time.
    ethane(1) conversion: 0.1427    

For reaction generation 1 process is used.
For reaction CH2(T)(7) + [CH3](4) <=> C[CH2](5) Ea raised from -0.1 to -0.1 kJ/mol.
Species  renamed H2 based on thermo library name
Generating thermo for new species...

Summary of Secondary Model Edge Enlargement
---------------------------------
Added 0 new core species
Created 6 new edge species
    [CH]C(8)
    C=C(9)
    [CH2][CH2](10)
    H2(11)
    CCC(12)
    CCCC(13)
Added 0 new core reactions
Created 13 new edge reactions
    CH2(T)(7) + [CH3](4) <=> C[CH2](5)
    H(6) + [CH]C(8) <=> C[CH2](5)
    H(6) + C=C(9) <=> C[CH2](5)
    H(6) + [CH2][CH2](10) <=> C[CH2](5)
    H2(11) + CH2(S)(2) <=> CH4(3)
    H(6) + [CH3](4) <=> CH4(3)
    [CH3](4) + C[CH2](5) <=> CH4(3) + C=C(9)
    CH2(T)(7) + ethane(1) <=> [CH3](4) + C[CH2](5)
    CH4(3) + [CH]C(8) <=> [CH3](4) + C[CH2](5)
    [CH3](4) + C[CH2](5) <=> CCC(12)
    C[CH2](5) + C[CH2](5) <=> C=C(9) + ethane(1)
    [CH]C(8) + ethane(1) <=> C[CH2](5) + C[CH2](5)
    C[CH2](5) + C[CH2](5) <=> CCCC(13)

After model enlargement:
    The model core has 8 species and 2 reactions
    The model edge has 9 species and 17 reactions


Saving current model core to Chemkin file...
Chemkin file contains 2 reactions.
Saving annotated version of Chemkin file...
Chemkin file contains 2 reactions.
Saving current model core and edge to Chemkin file...
Chemkin file contains 19 reactions.
Saving annotated version of Chemkin file...
Chemkin file contains 19 reactions.
Saving current model core to HTML file...
Saving current model edge to HTML file...
Updating RMG execution statistics...
    Execution time (DD:HH:MM:SS): 00:00:00:16
    Memory used: 900.77 MB

Making seed mechanism...
Conducting simulation of reaction system 1...
At time 1.3599e-07 s, species H(6) at 0.1199448709671262 exceeded the minimum rate for simulation interruption of 0.1
At time 1.3599e-07 s, species C=C(9) at 0.11623007021904329 exceeded the minimum rate for simulation interruption of 0.1
Exceeded max number of objects...removing excess objects
Reached max number of objects...preparing to terminate
At time 1.3599e-07 s, species H(6) at rate ratio 0.1199448709671262 exceeded the minimum rate for moving to model core of 0.1
terminating simulation due to interrupt...


Adding species H(6) to model core

Summary of Model Enlargement
---------------------------------
Added 1 new core species
    H(6)
Created 0 new edge species
Moved 2 reactions from edge to core
    H(6) + C[CH2](5) <=> ethane(1)
    H(6) + [CH3](4) <=> CH4(3)
Added 0 new core reactions
Created 0 new edge reactions

After model enlargement:
    The model core has 9 species and 4 reactions
    The model edge has 8 species and 15 reactions


At time 1.0000e+06 s, reached target termination time.
    ethane(1) conversion: 0.1427    

For reaction generation 1 process is used.

Summary of Secondary Model Edge Enlargement
---------------------------------
Added 0 new core species
Created 0 new edge species
Added 0 new core reactions
Created 6 new edge reactions
    H(6) + ethane(1) <=> H2(11) + C[CH2](5)
    H2(11) + CH2(T)(7) <=> H(6) + [CH3](4)
    H(6) + C[CH2](5) <=> H2(11) + C=C(9)
    H2(11) + [CH]C(8) <=> H(6) + C[CH2](5)
    H(6) + CH4(3) <=> H2(11) + [CH3](4)
    H(6) + H(6) <=> H2(11)

After model enlargement:
    The model core has 9 species and 4 reactions
    The model edge has 8 species and 21 reactions


Saving current model core to Chemkin file...
Chemkin file contains 4 reactions.
Saving annotated version of Chemkin file...
Chemkin file contains 4 reactions.
Saving current model core and edge to Chemkin file...
Chemkin file contains 25 reactions.
Saving annotated version of Chemkin file...
Chemkin file contains 25 reactions.
Saving current model core to HTML file...
Saving current model edge to HTML file...
Updating RMG execution statistics...
    Execution time (DD:HH:MM:SS): 00:00:00:17
    Memory used: 900.78 MB

Making seed mechanism...
Conducting simulation of reaction system 1...
At time 1.2896e-07 s, species C=C(9) at 0.12194961654590555 exceeded the minimum rate for simulation interruption of 0.1
Reached max number of objects...preparing to terminate
At time 1.2896e-07 s, species C=C(9) at rate ratio 0.12194961654590555 exceeded the minimum rate for moving to model core of 0.1
terminating simulation due to interrupt...


Adding species C=C(9) to model core

Summary of Model Enlargement
---------------------------------
Added 1 new core species
    C=C(9)
Created 0 new edge species
Moved 3 reactions from edge to core
    H(6) + C=C(9) <=> C[CH2](5)
    [CH3](4) + C[CH2](5) <=> CH4(3) + C=C(9)
    C[CH2](5) + C[CH2](5) <=> C=C(9) + ethane(1)
Added 0 new core reactions
Created 0 new edge reactions

After model enlargement:
    The model core has 10 species and 7 reactions
    The model edge has 7 species and 18 reactions


At time 1.2791e-02 s, reached target termination conversion: 0.900000 of ethane(1)
    ethane(1) conversion: 0.9004    

For reaction generation 1 process is used.
Generating thermo for new species...

Summary of Secondary Model Edge Enlargement
---------------------------------
Added 0 new core species
Created 5 new edge species
    [CH]=C(14)
    [CH]C(15)
    [CH2]CC(16)
    [CH2]CCC(17)
    [CH2]CC[CH2](18)
Added 0 new core reactions
Created 12 new edge reactions
    H(6) + [CH]=C(14) <=> C=C(9)
    [CH]C(15) <=> C=C(9)
    CH2(T)(7) + C[CH2](5) <=> [CH3](4) + C=C(9)
    CH4(3) + [CH]=C(14) <=> [CH3](4) + C=C(9)
    [CH3](4) + C=C(9) <=> [CH2]CC(16)
    [CH2][CH2](10) + C[CH2](5) <=> C=C(9) + C[CH2](5)
    [CH]C(8) + C[CH2](5) <=> C=C(9) + C[CH2](5)
    [CH]=C(14) + ethane(1) <=> C=C(9) + C[CH2](5)
    C=C(9) + C[CH2](5) <=> [CH2]CCC(17)
    H(6) + C=C(9) <=> H2(11) + [CH]=C(14)
    [CH2]CC[CH2](18) <=> C=C(9) + C=C(9)
    [CH]=C(14) + C[CH2](5) <=> C=C(9) + C=C(9)

After model enlargement:
    The model core has 10 species and 7 reactions
    The model edge has 12 species and 30 reactions


Saving current model core to Chemkin file...
Chemkin file contains 7 reactions.
Saving annotated version of Chemkin file...
Chemkin file contains 7 reactions.
Saving current model core and edge to Chemkin file...
Chemkin file contains 37 reactions.
Saving annotated version of Chemkin file...
Chemkin file contains 37 reactions.
Saving current model core to HTML file...
Saving current model edge to HTML file...
Updating RMG execution statistics...
    Execution time (DD:HH:MM:SS): 00:00:00:17
    Memory used: 900.79 MB

Making seed mechanism...
Conducting simulation of reaction system 1...
At time 1.0706e-07 s, species H2(11) at 0.10428900582932317 exceeded the minimum rate for simulation interruption of 0.1
Reached max number of objects...preparing to terminate
At time 1.0706e-07 s, species H2(11) at rate ratio 0.10428900582932317 exceeded the minimum rate for moving to model core of 0.1
terminating simulation due to interrupt...


Adding species H2(11) to model core

Summary of Model Enlargement
---------------------------------
Added 1 new core species
    H2(11)
Created 0 new edge species
Moved 4 reactions from edge to core
    H(6) + ethane(1) <=> H2(11) + C[CH2](5)
    H(6) + C[CH2](5) <=> H2(11) + C=C(9)
    H(6) + CH4(3) <=> H2(11) + [CH3](4)
    H(6) + H(6) <=> H2(11)
Added 0 new core reactions
Created 0 new edge reactions

After model enlargement:
    The model core has 11 species and 11 reactions
    The model edge has 11 species and 26 reactions


At time 9.7739e-04 s, reached target termination conversion: 0.900000 of ethane(1)
    ethane(1) conversion: 0.9001    

For reaction generation 1 process is used.

Summary of Secondary Model Edge Enlargement
---------------------------------
Added 0 new core species
Created 0 new edge species
Added 0 new core reactions
Created 0 new edge reactions

After model enlargement:
    The model core has 11 species and 11 reactions
    The model edge has 11 species and 26 reactions


Saving current model core to Chemkin file...
Chemkin file contains 11 reactions.
Saving annotated version of Chemkin file...
Chemkin file contains 11 reactions.
Saving current model core and edge to Chemkin file...
Chemkin file contains 37 reactions.
Saving annotated version of Chemkin file...
Chemkin file contains 37 reactions.
Saving current model core to HTML file...
Saving current model edge to HTML file...
Updating RMG execution statistics...
    Execution time (DD:HH:MM:SS): 00:00:00:17
    Memory used: 900.79 MB

Making seed mechanism...
Conducting simulation of reaction system 1...
At time 1.8707e-04 s, species [CH]=C(14) at 0.10105879106581418 exceeded the minimum rate for simulation interruption of 0.1
Reached max number of objects...preparing to terminate
At time 1.8707e-04 s, species [CH]=C(14) at rate ratio 0.10105879106581418 exceeded the minimum rate for moving to model core of 0.1
terminating simulation due to interrupt...


Adding species [CH]=C(14) to model core

Summary of Model Enlargement
---------------------------------
Added 1 new core species
    [CH]=C(14)
Created 0 new edge species
Moved 5 reactions from edge to core
    H(6) + [CH]=C(14) <=> C=C(9)
    CH4(3) + [CH]=C(14) <=> [CH3](4) + C=C(9)
    [CH]=C(14) + ethane(1) <=> C=C(9) + C[CH2](5)
    H(6) + C=C(9) <=> H2(11) + [CH]=C(14)
    [CH]=C(14) + C[CH2](5) <=> C=C(9) + C=C(9)
Added 0 new core reactions
Created 0 new edge reactions

After model enlargement:
    The model core has 12 species and 16 reactions
    The model edge has 10 species and 21 reactions


At time 1.1060e-03 s, reached target termination conversion: 0.900000 of ethane(1)
    ethane(1) conversion: 0.9005    

For reaction generation 1 process is used.
Generating thermo for new species...

Summary of Secondary Model Edge Enlargement
---------------------------------
Added 0 new core species
Created 4 new edge species
    [C]=C(19)
    C#C(20)
    [CH]=[CH](21)
    [CH2]CC=C(22)
Added 0 new core reactions
Created 10 new edge reactions
    H(6) + [C]=C(19) <=> [CH]=C(14)
    H(6) + C#C(20) <=> [CH]=C(14)
    H(6) + [CH]=[CH](21) <=> [CH]=C(14)
    [CH]C(8) + C[CH2](5) <=> [CH]=C(14) + ethane(1)
    [CH3](4) + [CH]C(8) <=> CH4(3) + [CH]=C(14)
    [CH]=C(14) + [CH]C(8) <=> [CH]=C(14) + C=C(9)
    [CH]=[CH](21) + C[CH2](5) <=> [CH]=C(14) + C=C(9)
    [C]=C(19) + C[CH2](5) <=> [CH]=C(14) + C=C(9)
    [CH]=C(14) + C=C(9) <=> [CH2]CC=C(22)
    H(6) + [CH]C(8) <=> H2(11) + [CH]=C(14)

After model enlargement:
    The model core has 12 species and 16 reactions
    The model edge has 14 species and 31 reactions


Saving current model core to Chemkin file...
Chemkin file contains 16 reactions.
Saving annotated version of Chemkin file...
Chemkin file contains 16 reactions.
Saving current model core and edge to Chemkin file...
Chemkin file contains 47 reactions.
Saving annotated version of Chemkin file...
Chemkin file contains 47 reactions.
Saving current model core to HTML file...
Saving current model edge to HTML file...
Updating RMG execution statistics...
    Execution time (DD:HH:MM:SS): 00:00:00:18
    Memory used: 900.79 MB

Making seed mechanism...
Conducting simulation of reaction system 1...
At time 4.7250e-06 s, species C#C(20) at 0.10294165754965014 exceeded the minimum rate for simulation interruption of 0.1
Reached max number of objects...preparing to terminate
At time 4.7250e-06 s, species C#C(20) at rate ratio 0.10294165754965014 exceeded the minimum rate for moving to model core of 0.1
terminating simulation due to interrupt...


Adding species C#C(20) to model core

Summary of Model Enlargement
---------------------------------
Added 1 new core species
    C#C(20)
Created 0 new edge species
Moved 1 reactions from edge to core
    H(6) + C#C(20) <=> [CH]=C(14)
Added 0 new core reactions
Created 0 new edge reactions

After model enlargement:
    The model core has 13 species and 17 reactions
    The model edge has 13 species and 30 reactions


At time 8.7068e-04 s, reached target termination conversion: 0.900000 of ethane(1)
    ethane(1) conversion: 0.9004    

For reaction generation 1 process is used.
Generating thermo for new species...

Summary of Secondary Model Edge Enlargement
---------------------------------
Added 0 new core species
Created 7 new edge species
    [C]#C(23)
    [C]=C(24)
    [CH]=CC(25)
    [CH]=CCC(26)
    [CH]=CC[CH2](27)
    [CH]=CC=C(28)
    [CH]=CC=[CH](29)
Added 4 new core reactions
    [CH]=C(14) + C[CH2](5) <=> C#C(20) + ethane(1)
    [CH3](4) + [CH]=C(14) <=> CH4(3) + C#C(20)
    [CH]=C(14) + [CH]=C(14) <=> C#C(20) + C=C(9)
    H(6) + [CH]=C(14) <=> H2(11) + C#C(20)
Created 19 new edge reactions
    H(6) + [C]#C(23) <=> C#C(20)
    [C]=C(24) <=> C#C(20)
    CH2(T)(7) + [CH]=C(14) <=> [CH3](4) + C#C(20)
    CH4(3) + [C]#C(23) <=> [CH3](4) + C#C(20)
    [CH3](4) + C#C(20) <=> [CH]=CC(25)
    [CH]=C(14) + [CH2][CH2](10) <=> C#C(20) + C[CH2](5)
    [CH]=C(14) + [CH]C(8) <=> C#C(20) + C[CH2](5)
    [C]#C(23) + ethane(1) <=> C#C(20) + C[CH2](5)
    C#C(20) + C[CH2](5) <=> [CH]=CCC(26)
    H2(11) + [C]#C(23) <=> H(6) + C#C(20)
    [CH]=CC[CH2](27) <=> C#C(20) + C=C(9)
    [C]#C(23) + C[CH2](5) <=> C#C(20) + C=C(9)
    [CH]=[CH](21) + [CH]=C(14) <=> C#C(20) + [CH]=C(14)
    [C]=C(19) + [CH]=C(14) <=> C#C(20) + [CH]=C(14)
    [C]#C(23) + [CH]C(8) <=> C#C(20) + [CH]=C(14)
    [C]#C(23) + C=C(9) <=> C#C(20) + [CH]=C(14)
    C#C(20) + [CH]=C(14) <=> [CH]=CC=C(28)
    [CH]=CC=[CH](29) <=> C#C(20) + C#C(20)
    [C]#C(23) + [CH]=C(14) <=> C#C(20) + C#C(20)

After model enlargement:
    The model core has 13 species and 21 reactions
    The model edge has 20 species and 49 reactions


Saving current model core to Chemkin file...
Chemkin file contains 21 reactions.
Saving annotated version of Chemkin file...
Chemkin file contains 21 reactions.
Saving current model core and edge to Chemkin file...
Chemkin file contains 70 reactions.
Saving annotated version of Chemkin file...
Chemkin file contains 70 reactions.
Saving current model core to HTML file...
Saving current model edge to HTML file...
Updating RMG execution statistics...
    Execution time (DD:HH:MM:SS): 00:00:00:18
    Memory used: 900.79 MB

Making seed mechanism...
Conducting simulation of reaction system 1...
At time 5.9132e-05 s, species [C]=C(24) at 0.10278438902623334 exceeded the minimum rate for simulation interruption of 0.1
Reached max number of objects...preparing to terminate
At time 5.9132e-05 s, species [C]=C(24) at rate ratio 0.10278438902623334 exceeded the minimum rate for moving to model core of 0.1
terminating simulation due to interrupt...


Adding species [C]=C(24) to model core

Summary of Model Enlargement
---------------------------------
Added 1 new core species
    [C]=C(24)
Created 0 new edge species
Moved 1 reactions from edge to core
    [C]=C(24) <=> C#C(20)
Added 0 new core reactions
Created 0 new edge reactions

After model enlargement:
    The model core has 14 species and 22 reactions
    The model edge has 19 species and 48 reactions


At time 8.7698e-04 s, reached target termination conversion: 0.900000 of ethane(1)
    ethane(1) conversion: 0.9005    

For reaction generation 1 process is used.

Summary of Secondary Model Edge Enlargement
---------------------------------
Added 0 new core species
Created 0 new edge species
Added 0 new core reactions
Created 0 new edge reactions

After model enlargement:
    The model core has 14 species and 22 reactions
    The model edge has 19 species and 48 reactions


Saving current model core to Chemkin file...
Chemkin file contains 22 reactions.
Saving annotated version of Chemkin file...
Chemkin file contains 22 reactions.
Saving current model core and edge to Chemkin file...
Chemkin file contains 70 reactions.
Saving annotated version of Chemkin file...
Chemkin file contains 70 reactions.
Saving current model core to HTML file...
Saving current model edge to HTML file...
Updating RMG execution statistics...
    Execution time (DD:HH:MM:SS): 00:00:00:18
    Memory used: 900.79 MB

Making seed mechanism...
Conducting simulation of reaction system 1...
At time 4.0529e-04 s, species [CH2]CC(16) at 0.10021541064524343 exceeded the minimum rate for simulation interruption of 0.1
Reached max number of objects...preparing to terminate
At time 4.0529e-04 s, species [CH2]CC(16) at rate ratio 0.10021541064524343 exceeded the minimum rate for moving to model core of 0.1
terminating simulation due to interrupt...


Adding species [CH2]CC(16) to model core

Summary of Model Enlargement
---------------------------------
Added 1 new core species
    [CH2]CC(16)
Created 0 new edge species
Moved 1 reactions from edge to core
    [CH3](4) + C=C(9) <=> [CH2]CC(16)
Added 0 new core reactions
Created 0 new edge reactions

After model enlargement:
    The model core has 15 species and 23 reactions
    The model edge has 18 species and 47 reactions


At time 8.7581e-04 s, reached target termination conversion: 0.900000 of ethane(1)
    ethane(1) conversion: 0.9003    

For reaction generation 1 process is used.
For reaction CH2(T)(7) + C[CH2](5) <=> [CH2]CC(16) Ea raised from -0.1 to -0.1 kJ/mol.
Generating thermo for new species...

Summary of Secondary Model Edge Enlargement
---------------------------------
Added 0 new core species
Created 6 new edge species
    [CH]CC(30)
    C=CC(31)
    [CH2][CH]C(32)
    [CH2]C[CH2](33)
    C[CH]C(34)
    [CH2]CCCC(35)
Added 0 new core reactions
Created 14 new edge reactions
    CH2(S)(2) + C[CH2](5) <=> [CH2]CC(16)
    CH2(T)(7) + C[CH2](5) <=> [CH2]CC(16)
    H(6) + [CH]CC(30) <=> [CH2]CC(16)
    [CH2]CC(16) <=> H(6) + C=CC(31)
    [CH3](4) + [CH2][CH2](10) <=> [CH2]CC(16)
    H(6) + [CH2][CH]C(32) <=> [CH2]CC(16)
    H(6) + [CH2]C[CH2](33) <=> [CH2]CC(16)
    C[CH]C(34) <=> [CH2]CC(16)
    C[CH2](5) + [CH2][CH]C(32) <=> C=C(9) + [CH2]CC(16)
    C[CH2](5) + [CH2]C[CH2](33) <=> C=C(9) + [CH2]CC(16)
    C[CH2](5) + [CH]CC(30) <=> C=C(9) + [CH2]CC(16)
    [CH]=C(14) + CCC(12) <=> C=C(9) + [CH2]CC(16)
    C=C(9) + [CH2]CC(16) <=> [CH2]CCCC(35)
    H(6) + CCC(12) <=> H2(11) + [CH2]CC(16)

After model enlargement:
    The model core has 15 species and 23 reactions
    The model edge has 24 species and 61 reactions


Saving current model core to Chemkin file...
Chemkin file contains 23 reactions.
Saving annotated version of Chemkin file...
Chemkin file contains 23 reactions.
Saving current model core and edge to Chemkin file...
Chemkin file contains 84 reactions.
Saving annotated version of Chemkin file...
Chemkin file contains 84 reactions.
Saving current model core to HTML file...
Saving current model edge to HTML file...
Updating RMG execution statistics...
    Execution time (DD:HH:MM:SS): 00:00:00:19
    Memory used: 900.79 MB

Making seed mechanism...
Conducting simulation of reaction system 1...
At time 6.7317e-04 s, species [CH2]CC=C(22) at 0.10031160358014855 exceeded the minimum rate for simulation interruption of 0.1
Reached max number of objects...preparing to terminate
At time 6.7317e-04 s, species [CH2]CC=C(22) at rate ratio 0.10031160358014855 exceeded the minimum rate for moving to model core of 0.1
terminating simulation due to interrupt...


Adding species [CH2]CC=C(22) to model core

Summary of Model Enlargement
---------------------------------
Added 1 new core species
    [CH2]CC=C(22)
Created 0 new edge species
Moved 1 reactions from edge to core
    [CH]=C(14) + C=C(9) <=> [CH2]CC=C(22)
Added 0 new core reactions
Created 0 new edge reactions

After model enlargement:
    The model core has 16 species and 24 reactions
    The model edge has 23 species and 60 reactions


At time 8.7948e-04 s, reached target termination conversion: 0.900000 of ethane(1)
    ethane(1) conversion: 0.9008    

For reaction generation 1 process is used.
For reaction CH2(T)(7) + [CH2]C=C(36) <=> [CH2]CC=C(22) Ea raised from -0.1 to -0.1 kJ/mol.
Generating thermo for new species...

Summary of Secondary Model Edge Enlargement
---------------------------------
Added 0 new core species
Created 20 new edge species
    [CH2]C=C(36)
    [CH]CC=C(37)
    [CH2][CH]C[CH2](38)
    [CH]1CCC1(39)
    [CH2]C1CC1(40)
    C=CC=C(41)
    [CH2]C=C[CH2](42)
    [CH2]C[C]=C(43)
    [CH2]C=CC(44)
    C=[C]CC(45)
    [CH2]C[CH]CC[CH2](46)
    [CH2]CC([CH2])C[CH2](47)
    [CH2]C[CH]C(48)
    C=CCC(49)
    [CH2]CCCC=C(50)
    [CH2]C=CCCC(51)
    [CH]=CC[CH]C[CH2](52)
    [CH]=CC([CH2])C[CH2](53)
    [CH]=CCCC=C(54)
    [CH2]C=CCC=C(55)
Added 0 new core reactions
Created 38 new edge reactions
    CH2(T)(7) + [CH2]C=C(36) <=> [CH2]CC=C(22)
    H(6) + [CH]CC=C(37) <=> [CH2]CC=C(22)
    [CH2][CH]C[CH2](38) <=> [CH2]CC=C(22)
    [CH2]CC=C(22) <=> [CH]1CCC1(39)
    [CH2]CC=C(22) <=> [CH2]C1CC1(40)
    H(6) + C=CC=C(41) <=> [CH2]CC=C(22)
    [CH]=C(14) + [CH2][CH2](10) <=> [CH2]CC=C(22)
    H(6) + [CH2]C=C[CH2](42) <=> [CH2]CC=C(22)
    H(6) + [CH2]C[C]=C(43) <=> [CH2]CC=C(22)
    H(6) + [CH]=CC[CH2](27) <=> [CH2]CC=C(22)
    [CH2]CC=C(22) <=> [CH2]C=CC(44)
    C=[C]CC(45) <=> [CH2]CC=C(22)
    [CH]=CCC(26) <=> [CH2]CC=C(22)
    [CH2]C[CH]CC[CH2](46) <=> C=C(9) + [CH2]CC=C(22)
    [CH2]CC([CH2])C[CH2](47) <=> C=C(9) + [CH2]CC=C(22)
    [CH]=C(14) + [CH2]CC[CH2](18) <=> C=C(9) + [CH2]CC=C(22)
    [CH]=C(14) + [CH2]C[CH]C(48) <=> C=C(9) + [CH2]CC=C(22)
    C[CH2](5) + [CH2]C=C[CH2](42) <=> C=C(9) + [CH2]CC=C(22)
    C[CH2](5) + [CH2]C[C]=C(43) <=> C=C(9) + [CH2]CC=C(22)
    C[CH2](5) + [CH]CC=C(37) <=> C=C(9) + [CH2]CC=C(22)
    C[CH2](5) + [CH]=CC[CH2](27) <=> C=C(9) + [CH2]CC=C(22)
    [CH]=C(14) + C=CCC(49) <=> C=C(9) + [CH2]CC=C(22)
    C=C(9) + [CH2]CC=C(22) <=> [CH2]CCCC=C(50)
    [CH2]C=CCCC(51) <=> C=C(9) + [CH2]CC=C(22)
    H(6) + [CH2]CC[CH2](18) <=> H2(11) + [CH2]CC=C(22)
    H(6) + [CH2]C[CH]C(48) <=> H2(11) + [CH2]CC=C(22)
    H(6) + C=CCC(49) <=> H2(11) + [CH2]CC=C(22)
    [CH]=CC[CH]C[CH2](52) <=> C#C(20) + [CH2]CC=C(22)
    [CH]=CC([CH2])C[CH2](53) <=> C#C(20) + [CH2]CC=C(22)
    [C]#C(23) + [CH2]CC[CH2](18) <=> C#C(20) + [CH2]CC=C(22)
    [C]#C(23) + [CH2]C[CH]C(48) <=> C#C(20) + [CH2]CC=C(22)
    [CH]=C(14) + [CH2]C=C[CH2](42) <=> C#C(20) + [CH2]CC=C(22)
    [CH]=C(14) + [CH2]C[C]=C(43) <=> C#C(20) + [CH2]CC=C(22)
    [CH]=C(14) + [CH]CC=C(37) <=> C#C(20) + [CH2]CC=C(22)
    [CH]=C(14) + [CH]=CC[CH2](27) <=> C#C(20) + [CH2]CC=C(22)
    [C]#C(23) + C=CCC(49) <=> C#C(20) + [CH2]CC=C(22)
    C#C(20) + [CH2]CC=C(22) <=> [CH]=CCCC=C(54)
    [CH2]C=CCC=C(55) <=> C#C(20) + [CH2]CC=C(22)

After model enlargement:
    The model core has 16 species and 24 reactions
    The model edge has 43 species and 98 reactions


Saving current model core to Chemkin file...
Chemkin file contains 24 reactions.
Saving annotated version of Chemkin file...
Chemkin file contains 24 reactions.
Saving current model core and edge to Chemkin file...
Chemkin file contains 122 reactions.
Saving annotated version of Chemkin file...
Chemkin file contains 122 reactions.
Saving current model core to HTML file...
Saving current model edge to HTML file...
Updating RMG execution statistics...
    Execution time (DD:HH:MM:SS): 00:00:00:19
    Memory used: 900.79 MB

Making seed mechanism...
Conducting simulation of reaction system 1...
At time 3.5011e-05 s, species [CH2]C1CC1(40) at 0.10070462068764127 exceeded the minimum rate for simulation interruption of 0.1
Reached max number of objects...preparing to terminate
At time 3.5011e-05 s, species [CH2]C1CC1(40) at rate ratio 0.10070462068764127 exceeded the minimum rate for moving to model core of 0.1
terminating simulation due to interrupt...


Adding species [CH2]C1CC1(40) to model core

Summary of Model Enlargement
---------------------------------
Added 1 new core species
    [CH2]C1CC1(40)
Created 0 new edge species
Moved 1 reactions from edge to core
    [CH2]CC=C(22) <=> [CH2]C1CC1(40)
Added 0 new core reactions
Created 0 new edge reactions

After model enlargement:
    The model core has 17 species and 25 reactions
    The model edge has 42 species and 97 reactions


At time 8.7672e-04 s, reached target termination conversion: 0.900000 of ethane(1)
    ethane(1) conversion: 0.9004    

For reaction generation 1 process is used.
For reaction CH2(T)(7) + [CH]1CC1(56) <=> [CH2]C1CC1(40) Ea raised from -0.1 to -0.1 kJ/mol.
Generating thermo for new species...

Summary of Secondary Model Edge Enlargement
---------------------------------
Added 0 new core species
Created 8 new edge species
    [CH]1CC1(56)
    [CH]C1CC1(57)
    [CH2]C([CH2])[CH2](58)
    C=C1CC1(59)
    [CH2][C]1CC1(60)
    [CH2]C1[CH]C1(61)
    C[C]1CC1(62)
    CC1[CH]C1(63)
Added 0 new core reactions
Created 11 new edge reactions
    CH2(S)(2) + [CH2]C=C(36) <=> [CH2]C1CC1(40)
    [CH2]C1CC1(40) <=> [CH]1CCC1(39)
    CH2(T)(7) + [CH]1CC1(56) <=> [CH2]C1CC1(40)
    H(6) + [CH]C1CC1(57) <=> [CH2]C1CC1(40)
    [CH2][CH]C[CH2](38) <=> [CH2]C1CC1(40)
    [CH2]C([CH2])[CH2](58) <=> [CH2]C1CC1(40)
    H(6) + C=C1CC1(59) <=> [CH2]C1CC1(40)
    H(6) + [CH2][C]1CC1(60) <=> [CH2]C1CC1(40)
    H(6) + [CH2]C1[CH]C1(61) <=> [CH2]C1CC1(40)
    C[C]1CC1(62) <=> [CH2]C1CC1(40)
    CC1[CH]C1(63) <=> [CH2]C1CC1(40)

After model enlargement:
    The model core has 17 species and 25 reactions
    The model edge has 50 species and 108 reactions


Saving current model core to Chemkin file...
Chemkin file contains 25 reactions.
Saving annotated version of Chemkin file...
Chemkin file contains 25 reactions.
Saving current model core and edge to Chemkin file...
Chemkin file contains 133 reactions.
Saving annotated version of Chemkin file...
Chemkin file contains 133 reactions.
Saving current model core to HTML file...
Saving current model edge to HTML file...
Updating RMG execution statistics...
    Execution time (DD:HH:MM:SS): 00:00:00:20
    Memory used: 900.79 MB

Making seed mechanism...
Conducting simulation of reaction system 1...
At time 3.6488e-04 s, species [CH]=CCC(26) at 0.1008630156544973 exceeded the minimum rate for simulation interruption of 0.1
Reached max number of objects...preparing to terminate
At time 3.6488e-04 s, species [CH]=CCC(26) at rate ratio 0.1008630156544973 exceeded the minimum rate for moving to model core of 0.1
terminating simulation due to interrupt...


Adding species [CH]=CCC(26) to model core

Summary of Model Enlargement
---------------------------------
Added 1 new core species
    [CH]=CCC(26)
Created 0 new edge species
Moved 2 reactions from edge to core
    C#C(20) + C[CH2](5) <=> [CH]=CCC(26)
    [CH]=CCC(26) <=> [CH2]CC=C(22)
Added 0 new core reactions
Created 0 new edge reactions

After model enlargement:
    The model core has 18 species and 27 reactions
    The model edge has 49 species and 106 reactions


At time 8.8183e-04 s, reached target termination conversion: 0.900000 of ethane(1)
    ethane(1) conversion: 0.9012    

For reaction generation 1 process is used.
Generating thermo for new species...

Summary of Secondary Model Edge Enlargement
---------------------------------
Added 0 new core species
Created 5 new edge species
    [C]=CCC(64)
    C#CCC(65)
    [CH]C=C(66)
    [CH]C=CC(67)
    [CH]=[C]CC(68)
Added 0 new core reactions
Created 11 new edge reactions
    CH2(S)(2) + [CH]=CC(25) <=> [CH]=CCC(26)
    CH2(S)(2) + [CH]=CC(25) <=> [CH]=CCC(26)
    H(6) + [C]=CCC(64) <=> [CH]=CCC(26)
    H(6) + C#CCC(65) <=> [CH]=CCC(26)
    [CH3](4) + [CH]C=C(66) <=> [CH]=CCC(26)
    [CH]=[CH](21) + C[CH2](5) <=> [CH]=CCC(26)
    H(6) + [CH]C=CC(67) <=> [CH]=CCC(26)
    H(6) + [CH]=CC[CH2](27) <=> [CH]=CCC(26)
    H(6) + [CH]=[C]CC(68) <=> [CH]=CCC(26)
    [CH]=CCC(26) <=> C=[C]CC(45)
    [CH]=CCC(26) <=> [CH2]C=CC(44)

After model enlargement:
    The model core has 18 species and 27 reactions
    The model edge has 54 species and 117 reactions


Saving current model core to Chemkin file...
Chemkin file contains 27 reactions.
Saving annotated version of Chemkin file...
Chemkin file contains 27 reactions.
Saving current model core and edge to Chemkin file...
Chemkin file contains 144 reactions.
Saving annotated version of Chemkin file...
Chemkin file contains 144 reactions.
Saving current model core to HTML file...
Saving current model edge to HTML file...
Updating RMG execution statistics...
    Execution time (DD:HH:MM:SS): 00:00:00:20
    Memory used: 900.79 MB

Making seed mechanism...
Conducting simulation of reaction system 1...
At time 5.1804e-04 s, species [CH2]C=CC(44) at 0.1004099810751947 exceeded the minimum rate for simulation interruption of 0.1
Reached max number of objects...preparing to terminate
At time 5.1804e-04 s, species [CH2]C=CC(44) at rate ratio 0.1004099810751947 exceeded the minimum rate for moving to model core of 0.1
terminating simulation due to interrupt...


Adding species [CH2]C=CC(44) to model core

Summary of Model Enlargement
---------------------------------
Added 1 new core species
    [CH2]C=CC(44)
Created 0 new edge species
Moved 2 reactions from edge to core
    [CH2]CC=C(22) <=> [CH2]C=CC(44)
    [CH]=CCC(26) <=> [CH2]C=CC(44)
Added 0 new core reactions
Created 0 new edge reactions

After model enlargement:
    The model core has 19 species and 29 reactions
    The model edge has 53 species and 115 reactions


At time 8.7953e-04 s, reached target termination conversion: 0.900000 of ethane(1)
    ethane(1) conversion: 0.9008    

For reaction generation 1 process is used.
For reaction CH2(T)(7) + [CH]=CC(25) <=> [CH2]C=CC(44) Ea raised from -0.1 to -0.1 kJ/mol.
For reaction [CH]=C(14) + [CH]C(8) <=> [CH2]C=CC(44) Ea raised from -0.1 to -0.1 kJ/mol.
Generating thermo for new species...

Summary of Secondary Model Edge Enlargement
---------------------------------
Added 0 new core species
Created 19 new edge species
    C=C=CC(69)
    [CH2]C=[C]C(70)
    [CH2][C]=CC(71)
    C[C]=CC(72)
    [CH2][CH]CC(73)
    CC=CC(74)
    C[CH][CH]C(75)
    [CH2]CC([CH2])[CH]C(76)
    [CH2][CH]C(C)C[CH2](77)
    [CH2]CCC=CC(78)
    [CH2]C(C=C)CC(79)
    [CH2]CC[CH][CH]C(80)
    [CH2]CC(C)C=C(81)
    [CH]=CC([CH2])[CH]C(82)
    [CH]=CC(C)[CH][CH2](83)
    [CH]=CCC=CC(84)
    [CH2]C(C=C)C=C(85)
    [CH]=CC[CH][CH]C(86)
    [CH]=CC(C)C=C(87)
Added 0 new core reactions
Created 59 new edge reactions
    CH2(S)(2) + [CH2]C=C(36) <=> [CH2]C=CC(44)
    CH2(T)(7) + [CH]=CC(25) <=> [CH2]C=CC(44)
    H(6) + [CH]C=CC(67) <=> [CH2]C=CC(44)
    [CH2][CH]C[CH2](38) <=> [CH2]C=CC(44)
    [CH2]C=CC(44) <=> CC1[CH]C1(63)
    H(6) + C=C=CC(69) <=> [CH2]C=CC(44)
    [CH3](4) + [CH]C=C(66) <=> [CH2]C=CC(44)
    H(6) + [CH2]C=C[CH2](42) <=> [CH2]C=CC(44)
    H(6) + [CH2]C=[C]C(70) <=> [CH2]C=CC(44)
    H(6) + [CH2][C]=CC(71) <=> [CH2]C=CC(44)
    C[C]=CC(72) <=> [CH2]C=CC(44)
    [CH]=C(14) + [CH]C(8) <=> [CH2]C=CC(44)
    H(6) + C=CC=C(41) <=> [CH2]C=CC(44)
    C=[C]CC(45) <=> [CH2]C=CC(44)
    C[CH2](5) + [CH2][CH]CC(73) <=> ethane(1) + [CH2]C=CC(44)
    C[CH2](5) + [CH2]C[CH]C(48) <=> ethane(1) + [CH2]C=CC(44)
    ethane(1) + [CH2]C=CC(44) <=> C[CH2](5) + CC=CC(74)
    C[CH2](5) + C[CH][CH]C(75) <=> ethane(1) + [CH2]C=CC(44)
    ethane(1) + [CH2]C=CC(44) <=> C[CH2](5) + C=CCC(49)
    [CH3](4) + [CH2][CH]CC(73) <=> CH4(3) + [CH2]C=CC(44)
    [CH3](4) + [CH2]C[CH]C(48) <=> CH4(3) + [CH2]C=CC(44)
    [CH3](4) + CC=CC(74) <=> CH4(3) + [CH2]C=CC(44)
    [CH3](4) + C[CH][CH]C(75) <=> CH4(3) + [CH2]C=CC(44)
    [CH3](4) + C=CCC(49) <=> CH4(3) + [CH2]C=CC(44)
    [CH2]CC([CH2])[CH]C(76) <=> C=C(9) + [CH2]C=CC(44)
    [CH2][CH]C(C)C[CH2](77) <=> C=C(9) + [CH2]C=CC(44)
    [CH]=C(14) + [CH2][CH]CC(73) <=> C=C(9) + [CH2]C=CC(44)
    [CH]=C(14) + [CH2]C[CH]C(48) <=> C=C(9) + [CH2]C=CC(44)
    C[CH2](5) + [CH2]C=C[CH2](42) <=> C=C(9) + [CH2]C=CC(44)
    C[CH2](5) + [CH2]C=[C]C(70) <=> C=C(9) + [CH2]C=CC(44)
    C[CH2](5) + [CH2][C]=CC(71) <=> C=C(9) + [CH2]C=CC(44)
    C[CH2](5) + [CH]C=CC(67) <=> C=C(9) + [CH2]C=CC(44)
    C=C(9) + [CH2]C=CC(44) <=> [CH]=C(14) + CC=CC(74)
    C=C(9) + [CH2]C=CC(44) <=> [CH2]CCC=CC(78)
    [CH2]C(C=C)CC(79) <=> C=C(9) + [CH2]C=CC(44)
    [CH2]CC[CH][CH]C(80) <=> C=C(9) + [CH2]C=CC(44)
    [CH]=C(14) + C[CH][CH]C(75) <=> C=C(9) + [CH2]C=CC(44)
    [CH]=C(14) + C=CCC(49) <=> C=C(9) + [CH2]C=CC(44)
    C=C(9) + [CH2]C=CC(44) <=> [CH2]CC(C)C=C(81)
    H(6) + [CH2][CH]CC(73) <=> H2(11) + [CH2]C=CC(44)
    H(6) + [CH2]C[CH]C(48) <=> H2(11) + [CH2]C=CC(44)
    H(6) + CC=CC(74) <=> H2(11) + [CH2]C=CC(44)
    H(6) + C[CH][CH]C(75) <=> H2(11) + [CH2]C=CC(44)
    H(6) + C=CCC(49) <=> H2(11) + [CH2]C=CC(44)
    [CH]=CC([CH2])[CH]C(82) <=> C#C(20) + [CH2]C=CC(44)
    [CH]=CC(C)[CH][CH2](83) <=> C#C(20) + [CH2]C=CC(44)
    [C]#C(23) + [CH2][CH]CC(73) <=> C#C(20) + [CH2]C=CC(44)
    [C]#C(23) + [CH2]C[CH]C(48) <=> C#C(20) + [CH2]C=CC(44)
    [CH]=C(14) + [CH2]C=C[CH2](42) <=> C#C(20) + [CH2]C=CC(44)
    [CH]=C(14) + [CH2]C=[C]C(70) <=> C#C(20) + [CH2]C=CC(44)
    [CH]=C(14) + [CH2][C]=CC(71) <=> C#C(20) + [CH2]C=CC(44)
    [CH]=C(14) + [CH]C=CC(67) <=> C#C(20) + [CH2]C=CC(44)
    [C]#C(23) + CC=CC(74) <=> C#C(20) + [CH2]C=CC(44)
    C#C(20) + [CH2]C=CC(44) <=> [CH]=CCC=CC(84)
    [CH2]C(C=C)C=C(85) <=> C#C(20) + [CH2]C=CC(44)
    [CH]=CC[CH][CH]C(86) <=> C#C(20) + [CH2]C=CC(44)
    [C]#C(23) + C[CH][CH]C(75) <=> C#C(20) + [CH2]C=CC(44)
    [C]#C(23) + C=CCC(49) <=> C#C(20) + [CH2]C=CC(44)
    C#C(20) + [CH2]C=CC(44) <=> [CH]=CC(C)C=C(87)

After model enlargement:
    The model core has 19 species and 29 reactions
    The model edge has 72 species and 174 reactions


Saving current model core to Chemkin file...
Chemkin file contains 29 reactions.
Saving annotated version of Chemkin file...
Chemkin file contains 29 reactions.
Saving current model core and edge to Chemkin file...
Chemkin file contains 203 reactions.
Saving annotated version of Chemkin file...
Chemkin file contains 203 reactions.
Saving current model core to HTML file...
Saving current model edge to HTML file...
Updating RMG execution statistics...
    Execution time (DD:HH:MM:SS): 00:00:00:21
    Memory used: 900.79 MB

Making seed mechanism...
Conducting simulation of reaction system 1...
At time 2.9612e-04 s, species C=CC=C(41) at 0.10114663710798569 exceeded the minimum rate for simulation interruption of 0.1
Reached max number of objects...preparing to terminate
At time 2.9612e-04 s, species C=CC=C(41) at rate ratio 0.10114663710798569 exceeded the minimum rate for moving to model core of 0.1
terminating simulation due to interrupt...


Adding species C=CC=C(41) to model core

Summary of Model Enlargement
---------------------------------
Added 1 new core species
    C=CC=C(41)
Created 0 new edge species
Moved 2 reactions from edge to core
    H(6) + C=CC=C(41) <=> [CH2]CC=C(22)
    H(6) + C=CC=C(41) <=> [CH2]C=CC(44)
Added 0 new core reactions
Created 0 new edge reactions

After model enlargement:
    The model core has 20 species and 31 reactions
    The model edge has 71 species and 172 reactions


At time 8.7220e-04 s, reached target termination conversion: 0.900000 of ethane(1)
    ethane(1) conversion: 0.9002    

For reaction generation 1 process is used.
Generating thermo for new species...

Summary of Secondary Model Edge Enlargement
---------------------------------
Added 0 new core species
Created 37 new edge species
    C1=CCC1(88)
    C=[C]C=C(89)
    C=C[C]C(90)
    [CH]CC=C(91)
    [CH2]C(C)C=C(92)
    [CH2]C=CCC(93)
    [CH2]C=CCC[CH2](94)
    [CH2]CC([CH2])C=C(95)
    C1=CCCCC1(96)
    C=C=CCCC(97)
    [CH]=CCC=C[CH2](98)
    [CH]=CC([CH2])C=C(99)
    C1=CCC=CC1(100)
    C=C=CCC=C(101)
    [CH2]C=CCC([CH2])[CH]C(102)
    [CH2]C([CH]C)C([CH2])C=C(103)
    [CH2][CH]C(C)CC=C[CH2](104)
    [CH2][CH]C(C)C([CH2])C=C(105)
    [CH2]C1CC=CCC1C(106)
    [CH2]C(C=C)CC=CC(107)
    [CH2]C=CCCC=CC(108)
    [CH2]C(C=C)C(C)C=C(109)
    [CH2]C(C=C)CCC=C(110)
    [CH2]CC(C)CC=C=C(111)
    [CH2]C(CC)CC=C=C(112)
    [CH2]C=CCC[CH][CH]C(113)
    [CH2]C(C=C)C[CH][CH]C(114)
    C[CH]C1CC=CCC1(115)
    [CH2]C=CCC(C)C=C(116)
    C=C=CCC(C)[CH]C(117)
    C=C=CCCC[CH]C(118)
    [CH2]C=CCCC=C[CH2](119)
    [CH2]C=CCC([CH2])C=C(120)
    [CH2]C(C=C)C([CH2])C=C(121)
    C=CC1CC=CCC1(122)
    C=C=CCC(C)C=C(123)
    C=C=CCCCC=C(124)
Added 9 new core reactions
    [CH]=C(14) + [CH]=C(14) <=> C=CC=C(41)
    C[CH2](5) + [CH2]CC=C(22) <=> ethane(1) + C=CC=C(41)
    C[CH2](5) + [CH2]C=CC(44) <=> ethane(1) + C=CC=C(41)
    [CH3](4) + [CH2]CC=C(22) <=> CH4(3) + C=CC=C(41)
    [CH3](4) + [CH2]C=CC(44) <=> CH4(3) + C=CC=C(41)
    [CH]=C(14) + [CH2]CC=C(22) <=> C=C(9) + C=CC=C(41)
    [CH]=C(14) + [CH2]C=CC(44) <=> C=C(9) + C=CC=C(41)
    H(6) + [CH2]CC=C(22) <=> H2(11) + C=CC=C(41)
    H(6) + [CH2]C=CC(44) <=> H2(11) + C=CC=C(41)
Created 95 new edge reactions
    C=CC=C(41) <=> C1=CCC1(88)
    [CH2]C[C]=C(43) <=> C=CC=C(41)
    [CH]=CC[CH2](27) <=> C=CC=C(41)
    [CH]C=CC(67) <=> C=CC=C(41)
    H(6) + C=[C]C=C(89) <=> C=CC=C(41)
    H(6) + [CH]=CC=C(28) <=> C=CC=C(41)
    C=C[C]C(90) <=> C=CC=C(41)
    [CH]CC=C(91) <=> C=CC=C(41)
    CH2(T)(7) + [CH2]CC=C(22) <=> [CH3](4) + C=CC=C(41)
    CH2(T)(7) + [CH2]C=CC(44) <=> [CH3](4) + C=CC=C(41)
    CH4(3) + C=[C]C=C(89) <=> [CH3](4) + C=CC=C(41)
    [CH3](4) + C=CC=C(41) <=> CH4(3) + [CH]=CC=C(28)
    [CH3](4) + C=CC=C(41) <=> [CH2]C(C)C=C(92)
    [CH3](4) + C=CC=C(41) <=> [CH2]C=CCC(93)
    [CH2][CH2](10) + [CH2]CC=C(22) <=> C[CH2](5) + C=CC=C(41)
    [CH2][CH2](10) + [CH2]C=CC(44) <=> C[CH2](5) + C=CC=C(41)
    [CH]C(8) + [CH2]CC=C(22) <=> C[CH2](5) + C=CC=C(41)
    [CH]C(8) + [CH2]C=CC(44) <=> C[CH2](5) + C=CC=C(41)
    ethane(1) + C=[C]C=C(89) <=> C[CH2](5) + C=CC=C(41)
    C[CH2](5) + C=CC=C(41) <=> ethane(1) + [CH]=CC=C(28)
    C[CH2](5) + C=CC=C(41) <=> [CH2]C(C=C)CC(79)
    C[CH2](5) + C=CC=C(41) <=> [CH2]C=CCCC(51)
    H2(11) + C=[C]C=C(89) <=> H(6) + C=CC=C(41)
    H(6) + C=CC=C(41) <=> H2(11) + [CH]=CC=C(28)
    [CH2]C=CCC[CH2](94) <=> C=C(9) + C=CC=C(41)
    [CH2]CC([CH2])C=C(95) <=> C=C(9) + C=CC=C(41)
    C=C(9) + C=CC=C(41) <=> C1=CCCCC1(96)
    C[CH2](5) + C=[C]C=C(89) <=> C=C(9) + C=CC=C(41)
    C[CH2](5) + [CH]=CC=C(28) <=> C=C(9) + C=CC=C(41)
    C=C=CCCC(97) <=> C=C(9) + C=CC=C(41)
    [CH]=[CH](21) + [CH2]CC=C(22) <=> [CH]=C(14) + C=CC=C(41)
    [CH]=[CH](21) + [CH2]C=CC(44) <=> [CH]=C(14) + C=CC=C(41)
    [C]=C(19) + [CH2]CC=C(22) <=> [CH]=C(14) + C=CC=C(41)
    [C]=C(19) + [CH2]C=CC(44) <=> [CH]=C(14) + C=CC=C(41)
    [CH]C(8) + C=[C]C=C(89) <=> [CH]=C(14) + C=CC=C(41)
    [CH]C(8) + [CH]=CC=C(28) <=> [CH]=C(14) + C=CC=C(41)
    [CH]=C(14) + C=CC=C(41) <=> C=C(9) + C=[C]C=C(89)
    [CH]=C(14) + C=CC=C(41) <=> C=C(9) + [CH]=CC=C(28)
    [CH]=C(14) + C=CC=C(41) <=> [CH2]C(C=C)C=C(85)
    [CH]=C(14) + C=CC=C(41) <=> [CH2]C=CCC=C(55)
    [CH]=CCC=C[CH2](98) <=> C#C(20) + C=CC=C(41)
    [CH]=CC([CH2])C=C(99) <=> C#C(20) + C=CC=C(41)
    C#C(20) + C=CC=C(41) <=> C1=CCC=CC1(100)
    [C]#C(23) + [CH2]CC=C(22) <=> C#C(20) + C=CC=C(41)
    [C]#C(23) + [CH2]C=CC(44) <=> C#C(20) + C=CC=C(41)
    [CH]=C(14) + C=[C]C=C(89) <=> C#C(20) + C=CC=C(41)
    [CH]=C(14) + [CH]=CC=C(28) <=> C#C(20) + C=CC=C(41)
    C=C=CCC=C(101) <=> C#C(20) + C=CC=C(41)
    [CH2]C=CCC([CH2])[CH]C(102) <=> C=CC=C(41) + [CH2]C=CC(44)
    [CH2]C([CH]C)C([CH2])C=C(103) <=> C=CC=C(41) + [CH2]C=CC(44)
    [CH2][CH]C(C)CC=C[CH2](104) <=> C=CC=C(41) + [CH2]C=CC(44)
    [CH2][CH]C(C)C([CH2])C=C(105) <=> C=CC=C(41) + [CH2]C=CC(44)
    C=CC=C(41) + [CH2]C=CC(44) <=> [CH2]C1CC=CCC1C(106)
    [CH2]C=C[CH2](42) + [CH2]CC=C(22) <=> C=CC=C(41) + [CH2]C=CC(44)
    [CH2]C=C[CH2](42) + [CH2]C=CC(44) <=> C=CC=C(41) + [CH2]C=CC(44)
    [CH2]C=[C]C(70) + [CH2]CC=C(22) <=> C=CC=C(41) + [CH2]C=CC(44)
    [CH2]C=[C]C(70) + [CH2]C=CC(44) <=> C=CC=C(41) + [CH2]C=CC(44)
    [CH2][C]=CC(71) + [CH2]CC=C(22) <=> C=CC=C(41) + [CH2]C=CC(44)
    [CH2][C]=CC(71) + [CH2]C=CC(44) <=> C=CC=C(41) + [CH2]C=CC(44)
    [CH]C=CC(67) + [CH2]CC=C(22) <=> C=CC=C(41) + [CH2]C=CC(44)
    [CH]C=CC(67) + [CH2]C=CC(44) <=> C=CC=C(41) + [CH2]C=CC(44)
    C=[C]C=C(89) + [CH2][CH]CC(73) <=> C=CC=C(41) + [CH2]C=CC(44)
    [CH]=CC=C(28) + [CH2][CH]CC(73) <=> C=CC=C(41) + [CH2]C=CC(44)
    C=[C]C=C(89) + [CH2]C[CH]C(48) <=> C=CC=C(41) + [CH2]C=CC(44)
    [CH]=CC=C(28) + [CH2]C[CH]C(48) <=> C=CC=C(41) + [CH2]C=CC(44)
    C=CC=C(41) + [CH2]C=CC(44) <=> C=[C]C=C(89) + CC=CC(74)
    C=CC=C(41) + [CH2]C=CC(44) <=> [CH]=CC=C(28) + CC=CC(74)
    C=CC=C(41) + [CH2]C=CC(44) <=> [CH2]C(C=C)CC=CC(107)
    C=CC=C(41) + [CH2]C=CC(44) <=> [CH2]C=CCCC=CC(108)
    [CH2]C(C=C)C(C)C=C(109) <=> C=CC=C(41) + [CH2]C=CC(44)
    [CH2]C(C=C)CCC=C(110) <=> C=CC=C(41) + [CH2]C=CC(44)
    [CH2]CC(C)CC=C=C(111) <=> C=CC=C(41) + [CH2]C=CC(44)
    [CH2]C(CC)CC=C=C(112) <=> C=CC=C(41) + [CH2]C=CC(44)
    [CH2]C=CCC[CH][CH]C(113) <=> C=CC=C(41) + [CH2]C=CC(44)
    [CH2]C(C=C)C[CH][CH]C(114) <=> C=CC=C(41) + [CH2]C=CC(44)
    C=CC=C(41) + [CH2]C=CC(44) <=> C[CH]C1CC=CCC1(115)
    C=[C]C=C(89) + C[CH][CH]C(75) <=> C=CC=C(41) + [CH2]C=CC(44)
    [CH]=CC=C(28) + C[CH][CH]C(75) <=> C=CC=C(41) + [CH2]C=CC(44)
    C=[C]C=C(89) + C=CCC(49) <=> C=CC=C(41) + [CH2]C=CC(44)
    C=CC=C(41) + [CH2]C=CC(44) <=> [CH]=CC=C(28) + C=CCC(49)
    C=CC=C(41) + [CH2]C=CC(44) <=> [CH2]C(C=C)C(C)C=C(109)
    C=CC=C(41) + [CH2]C=CC(44) <=> [CH2]C=CCC(C)C=C(116)
    C=C=CCC(C)[CH]C(117) <=> C=CC=C(41) + [CH2]C=CC(44)
    C=C=CCCC[CH]C(118) <=> C=CC=C(41) + [CH2]C=CC(44)
    [CH2]C=CCCC=C[CH2](119) <=> C=CC=C(41) + C=CC=C(41)
    [CH2]C=CCC([CH2])C=C(120) <=> C=CC=C(41) + C=CC=C(41)
    [CH2]C(C=C)C([CH2])C=C(121) <=> C=CC=C(41) + C=CC=C(41)
    C=CC=C(41) + C=CC=C(41) <=> C=CC1CC=CCC1(122)
    C=CC=C(41) + C=CC=C(41) <=> C=CC1CC=CCC1(122)
    C=[C]C=C(89) + [CH2]CC=C(22) <=> C=CC=C(41) + C=CC=C(41)
    C=[C]C=C(89) + [CH2]C=CC(44) <=> C=CC=C(41) + C=CC=C(41)
    [CH]=CC=C(28) + [CH2]CC=C(22) <=> C=CC=C(41) + C=CC=C(41)
    [CH]=CC=C(28) + [CH2]C=CC(44) <=> C=CC=C(41) + C=CC=C(41)
    C=C=CCC(C)C=C(123) <=> C=CC=C(41) + C=CC=C(41)
    C=C=CCCCC=C(124) <=> C=CC=C(41) + C=CC=C(41)

After model enlargement:
    The model core has 20 species and 40 reactions
    The model edge has 108 species and 267 reactions


Saving current model core to Chemkin file...
Chemkin file contains 40 reactions.
Saving annotated version of Chemkin file...
Chemkin file contains 40 reactions.
Saving current model core and edge to Chemkin file...
Chemkin file contains 307 reactions.
Saving annotated version of Chemkin file...
Chemkin file contains 307 reactions.
Saving current model core to HTML file...
Saving current model edge to HTML file...
Updating RMG execution statistics...
    Execution time (DD:HH:MM:SS): 00:00:00:22
    Memory used: 900.79 MB

Making seed mechanism...
Conducting simulation of reaction system 1...
At time 1.8699e-04 s, species C1=CCC1(88) at 0.10133232039767813 exceeded the minimum rate for simulation interruption of 0.1
Reached max number of objects...preparing to terminate
At time 1.8699e-04 s, species C1=CCC1(88) at rate ratio 0.10133232039767813 exceeded the minimum rate for moving to model core of 0.1
terminating simulation due to interrupt...


Adding species C1=CCC1(88) to model core

Summary of Model Enlargement
---------------------------------
Added 1 new core species
    C1=CCC1(88)
Created 0 new edge species
Moved 1 reactions from edge to core
    C=CC=C(41) <=> C1=CCC1(88)
Added 0 new core reactions
Created 0 new edge reactions

After model enlargement:
    The model core has 21 species and 41 reactions
    The model edge has 107 species and 266 reactions


At time 8.7738e-04 s, reached target termination conversion: 0.900000 of ethane(1)
    ethane(1) conversion: 0.9006    

For reaction generation 1 process is used.
Generating thermo for new species...

Summary of Secondary Model Edge Enlargement
---------------------------------
Added 0 new core species
Created 15 new edge species
    [CH]1C[CH]C1(125)
    [CH]1[CH]CC1(126)
    [CH]1C=CC1(127)
    [C]1=CCC1(128)
    [C]1CCC1(129)
    [CH2]CC1[CH]CC1(130)
    CCC1C=CC1(131)
    [CH]=CC1[CH]CC1(132)
    C=CC1C=CC1(133)
    [CH2]C=CCC1[CH]CC1(134)
    [CH2]C(C=C)C1[CH]CC1(135)
    C1=CCC2CCC2C1(136)
    C=C=CCC1CCC1(137)
    C=CC(C)C1C=CC1(138)
    C=CCCC1C=CC1(139)
Added 0 new core reactions
Created 32 new edge reactions
    [CH2]C=C[CH2](42) <=> C1=CCC1(88)
    [CH]=CC[CH2](27) <=> C1=CCC1(88)
    [CH]1C[CH]C1(125) <=> C1=CCC1(88)
    [CH]1[CH]CC1(126) <=> C1=CCC1(88)
    H(6) + [CH]1C=CC1(127) <=> C1=CCC1(88)
    H(6) + [C]1=CCC1(128) <=> C1=CCC1(88)
    [C]1CCC1(129) <=> C1=CCC1(88)
    C[CH2](5) + [CH]1CCC1(39) <=> ethane(1) + C1=CCC1(88)
    [CH3](4) + [CH]1CCC1(39) <=> CH4(3) + C1=CCC1(88)
    [CH2]CC1[CH]CC1(130) <=> C=C(9) + C1=CCC1(88)
    [CH]=C(14) + [CH]1CCC1(39) <=> C=C(9) + C1=CCC1(88)
    C[CH2](5) + [CH]1C=CC1(127) <=> C=C(9) + C1=CCC1(88)
    C[CH2](5) + [C]1=CCC1(128) <=> C=C(9) + C1=CCC1(88)
    CCC1C=CC1(131) <=> C=C(9) + C1=CCC1(88)
    H(6) + [CH]1CCC1(39) <=> H2(11) + C1=CCC1(88)
    [CH]=CC1[CH]CC1(132) <=> C#C(20) + C1=CCC1(88)
    [C]#C(23) + [CH]1CCC1(39) <=> C#C(20) + C1=CCC1(88)
    [CH]=C(14) + [CH]1C=CC1(127) <=> C#C(20) + C1=CCC1(88)
    [CH]=C(14) + [C]1=CCC1(128) <=> C#C(20) + C1=CCC1(88)
    C=CC1C=CC1(133) <=> C#C(20) + C1=CCC1(88)
    [CH2]C=CCC1[CH]CC1(134) <=> C1=CCC1(88) + C=CC=C(41)
    [CH2]C(C=C)C1[CH]CC1(135) <=> C1=CCC1(88) + C=CC=C(41)
    C1=CCC1(88) + C=CC=C(41) <=> C1=CCC2CCC2C1(136)
    C=[C]C=C(89) + [CH]1CCC1(39) <=> C1=CCC1(88) + C=CC=C(41)
    [CH]=CC=C(28) + [CH]1CCC1(39) <=> C1=CCC1(88) + C=CC=C(41)
    [CH]1C=CC1(127) + [CH2]CC=C(22) <=> C1=CCC1(88) + C=CC=C(41)
    [C]1=CCC1(128) + [CH2]CC=C(22) <=> C1=CCC1(88) + C=CC=C(41)
    [CH]1C=CC1(127) + [CH2]C=CC(44) <=> C1=CCC1(88) + C=CC=C(41)
    [C]1=CCC1(128) + [CH2]C=CC(44) <=> C1=CCC1(88) + C=CC=C(41)
    C=C=CCC1CCC1(137) <=> C1=CCC1(88) + C=CC=C(41)
    C=CC(C)C1C=CC1(138) <=> C1=CCC1(88) + C=CC=C(41)
    C=CCCC1C=CC1(139) <=> C1=CCC1(88) + C=CC=C(41)

After model enlargement:
    The model core has 21 species and 41 reactions
    The model edge has 122 species and 298 reactions


Saving current model core to Chemkin file...
Chemkin file contains 41 reactions.
Saving annotated version of Chemkin file...
Chemkin file contains 41 reactions.
Saving current model core and edge to Chemkin file...
Chemkin file contains 339 reactions.
Saving annotated version of Chemkin file...
Chemkin file contains 339 reactions.
Saving current model core to HTML file...
Saving current model edge to HTML file...
Updating RMG execution statistics...
    Execution time (DD:HH:MM:SS): 00:00:00:23
    Memory used: 900.79 MB

Making seed mechanism...
Conducting simulation of reaction system 1...
At time 3.4489e-04 s, species [CH2]C=C[CH2](42) at 0.1001185285009084 exceeded the minimum rate for simulation interruption of 0.1
Reached max number of objects...preparing to terminate
At time 3.4489e-04 s, species [CH2]C=C[CH2](42) at rate ratio 0.1001185285009084 exceeded the minimum rate for moving to model core of 0.1
terminating simulation due to interrupt...


Adding species [CH2]C=C[CH2](42) to model core

Summary of Model Enlargement
---------------------------------
Added 1 new core species
    [CH2]C=C[CH2](42)
Created 0 new edge species
Moved 9 reactions from edge to core
    H(6) + [CH2]C=C[CH2](42) <=> [CH2]CC=C(22)
    C[CH2](5) + [CH2]C=C[CH2](42) <=> C=C(9) + [CH2]CC=C(22)
    [CH]=C(14) + [CH2]C=C[CH2](42) <=> C#C(20) + [CH2]CC=C(22)
    H(6) + [CH2]C=C[CH2](42) <=> [CH2]C=CC(44)
    C[CH2](5) + [CH2]C=C[CH2](42) <=> C=C(9) + [CH2]C=CC(44)
    [CH]=C(14) + [CH2]C=C[CH2](42) <=> C#C(20) + [CH2]C=CC(44)
    [CH2]C=C[CH2](42) + [CH2]CC=C(22) <=> C=CC=C(41) + [CH2]C=CC(44)
    [CH2]C=C[CH2](42) + [CH2]C=CC(44) <=> C=CC=C(41) + [CH2]C=CC(44)
    [CH2]C=C[CH2](42) <=> C1=CCC1(88)
Added 0 new core reactions
Created 0 new edge reactions

After model enlargement:
    The model core has 22 species and 50 reactions
    The model edge has 121 species and 289 reactions


At time 8.7593e-04 s, reached target termination conversion: 0.900000 of ethane(1)
    ethane(1) conversion: 0.9004    

For reaction generation 1 process is used.
For reaction CH2(T)(7) + [CH]C=C(66) <=> [CH2]C=C[CH2](42) Ea raised from -0.1 to -0.1 kJ/mol.
For reaction [CH]=C(14) + [CH][CH2](142) <=> [CH2]C=C[CH2](42) Ea raised from -0.1 to -0.1 kJ/mol.
Generating thermo for new species...

Summary of Secondary Model Edge Enlargement
---------------------------------
Added 0 new core species
Created 3 new edge species
    [CH]C=C[CH2](140)
    [CH2][C]=C[CH2](141)
    [CH][CH2](142)
Added 1 new core reactions
    [CH2]C=C[CH2](42) => C=CC=C(41)
Created 12 new edge reactions
    CH2(T)(7) + [CH]C=C(66) <=> [CH2]C=C[CH2](42)
    H(6) + [CH]C=C[CH2](140) <=> [CH2]C=C[CH2](42)
    [CH2]C=C[CH2](42) <=> C=C=CC(69)
    [CH2]C=C[CH2](42) <=> [CH2]C1[CH]C1(61)
    H(6) + C=[C]C=C(89) <=> [CH2]C=C[CH2](42)
    H(6) + [CH2][C]=C[CH2](141) <=> [CH2]C=C[CH2](42)
    [CH2]C=C[CH2](42) <=> [CH2]C=[C]C(70)
    [CH2][C]=CC(71) <=> [CH2]C=C[CH2](42)
    [CH]=C(14) + [CH][CH2](142) <=> [CH2]C=C[CH2](42)
    [CH2]C[C]=C(43) <=> [CH2]C=C[CH2](42)
    [CH]=CC[CH2](27) <=> [CH2]C=C[CH2](42)
    [CH]C=CC(67) <=> [CH2]C=C[CH2](42)

After model enlargement:
    The model core has 22 species and 51 reactions
    The model edge has 124 species and 301 reactions


Saving current model core to Chemkin file...
Chemkin file contains 51 reactions.
Saving annotated version of Chemkin file...
Chemkin file contains 51 reactions.
Saving current model core and edge to Chemkin file...
Chemkin file contains 352 reactions.
Saving annotated version of Chemkin file...
Chemkin file contains 352 reactions.
Saving current model core to HTML file...
Saving current model edge to HTML file...
Updating RMG execution statistics...
    Execution time (DD:HH:MM:SS): 00:00:00:24
    Memory used: 900.79 MB

Making seed mechanism...
Conducting simulation of reaction system 1...
At time 6.5772e-04 s, species CC1[CH]C1(63) at 0.10009446705889165 exceeded the minimum rate for simulation interruption of 0.1
Reached max number of objects...preparing to terminate
At time 6.5772e-04 s, species CC1[CH]C1(63) at rate ratio 0.10009446705889165 exceeded the minimum rate for moving to model core of 0.1
terminating simulation due to interrupt...


Adding species CC1[CH]C1(63) to model core

Summary of Model Enlargement
---------------------------------
Added 1 new core species
    CC1[CH]C1(63)
Created 0 new edge species
Moved 2 reactions from edge to core
    CC1[CH]C1(63) <=> [CH2]C1CC1(40)
    [CH2]C=CC(44) <=> CC1[CH]C1(63)
Added 0 new core reactions
Created 0 new edge reactions

After model enlargement:
    The model core has 23 species and 53 reactions
    The model edge has 123 species and 299 reactions


At time 8.7689e-04 s, reached target termination conversion: 0.900000 of ethane(1)
    ethane(1) conversion: 0.9005    

For reaction generation 1 process is used.
Generating thermo for new species...

Summary of Secondary Model Edge Enlargement
---------------------------------
Added 0 new core species
Created 8 new edge species
    CC1[C]C1(143)
    [CH2][CH][CH]C(144)
    CC1=CC1(145)
    CC1C=C1(146)
    C1=CC1(147)
    [CH]1[CH]C1(148)
    C[C]1[CH]C1(149)
    CC1[CH][CH]1(150)
Added 0 new core reactions
Created 11 new edge reactions
    CH2(S)(2) + [CH]1CC1(56) <=> CC1[CH]C1(63)
    H(6) + CC1[C]C1(143) <=> CC1[CH]C1(63)
    [CH2][CH][CH]C(144) <=> CC1[CH]C1(63)
    H(6) + CC1=CC1(145) <=> CC1[CH]C1(63)
    H(6) + CC1C=C1(146) <=> CC1[CH]C1(63)
    [CH3](4) + C1=CC1(147) <=> CC1[CH]C1(63)
    [CH3](4) + [CH]1[CH]C1(148) <=> CC1[CH]C1(63)
    H(6) + C[C]1[CH]C1(149) <=> CC1[CH]C1(63)
    H(6) + CC1[CH][CH]1(150) <=> CC1[CH]C1(63)
    H(6) + [CH2]C1[CH]C1(61) <=> CC1[CH]C1(63)
    CC1[CH]C1(63) <=> C[C]1CC1(62)

After model enlargement:
    The model core has 23 species and 53 reactions
    The model edge has 131 species and 310 reactions


Saving current model core to Chemkin file...
Chemkin file contains 53 reactions.
Saving annotated version of Chemkin file...
Chemkin file contains 53 reactions.
Saving current model core and edge to Chemkin file...
Chemkin file contains 363 reactions.
Saving annotated version of Chemkin file...
Chemkin file contains 363 reactions.
Saving current model core to HTML file...
Saving current model edge to HTML file...
Updating RMG execution statistics...
    Execution time (DD:HH:MM:SS): 00:00:00:24
    Memory used: 900.79 MB

Making seed mechanism...
Conducting simulation of reaction system 1...
At time 6.7084e-04 s, species C=C=CC(69) at 0.10014271233877178 exceeded the minimum rate for simulation interruption of 0.1
Reached max number of objects...preparing to terminate
At time 6.7084e-04 s, species C=C=CC(69) at rate ratio 0.10014271233877178 exceeded the minimum rate for moving to model core of 0.1
terminating simulation due to interrupt...


Adding species C=C=CC(69) to model core

Summary of Model Enlargement
---------------------------------
Added 1 new core species
    C=C=CC(69)
Created 0 new edge species
Moved 2 reactions from edge to core
    H(6) + C=C=CC(69) <=> [CH2]C=CC(44)
    [CH2]C=C[CH2](42) <=> C=C=CC(69)
Added 0 new core reactions
Created 0 new edge reactions

After model enlargement:
    The model core has 24 species and 55 reactions
    The model edge has 130 species and 308 reactions


At time 8.7972e-04 s, reached target termination conversion: 0.900000 of ethane(1)
    ethane(1) conversion: 0.9009    

For reaction generation 1 process is used.
For reaction C=C[C]C(90) <=> C=C=CC(69) Ea raised from -2.6 to -2.6 kJ/mol.
For reaction [CH]C=CC(155) <=> C=C=CC(69) Ea raised from -2.6 to -2.6 kJ/mol.
Generating thermo for new species...

Summary of Secondary Model Edge Enlargement
---------------------------------
Added 0 new core species
Created 5 new edge species
    C=C=C(151)
    C#C[CH2](152)
    [CH2]C#CC(153)
    C#C[CH]C(154)
    [CH]C=CC(155)
Added 0 new core reactions
Created 11 new edge reactions
    CH2(S)(2) + C=C=C(151) <=> C=C=CC(69)
    [CH2]C[C]=C(43) <=> C=C=CC(69)
    [CH2]C=[C]C(70) <=> C=C=CC(69)
    [CH]C=CC(67) <=> C=C=CC(69)
    [CH2]C=[C]C(70) <=> C=C=CC(69)
    [CH3](4) + C#C[CH2](152) <=> C=C=CC(69)
    H(6) + C=[C]C=C(89) <=> C=C=CC(69)
    H(6) + [CH2]C#CC(153) <=> C=C=CC(69)
    H(6) + C#C[CH]C(154) <=> C=C=CC(69)
    C=C[C]C(90) <=> C=C=CC(69)
    [CH]C=CC(155) <=> C=C=CC(69)

After model enlargement:
    The model core has 24 species and 55 reactions
    The model edge has 135 species and 319 reactions


Saving current model core to Chemkin file...
Chemkin file contains 55 reactions.
Saving annotated version of Chemkin file...
Chemkin file contains 55 reactions.
Saving current model core and edge to Chemkin file...
Chemkin file contains 374 reactions.
Saving annotated version of Chemkin file...
Chemkin file contains 374 reactions.
Saving current model core to HTML file...
Saving current model edge to HTML file...
Updating RMG execution statistics...
    Execution time (DD:HH:MM:SS): 00:00:00:25
    Memory used: 900.79 MB

Making seed mechanism...
Conducting simulation of reaction system 1...
At time 4.0345e-04 s, species [CH]C=CC(67) at 0.10147547059320479 exceeded the minimum rate for simulation interruption of 0.1
Reached max number of objects...preparing to terminate
At time 4.0345e-04 s, species [CH]C=CC(67) at rate ratio 0.10147547059320479 exceeded the minimum rate for moving to model core of 0.1
terminating simulation due to interrupt...


Adding species [CH]C=CC(67) to model core
Species [CH]C=CC(67) was Forbidden and not added to Core...Removing from Edge.

Summary of Model Enlargement
---------------------------------
Added 0 new core species
Created 0 new edge species
Added 0 new core reactions
Created 0 new edge reactions

After model enlargement:
    The model core has 24 species and 55 reactions
    The model edge has 134 species and 310 reactions


At time 8.7972e-04 s, reached target termination conversion: 0.900000 of ethane(1)
    ethane(1) conversion: 0.9009    

For reaction generation 1 process is used.

Summary of Secondary Model Edge Enlargement
---------------------------------
Added 0 new core species
Created 0 new edge species
Added 0 new core reactions
Created 0 new edge reactions

After model enlargement:
    The model core has 24 species and 55 reactions
    The model edge has 134 species and 310 reactions


Saving current model core to Chemkin file...
Chemkin file contains 55 reactions.
Saving annotated version of Chemkin file...
Chemkin file contains 55 reactions.
Saving current model core and edge to Chemkin file...
Chemkin file contains 365 reactions.
Saving annotated version of Chemkin file...
Chemkin file contains 365 reactions.
Saving current model core to HTML file...
Saving current model edge to HTML file...
Updating RMG execution statistics...
    Execution time (DD:HH:MM:SS): 00:00:00:25
    Memory used: 900.79 MB

Making seed mechanism...
Conducting simulation of reaction system 1...
At time 7.0623e-04 s, species [CH]=CC=C(28) at 0.10138161549959505 exceeded the minimum rate for simulation interruption of 0.1
Reached max number of objects...preparing to terminate
At time 7.0623e-04 s, species [CH]=CC=C(28) at rate ratio 0.10138161549959505 exceeded the minimum rate for moving to model core of 0.1
terminating simulation due to interrupt...


Adding species [CH]=CC=C(28) to model core

Summary of Model Enlargement
---------------------------------
Added 1 new core species
    [CH]=CC=C(28)
Created 0 new edge species
Moved 10 reactions from edge to core
    C#C(20) + [CH]=C(14) <=> [CH]=CC=C(28)
    H(6) + [CH]=CC=C(28) <=> C=CC=C(41)
    [CH3](4) + C=CC=C(41) <=> CH4(3) + [CH]=CC=C(28)
    C[CH2](5) + C=CC=C(41) <=> ethane(1) + [CH]=CC=C(28)
    H(6) + C=CC=C(41) <=> H2(11) + [CH]=CC=C(28)
    C[CH2](5) + [CH]=CC=C(28) <=> C=C(9) + C=CC=C(41)
    [CH]=C(14) + C=CC=C(41) <=> C=C(9) + [CH]=CC=C(28)
    [CH]=C(14) + [CH]=CC=C(28) <=> C#C(20) + C=CC=C(41)
    [CH]=CC=C(28) + [CH2]CC=C(22) <=> C=CC=C(41) + C=CC=C(41)
    [CH]=CC=C(28) + [CH2]C=CC(44) <=> C=CC=C(41) + C=CC=C(41)
Added 0 new core reactions
Created 0 new edge reactions

After model enlargement:
    The model core has 25 species and 65 reactions
    The model edge has 133 species and 300 reactions


At time 8.7654e-04 s, reached target termination conversion: 0.900000 of ethane(1)
    ethane(1) conversion: 0.9005    

For reaction generation 1 process is used.
For reaction [CH]=CC=C(28) <=> [CH2]C1C=C1(158), Ea raised from 98.7 to 105.1 kJ/mol to match endothermicity of reaction.
Generating thermo for new species...

Summary of Secondary Model Edge Enlargement
---------------------------------
Added 0 new core species
Created 10 new edge species
    [C]=CC=C(156)
    [CH]=[C]C[CH2](157)
    [CH2]C1C=C1(158)
    C#CC=C(159)
    [CH]C=C=C(160)
    [CH]=C=C[CH2](161)
    [CH]C=CCC[CH2](162)
    [CH]C=CC(163)
    [CH2]CC=CC=C(164)
    C#C[CH]CCC(165)
Added 0 new core reactions
Created 25 new edge reactions
    H(6) + [C]=CC=C(156) <=> [CH]=CC=C(28)
    [CH]=[C]C[CH2](157) <=> [CH]=CC=C(28)
    [CH]=CC=C(28) <=> [CH]1C=CC1(127)
    [CH]=CC=C(28) <=> [CH2]C1C=C1(158)
    H(6) + C#CC=C(159) <=> [CH]=CC=C(28)
    [CH]=[CH](21) + [CH]=C(14) <=> [CH]=CC=C(28)
    H(6) + [CH]C=C=C(160) <=> [CH]=CC=C(28)
    H(6) + [CH]=C=C[CH2](161) <=> [CH]=CC=C(28)
    H(6) + [CH]=CC=[CH](29) <=> [CH]=CC=C(28)
    [CH]=CC=C(28) <=> C=[C]C=C(89)
    [CH]=CC=C(28) <=> C=[C]C=C(89)
    [CH]C=CCC[CH2](162) <=> C=C(9) + [CH]=CC=C(28)
    [CH]=CC([CH2])C[CH2](53) <=> C=C(9) + [CH]=CC=C(28)
    [CH]=C(14) + [CH]=CC[CH2](27) <=> C=C(9) + [CH]=CC=C(28)
    [CH]=C(14) + [CH]CC=C(37) <=> C=C(9) + [CH]=CC=C(28)
    [CH]=C(14) + [CH]C=CC(163) <=> C=C(9) + [CH]=CC=C(28)
    C[CH2](5) + [CH]C=C=C(160) <=> C=C(9) + [CH]=CC=C(28)
    C[CH2](5) + [CH]=C=C[CH2](161) <=> C=C(9) + [CH]=CC=C(28)
    C[CH2](5) + [CH]=CC=[CH](29) <=> C=C(9) + [CH]=CC=C(28)
    C[CH2](5) + [C]=CC=C(156) <=> C=C(9) + [CH]=CC=C(28)
    C=C(9) + [CH]=CC=C(28) <=> [CH2]CC=CC=C(164)
    C#C[CH]CCC(165) <=> C=C(9) + [CH]=CC=C(28)
    H(6) + [CH]=CC[CH2](27) <=> H2(11) + [CH]=CC=C(28)
    H(6) + [CH]CC=C(37) <=> H2(11) + [CH]=CC=C(28)
    H(6) + [CH]C=CC(163) <=> H2(11) + [CH]=CC=C(28)

After model enlargement:
    The model core has 25 species and 65 reactions
    The model edge has 143 species and 325 reactions


Saving current model core to Chemkin file...
Chemkin file contains 65 reactions.
Saving annotated version of Chemkin file...
Chemkin file contains 65 reactions.
Saving current model core and edge to Chemkin file...
Chemkin file contains 390 reactions.
Saving annotated version of Chemkin file...
Chemkin file contains 390 reactions.
Saving current model core to HTML file...
Saving current model edge to HTML file...
Updating RMG execution statistics...
    Execution time (DD:HH:MM:SS): 00:00:00:26
    Memory used: 900.97 MB

Making seed mechanism...
Conducting simulation of reaction system 1...
At time 8.1168e-04 s, species [CH]=CC(25) at 0.1006345638864103 exceeded the minimum rate for simulation interruption of 0.1
Reached max number of objects...preparing to terminate
At time 8.1168e-04 s, species [CH]=CC(25) at rate ratio 0.1006345638864103 exceeded the minimum rate for moving to model core of 0.1
terminating simulation due to interrupt...


Adding species [CH]=CC(25) to model core

Summary of Model Enlargement
---------------------------------
Added 1 new core species
    [CH]=CC(25)
Created 0 new edge species
Moved 1 reactions from edge to core
    [CH3](4) + C#C(20) <=> [CH]=CC(25)
Added 0 new core reactions
Created 0 new edge reactions

After model enlargement:
    The model core has 26 species and 66 reactions
    The model edge has 142 species and 324 reactions


At time 8.7687e-04 s, reached target termination conversion: 0.900000 of ethane(1)
    ethane(1) conversion: 0.9005    

For reaction generation 1 process is used.
Generating thermo for new species...

Summary of Secondary Model Edge Enlargement
---------------------------------
Added 0 new core species
Created 4 new edge species
    [C]=CC(166)
    C#CC(167)
    [CH]=[C]C(168)
    C=[C]C(169)
Added 0 new core reactions
Created 8 new edge reactions
    CH2(S)(2) + [CH]=C(14) <=> [CH]=CC(25)
    H(6) + [C]=CC(166) <=> [CH]=CC(25)
    H(6) + C#CC(167) <=> [CH]=CC(25)
    [CH3](4) + [CH]=[CH](21) <=> [CH]=CC(25)
    H(6) + [CH]C=C(66) <=> [CH]=CC(25)
    H(6) + [CH]=[C]C(168) <=> [CH]=CC(25)
    [CH]=CC(25) <=> C=[C]C(169)
    [CH]=CC(25) <=> [CH2]C=C(36)

After model enlargement:
    The model core has 26 species and 66 reactions
    The model edge has 146 species and 332 reactions


Saving current model core to Chemkin file...
Chemkin file contains 66 reactions.
Saving annotated version of Chemkin file...
Chemkin file contains 66 reactions.
Saving current model core and edge to Chemkin file...
Chemkin file contains 398 reactions.
Saving annotated version of Chemkin file...
Chemkin file contains 398 reactions.
Saving current model core to HTML file...
Saving current model edge to HTML file...
Updating RMG execution statistics...
    Execution time (DD:HH:MM:SS): 00:00:00:26
    Memory used: 901.02 MB

Making seed mechanism...
Conducting simulation of reaction system 1...
At time 8.7687e-04 s, reached target termination conversion: 0.900000 of ethane(1)
    ethane(1) conversion: 0.9005    


At time 8.7687e-04 s, reached target termination conversion: 0.900000 of ethane(1)
    ethane(1) conversion: 0.9005    

For reaction generation 1 process is used.

Summary of Secondary Model Edge Enlargement
---------------------------------
Added 0 new core species
Created 0 new edge species
Added 0 new core reactions
Created 0 new edge reactions

After model enlargement:
    The model core has 26 species and 66 reactions
    The model edge has 146 species and 332 reactions


Saving current model core to Chemkin file...
Chemkin file contains 66 reactions.
Saving annotated version of Chemkin file...
Chemkin file contains 66 reactions.
Saving current model core and edge to Chemkin file...
Chemkin file contains 398 reactions.
Saving annotated version of Chemkin file...
Chemkin file contains 398 reactions.
Saving current model core to HTML file...
Saving current model edge to HTML file...
Updating RMG execution statistics...
    Execution time (DD:HH:MM:SS): 00:00:00:27
    Memory used: 901.02 MB

Making seed mechanism...
Saving current model core to Chemkin file...
Chemkin file contains 66 reactions.
Saving annotated version of Chemkin file...
Chemkin file contains 66 reactions.
Saving current model core and edge to Chemkin file...
Chemkin file contains 398 reactions.
Saving annotated version of Chemkin file...
Chemkin file contains 398 reactions.
Saving current model core to HTML file...
Saving current model edge to HTML file...
Updating RMG execution statistics...
    Execution time (DD:HH:MM:SS): 00:00:00:27
    Memory used: 901.02 MB

Translating final chemkin file into Cantera yaml.
Performing final model checks...
No collision rate violators found in the model's core.

MODEL GENERATION COMPLETED

The final model core has 26 species and 66 reactions
The final model edge has 146 species and 332 reactions

RMG execution terminated at Tue Aug 25 12:47:49 2026
