============================= test session starts ==============================
collecting ... collected 333 items

test/rmgpy/molecule/atomtypeTest.py::TestAtomType::test_pickle PASSED
test/rmgpy/molecule/atomtypeTest.py::TestAtomType::test_output PASSED
test/rmgpy/molecule/atomtypeTest.py::TestAtomType::test_equivalent PASSED
test/rmgpy/molecule/atomtypeTest.py::TestAtomType::test_is_specfic_case_of PASSED
test/rmgpy/molecule/atomtypeTest.py::TestAtomType::test_set_actions PASSED
test/rmgpy/molecule/atomtypeTest.py::TestAtomType::test_make_sample_molecule PASSED
test/rmgpy/molecule/atomtypeTest.py::TestAtomType::test_make_sample_molecule_wip SKIPPED
test/rmgpy/molecule/atomtypeTest.py::TestAtomType::test_make_sample_molecule_right SKIPPED
test/rmgpy/molecule/atomtypeTest.py::TestGetAtomType::test_hydrogen_type PASSED
test/rmgpy/molecule/atomtypeTest.py::TestGetAtomType::test_hydride_type PASSED
test/rmgpy/molecule/atomtypeTest.py::TestGetAtomType::test_hydride_survives_update PASSED
test/rmgpy/molecule/atomtypeTest.py::TestGetAtomType::test_carbon_types PASSED
test/rmgpy/molecule/atomtypeTest.py::TestGetAtomType::test_nitrogen_types PASSED
test/rmgpy/molecule/atomtypeTest.py::TestGetAtomType::test_oxygen_types PASSED
test/rmgpy/molecule/atomtypeTest.py::TestGetAtomType::test_silicon_types PASSED
test/rmgpy/molecule/atomtypeTest.py::TestGetAtomType::test_phosphorus_types PASSED
test/rmgpy/molecule/atomtypeTest.py::TestGetAtomType::test_sulfur_types PASSED
test/rmgpy/molecule/atomtypeTest.py::TestGetAtomType::test_chlorine_types PASSED
test/rmgpy/molecule/atomtypeTest.py::TestGetAtomType::test_bromine_types PASSED
test/rmgpy/molecule/atomtypeTest.py::TestGetAtomType::test_iodine_types PASSED
test/rmgpy/molecule/atomtypeTest.py::TestGetAtomType::test_fluorine_types PASSED
test/rmgpy/molecule/atomtypeTest.py::TestGetAtomType::test_sf6_anion_types PASSED
test/rmgpy/molecule/atomtypeTest.py::TestGetAtomType::test_lithium_types PASSED
test/rmgpy/molecule/atomtypeTest.py::TestGetAtomType::test_other_types PASSED
test/rmgpy/molecule/atomtypeTest.py::TestGetAtomType::test_occupied_surface_atom_type PASSED
test/rmgpy/molecule/atomtypeTest.py::TestGetAtomType::test_vacant_surface_site_atom_type PASSED
test/rmgpy/molecule/atomtypeTest.py::TestGetAtomType::test_electron PASSED
test/rmgpy/molecule/atomtypeTest.py::TestGetAtomType::test_proton PASSED
test/rmgpy/molecule/atomtypeTest.py::TestAnionRecipes::test_hydride_from_recipe PASSED
test/rmgpy/molecule/atomtypeTest.py::TestAnionRecipes::test_chloride_from_recipe PASSED
test/rmgpy/molecule/atomtypeTest.py::TestAnionRecipes::test_bromide_from_recipe PASSED
test/rmgpy/molecule/atomtypeTest.py::TestGenericLonePairActions::test_generic_lone_pair_actions_are_wired PASSED
test/rmgpy/molecule/atomtypeTest.py::TestGenericLonePairActions::test_gain_pair_on_generic_root_group PASSED
test/rmgpy/molecule/atomtypeTest.py::TestGenericLonePairActions::test_gain_pair_on_halogen_radical_yields_anion PASSED
test/rmgpy/molecule/atomtypeTest.py::TestChargeClassParents::test_parents_are_reachable_as_group_labels PASSED
test/rmgpy/molecule/atomtypeTest.py::TestChargeClassParents::test_parents_do_not_shadow_their_leaves PASSED
test/rmgpy/molecule/atomtypeTest.py::TestChargeClassParents::test_parents_admit_no_octet_violation PASSED
test/rmgpy/molecule/atomtypeTest.py::TestActionGraphClosure::test_no_new_action_graph_asymmetry PASSED
test/rmgpy/molecule/atomtypeTest.py::TestActionGraphClosure::test_known_preexisting_still_present PASSED
test/rmgpy/molecule/atomtypeTest.py::TestActionGraphClosure::test_argon_and_alkali_families_close_both_ways PASSED
test/rmgpy/molecule/atomtypeTest.py::TestNoDuplicateAtomTypeDefinitions::test_each_atomtype_label_defined_once PASSED
test/rmgpy/molecule/atomtypeTest.py::TestArgonSingleBondNarrowing::test_ar0s_admits_only_the_bonded_case PASSED
test/rmgpy/molecule/atomtypeTest.py::TestArgonSingleBondNarrowing::test_ar2_cation_types_as_ar0s_and_ar_plus PASSED
test/rmgpy/molecule/atomtypeTest.py::TestArgonSingleBondNarrowing::test_bond_free_triplet_argon_types_as_ar0e_not_ar0s PASSED
test/rmgpy/molecule/atomtypeTest.py::TestArgonSingleBondNarrowing::test_bond_free_neutral_argon_still_belongs_to_ar0 PASSED
test/rmgpy/molecule/atomtypeTest.py::TestArgonSingleBondNarrowing::test_metastable_argon_no_longer_degrades_to_generic_R_when_typing_is_tolerant PASSED
test/rmgpy/molecule/atomtypeTest.py::TestMetastableArgonAtomType::test_declaration_is_the_bond_free_p3_neutral PASSED
test/rmgpy/molecule/atomtypeTest.py::TestMetastableArgonAtomType::test_metastable_argon_builds_as_a_molecule PASSED
test/rmgpy/molecule/atomtypeTest.py::TestMetastableArgonAtomType::test_metastable_argon_builds_as_a_species PASSED
test/rmgpy/molecule/atomtypeTest.py::TestMetastableArgonAtomType::test_tolerant_typing_yields_ar0e_and_not_the_wildcard PASSED
test/rmgpy/molecule/atomtypeTest.py::TestMetastableArgonAtomType::test_untypeable_argon_still_degrades_to_the_wildcard PASSED
test/rmgpy/molecule/atomtypeTest.py::TestMetastableArgonAtomType::test_no_two_argon_types_can_match_one_atom PASSED
test/rmgpy/molecule/atomtypeTest.py::TestMetastableArgonAtomType::test_each_realizable_argon_atom_types_specifically PASSED
test/rmgpy/molecule/atomtypeTest.py::TestMetastableArgonAtomType::test_only_u2_is_constructible_at_p3_c0 PASSED
test/rmgpy/molecule/atomtypeTest.py::TestMetastableArgonAtomType::test_perception_admits_unrealizable_u_states PASSED
test/rmgpy/molecule/atomtypeTest.py::TestMetastableArgonAtomType::test_ar0e_declares_no_action_edges PASSED
test/rmgpy/molecule/atomtypeTest.py::TestMetastableArgonAtomType::test_ar0e_is_linked_into_the_type_hierarchy_both_ways PASSED
test/rmgpy/molecule/atomtypeTest.py::TestMetastableArgonAtomType::test_ar0e_is_usable_as_a_group_adjacency_list_label PASSED
test/rmgpy/molecule/moleculeTest.py::TestAtom::test_mass PASSED
test/rmgpy/molecule/moleculeTest.py::TestAtom::test_number PASSED
test/rmgpy/molecule/moleculeTest.py::TestAtom::test_symbol PASSED
test/rmgpy/molecule/moleculeTest.py::TestAtom::test_equality PASSED
test/rmgpy/molecule/moleculeTest.py::TestAtom::test_less_than PASSED
test/rmgpy/molecule/moleculeTest.py::TestAtom::test_greater_than PASSED
test/rmgpy/molecule/moleculeTest.py::TestAtom::test_hash PASSED
test/rmgpy/molecule/moleculeTest.py::TestAtom::test_is_hydrogen PASSED
test/rmgpy/molecule/moleculeTest.py::TestAtom::test_is_proton PASSED
test/rmgpy/molecule/moleculeTest.py::TestAtom::test_is_electron PASSED
test/rmgpy/molecule/moleculeTest.py::TestAtom::test_is_non_hydrogen PASSED
test/rmgpy/molecule/moleculeTest.py::TestAtom::test_is_halogen PASSED
test/rmgpy/molecule/moleculeTest.py::TestAtom::test_is_carbon PASSED
test/rmgpy/molecule/moleculeTest.py::TestAtom::test_is_silicon PASSED
test/rmgpy/molecule/moleculeTest.py::TestAtom::test_is_oxygen PASSED
test/rmgpy/molecule/moleculeTest.py::TestAtom::test_is_nitrogen PASSED
test/rmgpy/molecule/moleculeTest.py::TestAtom::test_is_phosphorus PASSED
test/rmgpy/molecule/moleculeTest.py::TestAtom::test_is_sulfur PASSED
test/rmgpy/molecule/moleculeTest.py::TestAtom::test_is_fluorine PASSED
test/rmgpy/molecule/moleculeTest.py::TestAtom::test_is_chlorine PASSED
test/rmgpy/molecule/moleculeTest.py::TestAtom::test_is_bromine PASSED
test/rmgpy/molecule/moleculeTest.py::TestAtom::test_is_iodine PASSED
test/rmgpy/molecule/moleculeTest.py::TestAtom::test_is_nos PASSED
test/rmgpy/molecule/moleculeTest.py::TestAtom::test_is_surface_site PASSED
test/rmgpy/molecule/moleculeTest.py::TestAtom::test_is_bonded_to_surface PASSED
test/rmgpy/molecule/moleculeTest.py::TestAtom::test_is_bonded_to_halogen PASSED
test/rmgpy/molecule/moleculeTest.py::TestAtom::test_increment_radical PASSED
test/rmgpy/molecule/moleculeTest.py::TestAtom::test_decrement_radical PASSED
test/rmgpy/molecule/moleculeTest.py::TestAtom::test_apply_action_break_bond PASSED
test/rmgpy/molecule/moleculeTest.py::TestAtom::test_apply_action_form_bond PASSED
test/rmgpy/molecule/moleculeTest.py::TestAtom::test_apply_action_increment_bond PASSED
test/rmgpy/molecule/moleculeTest.py::TestAtom::test_apply_action_decrement_bond PASSED
test/rmgpy/molecule/moleculeTest.py::TestAtom::test_apply_action_gain_radical PASSED
test/rmgpy/molecule/moleculeTest.py::TestAtom::test_apply_action_lose_radical PASSED
test/rmgpy/molecule/moleculeTest.py::TestAtom::test_apply_action_gain_charge PASSED
test/rmgpy/molecule/moleculeTest.py::TestAtom::test_apply_action_lose_charge PASSED
test/rmgpy/molecule/moleculeTest.py::TestAtom::test_equivalent PASSED
test/rmgpy/molecule/moleculeTest.py::TestAtom::test_is_specific_case_of PASSED
test/rmgpy/molecule/moleculeTest.py::TestAtom::test_copy PASSED
test/rmgpy/molecule/moleculeTest.py::TestAtom::test_pickle PASSED
test/rmgpy/molecule/moleculeTest.py::TestAtom::test_isotope_equivalent PASSED
test/rmgpy/molecule/moleculeTest.py::TestAtom::test_get_bond_orders_for_atom PASSED
test/rmgpy/molecule/moleculeTest.py::TestBond::test_equality PASSED
test/rmgpy/molecule/moleculeTest.py::TestBond::test_less_than PASSED
test/rmgpy/molecule/moleculeTest.py::TestBond::test_greater_than PASSED
test/rmgpy/molecule/moleculeTest.py::TestBond::test_hash PASSED
test/rmgpy/molecule/moleculeTest.py::TestBond::test_get_order_str PASSED
test/rmgpy/molecule/moleculeTest.py::TestBond::test_set_order_str PASSED
test/rmgpy/molecule/moleculeTest.py::TestBond::test_get_order_num PASSED
test/rmgpy/molecule/moleculeTest.py::TestBond::test_set_order_num PASSED
test/rmgpy/molecule/moleculeTest.py::TestBond::test_is_order PASSED
test/rmgpy/molecule/moleculeTest.py::TestBond::test_is_single PASSED
test/rmgpy/molecule/moleculeTest.py::TestBond::test_is_single_can_take_floating_point_addition PASSED
test/rmgpy/molecule/moleculeTest.py::TestBond::test_is_double PASSED
test/rmgpy/molecule/moleculeTest.py::TestBond::test_is_triple PASSED
test/rmgpy/molecule/moleculeTest.py::TestBond::test_is_benzene PASSED
test/rmgpy/molecule/moleculeTest.py::TestBond::test_is_quadruple PASSED
test/rmgpy/molecule/moleculeTest.py::TestBond::test_increment_order PASSED
test/rmgpy/molecule/moleculeTest.py::TestBond::test_decrement_order PASSED
test/rmgpy/molecule/moleculeTest.py::TestBond::test_apply_action_break_bond PASSED
test/rmgpy/molecule/moleculeTest.py::TestBond::test_apply_action_form_bond PASSED
test/rmgpy/molecule/moleculeTest.py::TestBond::test_apply_action_increment_bond PASSED
test/rmgpy/molecule/moleculeTest.py::TestBond::test_apply_action_decrement_bond PASSED
test/rmgpy/molecule/moleculeTest.py::TestBond::test_apply_action_gain_radical PASSED
test/rmgpy/molecule/moleculeTest.py::TestBond::test_apply_action_lose_radical PASSED
test/rmgpy/molecule/moleculeTest.py::TestBond::test_equivalent PASSED
test/rmgpy/molecule/moleculeTest.py::TestBond::test_is_specific_case_of PASSED
test/rmgpy/molecule/moleculeTest.py::TestBond::test_copy PASSED
test/rmgpy/molecule/moleculeTest.py::TestBond::test_pickle PASSED
test/rmgpy/molecule/moleculeTest.py::TestBond::test_update_lone_pairs PASSED
test/rmgpy/molecule/moleculeTest.py::TestBond::test_get_bond_string PASSED
test/rmgpy/molecule/moleculeTest.py::TestMolecule::test_is_proton PASSED
test/rmgpy/molecule/moleculeTest.py::TestMolecule::test_is_electron PASSED
test/rmgpy/molecule/moleculeTest.py::TestMolecule::test_equality PASSED
test/rmgpy/molecule/moleculeTest.py::TestMolecule::test_less_than PASSED
test/rmgpy/molecule/moleculeTest.py::TestMolecule::test_greater_than PASSED
test/rmgpy/molecule/moleculeTest.py::TestMolecule::test_hash PASSED
test/rmgpy/molecule/moleculeTest.py::TestMolecule::test_clear_labeled_atoms PASSED
test/rmgpy/molecule/moleculeTest.py::TestMolecule::test_contains_labeled_atom PASSED
test/rmgpy/molecule/moleculeTest.py::TestMolecule::test_get_labeled_atom PASSED
test/rmgpy/molecule/moleculeTest.py::TestMolecule::test_get_labeled_atoms PASSED
test/rmgpy/molecule/moleculeTest.py::TestMolecule::test_get_formula PASSED
test/rmgpy/molecule/moleculeTest.py::TestMolecule::test_radical_count PASSED
test/rmgpy/molecule/moleculeTest.py::TestMolecule::test_get_molecular_weight PASSED
test/rmgpy/molecule/moleculeTest.py::TestMolecule::test_from_adjacency_list PASSED
test/rmgpy/molecule/moleculeTest.py::TestMolecule::test_to_adjacency_list PASSED
test/rmgpy/molecule/moleculeTest.py::TestMolecule::test_isomorphism PASSED
test/rmgpy/molecule/moleculeTest.py::TestMolecule::test_subgraph_isomorphism PASSED
test/rmgpy/molecule/moleculeTest.py::TestMolecule::test_subgraph_isomorphism_again PASSED
test/rmgpy/molecule/moleculeTest.py::TestMolecule::test_subgraph_isomorphism_many_labels PASSED
test/rmgpy/molecule/moleculeTest.py::TestMolecule::test_subgraph_isomorphism_rings PASSED
test/rmgpy/molecule/moleculeTest.py::TestMolecule::test_lax_isomorphism PASSED
test/rmgpy/molecule/moleculeTest.py::TestMolecule::test_adjacency_list PASSED
test/rmgpy/molecule/moleculeTest.py::TestMolecule::test_generate_h_bonded_structures PASSED
test/rmgpy/molecule/moleculeTest.py::TestMolecule::test_remove_h_bonds PASSED
test/rmgpy/molecule/moleculeTest.py::TestMolecule::test_sssr PASSED
test/rmgpy/molecule/moleculeTest.py::TestMolecule::test_is_in_cycle_ethane PASSED
test/rmgpy/molecule/moleculeTest.py::TestMolecule::test_is_in_cycle_cyclohexane PASSED
test/rmgpy/molecule/moleculeTest.py::TestMolecule::test_from_smiles_h PASSED
test/rmgpy/molecule/moleculeTest.py::TestMolecule::test_from_inchi_h PASSED
test/rmgpy/molecule/moleculeTest.py::TestMolecule::test_pickle PASSED
test/rmgpy/molecule/moleculeTest.py::TestMolecule::test_radical_ch PASSED
test/rmgpy/molecule/moleculeTest.py::TestMolecule::test_radical_ch2 PASSED
test/rmgpy/molecule/moleculeTest.py::TestMolecule::test_radical_ch2ch2ch2 PASSED
test/rmgpy/molecule/moleculeTest.py::TestMolecule::test_singlet_carbene PASSED
test/rmgpy/molecule/moleculeTest.py::TestMolecule::test_triplet_carbene PASSED
test/rmgpy/molecule/moleculeTest.py::TestMolecule::test_singlet_carbon PASSED
test/rmgpy/molecule/moleculeTest.py::TestMolecule::test_smiles PASSED
test/rmgpy/molecule/moleculeTest.py::TestMolecule::test_kekule_to_smiles PASSED
test/rmgpy/molecule/moleculeTest.py::TestMolecule::test_kekule_round_trip_smiles PASSED
test/rmgpy/molecule/moleculeTest.py::TestMolecule::test_inchi_key PASSED
test/rmgpy/molecule/moleculeTest.py::TestMolecule::test_augmented_inchi PASSED
test/rmgpy/molecule/moleculeTest.py::TestMolecule::test_augmented_inchi_key PASSED
test/rmgpy/molecule/moleculeTest.py::TestMolecule::test_linear_methane PASSED
test/rmgpy/molecule/moleculeTest.py::TestMolecule::test_linear_ethane PASSED
test/rmgpy/molecule/moleculeTest.py::TestMolecule::test_linear_propane PASSED
test/rmgpy/molecule/moleculeTest.py::TestMolecule::test_linear_neopentane PASSED
test/rmgpy/molecule/moleculeTest.py::TestMolecule::test_linear_hydrogen PASSED
test/rmgpy/molecule/moleculeTest.py::TestMolecule::test_linear_oxygen PASSED
test/rmgpy/molecule/moleculeTest.py::TestMolecule::test_linear_carbon_dioxide PASSED
test/rmgpy/molecule/moleculeTest.py::TestMolecule::test_linear_acetylene PASSED
test/rmgpy/molecule/moleculeTest.py::TestMolecule::test_linear135_hexatriyne PASSED
test/rmgpy/molecule/moleculeTest.py::TestMolecule::test_aromatic_benzene PASSED
test/rmgpy/molecule/moleculeTest.py::TestMolecule::test_aromatic_naphthalene PASSED
test/rmgpy/molecule/moleculeTest.py::TestMolecule::test_aromatic_cyclohexane PASSED
test/rmgpy/molecule/moleculeTest.py::TestMolecule::test_heterocyclic_cyclohexanol PASSED
test/rmgpy/molecule/moleculeTest.py::TestMolecule::test_heterocyclic_furan PASSED
test/rmgpy/molecule/moleculeTest.py::TestMolecule::test_heterocyclic_pyridine PASSED
test/rmgpy/molecule/moleculeTest.py::TestMolecule::test_count_internal_rotors_ethane PASSED
test/rmgpy/molecule/moleculeTest.py::TestMolecule::test_count_internal_rotors_propane PASSED
test/rmgpy/molecule/moleculeTest.py::TestMolecule::test_count_internal_rotors_neopentane PASSED
test/rmgpy/molecule/moleculeTest.py::TestMolecule::test_count_internal_rotors_methyl_cyclohexane PASSED
test/rmgpy/molecule/moleculeTest.py::TestMolecule::test_count_internal_rotors_ethylene PASSED
test/rmgpy/molecule/moleculeTest.py::TestMolecule::test_count_internal_rotors_acetylene PASSED
test/rmgpy/molecule/moleculeTest.py::TestMolecule::test_carbene_identifiers PASSED
test/rmgpy/molecule/moleculeTest.py::TestMolecule::test_get_symmetry_number PASSED
test/rmgpy/molecule/moleculeTest.py::TestMolecule::test_molecule_props PASSED
test/rmgpy/molecule/moleculeTest.py::TestMolecule::test_molecule_props_object_attribute PASSED
test/rmgpy/molecule/moleculeTest.py::TestMolecule::test_count_internal_rotors_dimethyl_acetylene SKIPPED
test/rmgpy/molecule/moleculeTest.py::TestMolecule::test_saturate_aromatic_radical PASSED
test/rmgpy/molecule/moleculeTest.py::TestMolecule::test_replace_halogen_with_hydrogen PASSED
test/rmgpy/molecule/moleculeTest.py::TestMolecule::test_surface_molecules PASSED
test/rmgpy/molecule/moleculeTest.py::TestMolecule::test_get_num_heavy_atoms PASSED
test/rmgpy/molecule/moleculeTest.py::TestMolecule::test_is_multidentate PASSED
test/rmgpy/molecule/moleculeTest.py::TestMolecule::test_malformed_augmented_inchi PASSED
test/rmgpy/molecule/moleculeTest.py::TestMolecule::test_malformed_augmented_inchi_wrong_inchi_layer PASSED
test/rmgpy/molecule/moleculeTest.py::TestMolecule::test_malformed_augmented_inchi_wrong_mult PASSED
test/rmgpy/molecule/moleculeTest.py::TestMolecule::test_malformed_augmented_inchi_wrong_indices PASSED
test/rmgpy/molecule/moleculeTest.py::TestMolecule::test_update_lone_pairs PASSED
test/rmgpy/molecule/moleculeTest.py::TestMolecule::test_large_mol_update PASSED
test/rmgpy/molecule/moleculeTest.py::TestMolecule::test_large_mol_creation PASSED
test/rmgpy/molecule/moleculeTest.py::TestMolecule::test_get_polycyclic_rings PASSED
test/rmgpy/molecule/moleculeTest.py::TestMolecule::test_get_polycyclic_rings_common_molecules PASSED
test/rmgpy/molecule/moleculeTest.py::TestMolecule::test_get_monocyclic_rings PASSED
test/rmgpy/molecule/moleculeTest.py::TestMolecule::test_get_disparate_rings PASSED
test/rmgpy/molecule/moleculeTest.py::TestMolecule::test_get_smallest_set_of_smallest_rings PASSED
test/rmgpy/molecule/moleculeTest.py::TestMolecule::test_to_group PASSED
test/rmgpy/molecule/moleculeTest.py::TestMolecule::test_to_adjacency_list_with_isotopes PASSED
test/rmgpy/molecule/moleculeTest.py::TestMolecule::test_from_adjacency_list_with_isotopes PASSED
test/rmgpy/molecule/moleculeTest.py::TestMolecule::test_aromaticity_perception_benzene PASSED
test/rmgpy/molecule/moleculeTest.py::TestMolecule::test_aromaticity_perception_tetralin PASSED
test/rmgpy/molecule/moleculeTest.py::TestMolecule::test_aromaticity_perception_biphenyl PASSED
test/rmgpy/molecule/moleculeTest.py::TestMolecule::test_aromaticity_perception_azulene PASSED
test/rmgpy/molecule/moleculeTest.py::TestMolecule::test_aromaticity_perception_furan PASSED
test/rmgpy/molecule/moleculeTest.py::TestMolecule::test_aromaticity_perception_benzonaphthalene PASSED
test/rmgpy/molecule/moleculeTest.py::TestMolecule::test_aromaticity_perception_save_order PASSED
test/rmgpy/molecule/moleculeTest.py::TestMolecule::test_aryl_radical_true PASSED
test/rmgpy/molecule/moleculeTest.py::TestMolecule::test_has_halogen PASSED
test/rmgpy/molecule/moleculeTest.py::TestMolecule::test_aryl_radical_false PASSED
test/rmgpy/molecule/moleculeTest.py::TestMolecule::test_aryl_radical_birad PASSED
test/rmgpy/molecule/moleculeTest.py::TestMolecule::test_identical_true PASSED
test/rmgpy/molecule/moleculeTest.py::TestMolecule::test_identical_true2 PASSED
test/rmgpy/molecule/moleculeTest.py::TestMolecule::test_identical_false PASSED
test/rmgpy/molecule/moleculeTest.py::TestMolecule::test_identical_false2 PASSED
test/rmgpy/molecule/moleculeTest.py::TestMolecule::test_atom_id_valid PASSED
test/rmgpy/molecule/moleculeTest.py::TestMolecule::test_atom_id_valid2 PASSED
test/rmgpy/molecule/moleculeTest.py::TestMolecule::test_atom_id_valid3 PASSED
test/rmgpy/molecule/moleculeTest.py::TestMolecule::test_assign_atom_id PASSED
test/rmgpy/molecule/moleculeTest.py::TestMolecule::test_fingerprint_property PASSED
test/rmgpy/molecule/moleculeTest.py::TestMolecule::test_fingerprint_property_more_elements PASSED
test/rmgpy/molecule/moleculeTest.py::TestMolecule::test_saturate_unfilled_valence PASSED
test/rmgpy/molecule/moleculeTest.py::TestMolecule::test_get_element_count PASSED
test/rmgpy/molecule/moleculeTest.py::TestMolecule::test_ring_perception PASSED
test/rmgpy/molecule/moleculeTest.py::TestMolecule::test_enumerate_bonds PASSED
test/rmgpy/molecule/moleculeTest.py::TestMolecule::test_count_aromatic_rings PASSED
test/rmgpy/molecule/moleculeTest.py::TestMolecule::test_remove_van_der_waals_bond PASSED
test/rmgpy/molecule/moleculeTest.py::TestMolecule::test_remove_van_der_waals_bonds_bidentate PASSED
test/rmgpy/molecule/moleculeTest.py::TestMolecule::test_has_covalent_surface_bond PASSED
test/rmgpy/molecule/moleculeTest.py::TestMolecule::test_has_vdw_surface_bond PASSED
test/rmgpy/molecule/moleculeTest.py::TestMolecule::test_get_relevant_cycles PASSED
test/rmgpy/molecule/moleculeTest.py::TestMolecule::test_cycle_list_order_sssr PASSED
test/rmgpy/molecule/moleculeTest.py::TestMolecule::test_get_max_cycle_overlap PASSED
test/rmgpy/molecule/moleculeTest.py::TestMolecule::test_get_all_polycyclic_vertices PASSED
test/rmgpy/molecule/moleculeTest.py::TestMolecule::test_get_largest_ring PASSED
test/rmgpy/molecule/moleculeTest.py::TestMolecule::test_get_ring_count_in_largest_fused_ring_system PASSED
test/rmgpy/molecule/groupTest.py::TestGroupAtom::test_apply_action_break_bond PASSED
test/rmgpy/molecule/groupTest.py::TestGroupAtom::test_apply_action_form_bond PASSED
test/rmgpy/molecule/groupTest.py::TestGroupAtom::test_apply_action_increment_bond PASSED
test/rmgpy/molecule/groupTest.py::TestGroupAtom::test_apply_action_decrement_bond PASSED
test/rmgpy/molecule/groupTest.py::TestGroupAtom::test_apply_action_gain_radical PASSED
test/rmgpy/molecule/groupTest.py::TestGroupAtom::test_apply_action_lose_radical PASSED
test/rmgpy/molecule/groupTest.py::TestGroupAtom::test_apply_action_gain_charge PASSED
test/rmgpy/molecule/groupTest.py::TestGroupAtom::test_apply_action_lose_charge PASSED
test/rmgpy/molecule/groupTest.py::TestGroupAtom::test_apply_action_gain_pair PASSED
test/rmgpy/molecule/groupTest.py::TestGroupAtom::test_is_electron PASSED
test/rmgpy/molecule/groupTest.py::TestGroupAtom::test_is_proton PASSED
test/rmgpy/molecule/groupTest.py::TestGroupAtom::test_apply_action_lose_pair PASSED
test/rmgpy/molecule/groupTest.py::TestGroupAtom::test_equivalent PASSED
test/rmgpy/molecule/groupTest.py::TestGroupAtom::test_is_specific_case_of PASSED
test/rmgpy/molecule/groupTest.py::TestGroupAtom::test_copy PASSED
test/rmgpy/molecule/groupTest.py::TestGroupAtom::test_pickle PASSED
test/rmgpy/molecule/groupTest.py::TestGroupAtom::test_count_bonds PASSED
test/rmgpy/molecule/groupTest.py::TestGroupAtom::test_has_wildcards PASSED
test/rmgpy/molecule/groupTest.py::TestGroupAtom::test_make_sample_atom PASSED
test/rmgpy/molecule/groupTest.py::TestGroupBond::test_get_order_str PASSED
test/rmgpy/molecule/groupTest.py::TestGroupBond::test_apply_action_gain_charge PASSED
test/rmgpy/molecule/groupTest.py::TestGroupBond::test_apply_action_lose_charge PASSED
test/rmgpy/molecule/groupTest.py::TestGroupBond::test_set_order_str PASSED
test/rmgpy/molecule/groupTest.py::TestGroupBond::test_get_order_num PASSED
test/rmgpy/molecule/groupTest.py::TestGroupBond::test_set_order_num PASSED
test/rmgpy/molecule/groupTest.py::TestGroupBond::test_is_single PASSED
test/rmgpy/molecule/groupTest.py::TestGroupBond::test_is_double PASSED
test/rmgpy/molecule/groupTest.py::TestGroupBond::test_is_triple PASSED
test/rmgpy/molecule/groupTest.py::TestGroupBond::test_is_benzene PASSED
test/rmgpy/molecule/groupTest.py::TestGroupBond::test_apply_action_break_bond PASSED
test/rmgpy/molecule/groupTest.py::TestGroupBond::test_apply_action_form_bond PASSED
test/rmgpy/molecule/groupTest.py::TestGroupBond::test_apply_action_increment_bond PASSED
test/rmgpy/molecule/groupTest.py::TestGroupBond::test_apply_action_decrement_bond PASSED
test/rmgpy/molecule/groupTest.py::TestGroupBond::test_apply_action_gain_radical PASSED
test/rmgpy/molecule/groupTest.py::TestGroupBond::test_apply_action_lose_radical PASSED
test/rmgpy/molecule/groupTest.py::TestGroupBond::test_equivalent PASSED
test/rmgpy/molecule/groupTest.py::TestGroupBond::test_is_specific_case_of PASSED
test/rmgpy/molecule/groupTest.py::TestGroupBond::test_copy PASSED
test/rmgpy/molecule/groupTest.py::TestGroupBond::test_pickle PASSED
test/rmgpy/molecule/groupTest.py::TestGroup::test_clear_labeled_atoms PASSED
test/rmgpy/molecule/groupTest.py::TestGroup::test_contains_labeled_atom PASSED
test/rmgpy/molecule/groupTest.py::TestGroup::test_contains_surface_site PASSED
test/rmgpy/molecule/groupTest.py::TestGroup::test_is_surface_site PASSED
test/rmgpy/molecule/groupTest.py::TestGroup::test_is_electron PASSED
test/rmgpy/molecule/groupTest.py::TestGroup::test_is_proton PASSED
test/rmgpy/molecule/groupTest.py::TestGroup::test_get_labeled_atom PASSED
test/rmgpy/molecule/groupTest.py::TestGroup::test_get_labeled_atoms PASSED
test/rmgpy/molecule/groupTest.py::TestGroup::test_from_adjacency_list PASSED
test/rmgpy/molecule/groupTest.py::TestGroup::test_to_adjacency_list PASSED
test/rmgpy/molecule/groupTest.py::TestGroup::test_is_isomorphic PASSED
test/rmgpy/molecule/groupTest.py::TestGroup::test_find_isomorphism PASSED
test/rmgpy/molecule/groupTest.py::TestGroup::test_is_subgraph_isomorphic PASSED
test/rmgpy/molecule/groupTest.py::TestGroup::test_find_subgraph_isomorphisms PASSED
test/rmgpy/molecule/groupTest.py::TestGroup::test_generate_extensions PASSED
test/rmgpy/molecule/groupTest.py::TestGroup::test_generated_extensions_subgraphs PASSED
test/rmgpy/molecule/groupTest.py::TestGroup::test_pickle PASSED
test/rmgpy/molecule/groupTest.py::TestGroup::test_create_and_connect_atom PASSED
test/rmgpy/molecule/groupTest.py::TestGroup::test_add_implicit_atoms_from_atom_type PASSED
test/rmgpy/molecule/groupTest.py::TestGroup::test_classify_benzene_carbons PASSED
test/rmgpy/molecule/groupTest.py::TestGroup::test_sort_by_connectivity PASSED
test/rmgpy/molecule/groupTest.py::TestGroup::test_add_implicit_benzene PASSED
test/rmgpy/molecule/groupTest.py::TestGroup::test_pick_wildcards PASSED
test/rmgpy/molecule/groupTest.py::TestGroup::test_make_sample_molecule PASSED
test/rmgpy/molecule/groupTest.py::TestGroup::test_is_benzene_explicit PASSED
test/rmgpy/molecule/groupTest.py::TestGroup::test_repr_png PASSED
test/rmgpy/molecule/groupTest.py::TestGroup::test_draw_group PASSED
test/rmgpy/molecule/groupTest.py::TestGroup::test_merge_groups PASSED
test/rmgpy/molecule/groupTest.py::TestGroup::test_get_element_count PASSED
test/rmgpy/molecule/groupTest.py::TestGroup::test_is_reaction_bond PASSED
test/rmgpy/molecule/atomtypeSevenTest.py::test_kept_argon_makes_correct_sample_atom[Ar0] PASSED
test/rmgpy/molecule/atomtypeSevenTest.py::test_kept_argon_makes_correct_sample_atom[Ar+] PASSED
test/rmgpy/molecule/atomtypeSevenTest.py::test_kept_argon_makes_correct_sample_atom[Ar++] PASSED
test/rmgpy/molecule/atomtypeSevenTest.py::test_dropped_types_are_absent[Li-] PASSED
test/rmgpy/molecule/atomtypeSevenTest.py::test_dropped_types_are_absent[Na-] PASSED
test/rmgpy/molecule/atomtypeSevenTest.py::test_dropped_types_are_absent[K-] PASSED
test/rmgpy/molecule/atomtypeSevenTest.py::test_dropped_types_are_absent[N3dc] PASSED
test/rmgpy/molecule/atomtypeSevenTest.py::test_concrete_argon_species_type_specifically[1 Ar u0 p4 c0-Ar0] PASSED
test/rmgpy/molecule/atomtypeSevenTest.py::test_concrete_argon_species_type_specifically[1 Ar u1 p3 c+1-Ar+] PASSED
test/rmgpy/molecule/atomtypeSevenTest.py::test_generic_argon_group_matches_specific_argon_atom PASSED
test/rmgpy/molecule/atomtypeSevenTest.py::test_argon_action_graph_closes_both_ways PASSED

======================== 330 passed, 3 skipped in 6.38s ========================
