[15:51:17] WARNING: Proton(s) added/removed

[15:51:19] WARNING: Proton(s) added/removed

[15:51:19] WARNING: Proton(s) added/removed

[15:51:19] WARNING: Proton(s) added/removed

[15:51:20] WARNING: Proton(s) added/removed

[15:51:21] WARNING: Proton(s) added/removed

[15:51:22] WARNING: Proton(s) added/removed

[15:51:22] WARNING: Proton(s) added/removed

[15:51:23] WARNING: Proton(s) added/removed

[15:51:35] WARNING: Proton(s) added/removed

[15:51:36] WARNING: Proton(s) added/removed

[15:51:36] WARNING: Proton(s) added/removed

[15:51:36] WARNING: Proton(s) added/removed

[15:51:38] WARNING: Proton(s) added/removed

[15:51:38] WARNING: Proton(s) added/removed

[15:51:39] WARNING: Proton(s) added/removed

[15:51:39] WARNING: Proton(s) added/removed

[15:51:41] WARNING: Proton(s) added/removed

[15:51:49] WARNING: Proton(s) added/removed

[15:51:50] WARNING: Proton(s) added/removed

[15:51:51] WARNING: Proton(s) added/removed

[15:51:51] WARNING: Proton(s) added/removed

[15:51:52] WARNING: Proton(s) added/removed

[15:51:53] WARNING: Proton(s) added/removed

[15:51:53] WARNING: Proton(s) added/removed

[15:51:53] WARNING: Proton(s) added/removed

[15:51:55] WARNING: Proton(s) added/removed

[15:52:13] WARNING: Proton(s) added/removed

[15:52:14] WARNING: Proton(s) added/removed

[15:52:14] WARNING: Proton(s) added/removed

[15:52:15] WARNING: Proton(s) added/removed

[15:52:16] WARNING: Proton(s) added/removed

[15:52:16] WARNING: Proton(s) added/removed

[15:52:17] WARNING: Proton(s) added/removed

[15:52:17] WARNING: Proton(s) added/removed

[15:52:19] WARNING: Proton(s) added/removed

[15:52:39] SMILES Parse Error: syntax error while parsing: 
[15:52:39] SMILES Parse Error: check for mistakes around position 1:
[15:52:39] 
[15:52:39] ^
[15:52:39] SMILES Parse Error: Failed parsing SMILES '
' for input: '
'
==============================
*** Open Babel Error  in ParseSimple
  SMILES string contains a character 'r' which is invalid
[15:52:39] SMILES Parse Error: syntax error while parsing: ring
[15:52:39] SMILES Parse Error: check for mistakes around position 1:
[15:52:39] ring
[15:52:39] ^
[15:52:39] SMILES Parse Error: Failed parsing SMILES 'ring' for input: 'ring'
[15:52:54] WARNING: Accepted unusual valence(s): C(3)

[15:52:54] WARNING: Accepted unusual valence(s): C(3)

[15:52:54] WARNING: Accepted unusual valence(s): C(2)

[15:52:54] WARNING: Accepted unusual valence(s): C(2)

[15:52:54] WARNING: Accepted unusual valence(s): C(3)

[15:52:54] WARNING: Accepted unusual valence(s): C(3)

[15:52:54] WARNING: Accepted unusual valence(s): C(3)

[15:52:54] WARNING: Accepted unusual valence(s): C(3)

[15:52:54] WARNING: Accepted unusual valence(s): C(2)

[15:52:54] WARNING: Accepted unusual valence(s): C(2)

[15:52:54] WARNING: Accepted unusual valence(s): C(2)

[15:52:54] WARNING: Accepted unusual valence(s): C(2)

==============================
*** Open Babel Error  in InChI code
  Reading InChI failed
[15:52:54] ERROR: 

[15:52:58] WARNING: Accepted unusual valence(s): C(3)

[15:52:58] WARNING: Accepted unusual valence(s): C(3)

[15:52:58] WARNING: Accepted unusual valence(s): C(3)

[15:52:58] WARNING: Accepted unusual valence(s): C(3)

[15:52:58] WARNING: Accepted unusual valence(s): C(3)

[15:52:58] WARNING: Accepted unusual valence(s): C(3)

[15:52:58] WARNING: Accepted unusual valence(s): C(3)

[15:52:58] WARNING: Accepted unusual valence(s): C(3)

[15:52:58] WARNING: Accepted unusual valence(s): C(3)

[15:52:58] WARNING: Accepted unusual valence(s): C(3)

[15:52:58] WARNING: Accepted unusual valence(s): C(3)

[15:52:58] WARNING: Accepted unusual valence(s): C(3)

[15:52:58] WARNING: Accepted unusual valence(s): C(3)

[15:52:58] WARNING: Accepted unusual valence(s): C(3)

[15:52:58] WARNING: Accepted unusual valence(s): C(3)

[15:52:58] WARNING: Accepted unusual valence(s): C(3)

[15:52:58] WARNING: Accepted unusual valence(s): C(3)

[15:52:58] WARNING: Accepted unusual valence(s): C(3)

[15:52:58] WARNING: Accepted unusual valence(s): C(3)

[15:52:58] WARNING: Accepted unusual valence(s): C(3)

[15:52:58] WARNING: Accepted unusual valence(s): C(3)

[15:52:58] WARNING: Accepted unusual valence(s): C(3)

[15:52:58] WARNING: Accepted unusual valence(s): C(3)

[15:52:58] WARNING: Accepted unusual valence(s): C(3)

[15:52:58] WARNING: Accepted unusual valence(s): C(3)

[15:52:58] WARNING: Accepted unusual valence(s): C(3)

[15:52:58] WARNING: Accepted unusual valence(s): C(3)

[15:52:58] WARNING: Accepted unusual valence(s): C(3)

[15:52:58] WARNING: Accepted unusual valence(s): C(3)

[15:52:58] WARNING: Accepted unusual valence(s): C(3)

[15:52:58] WARNING: Accepted unusual valence(s): C(3)

[15:52:58] WARNING: Accepted unusual valence(s): C(3)

[15:52:58] WARNING: Accepted unusual valence(s): C(3)

[15:52:58] WARNING: Accepted unusual valence(s): C(3)

[15:52:58] WARNING: Accepted unusual valence(s): C(3)

[15:52:58] WARNING: Accepted unusual valence(s): C(3)

[15:52:58] WARNING: Accepted unusual valence(s): C(3)

[15:52:58] WARNING: Accepted unusual valence(s): C(3)

[15:52:58] WARNING: Accepted unusual valence(s): C(3)

[15:52:58] WARNING: Accepted unusual valence(s): C(3)

[15:52:58] WARNING: Accepted unusual valence(s): C(3)

[15:52:58] WARNING: Accepted unusual valence(s): C(3)

[15:52:58] WARNING: Accepted unusual valence(s): C(3)

[15:52:58] WARNING: Accepted unusual valence(s): C(3)

[15:52:58] WARNING: Accepted unusual valence(s): C(3)

[15:52:58] WARNING: Accepted unusual valence(s): C(3)

[15:52:58] WARNING: Accepted unusual valence(s): C(3)

[15:52:58] WARNING: Accepted unusual valence(s): C(3)

[15:52:58] WARNING: Accepted unusual valence(s): C(3)

[15:52:58] WARNING: Accepted unusual valence(s): C(3)

[15:52:58] WARNING: Accepted unusual valence(s): C(3)

[15:52:58] WARNING: Accepted unusual valence(s): C(3)

[15:52:58] WARNING: Accepted unusual valence(s): C(3)

[15:52:58] WARNING: Accepted unusual valence(s): C(3)

[15:52:58] WARNING: Accepted unusual valence(s): C(3)

[15:52:58] WARNING: Accepted unusual valence(s): C(3)

[15:52:58] WARNING: Accepted unusual valence(s): C(3)

[15:52:58] WARNING: Accepted unusual valence(s): C(3)

[15:52:58] WARNING: Accepted unusual valence(s): C(3)

[15:52:58] WARNING: Accepted unusual valence(s): C(3)

[15:52:58] WARNING: not removing hydrogen atom without neighbors
[15:52:58] WARNING: Accepted unusual valence(s): C(3)

[15:52:58] WARNING: Accepted unusual valence(s): C(3)

[15:52:58] WARNING: Accepted unusual valence(s): C(3)

[15:52:58] WARNING: Accepted unusual valence(s): C(3)

[15:52:58] WARNING: Accepted unusual valence(s): C(3)

[15:52:58] WARNING: Accepted unusual valence(s): C(3)

[15:52:58] WARNING: Accepted unusual valence(s): C(3)

[15:52:58] WARNING: Accepted unusual valence(s): C(3)

[15:52:58] WARNING: Accepted unusual valence(s): C(3)

[15:52:58] WARNING: Accepted unusual valence(s): C(3)

[15:52:58] WARNING: Accepted unusual valence(s): C(3)

[15:52:58] WARNING: Accepted unusual valence(s): C(3)

[15:52:58] WARNING: Accepted unusual valence(s): C(3)

[15:52:58] WARNING: Accepted unusual valence(s): C(3)

[15:52:58] WARNING: Accepted unusual valence(s): C(3)

[15:52:58] WARNING: Accepted unusual valence(s): C(3)

[15:52:58] WARNING: Accepted unusual valence(s): O(1); C(3)

[15:52:58] WARNING: Accepted unusual valence(s): O(1); C(3)

[15:52:58] WARNING: Accepted unusual valence(s): C(3)

[15:52:58] WARNING: Accepted unusual valence(s): C(3)

[15:52:58] WARNING: Accepted unusual valence(s): C(3)

[15:52:58] WARNING: Accepted unusual valence(s): C(3)

[15:52:58] WARNING: Accepted unusual valence(s): O(1); C(3)

[15:52:58] WARNING: Accepted unusual valence(s): O(1); C(3)

[15:52:58] WARNING: Accepted unusual valence(s): C(3)

[15:52:58] WARNING: Accepted unusual valence(s): C(3)

[15:52:58] WARNING: Accepted unusual valence(s): O(1); C(3)

[15:52:58] WARNING: Accepted unusual valence(s): O(1); C(3)

[15:52:58] WARNING: Accepted unusual valence(s): O(1); C(3)

[15:52:58] WARNING: Accepted unusual valence(s): O(1); C(3)

[15:52:58] WARNING: Accepted unusual valence(s): C(3)

[15:52:58] WARNING: Accepted unusual valence(s): C(3)

[15:52:58] WARNING: Accepted unusual valence(s): C(3)

[15:52:58] WARNING: Accepted unusual valence(s): C(3)

[15:52:58] WARNING: Accepted unusual valence(s): C(3)

[15:52:58] WARNING: Accepted unusual valence(s): C(3)

[15:52:58] WARNING: Accepted unusual valence(s): C(3)

[15:52:58] WARNING: Accepted unusual valence(s): C(3)

[15:52:58] WARNING: Accepted unusual valence(s): C(3)

[15:52:58] WARNING: Accepted unusual valence(s): C(3)

[15:52:58] WARNING: Accepted unusual valence(s): C(3)

[15:52:58] WARNING: Accepted unusual valence(s): C(3)

[15:52:58] WARNING: Accepted unusual valence(s): C(3)

[15:52:58] WARNING: Accepted unusual valence(s): C(3)

[15:52:58] WARNING: Accepted unusual valence(s): C(3)

[15:52:58] WARNING: Accepted unusual valence(s): C(3)

[15:52:58] WARNING: Accepted unusual valence(s): C(3)

[15:52:58] WARNING: Accepted unusual valence(s): C(3)

[15:52:58] WARNING: Accepted unusual valence(s): C(3)

[15:52:58] WARNING: Accepted unusual valence(s): C(3)

[15:52:58] WARNING: Accepted unusual valence(s): C(3)

[15:52:58] WARNING: Accepted unusual valence(s): C(3)

[15:52:58] WARNING: Accepted unusual valence(s): C(2)

[15:52:58] WARNING: Accepted unusual valence(s): C(2)

[15:52:58] WARNING: Accepted unusual valence(s): C(2)

[15:52:58] WARNING: Accepted unusual valence(s): C(2)

[15:52:58] WARNING: Accepted unusual valence(s): C(2)

[15:52:58] WARNING: Accepted unusual valence(s): C(2)

[15:52:58] WARNING: Accepted unusual valence(s): C(3)

[15:52:58] WARNING: Accepted unusual valence(s): C(3)

[15:52:58] WARNING: Accepted unusual valence(s): C(3)

[15:52:58] WARNING: Accepted unusual valence(s): C(3)

[15:52:58] WARNING: Accepted unusual valence(s): C(3)

[15:52:58] WARNING: Accepted unusual valence(s): C(3)

[15:52:58] WARNING: Accepted unusual valence(s): C(3)

[15:52:58] WARNING: Accepted unusual valence(s): C(3)

[15:52:58] WARNING: Accepted unusual valence(s): C(3)

[15:52:58] WARNING: Accepted unusual valence(s): Pt(1); Metal was disconnected

[15:52:58] WARNING: not removing hydrogen atom without neighbors
[15:52:58] WARNING: not removing hydrogen atom without neighbors
[15:52:58] WARNING: not removing hydrogen atom without neighbors
[15:52:58] WARNING: not removing hydrogen atom without neighbors
[15:52:58] WARNING: not removing hydrogen atom without neighbors
[15:52:58] WARNING: Accepted unusual valence(s): C(3)

[15:52:58] WARNING: Accepted unusual valence(s): C(3)

[15:52:58] WARNING: Accepted unusual valence(s): C(3)

[15:52:58] WARNING: Accepted unusual valence(s): C(3)

[15:52:58] WARNING: Accepted unusual valence(s): C(3)

[15:52:58] WARNING: Accepted unusual valence(s): C(3)

[15:52:58] WARNING: Accepted unusual valence(s): C(3); C(2)

[15:52:58] WARNING: Accepted unusual valence(s): C(3); C(2)

[15:52:58] WARNING: Accepted unusual valence(s): C(3)

[15:52:58] WARNING: Accepted unusual valence(s): C(3)

[15:52:58] WARNING: Accepted unusual valence(s): O(1)

[15:52:58] WARNING: Accepted unusual valence(s): O(1)

[15:52:58] WARNING: Accepted unusual valence(s): C(3)

[15:52:58] WARNING: Accepted unusual valence(s): C(3)

[15:52:58] WARNING: Accepted unusual valence(s): C(3)

[15:52:58] WARNING: Accepted unusual valence(s): C(3)

[15:52:58] WARNING: Accepted unusual valence(s): O(1)

[15:52:58] WARNING: Accepted unusual valence(s): O(1)

[15:52:58] WARNING: Accepted unusual valence(s): C(3)

[15:52:58] WARNING: Accepted unusual valence(s): C(3)

[15:52:58] WARNING: Accepted unusual valence(s): C(3)

[15:52:58] WARNING: Accepted unusual valence(s): C(3)

[15:52:58] WARNING: Accepted unusual valence(s): C(3)

[15:52:58] WARNING: Accepted unusual valence(s): C(3)

[15:52:58] WARNING: Accepted unusual valence(s): C(3)

[15:52:58] WARNING: Accepted unusual valence(s): C(3)

[15:52:58] WARNING: Accepted unusual valence(s): C(3)

[15:52:58] WARNING: Accepted unusual valence(s): C(3)

[15:52:58] WARNING: Accepted unusual valence(s): O(1); C(3)

[15:52:58] WARNING: Accepted unusual valence(s): O(1); C(3)

[15:52:58] WARNING: Accepted unusual valence(s): O(1); C(3)

[15:52:58] WARNING: Accepted unusual valence(s): O(1); C(3)

[15:52:58] WARNING: Accepted unusual valence(s): C(3)

[15:52:58] WARNING: Accepted unusual valence(s): C(3)

[15:52:58] WARNING: Accepted unusual valence(s): C(3)

[15:52:58] WARNING: Accepted unusual valence(s): C(3)

[15:52:58] WARNING: Accepted unusual valence(s): C(3)

[15:52:58] WARNING: Accepted unusual valence(s): C(3)

[15:52:58] WARNING: Accepted unusual valence(s): C(2)

[15:52:58] WARNING: Accepted unusual valence(s): C(2)

[15:52:58] WARNING: Accepted unusual valence(s): C(2)

[15:52:58] WARNING: Accepted unusual valence(s): C(2)

[15:52:58] WARNING: Accepted unusual valence(s): C(3)

[15:52:58] WARNING: Accepted unusual valence(s): C(3)

[15:52:58] WARNING: Accepted unusual valence(s): C(3)

[15:52:58] WARNING: Accepted unusual valence(s): C(3)

[15:52:58] WARNING: Accepted unusual valence(s): O(1); C(3)

[15:52:58] WARNING: Accepted unusual valence(s): O(1); C(3)

[15:52:58] WARNING: Accepted unusual valence(s): C(2)

[15:52:58] WARNING: Accepted unusual valence(s): C(2)

[15:52:58] WARNING: Accepted unusual valence(s): O(1); C(3)

[15:52:58] WARNING: Accepted unusual valence(s): O(1); C(3)

[15:52:58] WARNING: Accepted unusual valence(s): O(1); C(3)

[15:52:58] WARNING: Accepted unusual valence(s): O(1); C(3)

[15:52:58] WARNING: Accepted unusual valence(s): C(3)

[15:52:58] WARNING: Accepted unusual valence(s): C(3)

[15:52:58] WARNING: Accepted unusual valence(s): C(2)

[15:52:58] WARNING: Accepted unusual valence(s): C(2)

[15:52:58] WARNING: Accepted unusual valence(s): C(3)

[15:52:58] WARNING: Accepted unusual valence(s): C(3)

[15:52:58] WARNING: Accepted unusual valence(s): O(1)

[15:52:58] WARNING: Accepted unusual valence(s): O(1)

[15:52:58] WARNING: Accepted unusual valence(s): O(1); C(3)

[15:52:58] WARNING: Accepted unusual valence(s): O(1); C(3)

[15:52:58] WARNING: Accepted unusual valence(s): O(1); C(3)

[15:52:58] WARNING: Accepted unusual valence(s): O(1); C(3)

[15:52:58] WARNING: Accepted unusual valence(s): O(1); C(3)

[15:52:58] WARNING: Accepted unusual valence(s): O(1); C(3)

[15:52:58] WARNING: Accepted unusual valence(s): O(1); C(3)

[15:52:58] WARNING: Accepted unusual valence(s): O(1); C(3)

[15:52:58] WARNING: Accepted unusual valence(s): O(1)

[15:52:58] WARNING: Accepted unusual valence(s): O(1)

[15:52:58] WARNING: Accepted unusual valence(s): O(1); C(3)

[15:52:58] WARNING: Accepted unusual valence(s): O(1); C(3)

[15:52:58] WARNING: Accepted unusual valence(s): O(1)

[15:52:58] WARNING: Accepted unusual valence(s): O(1)

[15:52:58] WARNING: Accepted unusual valence(s): O(1); C(3)

[15:52:58] WARNING: Accepted unusual valence(s): O(1); C(3)

[15:52:58] WARNING: Accepted unusual valence(s): C(2)

[15:52:58] WARNING: Accepted unusual valence(s): C(2)

[15:52:58] WARNING: Accepted unusual valence(s): C(3)

[15:52:58] WARNING: Accepted unusual valence(s): C(3)

[15:52:58] WARNING: Accepted unusual valence(s): C(2)

[15:52:58] WARNING: Accepted unusual valence(s): C(2)

[15:52:58] WARNING: Accepted unusual valence(s): C(2)

[15:52:58] WARNING: Accepted unusual valence(s): C(2)

[15:52:58] WARNING: Accepted unusual valence(s): C(3)

[15:52:58] WARNING: Accepted unusual valence(s): C(3)

[15:52:58] WARNING: Charges neutralized

[15:52:58] WARNING: Charges neutralized

[15:52:58] WARNING: Accepted unusual valence(s): N(2)

[15:52:58] WARNING: Accepted unusual valence(s): N(2)

