============================= test session starts ==============================
collecting ... collected 88 items

test/rmgpy/molecule/atomtypeTest.py::TestAtomType::test_pickle PASSED
test/rmgpy/molecule/atomtypeTest.py::TestAtomType::test_output PASSED
test/rmgpy/molecule/atomtypeTest.py::TestAtomType::test_equivalent PASSED
test/rmgpy/molecule/atomtypeTest.py::TestAtomType::test_is_specfic_case_of PASSED
test/rmgpy/molecule/atomtypeTest.py::TestAtomType::test_set_actions PASSED
test/rmgpy/molecule/atomtypeTest.py::TestAtomType::test_make_sample_molecule PASSED
test/rmgpy/molecule/atomtypeTest.py::TestAtomType::test_make_sample_molecule_wip SKIPPED
test/rmgpy/molecule/atomtypeTest.py::TestAtomType::test_make_sample_molecule_right SKIPPED
test/rmgpy/molecule/atomtypeTest.py::TestGetAtomType::test_hydrogen_type PASSED
test/rmgpy/molecule/atomtypeTest.py::TestGetAtomType::test_hydride_type PASSED
test/rmgpy/molecule/atomtypeTest.py::TestGetAtomType::test_hydride_survives_update PASSED
test/rmgpy/molecule/atomtypeTest.py::TestGetAtomType::test_carbon_types PASSED
test/rmgpy/molecule/atomtypeTest.py::TestGetAtomType::test_nitrogen_types PASSED
test/rmgpy/molecule/atomtypeTest.py::TestGetAtomType::test_oxygen_types PASSED
test/rmgpy/molecule/atomtypeTest.py::TestGetAtomType::test_silicon_types PASSED
test/rmgpy/molecule/atomtypeTest.py::TestGetAtomType::test_phosphorus_types PASSED
test/rmgpy/molecule/atomtypeTest.py::TestGetAtomType::test_sulfur_types PASSED
test/rmgpy/molecule/atomtypeTest.py::TestGetAtomType::test_chlorine_types PASSED
test/rmgpy/molecule/atomtypeTest.py::TestGetAtomType::test_bromine_types PASSED
test/rmgpy/molecule/atomtypeTest.py::TestGetAtomType::test_iodine_types PASSED
test/rmgpy/molecule/atomtypeTest.py::TestGetAtomType::test_fluorine_types PASSED
test/rmgpy/molecule/atomtypeTest.py::TestGetAtomType::test_sf6_anion_types PASSED
test/rmgpy/molecule/atomtypeTest.py::TestGetAtomType::test_lithium_types PASSED
test/rmgpy/molecule/atomtypeTest.py::TestGetAtomType::test_other_types PASSED
test/rmgpy/molecule/atomtypeTest.py::TestGetAtomType::test_occupied_surface_atom_type PASSED
test/rmgpy/molecule/atomtypeTest.py::TestGetAtomType::test_vacant_surface_site_atom_type PASSED
test/rmgpy/molecule/atomtypeTest.py::TestGetAtomType::test_electron PASSED
test/rmgpy/molecule/atomtypeTest.py::TestGetAtomType::test_proton PASSED
test/rmgpy/molecule/atomtypeTest.py::TestAnionRecipes::test_hydride_from_recipe PASSED
test/rmgpy/molecule/atomtypeTest.py::TestAnionRecipes::test_chloride_from_recipe PASSED
test/rmgpy/molecule/atomtypeTest.py::TestAnionRecipes::test_bromide_from_recipe PASSED
test/rmgpy/molecule/atomtypeTest.py::TestGenericLonePairActions::test_generic_lone_pair_actions_are_wired PASSED
test/rmgpy/molecule/atomtypeTest.py::TestGenericLonePairActions::test_gain_pair_on_generic_root_group PASSED
test/rmgpy/molecule/atomtypeTest.py::TestGenericLonePairActions::test_gain_pair_on_halogen_radical_yields_anion PASSED
test/rmgpy/molecule/atomtypeTest.py::TestChargeClassParents::test_parents_are_reachable_as_group_labels PASSED
test/rmgpy/molecule/atomtypeTest.py::TestChargeClassParents::test_parents_do_not_shadow_their_leaves PASSED
test/rmgpy/molecule/atomtypeTest.py::TestChargeClassParents::test_parents_admit_no_octet_violation PASSED
test/rmgpy/molecule/atomtypeTest.py::TestActionGraphClosure::test_no_new_action_graph_asymmetry PASSED
test/rmgpy/molecule/atomtypeTest.py::TestActionGraphClosure::test_known_preexisting_still_present PASSED
test/rmgpy/molecule/atomtypeTest.py::TestActionGraphClosure::test_argon_and_alkali_families_close_both_ways PASSED
test/rmgpy/molecule/atomtypeTest.py::TestNoDuplicateAtomTypeDefinitions::test_each_atomtype_label_defined_once PASSED
test/rmgpy/molecule/atomtypeTest.py::TestArgonSingleBondNarrowing::test_ar0s_admits_only_the_bonded_case PASSED
test/rmgpy/molecule/atomtypeTest.py::TestArgonSingleBondNarrowing::test_ar2_cation_types_as_ar0s_and_ar_plus PASSED
test/rmgpy/molecule/atomtypeTest.py::TestArgonSingleBondNarrowing::test_bond_free_triplet_argon_types_as_ar0e_not_ar0s FAILED
test/rmgpy/molecule/atomtypeTest.py::TestArgonSingleBondNarrowing::test_bond_free_neutral_argon_still_belongs_to_ar0 PASSED
test/rmgpy/molecule/atomtypeTest.py::TestArgonSingleBondNarrowing::test_metastable_argon_no_longer_degrades_to_generic_R_when_typing_is_tolerant FAILED
test/rmgpy/molecule/atomtypeTest.py::TestMetastableArgonAtomType::test_declaration_is_the_bond_free_p3_neutral FAILED
test/rmgpy/molecule/atomtypeTest.py::TestMetastableArgonAtomType::test_metastable_argon_builds_as_a_molecule FAILED
test/rmgpy/molecule/atomtypeTest.py::TestMetastableArgonAtomType::test_metastable_argon_builds_as_a_species FAILED
test/rmgpy/molecule/atomtypeTest.py::TestMetastableArgonAtomType::test_tolerant_typing_yields_ar0e_and_not_the_wildcard FAILED
test/rmgpy/molecule/atomtypeTest.py::TestMetastableArgonAtomType::test_untypeable_argon_still_degrades_to_the_wildcard PASSED
test/rmgpy/molecule/atomtypeTest.py::TestMetastableArgonAtomType::test_no_two_argon_types_can_match_one_atom FAILED
test/rmgpy/molecule/atomtypeTest.py::TestMetastableArgonAtomType::test_each_realizable_argon_atom_types_specifically FAILED
test/rmgpy/molecule/atomtypeTest.py::TestMetastableArgonAtomType::test_only_u2_is_constructible_at_p3_c0 FAILED
test/rmgpy/molecule/atomtypeTest.py::TestMetastableArgonAtomType::test_perception_admits_unrealizable_u_states FAILED
test/rmgpy/molecule/atomtypeTest.py::TestMetastableArgonAtomType::test_every_argon_type_perceives_five_u_states FAILED
test/rmgpy/molecule/atomtypeTest.py::TestMetastableArgonAtomType::test_ar0e_declares_exactly_the_ionisation_edge FAILED
test/rmgpy/molecule/atomtypeTest.py::TestMetastableArgonAtomType::test_ar0e_is_linked_into_the_type_hierarchy_both_ways FAILED
test/rmgpy/molecule/atomtypeTest.py::TestMetastableArgonAtomType::test_ar0e_is_usable_as_a_group_adjacency_list_label FAILED
test/rmgpy/molecule/atomtypeTest.py::TestMetastableArgonAtomType::test_group_spelled_ar0e_matches_more_than_the_metastable_triplet FAILED
test/rmgpy/molecule/atomtypeTest.py::TestArgonActionPathsAgree::test_no_declared_argon_edge_is_false[Ar0] FAILED
test/rmgpy/molecule/atomtypeTest.py::TestArgonActionPathsAgree::test_no_declared_argon_edge_is_false[Ar0s] PASSED
test/rmgpy/molecule/atomtypeTest.py::TestArgonActionPathsAgree::test_no_declared_argon_edge_is_false[Ar0e] FAILED
test/rmgpy/molecule/atomtypeTest.py::TestArgonActionPathsAgree::test_no_declared_argon_edge_is_false[Ar+] FAILED
test/rmgpy/molecule/atomtypeTest.py::TestArgonActionPathsAgree::test_no_declared_argon_edge_is_false[Ar++] PASSED
test/rmgpy/molecule/atomtypeTest.py::TestArgonActionPathsAgree::test_the_two_repaired_pairs_state_their_measured_targets FAILED
test/rmgpy/molecule/atomtypeTest.py::TestArgonActionPathsAgree::test_empty_set_actions_binds_the_group_path_only FAILED
test/rmgpy/molecule/atomtypeTest.py::TestArgonActionPathsAgree::test_a_generic_template_matches_and_reacts_metastable_argon FAILED
test/rmgpy/molecule/atomtypeSevenTest.py::test_kept_argon_makes_correct_sample_atom[Ar0] PASSED
test/rmgpy/molecule/atomtypeSevenTest.py::test_kept_argon_makes_correct_sample_atom[Ar+] PASSED
test/rmgpy/molecule/atomtypeSevenTest.py::test_kept_argon_makes_correct_sample_atom[Ar++] PASSED
test/rmgpy/molecule/atomtypeSevenTest.py::test_dropped_types_are_absent[Li-] PASSED
test/rmgpy/molecule/atomtypeSevenTest.py::test_dropped_types_are_absent[Na-] PASSED
test/rmgpy/molecule/atomtypeSevenTest.py::test_dropped_types_are_absent[K-] PASSED
test/rmgpy/molecule/atomtypeSevenTest.py::test_dropped_types_are_absent[N3dc] PASSED
test/rmgpy/molecule/atomtypeSevenTest.py::test_concrete_argon_species_type_specifically[1 Ar u0 p4 c0-Ar0] PASSED
test/rmgpy/molecule/atomtypeSevenTest.py::test_concrete_argon_species_type_specifically[1 Ar u1 p3 c+1-Ar+] PASSED
test/rmgpy/molecule/atomtypeSevenTest.py::test_generic_argon_group_matches_specific_argon_atom PASSED
test/rmgpy/molecule/atomtypeSevenTest.py::test_argon_action_graph_closes_both_ways FAILED
test/rmgpy/molecule/atomtypeSevenTest.py::test_argon_leaf_set_is_exactly_these_five FAILED
test/rmgpy/molecule/atomtypeSevenTest.py::test_added_argon_types_make_correct_sample_atom[Ar0s] PASSED
test/rmgpy/molecule/atomtypeSevenTest.py::test_added_argon_types_make_correct_sample_atom[Ar0e] FAILED
test/rmgpy/molecule/atomtypeSevenTest.py::test_added_argon_types_share_one_sample_atom FAILED
test/rmgpy/molecule/atomtypeSevenTest.py::test_added_argon_types_cannot_make_a_sample_molecule[Ar0s] PASSED
test/rmgpy/molecule/atomtypeSevenTest.py::test_added_argon_types_cannot_make_a_sample_molecule[Ar0e] FAILED
test/rmgpy/molecule/atomtypeSevenTest.py::test_argon_leaves_without_a_database_species[Ar0s] PASSED
test/rmgpy/molecule/atomtypeSevenTest.py::test_argon_leaves_without_a_database_species[Ar0e] FAILED
test/rmgpy/molecule/atomtypeSevenTest.py::test_argon_leaves_without_a_database_species[Ar++] PASSED

=========================== short test summary info ============================
FAILED test/rmgpy/molecule/atomtypeTest.py::TestArgonSingleBondNarrowing::test_bond_free_triplet_argon_types_as_ar0e_not_ar0s
FAILED test/rmgpy/molecule/atomtypeTest.py::TestArgonSingleBondNarrowing::test_metastable_argon_no_longer_degrades_to_generic_R_when_typing_is_tolerant
FAILED test/rmgpy/molecule/atomtypeTest.py::TestMetastableArgonAtomType::test_declaration_is_the_bond_free_p3_neutral
FAILED test/rmgpy/molecule/atomtypeTest.py::TestMetastableArgonAtomType::test_metastable_argon_builds_as_a_molecule
FAILED test/rmgpy/molecule/atomtypeTest.py::TestMetastableArgonAtomType::test_metastable_argon_builds_as_a_species
FAILED test/rmgpy/molecule/atomtypeTest.py::TestMetastableArgonAtomType::test_tolerant_typing_yields_ar0e_and_not_the_wildcard
FAILED test/rmgpy/molecule/atomtypeTest.py::TestMetastableArgonAtomType::test_no_two_argon_types_can_match_one_atom
FAILED test/rmgpy/molecule/atomtypeTest.py::TestMetastableArgonAtomType::test_each_realizable_argon_atom_types_specifically
FAILED test/rmgpy/molecule/atomtypeTest.py::TestMetastableArgonAtomType::test_only_u2_is_constructible_at_p3_c0
FAILED test/rmgpy/molecule/atomtypeTest.py::TestMetastableArgonAtomType::test_perception_admits_unrealizable_u_states
FAILED test/rmgpy/molecule/atomtypeTest.py::TestMetastableArgonAtomType::test_every_argon_type_perceives_five_u_states
FAILED test/rmgpy/molecule/atomtypeTest.py::TestMetastableArgonAtomType::test_ar0e_declares_exactly_the_ionisation_edge
FAILED test/rmgpy/molecule/atomtypeTest.py::TestMetastableArgonAtomType::test_ar0e_is_linked_into_the_type_hierarchy_both_ways
FAILED test/rmgpy/molecule/atomtypeTest.py::TestMetastableArgonAtomType::test_ar0e_is_usable_as_a_group_adjacency_list_label
FAILED test/rmgpy/molecule/atomtypeTest.py::TestMetastableArgonAtomType::test_group_spelled_ar0e_matches_more_than_the_metastable_triplet
FAILED test/rmgpy/molecule/atomtypeTest.py::TestArgonActionPathsAgree::test_no_declared_argon_edge_is_false[Ar0]
FAILED test/rmgpy/molecule/atomtypeTest.py::TestArgonActionPathsAgree::test_no_declared_argon_edge_is_false[Ar0e]
FAILED test/rmgpy/molecule/atomtypeTest.py::TestArgonActionPathsAgree::test_no_declared_argon_edge_is_false[Ar+]
FAILED test/rmgpy/molecule/atomtypeTest.py::TestArgonActionPathsAgree::test_the_two_repaired_pairs_state_their_measured_targets
FAILED test/rmgpy/molecule/atomtypeTest.py::TestArgonActionPathsAgree::test_empty_set_actions_binds_the_group_path_only
FAILED test/rmgpy/molecule/atomtypeTest.py::TestArgonActionPathsAgree::test_a_generic_template_matches_and_reacts_metastable_argon
FAILED test/rmgpy/molecule/atomtypeSevenTest.py::test_argon_action_graph_closes_both_ways
FAILED test/rmgpy/molecule/atomtypeSevenTest.py::test_argon_leaf_set_is_exactly_these_five
FAILED test/rmgpy/molecule/atomtypeSevenTest.py::test_added_argon_types_make_correct_sample_atom[Ar0e]
FAILED test/rmgpy/molecule/atomtypeSevenTest.py::test_added_argon_types_share_one_sample_atom
FAILED test/rmgpy/molecule/atomtypeSevenTest.py::test_added_argon_types_cannot_make_a_sample_molecule[Ar0e]
FAILED test/rmgpy/molecule/atomtypeSevenTest.py::test_argon_leaves_without_a_database_species[Ar0e]
=================== 27 failed, 59 passed, 2 skipped in 3.08s ===================
