==============================================================================
rmgpy              = /home/alon/Code/RMG-Py-i123d-audit
compiled module    = /home/alon/Code/RMG-Py-i123d-audit/rmgpy/molecule/molecule.cpython-39-x86_64-linux-gnu.so
database.directory = /home/alon/Code/RMG-database-i123d-audit/input
resolved realpath  = /home/alon/Code/RMG-database-i123d-audit/input
exists             = True
==============================================================================

STAGE 1 -- ReactionModel.merge over two models, one channel each
  [..] ionisation    : [Li] => [Lip]  electrons=1  placement=(1, 2)  owner=PlasmaElectronImpactIonization
  [..] recombination : [Lip] => [Li]  electrons=-1  placement=(1, 0)  owner=PlasmaRadiativeRecombination
    merged model: 2 species, 2 reactions
      - [Li] => [Lip]   electrons=1  kinetics=VoronovEIArrhenius
      - [Lip] => [Li]   electrons=-1  kinetics=BadnellRRArrhenius
  [PASS] merge keeps BOTH channels -- 2 reaction(s) in the merged model
  [PASS] the merged model carries both rate laws -- ['BadnellRRArrhenius', 'VoronovEIArrhenius']
  [PASS] the cation is consumed somewhere in the merged model -- a loss channel for the cation survived the merge
  [PASS] CONTROL A: merging a model with itself still deduplicates -- 1 reaction(s)
  [..] true reverse of the ionisation: [Lip] => [Li]  electrons=-1  placement=(2, 1)
  [PASS] CONTROL B: a genuine reverse pair still collapses in merge -- 1 reaction(s)

STAGE 2 -- the pressure-dependence consumer
  [..] plasma decks found: 5
  [..]     docs/i102-quarantine/input.py
  [..]     docs/i123-integration/input.py
  [..]     docs/m7-preflight/input.py
  [..]     docs/m7-preflight/input_placement.py
  [..]     docs/m7-preflight/input_secondary.py
  [PASS] no shipped plasma deck turns pressure dependence on -- []
  [..] every mention of `electrons` in rmgpy/rmg/pdep.py:
  [..]     electrons=0
  [..]     electrons=electrons
  [..]     self.electrons
  [PASS] a PDepReaction is born with electrons = 0 -- 0
  [PASS] and therefore with placement counts (0, 0) -- (0, 0)
    the pdep.py:927/939 comparison, driven directly:
  [..]     LibraryReaction ionisation (electrons=+1)  vs  neutral PDepReaction over the same heavy species -> is_isomorphic(either_direction=True) = False
  [PASS] the ionisation (electrons=+1) does not match a neutral network reaction -- False
  [..]     LibraryReaction recombination (electrons=-1)  vs  neutral PDepReaction over the same heavy species -> is_isomorphic(either_direction=True) = False
  [PASS] the recombination (electrons=-1) does not match a neutral network reaction -- False
  [..] a hand-built PDepReaction with electrons=+1 has placement counts (0, 1) (no owner => the net-derived fallback)
  [..]     ionisation vs that charged PDepReaction -> False
  [..]     the ionisation library DECLARES (1, 2); the ownerless PDepReaction derives (0, 1) from the net scalar, so they differ -- this is the declared/undeclared seam, not a defect of the repair

STAGE 3 -- is the products-only generation shortcut reachable in a plasma path?
    static reachability: who passes check_template_rxn_products=True
  [..]     rmgpy/data/kinetics/common.py:356  check_template_rxn_products=True, save_order=save_order)
  [..]     rmgpy/data/kinetics/common.py:359  check_template_rxn_products=True, save_order=save_order)
  [..]     rmgpy/data/kinetics/family.py:1950  all([reactions[0].is_isomorphic(other, check_template_rxn_products=True)
  [..]     rmgpy/data/kinetics/family.py:1963  not all([reactions[0].is_isomorphic(other, strict=False, check_template_rxn_products=True)
  [..]     both of those sit inside find_degenerate_reactions (rmgpy/data/kinetics/common.py) and its family-side callers, which is the only production route to the shortcut
    1 reaction(s) generated by Plasma_Electron_Attachment from triplet O2, through generate_reactions_from_families -- the route RMG itself takes
      - [O][O] => [O][O-]   electrons=-1  is_forward=True  degeneracy=1.0  type=TemplateReaction
  [PASS] the family generated at least one charged reaction -- [-1]
    find_degenerate_reactions calls recorded during that generation:
  [..]     call 0: offered=2 returned=1 charged_electrons=[-1, -1] is_forward=[True, True] comparisons_possible=True
  [PASS] the degeneracy path -- the shortcut's only production caller -- IS reached during plasma family generation -- 1
  [PASS] and it is reached carrying CHARGED reactions
  [PASS] and with more than one reaction offered, so a comparison actually happens -- 1 of 1 calls offered >1 reaction
  [..] is_forward values seen on reactions entering the shortcut: ['True']
  [..] the doubted negation (`-self.electrons` when `is_forward` is falsy) is only taken when is_forward is falsy on a reaction reaching this path
  [PASS] every reaction reaching the shortcut on this path is is_forward=True, so the doubted negation is never taken here -- {True}
    the shortcut driven directly on a charged pair:
  [..]     same electrons  -> True
  [..]     opposite electrons -> False
  [PASS] the shortcut separates a charged reaction from its charge-reversed twin

==============================================================================
all checks passed
### probe exit: 0 ###
