
    def test_o2_rate_comes_from_the_training_set_not_a_library(kinetics_db, family):
        """The rate is an exact rate-rule hit on the O2 training reaction.
    
        No kinetics libraries are loaded by this fixture at all, so a library lookup
        is not merely improbable here - it is impossible. What the test pins is the
        positive claim: the number came from training reaction 1.
        """
        assert kinetics_db.libraries == {}
    
        reaction = _generate(kinetics_db, 'O2')[0]
        kinetics, source, entry, is_forward = family.get_kinetics(
            reaction, template_labels=reaction.template, degeneracy=reaction.degeneracy,
            estimator='rate rules', return_all_kinetics=False)
    
>       assert source == 'rate rules'
E       assert <KineticsDepository "Plasma_Electron_Attachment/training"> == 'rate rules'

test/test_plasma_electron_attachment.py:607: AssertionError
=========================== short test summary info ============================
FAILED test/test_plasma_electron_attachment.py::test_trained_species_resolve_to_their_own_rate_through_their_own_node[O2]
FAILED test/test_plasma_electron_attachment.py::test_trained_species_resolve_to_their_own_rate_through_their_own_node[OH]
FAILED test/test_plasma_electron_attachment.py::test_trained_species_resolve_to_their_own_rate_through_their_own_node[O]
FAILED test/test_plasma_electron_attachment.py::test_o2_rate_comes_from_the_training_set_not_a_library
4 failed, 41 passed in 1.08s
