RMG execution initiated at Wed Aug 26 04:50:14 2026
Updating RMG execution statistics...
Updating RMG execution statistics...
Updating RMG execution statistics...
Updating RMG execution statistics...
Updating RMG execution statistics...
Updating RMG execution statistics...
Updating RMG execution statistics...
Updating RMG execution statistics...
Updating RMG execution statistics...
Updating RMG execution statistics...
Updating RMG execution statistics...
Updating RMG execution statistics...
Updating RMG execution statistics...
Updating RMG execution statistics...
Updating RMG execution statistics...
Updating RMG execution statistics...
Updating RMG execution statistics...
Updating RMG execution statistics...
Updating RMG execution statistics...
Updating RMG execution statistics...
Updating RMG execution statistics...
Updating RMG execution statistics...
Updating RMG execution statistics...
Updating RMG execution statistics...
Updating RMG execution statistics...
MODEL GENERATION COMPLETED
The final model core has 26 species and 66 reactions
The final model edge has 146 species and 332 reactions
RMG execution terminated at Wed Aug 26 04:50:41 2026
