============================= test session starts ==============================
platform linux -- Python 3.9.23, pytest-8.4.1, pluggy-1.6.0 -- /home/alon/anaconda3/envs/rmg_env/bin/python3.9
rootdir: /home/alon/Code/RMG-Py-i246-ambipolar-wall-operator
configfile: pytest.ini
plugins: check-2.5.3, cov-6.2.1, anyio-4.10.0
collecting ... collected 1 item

test/rmgpy/solver/plasmaWallTest.py::test_wall_loss_is_first_order_in_electron_population FAILED

=================================== FAILURES ===================================
_____________ test_wall_loss_is_first_order_in_electron_population _____________

    def test_wall_loss_is_first_order_in_electron_population():
        """The wall loss is first order in the ELECTRON population:
        -(wall flux)/N_e == nu_wall exactly. Normalising to the neutral population
        instead gives a number orders of magnitude away -- a mis-normalisation
        error made earlier in this project."""
        r, _, _ = _build_reactor(wall=True, with_chemistry=False)
        ie, i_ar, i_arp = _indices(r)
        y = _state_at(r, 1.0e-6)
        V = r.compute_volume(y)
        nu = r.compute_nu_wall(y, V)
        r.residual(0.0, y, np.zeros(r.num_core_species, float))
        wall = r.wall_loss_rates
    
        loss_per_electron = -wall[ie] / y[ie]
>       assert abs(loss_per_electron / nu - 1.0) < 1e-14
E       assert 0.999999 < 1e-14
E        +  where 0.999999 = abs(((0.00018516597908671485 / 185.16597908671486) - 1.0))

test/rmgpy/solver/plasmaWallTest.py:205: AssertionError
=========================== short test summary info ============================
FAILED test/rmgpy/solver/plasmaWallTest.py::test_wall_loss_is_first_order_in_electron_population
============================== 1 failed in 3.76s ===============================
