plasma module: /home/alon/Code/RMG-Py-i246-ambipolar-wall-operator/rmgpy/solver/plasma.cpython-39-x86_64-linux-gnu.so
wrote sweep.csv: 588 grid points x 26 columns

====================================================================================================
CLASSIFICATION CENSUS (rules frozen in envelope.md before this ran)
====================================================================================================
     344  58.5%   volume-growth (steady state OUT OF SUPPORT)
     239  40.6%   extinction
       5  0.9%   near-threshold/ill-conditioned

  BOTH SIDES SAMPLED: 347 points with Delta_nu > 0, 241 with Delta_nu < 0

====================================================================================================
THE SUSTAINMENT BOUNDARY  (Delta_nu = 0), located by bisection in Te
====================================================================================================
  p (torr)     R (m)  Lambda(cm)     p*Lambda   Te_thr (eV)     nu at thr
----------------------------------------------------------------------------------------------------
      0.50     0.005      0.2079       0.1039       1.77880    1.0486e+05
      0.50     0.010      0.4154       0.2077       1.52390    2.2490e+04
      0.50     0.020      0.8285       0.4142       1.33495    4.9534e+03
      0.50     0.050      2.0314       1.0157       1.15097    7.1032e+02
      0.50     0.100      3.8123       1.9061       1.05000    1.8399e+02
      0.50     0.200      6.2713       3.1357       0.98211    6.3596e+01
      1.00     0.005      0.2079       0.2079       1.52368    4.4910e+04
      1.00     0.010      0.4154       0.4154       1.33427    9.8458e+03
      1.00     0.020      0.8285       0.8285       1.18806    2.2042e+03
      1.00     0.050      2.0314       2.0314       1.04079    3.2116e+02
      1.00     0.100      3.8123       3.8123       0.95785    8.3924e+01
      1.00     0.200      6.2713       6.2713       0.90123    2.9179e+01
      2.00     0.005      0.2079       0.4157       1.33410    1.9661e+04
      2.00     0.010      0.4154       0.8308       1.18753    4.3815e+03
      2.00     0.020      0.8285       1.6569       1.07088    9.9339e+02
      2.00     0.050      2.0314       4.0628       0.95021    1.4660e+02
      2.00     0.100      3.8123       7.6246       0.88082    3.8587e+01
      2.00     0.200      6.2713      12.5426       0.83285    1.3483e+01
      5.00     0.005      0.2079       1.0393       1.14695    6.7612e+03
      5.00     0.010      0.4154       2.0770       1.03761    1.5314e+03
      5.00     0.020      0.8285       4.1423       0.94791    3.5173e+02
      5.00     0.050      2.0314      10.1571       0.85252    5.2613e+01
      5.00     0.100      3.8123      19.0614       0.79644    1.3956e+01
      5.00     0.200      6.2713      31.3566       0.75714    4.9028e+00
     10.00     0.005      0.2079       2.0785       1.03751    3.0581e+03
     10.00     0.010      0.4154       4.1541       0.94757    6.9923e+02
     10.00     0.020      0.8285       8.2847       0.87243    1.6186e+02
     10.00     0.050      2.0314      20.3142       0.79119    2.4414e+01
     10.00     0.100      3.8123      38.1228       0.74277    6.5079e+00
     10.00     0.200      6.2713      62.7131       0.70855    2.2941e+00
     20.00     0.005      0.2079       4.1570       0.94749    1.3964e+03
     20.00     0.010      0.4154       8.3081       0.87215    3.2179e+02
     20.00     0.020      0.8285      16.5693       0.80827    7.4978e+01
     20.00     0.050      2.0314      40.6283       0.73821    1.1390e+01
     20.00     0.100      3.8123      76.2457       0.69597    3.0489e+00
     20.00     0.200      6.2713     125.4263       0.66589    1.0780e+00
     50.00     0.005      0.2079      10.3925       0.85034    5.0127e+02
     50.00     0.010      0.4154      20.7703       0.78937    1.1650e+02
     50.00     0.020      0.8285      41.4233       0.73683    2.7340e+01
     50.00     0.050      2.0314     101.5708       0.67831    4.1862e+00
     50.00     0.100      3.8123     190.6142       0.64256    1.1260e+00
     50.00     0.200      6.2713     313.5657       0.61689    3.9946e-01

SIMILARITY: nu_ion ~ p and nu_wall ~ 1/(p*Lambda^2), so the boundary should
collapse onto a single curve in the product p*Lambda. Sorted by p*Lambda:
p*Lambda(torr cm)    Te_thr (eV)    p(torr)      R(m)
----------------------------------------------------------------------------------------------------
        0.1039        1.77880       0.50     0.005
        0.2077        1.52390       0.50     0.010
        0.2079        1.52368       1.00     0.005
        0.4142        1.33495       0.50     0.020
        0.4154        1.33427       1.00     0.010
        0.4157        1.33410       2.00     0.005
        0.8285        1.18806       1.00     0.020
        0.8308        1.18753       2.00     0.010
        1.0157        1.15097       0.50     0.050
        1.0393        1.14695       5.00     0.005
        1.6569        1.07088       2.00     0.020
        1.9061        1.05000       0.50     0.100

====================================================================================================
VOLUME RECOMBINATION AGAINST THE WALL (order of magnitude)
====================================================================================================
  nu_RR / nu_wall  over 588 points: min 1.955e-25  median 5.771e-02  max 3.444e+04
  nu_3b / nu_wall  over 588 points: min 1.373e-46  median 4.182e-02  max 2.150e+08
  -> the wall is the dominant charged-particle sink wherever it dominates;
     that is what makes a wall operator the right object to build.

====================================================================================================
CONDITIONING ALONG THE ABOVE-THRESHOLD BRANCH, at 5 torr, R = 0.05 m
====================================================================================================
  Te(eV)       f_star    alpha_star       C_wall         C_Te         C_Ar  class
--------------------------------------------------------------------------------------------------------------
    0.90     0.375418    1.6683e-02   8.3185e-01   1.4045e+01   1.6637e+00  volume-growth (steady state OUT OF SUPPORT)
    0.92     0.480100    2.5088e-02   5.4145e-01   8.9357e+00   1.0829e+00  volume-growth (steady state OUT OF SUPPORT)
    0.93     0.524234    2.9622e-02   4.5377e-01   7.4051e+00   9.0755e-01  volume-growth (steady state OUT OF SUPPORT)
    0.95     0.599297    3.9383e-02   3.3431e-01   5.3362e+00   6.6862e-01  volume-growth (steady state OUT OF SUPPORT)
    1.00     0.731034    6.8082e-02   1.8396e-01   2.7837e+00   3.6793e-01  volume-growth (steady state OUT OF SUPPORT)
    1.10     0.864609    1.4575e-01   7.8296e-02   1.0725e+00   1.5659e-01  volume-growth (steady state OUT OF SUPPORT)
    1.20     0.923403    2.5270e-01   4.1475e-02   5.1862e-01   8.2950e-02  volume-growth (steady state OUT OF SUPPORT)
    1.50     0.977905    7.4531e-01   1.1297e-02   1.1160e-01   2.2595e-02  volume-growth (steady state OUT OF SUPPORT)
    2.00     0.993497    1.9377e+00   3.2727e-03   2.3741e-02   6.5455e-03  volume-growth (steady state OUT OF SUPPORT)
    3.00     0.998016    4.2710e+00   9.9408e-04   4.6058e-03   1.9882e-03  volume-growth (steady state OUT OF SUPPORT)

====================================================================================================
THE SUB-THRESHOLD SOURCE-SUSTAINED BRANCH, at 5 torr, R = 0.05 m
====================================================================================================
It exists only where nu_wall > nu_ion, and its width is the cosmic-ray
source interval, which is NOT narrowed:
  Te(eV)        nu_ion       nu_wall       n_e low      n_e high  alpha high
----------------------------------------------------------------------------------------------------
    0.50    9.3844e-05    3.0857e+01    3.9066e+02    1.9533e+03   1.206e-20
    0.70    8.7024e-01    4.3200e+01    2.8478e+02    1.4239e+03   8.793e-21
    0.80    1.5265e+01    4.9372e+01    3.5344e+02    1.7672e+03   1.091e-20
    0.85    4.9754e+01    5.2458e+01    4.4591e+03    2.2296e+04   1.377e-19

The ratio n_e(high)/n_e(low) is exactly the source interval's width, 5.0,
at every point: the absolute sub-threshold density is known no better than
the background ionisation rate is.
