ERROR:root:Could not update atomtypes for this molecule:
multiplicity -187
1 *1 Ar u1 p4 c-1

ERROR:root:Problem family: Plasma_Radiative_Recombination
ERROR:root:Problem reactants: (Molecule(smiles="[Ar]"),)
ERROR:root:<Molecule "[Ar]">
1 *1 Ar u0 p4 c0

ERROR:root:Could not update atomtypes for this molecule:
multiplicity -187
1 * H  u0 p0 c0 {2,S}
2 * Ar u0 p3 c0 {1,S} {3,S}
3   Ar u0 p3 c+1 {2,S}

ERROR:root:Problem family: R_Recombination
ERROR:root:Problem reactants: (Molecule(smiles="[Ar][Ar+]"), Molecule(smiles="[H]"))
ERROR:root:<Molecule "[Ar][Ar+]">
multiplicity 2
1 * Ar u1 p3 c0 {2,S}
2   Ar u0 p3 c+1 {1,S}

ERROR:root:<Molecule "[H]">
multiplicity 2
1 * H u1 p0 c0

ERROR:root:Could not update atomtypes for this molecule:
multiplicity -187
1 *2 Ar u1 p3 c0 {2,S}
2 *1 Ar u0 p3 c0 {1,S} {3,S}
3    Ar u0 p3 c+1 {2,S}

ERROR:root:Problem family: Birad_R_Recombination
ERROR:root:Problem reactants: (Molecule(smiles="[Ar][Ar+]"), Molecule(smiles="[Ar]"))
ERROR:root:<Molecule "[Ar][Ar+]">
multiplicity 2
1 *1 Ar u1 p3 c0 {2,S}
2    Ar u0 p3 c+1 {1,S}

ERROR:root:<Molecule "[Ar]">
multiplicity 3
1 *2 Ar u2 p3 c0

