### i110   worktree /home/alon/Code/RMG-Py-i123b-b-i110
### BRANCH i110  HEAD=fa042c08d
BUILD_EXIT=0
rmgpy: /home/alon/Code/RMG-Py-i123b-b-i110/rmgpy/__init__.py
molecule: /home/alon/Code/RMG-Py-i123b-b-i110/rmgpy/molecule/molecule.cpython-39-x86_64-linux-gnu.so
database.directory = /home/alon/Code/RMG-database/input
resolved = /home/alon/Code/RMG-database/input
exists = True

FAILED test/rmgpy/data/thermoTest.py::TestThermoDatabase::test_parse_thermo_comments - KeyError: 'C=XR2'
FAILED test/rmgpy/data/thermoTest.py::TestThermoDatabase::test_adsorbate_thermo_raises_error - KeyError: 'NX'
FAILED test/rmgpy/qm/qmMainTest.py::TestQMCalculator::test_get_thermo_data_mopac - FileNotFoundError: [Errno 2] No such file or directory: '/home/alon/Code/testing/qm/QMscratch/pm3/UFWIBTONFRDIAS-UHFFFAOYSA-N.out'
ERROR test/rmgpy/electronPlacementTest.py::TestElectronPlacementReactorIntegration::test_01_family_generated_reaction_reaches_reactor_automatically - rmgpy.exceptions.DatabaseError: Unrecognized item "Plasma_Electron_Attachment" in list of families to load. Items should be names of kinetics families, a predefined subset from recommended.py, or the "all" or "none" options.
ERROR test/rmgpy/electronPlacementTest.py::TestElectronPlacementReactorIntegration::test_02_canonical_reaction_unchanged_after_pipeline - rmgpy.exceptions.DatabaseError: Unrecognized item "Plasma_Electron_Attachment" in list of families to load. Items should be names of kinetics families, a predefined subset from recommended.py, or the "all" or "none" options.
ERROR test/rmgpy/electronPlacementTest.py::TestElectronPlacementReactorIntegration::test_03_view_has_exactly_one_incident_electron_on_reactant_side - rmgpy.exceptions.DatabaseError: Unrecognized item "Plasma_Electron_Attachment" in list of families to load. Items should be names of kinetics families, a predefined subset from recommended.py, or the "all" or "none" options.
ERROR test/rmgpy/electronPlacementTest.py::TestElectronPlacementReactorIntegration::test_04_electron_enters_forward_rate_exactly_once - rmgpy.exceptions.DatabaseError: Unrecognized item "Plasma_Electron_Attachment" in list of families to load. Items should be names of kinetics families, a predefined subset from recommended.py, or the "all" or "none" options.
ERROR test/rmgpy/electronPlacementTest.py::TestElectronPlacementReactorIntegration::test_05_first_order_scaling_in_electron_concentration - rmgpy.exceptions.DatabaseError: Unrecognized item "Plasma_Electron_Attachment" in list of families to load. Items should be names of kinetics families, a predefined subset from recommended.py, or the "all" or "none" options.
ERROR test/rmgpy/electronPlacementTest.py::TestElectronPlacementReactorIntegration::test_06_electron_derivative_negative - rmgpy.exceptions.DatabaseError: Unrecognized item "Plasma_Electron_Attachment" in list of families to load. Items should be names of kinetics families, a predefined subset from recommended.py, or the "all" or "none" options.
ERROR test/rmgpy/electronPlacementTest.py::TestElectronPlacementReactorIntegration::test_07_o2_derivative_negative - rmgpy.exceptions.DatabaseError: Unrecognized item "Plasma_Electron_Attachment" in list of families to load. Items should be names of kinetics families, a predefined subset from recommended.py, or the "all" or "none" options.
ERROR test/rmgpy/electronPlacementTest.py::TestElectronPlacementReactorIntegration::test_08_o2_anion_derivative_positive - rmgpy.exceptions.DatabaseError: Unrecognized item "Plasma_Electron_Attachment" in list of families to load. Items should be names of kinetics families, a predefined subset from recommended.py, or the "all" or "none" options.
ERROR test/rmgpy/electronPlacementTest.py::TestElectronPlacementReactorIntegration::test_09_net_charge_conserved - rmgpy.exceptions.DatabaseError: Unrecognized item "Plasma_Electron_Attachment" in list of families to load. Items should be names of kinetics families, a predefined subset from recommended.py, or the "all" or "none" options.
ERROR test/rmgpy/electronPlacementTest.py::TestElectronPlacementReactorIntegration::test_10_electron_not_double_counted - rmgpy.exceptions.DatabaseError: Unrecognized item "Plasma_Electron_Attachment" in list of families to load. Items should be names of kinetics families, a predefined subset from recommended.py, or the "all" or "none" options.
ERROR test/rmgpy/electronPlacementTest.py::TestElectronPlacementReactorIntegration::test_11_residual_and_jacobian_share_coefficients - rmgpy.exceptions.DatabaseError: Unrecognized item "Plasma_Electron_Attachment" in list of families to load. Items should be names of kinetics families, a predefined subset from recommended.py, or the "all" or "none" options.
ERROR test/rmgpy/electronPlacementTest.py::TestElectronPlacementReactorIntegration::test_12_analytic_electron_jacobian_column_matches_fd - rmgpy.exceptions.DatabaseError: Unrecognized item "Plasma_Electron_Attachment" in list of families to load. Items should be names of kinetics families, a predefined subset from recommended.py, or the "all" or "none" options.
ERROR test/rmgpy/electronPlacementTest.py::TestElectronPlacementReactorIntegration::test_13_running_pipeline_twice_does_not_accumulate_electrons - rmgpy.exceptions.DatabaseError: Unrecognized item "Plasma_Electron_Attachment" in list of families to load. Items should be names of kinetics families, a predefined subset from recommended.py, or the "all" or "none" options.
ERROR test/rmgpy/electronPlacementTest.py::TestElectronPlacementReactorIntegration::test_14_thermal_reactions_pass_through_unchanged - rmgpy.exceptions.DatabaseError: Unrecognized item "Plasma_Electron_Attachment" in list of families to load. Items should be names of kinetics families, a predefined subset from recommended.py, or the "all" or "none" options.
ERROR test/rmgpy/electronPlacementTest.py::TestElectronPlacementReactorIntegration::test_15_reload_and_regenerate_uses_same_automatic_path - rmgpy.exceptions.DatabaseError: Unrecognized item "Plasma_Electron_Attachment" in list of families to load. Items should be names of kinetics families, a predefined subset from recommended.py, or the "all" or "none" options.
ERROR test/rmgpy/electronPlacementTest.py::TestElectronPlacementReactorIntegration::test_16_generated_attachment_remains_irreversible - rmgpy.exceptions.DatabaseError: Unrecognized item "Plasma_Electron_Attachment" in list of families to load. Items should be names of kinetics families, a predefined subset from recommended.py, or the "all" or "none" options.
ERROR test/rmgpy/electronPlacementTest.py::TestElectronPlacementReactorIntegration::test_production_path_invokes_resolver_not_the_test - rmgpy.exceptions.DatabaseError: Unrecognized item "Plasma_Electron_Attachment" in list of families to load. Items should be names of kinetics families, a predefined subset from recommended.py, or the "all" or "none" options.
ERROR test/rmgpy/electronPlacementTest.py::TestElectronPlacementReactorIntegration::test_negative_control_missing_electron_species - rmgpy.exceptions.DatabaseError: Unrecognized item "Plasma_Electron_Attachment" in list of families to load. Items should be names of kinetics families, a predefined subset from recommended.py, or the "all" or "none" options.
ERROR test/rmgpy/electronPlacementTest.py::TestElectronPlacementReactorIntegration::test_negative_control_duplicate_explicit_representation - rmgpy.exceptions.DatabaseError: Unrecognized item "Plasma_Electron_Attachment" in list of families to load. Items should be names of kinetics families, a predefined subset from recommended.py, or the "all" or "none" options.
ERROR test/rmgpy/electronPlacementTest.py::TestElectronPlacementReactorIntegration::test_negative_control_unsupported_ionization_shaped - rmgpy.exceptions.DatabaseError: Unrecognized item "Plasma_Electron_Attachment" in list of families to load. Items should be names of kinetics families, a predefined subset from recommended.py, or the "all" or "none" options.
ERROR test/rmgpy/electronPlacementTest.py::TestElectronPlacementReactorIntegration::test_regression_plasma_kinetics_without_incident_electron_refused - rmgpy.exceptions.DatabaseError: Unrecognized item "Plasma_Electron_Attachment" in list of families to load. Items should be names of kinetics families, a predefined subset from recommended.py, or the "all" or "none" options.
ERROR test/rmgpy/electronPlacementTest.py::TestElectronPlacementReactorIntegration::test_regression_reinit_same_reactor_does_not_accumulate - rmgpy.exceptions.DatabaseError: Unrecognized item "Plasma_Electron_Attachment" in list of families to load. Items should be names of kinetics families, a predefined subset from recommended.py, or the "all" or "none" options.
ERROR test/rmgpy/electronPlacementTest.py::TestElectronPlacementReactorIntegration::test_regression_reaction_index_maps_canonical_not_view - rmgpy.exceptions.DatabaseError: Unrecognized item "Plasma_Electron_Attachment" in list of families to load. Items should be names of kinetics families, a predefined subset from recommended.py, or the "all" or "none" options.

= 3 failed, 2575 passed, 84 skipped, 68 deselected, 54 warnings, 23 errors in 565.67s (0:09:25) =
PYTEST_EXIT=1
