database.directory = /home/alon/Code/RMG-database-plasma/input
start_method = fork
TASK result: {'task_index': 0, 'pid': 53, 'sentinels_seen_before_my_mutation': []}
TASK result: {'task_index': 1, 'pid': 54, 'sentinels_seen_before_my_mutation': []}
TASK result: {'task_index': 2, 'pid': 55, 'sentinels_seen_before_my_mutation': []}
TASK result: {'task_index': 3, 'pid': 53, 'sentinels_seen_before_my_mutation': ['__sentinel_task_00__']}
TASK result: {'task_index': 4, 'pid': 53, 'sentinels_seen_before_my_mutation': ['__sentinel_task_00__', '__sentinel_task_03__']}
TASK result: {'task_index': 5, 'pid': 56, 'sentinels_seen_before_my_mutation': []}
TASK result: {'task_index': 6, 'pid': 54, 'sentinels_seen_before_my_mutation': ['__sentinel_task_01__']}
TASK result: {'task_index': 7, 'pid': 54, 'sentinels_seen_before_my_mutation': ['__sentinel_task_01__', '__sentinel_task_06__']}
TASK result: {'task_index': 8, 'pid': 54, 'sentinels_seen_before_my_mutation': ['__sentinel_task_01__', '__sentinel_task_06__', '__sentinel_task_07__']}
TASK result: {'task_index': 9, 'pid': 53, 'sentinels_seen_before_my_mutation': ['__sentinel_task_00__', '__sentinel_task_03__', '__sentinel_task_04__']}
TASK result: {'task_index': 10, 'pid': 54, 'sentinels_seen_before_my_mutation': ['__sentinel_task_01__', '__sentinel_task_06__', '__sentinel_task_07__', '__sentinel_task_08__']}
TASK result: {'task_index': 11, 'pid': 54, 'sentinels_seen_before_my_mutation': ['__sentinel_task_01__', '__sentinel_task_06__', '__sentinel_task_07__', '__sentinel_task_08__', '__sentinel_task_10__']}
TASK result: {'task_index': 12, 'pid': 53, 'sentinels_seen_before_my_mutation': ['__sentinel_task_00__', '__sentinel_task_03__', '__sentinel_task_04__', '__sentinel_task_09__']}
TASK result: {'task_index': 13, 'pid': 54, 'sentinels_seen_before_my_mutation': ['__sentinel_task_01__', '__sentinel_task_06__', '__sentinel_task_07__', '__sentinel_task_08__', '__sentinel_task_10__', '__sentinel_task_11__']}
TASK result: {'task_index': 14, 'pid': 56, 'sentinels_seen_before_my_mutation': ['__sentinel_task_05__']}
TASK result: {'task_index': 15, 'pid': 55, 'sentinels_seen_before_my_mutation': ['__sentinel_task_02__']}
TASK result: {'task_index': 16, 'pid': 54, 'sentinels_seen_before_my_mutation': ['__sentinel_task_01__', '__sentinel_task_06__', '__sentinel_task_07__', '__sentinel_task_08__', '__sentinel_task_10__', '__sentinel_task_11__', '__sentinel_task_13__']}
TASK result: {'task_index': 17, 'pid': 56, 'sentinels_seen_before_my_mutation': ['__sentinel_task_05__', '__sentinel_task_14__']}
TASK result: {'task_index': 18, 'pid': 55, 'sentinels_seen_before_my_mutation': ['__sentinel_task_02__', '__sentinel_task_15__']}
TASK result: {'task_index': 19, 'pid': 54, 'sentinels_seen_before_my_mutation': ['__sentinel_task_01__', '__sentinel_task_06__', '__sentinel_task_07__', '__sentinel_task_08__', '__sentinel_task_10__', '__sentinel_task_11__', '__sentinel_task_13__', '__sentinel_task_16__']}
TASK result: {'task_index': 20, 'pid': 55, 'sentinels_seen_before_my_mutation': ['__sentinel_task_02__', '__sentinel_task_15__', '__sentinel_task_18__']}
TASK result: {'task_index': 21, 'pid': 53, 'sentinels_seen_before_my_mutation': ['__sentinel_task_00__', '__sentinel_task_03__', '__sentinel_task_04__', '__sentinel_task_09__', '__sentinel_task_12__']}
TASK result: {'task_index': 22, 'pid': 55, 'sentinels_seen_before_my_mutation': ['__sentinel_task_02__', '__sentinel_task_15__', '__sentinel_task_18__', '__sentinel_task_20__']}
TASK result: {'task_index': 23, 'pid': 54, 'sentinels_seen_before_my_mutation': ['__sentinel_task_01__', '__sentinel_task_06__', '__sentinel_task_07__', '__sentinel_task_08__', '__sentinel_task_10__', '__sentinel_task_11__', '__sentinel_task_13__', '__sentinel_task_16__', '__sentinel_task_19__']}
TASK result: {'task_index': 24, 'pid': 55, 'sentinels_seen_before_my_mutation': ['__sentinel_task_02__', '__sentinel_task_15__', '__sentinel_task_18__', '__sentinel_task_20__', '__sentinel_task_22__']}
TASK result: {'task_index': 25, 'pid': 55, 'sentinels_seen_before_my_mutation': ['__sentinel_task_02__', '__sentinel_task_15__', '__sentinel_task_18__', '__sentinel_task_20__', '__sentinel_task_22__', '__sentinel_task_24__']}
TASK result: {'task_index': 26, 'pid': 54, 'sentinels_seen_before_my_mutation': ['__sentinel_task_01__', '__sentinel_task_06__', '__sentinel_task_07__', '__sentinel_task_08__', '__sentinel_task_10__', '__sentinel_task_11__', '__sentinel_task_13__', '__sentinel_task_16__', '__sentinel_task_19__', '__sentinel_task_23__']}
TASK result: {'task_index': 27, 'pid': 53, 'sentinels_seen_before_my_mutation': ['__sentinel_task_00__', '__sentinel_task_03__', '__sentinel_task_04__', '__sentinel_task_09__', '__sentinel_task_12__', '__sentinel_task_21__']}
TASK result: {'task_index': 28, 'pid': 55, 'sentinels_seen_before_my_mutation': ['__sentinel_task_02__', '__sentinel_task_15__', '__sentinel_task_18__', '__sentinel_task_20__', '__sentinel_task_22__', '__sentinel_task_24__', '__sentinel_task_25__']}
TASK result: {'task_index': 29, 'pid': 54, 'sentinels_seen_before_my_mutation': ['__sentinel_task_01__', '__sentinel_task_06__', '__sentinel_task_07__', '__sentinel_task_08__', '__sentinel_task_10__', '__sentinel_task_11__', '__sentinel_task_13__', '__sentinel_task_16__', '__sentinel_task_19__', '__sentinel_task_23__', '__sentinel_task_26__']}
TASK result: {'task_index': 30, 'pid': 53, 'sentinels_seen_before_my_mutation': ['__sentinel_task_00__', '__sentinel_task_03__', '__sentinel_task_04__', '__sentinel_task_09__', '__sentinel_task_12__', '__sentinel_task_21__', '__sentinel_task_27__']}
TASK result: {'task_index': 31, 'pid': 55, 'sentinels_seen_before_my_mutation': ['__sentinel_task_02__', '__sentinel_task_15__', '__sentinel_task_18__', '__sentinel_task_20__', '__sentinel_task_22__', '__sentinel_task_24__', '__sentinel_task_25__', '__sentinel_task_28__']}
TASK result: {'task_index': 32, 'pid': 54, 'sentinels_seen_before_my_mutation': ['__sentinel_task_01__', '__sentinel_task_06__', '__sentinel_task_07__', '__sentinel_task_08__', '__sentinel_task_10__', '__sentinel_task_11__', '__sentinel_task_13__', '__sentinel_task_16__', '__sentinel_task_19__', '__sentinel_task_23__', '__sentinel_task_26__', '__sentinel_task_29__']}
TASK result: {'task_index': 33, 'pid': 53, 'sentinels_seen_before_my_mutation': ['__sentinel_task_00__', '__sentinel_task_03__', '__sentinel_task_04__', '__sentinel_task_09__', '__sentinel_task_12__', '__sentinel_task_21__', '__sentinel_task_27__', '__sentinel_task_30__']}
TASK result: {'task_index': 34, 'pid': 55, 'sentinels_seen_before_my_mutation': ['__sentinel_task_02__', '__sentinel_task_15__', '__sentinel_task_18__', '__sentinel_task_20__', '__sentinel_task_22__', '__sentinel_task_24__', '__sentinel_task_25__', '__sentinel_task_28__', '__sentinel_task_31__']}
TASK result: {'task_index': 35, 'pid': 54, 'sentinels_seen_before_my_mutation': ['__sentinel_task_01__', '__sentinel_task_06__', '__sentinel_task_07__', '__sentinel_task_08__', '__sentinel_task_10__', '__sentinel_task_11__', '__sentinel_task_13__', '__sentinel_task_16__', '__sentinel_task_19__', '__sentinel_task_23__', '__sentinel_task_26__', '__sentinel_task_29__', '__sentinel_task_32__']}
TASK result: {'task_index': 36, 'pid': 55, 'sentinels_seen_before_my_mutation': ['__sentinel_task_02__', '__sentinel_task_15__', '__sentinel_task_18__', '__sentinel_task_20__', '__sentinel_task_22__', '__sentinel_task_24__', '__sentinel_task_25__', '__sentinel_task_28__', '__sentinel_task_31__', '__sentinel_task_34__']}
TASK result: {'task_index': 37, 'pid': 53, 'sentinels_seen_before_my_mutation': ['__sentinel_task_00__', '__sentinel_task_03__', '__sentinel_task_04__', '__sentinel_task_09__', '__sentinel_task_12__', '__sentinel_task_21__', '__sentinel_task_27__', '__sentinel_task_30__', '__sentinel_task_33__']}
TASK result: {'task_index': 38, 'pid': 55, 'sentinels_seen_before_my_mutation': ['__sentinel_task_02__', '__sentinel_task_15__', '__sentinel_task_18__', '__sentinel_task_20__', '__sentinel_task_22__', '__sentinel_task_24__', '__sentinel_task_25__', '__sentinel_task_28__', '__sentinel_task_31__', '__sentinel_task_34__', '__sentinel_task_36__']}
TASK result: {'task_index': 39, 'pid': 54, 'sentinels_seen_before_my_mutation': ['__sentinel_task_01__', '__sentinel_task_06__', '__sentinel_task_07__', '__sentinel_task_08__', '__sentinel_task_10__', '__sentinel_task_11__', '__sentinel_task_13__', '__sentinel_task_16__', '__sentinel_task_19__', '__sentinel_task_23__', '__sentinel_task_26__', '__sentinel_task_29__', '__sentinel_task_32__', '__sentinel_task_35__']}
RESULT distinct_worker_pids = [53, 54, 55, 56]
RESULT n_distinct_worker_pids = 4
RESULT pid 53 handled task_indices (in submission order) = [0, 3, 4, 9, 12, 21, 27, 30, 33, 37]
RESULT pid 54 handled task_indices (in submission order) = [1, 6, 7, 8, 10, 11, 13, 16, 19, 23, 26, 29, 32, 35, 39]
RESULT pid 55 handled task_indices (in submission order) = [2, 15, 18, 20, 22, 24, 25, 28, 31, 34, 36, 38]
RESULT pid 56 handled task_indices (in submission order) = [5, 14, 17]
RESULT cross_pid_leak_examples (task_idx, task_pid, source_task_idx, source_pid) = []
RESULT any_cross_pid_leak = False
RESULT same_pid_persistence_examples (task_idx, pid, earlier_task_idx_same_pid) = [(3, 53, 0), (4, 53, 0), (4, 53, 3), (6, 54, 1), (7, 54, 1), (7, 54, 6), (8, 54, 1), (8, 54, 6), (8, 54, 7), (9, 53, 0), (9, 53, 3), (9, 53, 4), (10, 54, 1), (10, 54, 6), (10, 54, 7), (10, 54, 8), (11, 54, 1), (11, 54, 6), (11, 54, 7), (11, 54, 8), (11, 54, 10), (12, 53, 0), (12, 53, 3), (12, 53, 4), (12, 53, 9), (13, 54, 1), (13, 54, 6), (13, 54, 7), (13, 54, 8), (13, 54, 10), (13, 54, 11), (14, 56, 5), (15, 55, 2), (16, 54, 1), (16, 54, 6), (16, 54, 7), (16, 54, 8), (16, 54, 10), (16, 54, 11), (16, 54, 13), (17, 56, 5), (17, 56, 14), (18, 55, 2), (18, 55, 15), (19, 54, 1), (19, 54, 6), (19, 54, 7), (19, 54, 8), (19, 54, 10), (19, 54, 11), (19, 54, 13), (19, 54, 16), (20, 55, 2), (20, 55, 15), (20, 55, 18), (21, 53, 0), (21, 53, 3), (21, 53, 4), (21, 53, 9), (21, 53, 12), (22, 55, 2), (22, 55, 15), (22, 55, 18), (22, 55, 20), (23, 54, 1), (23, 54, 6), (23, 54, 7), (23, 54, 8), (23, 54, 10), (23, 54, 11), (23, 54, 13), (23, 54, 16), (23, 54, 19), (24, 55, 2), (24, 55, 15), (24, 55, 18), (24, 55, 20), (24, 55, 22), (25, 55, 2), (25, 55, 15), (25, 55, 18), (25, 55, 20), (25, 55, 22), (25, 55, 24), (26, 54, 1), (26, 54, 6), (26, 54, 7), (26, 54, 8), (26, 54, 10), (26, 54, 11), (26, 54, 13), (26, 54, 16), (26, 54, 19), (26, 54, 23), (27, 53, 0), (27, 53, 3), (27, 53, 4), (27, 53, 9), (27, 53, 12), (27, 53, 21), (28, 55, 2), (28, 55, 15), (28, 55, 18), (28, 55, 20), (28, 55, 22), (28, 55, 24), (28, 55, 25), (29, 54, 1), (29, 54, 6), (29, 54, 7), (29, 54, 8), (29, 54, 10), (29, 54, 11), (29, 54, 13), (29, 54, 16), (29, 54, 19), (29, 54, 23), (29, 54, 26), (30, 53, 0), (30, 53, 3), (30, 53, 4), (30, 53, 9), (30, 53, 12), (30, 53, 21), (30, 53, 27), (31, 55, 2), (31, 55, 15), (31, 55, 18), (31, 55, 20), (31, 55, 22), (31, 55, 24), (31, 55, 25), (31, 55, 28), (32, 54, 1), (32, 54, 6), (32, 54, 7), (32, 54, 8), (32, 54, 10), (32, 54, 11), (32, 54, 13), (32, 54, 16), (32, 54, 19), (32, 54, 23), (32, 54, 26), (32, 54, 29), (33, 53, 0), (33, 53, 3), (33, 53, 4), (33, 53, 9), (33, 53, 12), (33, 53, 21), (33, 53, 27), (33, 53, 30), (34, 55, 2), (34, 55, 15), (34, 55, 18), (34, 55, 20), (34, 55, 22), (34, 55, 24), (34, 55, 25), (34, 55, 28), (34, 55, 31), (35, 54, 1), (35, 54, 6), (35, 54, 7), (35, 54, 8), (35, 54, 10), (35, 54, 11), (35, 54, 13), (35, 54, 16), (35, 54, 19), (35, 54, 23), (35, 54, 26), (35, 54, 29), (35, 54, 32), (36, 55, 2), (36, 55, 15), (36, 55, 18), (36, 55, 20), (36, 55, 22), (36, 55, 24), (36, 55, 25), (36, 55, 28), (36, 55, 31), (36, 55, 34), (37, 53, 0), (37, 53, 3), (37, 53, 4), (37, 53, 9), (37, 53, 12), (37, 53, 21), (37, 53, 27), (37, 53, 30), (37, 53, 33), (38, 55, 2), (38, 55, 15), (38, 55, 18), (38, 55, 20), (38, 55, 22), (38, 55, 24), (38, 55, 25), (38, 55, 28), (38, 55, 31), (38, 55, 34), (38, 55, 36), (39, 54, 1), (39, 54, 6), (39, 54, 7), (39, 54, 8), (39, 54, 10), (39, 54, 11), (39, 54, 13), (39, 54, 16), (39, 54, 19), (39, 54, 23), (39, 54, 26), (39, 54, 29), (39, 54, 32), (39, 54, 35)]
RESULT any_same_pid_persistence = True
