database.directory = /home/alon/Code/RMG-database-plasma/input
start_method = fork
PARENT fingerprint before pool: {'tag': 'parent-before-pool', 'pid': 8, 'R_Recombination': {'id(forbidden)': 138282580193488, 'forbidden_n_entries': 3, 'rules_n_entries': 191, 'groups_n_entries': 192}, 'H_Abstraction': {'id(forbidden)': 138282609450720, 'forbidden_n_entries': 10, 'rules_n_entries': 2, 'groups_n_entries': 536}}
PARENT fingerprint after pool: {'tag': 'parent-after-pool', 'pid': 8, 'R_Recombination': {'id(forbidden)': 138282580193488, 'forbidden_n_entries': 3, 'rules_n_entries': 191, 'groups_n_entries': 192}, 'H_Abstraction': {'id(forbidden)': 138282609450720, 'forbidden_n_entries': 10, 'rules_n_entries': 2, 'groups_n_entries': 536}}
TASK result: pid=66 task_index=0 n_reactions_generated=3
TASK result: pid=67 task_index=1 n_reactions_generated=3
TASK result: pid=68 task_index=2 n_reactions_generated=3
TASK result: pid=69 task_index=3 n_reactions_generated=3
TASK result: pid=68 task_index=4 n_reactions_generated=3
TASK result: pid=66 task_index=5 n_reactions_generated=3
TASK result: pid=68 task_index=6 n_reactions_generated=3
TASK result: pid=66 task_index=7 n_reactions_generated=3
TASK result: pid=68 task_index=8 n_reactions_generated=3
TASK result: pid=66 task_index=9 n_reactions_generated=3
TASK result: pid=69 task_index=10 n_reactions_generated=3
TASK result: pid=68 task_index=11 n_reactions_generated=3
TASK result: pid=66 task_index=12 n_reactions_generated=3
TASK result: pid=69 task_index=13 n_reactions_generated=3
TASK result: pid=67 task_index=14 n_reactions_generated=3
TASK result: pid=68 task_index=15 n_reactions_generated=3
TASK result: pid=66 task_index=16 n_reactions_generated=3
TASK result: pid=67 task_index=17 n_reactions_generated=3
TASK result: pid=69 task_index=18 n_reactions_generated=3
TASK result: pid=68 task_index=19 n_reactions_generated=3
TASK result: pid=66 task_index=20 n_reactions_generated=3
TASK result: pid=69 task_index=21 n_reactions_generated=3
TASK result: pid=67 task_index=22 n_reactions_generated=3
TASK result: pid=68 task_index=23 n_reactions_generated=3
RESULT within_task_fingerprint_changes = []
RESULT any_within_task_change = False
RESULT same_pid_drift_examples (pid, first_task_idx, drifted_task_idx, first_fp, drifted_fp) = []
RESULT any_same_pid_drift = False
RESULT parent_fingerprint_changed_after_pool = False
RESULT total_reactions_generated_across_all_tasks = 72
RESULT probe_is_live (total_reactions_generated > 0) = True
