Traceback (most recent call last):
  File "/home/alon/Code/RMG-Py-i123e-audit/rmg.py", line 33, in <module>
    __main__.main()
  File "/home/alon/Code/RMG-Py-i123e-audit/rmgpy/__main__.py", line 104, in main
    rmg.execute(**kwargs)
  File "/home/alon/Code/RMG-Py-i123e-audit/rmgpy/rmg/main.py", line 878, in execute
    requires_rms = self.initialize(**kwargs)
  File "/home/alon/Code/RMG-Py-i123e-audit/rmgpy/rmg/main.py", line 574, in initialize
    rmgpy.rmg.input.restart_from_seed(path=kwargs["restart"])
  File "/home/alon/Code/RMG-Py-i123e-audit/rmgpy/rmg/input.py", line 1866, in restart_from_seed
    raise ValueError('Unable to find the path to the restart seed folder. {0} does not exist'.format(path))
ValueError: Unable to find the path to the restart seed folder. docs/i123-integration/docs/i123e-audit/evidence/restart1/seed does not exist
:root:Moving docs/i123e-audit/evidence/restart2/RMG.log to docs/i123e-audit/evidence/restart2/RMG_backup.log

Traceback (most recent call last):
  File "/home/alon/Code/RMG-Py-i123e-audit/rmg.py", line 33, in <module>
    __main__.main()
  File "/home/alon/Code/RMG-Py-i123e-audit/rmgpy/__main__.py", line 104, in main
    rmg.execute(**kwargs)
  File "/home/alon/Code/RMG-Py-i123e-audit/rmgpy/rmg/main.py", line 1426, in execute
    self.report_export_failures()
  File "/home/alon/Code/RMG-Py-i123e-audit/rmgpy/rmg/main.py", line 1460, in report_export_failures
    raise MechanismWriterError(
rmgpy.exceptions.MechanismWriterError: RMG finished model generation, but 1 export step(s) failed and their output is missing: Chemkin-to-Cantera translation (cantera_from_ck/). See the traceback(s) logged above.
