============================= test session starts ==============================
platform linux -- Python 3.9.23, pytest-8.4.1, pluggy-1.6.0
rootdir: /home/alon/Code/RMG-Py-i246-ambipolar-wall-operator
configfile: pytest.ini
plugins: check-2.5.3, cov-6.2.1, anyio-4.10.0
collected 5 items

test/rmgpy/solver/steadyStateTest.py FF                                  [ 40%]
test/rmgpy/solver/plasmaWallTest.py FF.                                  [100%]

=================================== FAILURES ===================================
_ TerminationSteadyStateLatchTest.test_a_species_rising_under_the_aggregate_maximum_still_blocks_the_arm _

self = <steadyStateTest.TerminationSteadyStateLatchTest object at 0x73efa720df70>

    def test_a_species_rising_under_the_aggregate_maximum_still_blocks_the_arm(self):
        """Round 106 HIGH 1: the departing test must be PER SPECIES, not on the aggregate
        maximum residual. Here two neutrals sit below tolerance: one ('a') is RISING toward
        its own transient (log-log slope 5e-8 -> 1e-7 -> 1.5e-7 -> ...), the other ('b') is
        larger and FALLING (6.77e-7 -> 6.01e-7 -> 5.26e-7 -> ...). The aggregate maximum is
        'b' at every step, and it is falling -- so a departing test that reads only the
        maximum sees "nothing rising", stops treating the system as departing, and lets the
        external (electron) arm through. But 'a' is a live species climbing toward its own
        timescale: the system is NOT settled, and must not arm. The per-species trend catches
        the species the aggregate hides."""
        BIG = 1e12
        a_slopes = [5e-8, 1e-7, 1.5e-7, 2e-7, 2.5e-7, 3e-7, 3.5e-7, 4e-7]
        b_slopes = [6.77e-7, 6.01e-7, 5.26e-7, 5.0e-7, 4.8e-7, 4.7e-7, 4.6e-7, 4.55e-7]
        term = TerminationSteadyState(tolerance=1e-6, window=3)
        a = b = 1.0
        for k in range(len(a_slopes)):
            t_prev, t_now = float(np.exp(k)), float(np.exp(k + 1))     # dlnt = 1
            a_next, b_next = a * np.exp(a_slopes[k]), b * np.exp(b_slopes[k])
            term.update(np.array([BIG, a_next, b_next]), t_now,
                        np.array([BIG, a, b]), t_prev, ATOL,
                        labels=['big', 'a', 'b'], external_armed=True)
            a, b = a_next, b_next
        assert term.worst_label == 'b'          # the maximum is the falling species, as claimed
>       assert term.armed_external is False      # ...yet the rising 'a' keeps the arm shut
E       assert True is False
E        +  where True = <rmgpy.solver.termination.TerminationSteadyState object at 0x73ef9a976af0>.armed_external

test/rmgpy/solver/steadyStateTest.py:435: AssertionError
_ TerminationSteadyStateLatchTest.test_the_window_parameter_is_honoured_as_the_minimum_sample_span _

self = <steadyStateTest.TerminationSteadyStateLatchTest object at 0x73efa720e0d0>

    def test_the_window_parameter_is_honoured_as_the_minimum_sample_span(self):
        """Round 106 MEDIUM: ``window`` is documented as the minimum number of accepted
        samples a flat interval must span, but the production code hard-coded a floor of two
        regardless of the value passed, so window=4 terminated after two flat samples like
        window=2. Honoured, a larger window demands that many flat samples before firing --
        even when the physical span is already satisfied. Each synthesised step here spans a
        full e-fold, so the physical persistence (one e-fold) holds from the second flat
        sample on; only the sample-count floor separates window=2 from window=4."""
        def flat_sample_that_fires(window):
            term = TerminationSteadyState(tolerance=1e-6, window=window)
            assert self._feed(term, [2.0]) is None                      # arm
            return self._feed(term, [1e-9] * 10)                        # first flat step to fire
        assert flat_sample_that_fires(2) == 1     # two samples: fires on the 2nd flat step
>       assert flat_sample_that_fires(4) == 3     # four samples: not until the 4th
E       assert 1 == 3
E        +  where 1 = <function TerminationSteadyStateLatchTest.test_the_window_parameter_is_honoured_as_the_minimum_sample_span.<locals>.flat_sample_that_fires at 0x73efa6f90040>(4)

test/rmgpy/solver/steadyStateTest.py:467: AssertionError
____ test_wall_single_bath_approximation_is_coerced_by_value_not_truthiness ____

    def test_wall_single_bath_approximation_is_coerced_by_value_not_truthiness():
        """Round 106 MEDIUM: wall_single_bath_approximation was set with ``bool(value)``, which
        reads the STRING "False" as True (bool of any non-empty string is True), reads 2 and NaN
        as True, and so opts a deck into the single-bath approximation it wrote "False" to
        decline -- silently. It must be coerced by VALUE, the same discipline quasineutralElectron
        already gets: a genuine bool/None passes through, a boolean-like string parses by its
        meaning, and anything else is refused by name rather than read as truthy."""
        assert _wall_reactor_with_flag(True).wall_single_bath_approximation is True
        assert _wall_reactor_with_flag(False).wall_single_bath_approximation is False
        # the exact trap: the string "False" must NOT enable the flag
>       assert _wall_reactor_with_flag('False').wall_single_bath_approximation is False
E       AssertionError: assert True is False
E        +  where True = <rmgpy.solver.plasma.PlasmaReactor object at 0x564825063230>.wall_single_bath_approximation
E        +    where <rmgpy.solver.plasma.PlasmaReactor object at 0x564825063230> = _wall_reactor_with_flag('False')

test/rmgpy/solver/plasmaWallTest.py:2318: AssertionError
_ test_the_ionisation_source_is_validated_at_the_evolved_volume_not_only_the_initial_one _

    def test_the_ionisation_source_is_validated_at_the_evolved_volume_not_only_the_initial_one():
        """Round 106 MEDIUM: the __init__/set_initial guard validated source*V/Na only at the
        INITIAL volume, while the residual and Jacobian recompute source*V/Na at the evolved and
        Newton-trial volume -- guard and computation on different expressions at different points,
        the campaign's recurring shape. A source finite and positive at V0 can overflow (or
        underflow to zero) once scaled by an extreme trial volume, and was then applied as an
        infinite (or vanishing) rate silently. Now every site forms the product through one
        validated helper, so a volume that makes it non-finite is caught wherever the solve
        reaches it."""
        r, _, _ = _build_reactor(wall=True, with_chemistry=False, source=1.0e18, x_ion=1.0e-6)
        ie, i_ar, i_arp = _indices(r)
        # Valid at the initial volume: initialisation already succeeded above.
        y0 = _state_at(r, 1.0e-6)
        source_mol_0 = r.ionisation_source.value_si * r.compute_volume(y0) / constants.Na
        assert np.isfinite(source_mol_0) and source_mol_0 > 0.0
    
        # A wild Newton-trial neutral amount inflates the volume until source*V/Na overflows.
        # Both the residual and the Jacobian must refuse it, not propagate an infinite source.
        y = _state_at(r, 1.0e-6)
        y[i_ar] = 1.0e300
        V = r.compute_volume(y)
        assert not np.isfinite(r.ionisation_source.value_si * V / constants.Na), \
            "the trial volume must actually overflow source*V/Na for this to test the guard"
        dydt = np.zeros_like(y)
        with pytest.raises(PlasmaStateError):
>           r.residual(0.0, y, dydt)
E           Failed: DID NOT RAISE <class 'rmgpy.exceptions.PlasmaStateError'>

test/rmgpy/solver/plasmaWallTest.py:2351: Failed
==================================== PASSES ====================================
=========================== short test summary info ============================
PASSED test/rmgpy/solver/plasmaWallTest.py::test_every_solver_test_is_a_tagged_defect_reproduction_or_asserts_a_property
FAILED test/rmgpy/solver/steadyStateTest.py::TerminationSteadyStateLatchTest::test_a_species_rising_under_the_aggregate_maximum_still_blocks_the_arm
FAILED test/rmgpy/solver/steadyStateTest.py::TerminationSteadyStateLatchTest::test_the_window_parameter_is_honoured_as_the_minimum_sample_span
FAILED test/rmgpy/solver/plasmaWallTest.py::test_wall_single_bath_approximation_is_coerced_by_value_not_truthiness
FAILED test/rmgpy/solver/plasmaWallTest.py::test_the_ionisation_source_is_validated_at_the_evolved_volume_not_only_the_initial_one
========================= 4 failed, 1 passed in 1.59s ==========================
