
HIGH1 (Arx drift): 73 steps, steady=False t_f=2.882e+02
   t / gen_res / worst:
     1.000e-15  nan  None
     3.000e-15  0.0000e+00  Ar
     7.000e-15  0.0000e+00  Ar
     1.500e-14  0.0000e+00  Ar
     1.074e-06  0.0000e+00  Ar
     2.147e-06  0.0000e+00  Ar
     7.206e+01  5.1459e-09  Arx
     1.000e+02  8.4414e-09  Arx
     1.441e+02  1.1951e-08  Arx
     2.882e+02  2.0584e-08  Arx
   tail gen_res: ['6.43e-10', '9.40e-10', '1.35e-09', '2.57e-09', '5.15e-09', '8.44e-09', '1.20e-08', '2.06e-08']

R93 (inert): 66 steps, steady=True t_f=9.007e+00
   t / gen_res / worst:
     1.000e-15  nan  None
     3.000e-15  0.0000e+00  Ar
     7.000e-15  0.0000e+00  Ar
     1.500e-14  0.0000e+00  Ar
     2.684e-07  0.0000e+00  Ar
     5.369e-07  0.0000e+00  Ar
     1.126e+00  0.0000e+00  Ar
     2.252e+00  0.0000e+00  Ar
     4.504e+00  0.0000e+00  Ar
     9.007e+00  0.0000e+00  Ar
   tail gen_res: ['0.00e+00', '0.00e+00', '0.00e+00', '0.00e+00', '0.00e+00', '0.00e+00', '0.00e+00', '0.00e+00']

HIGH2 (shrinking inventory): 285 steps, steady=True t_f=4.354e-01
   t / gen_res / worst:
     1.000e-15  nan  None
     3.000e-15  9.0870e-13  e-
     7.000e-15  2.0650e-12  e-
     1.500e-14  4.5916e-12  e-
     1.374e-02  1.4355e-01  e-
     1.392e-02  1.4029e-01  e-
     2.465e-01  6.1733e-10  e-
     2.843e-01  8.9107e-10  e-
     3.598e-01  2.1957e-10  e-
     4.354e-01  1.0596e-10  e-
   tail gen_res: ['7.68e-09', '2.74e-09', '3.17e-09', '1.81e-09', '6.17e-10', '8.91e-10', '2.20e-10', '1.06e-10']
